
*** Running vivado
    with args -log bd_d86b_smartconnect_0_0.vds -m64 -product Vivado -mode batch -messageDb vivado.pb -notrace -source bd_d86b_smartconnect_0_0.tcl



****** Vivado v2020.1 (64-bit)
  **** SW Build 2902540 on Wed May 27 19:54:49 MDT 2020
  **** IP Build 2902112 on Wed May 27 22:43:36 MDT 2020
    ** Copyright 1986-2020 Xilinx, Inc. All Rights Reserved.

source bd_d86b_smartconnect_0_0.tcl -notrace
INFO: [IP_Flow 19-234] Refreshing IP repositories
INFO: [IP_Flow 19-1700] Loaded user IP repository 'c:/Users/jaxie963/Temp/cpre488-mp2/project_1/project_1.ipdefs/IP_0_0'.
INFO: [IP_Flow 19-1700] Loaded user IP repository 'c:/Users/jaxie963/Temp/cpre488-mp2/hw/IP'.
INFO: [IP_Flow 19-2313] Loaded Vivado IP repository 'C:/Xilinx/Vivado/2020.1/data/ip'.
WARNING: [IP_Flow 19-1663] Duplicate IP found for 'avnet:avnet_hdmi:avnet_hdmi_out:3.1'. The one found in IP location 'c:/Users/jaxie963/Temp/cpre488-mp2/project_1/project_1.ipdefs/IP_0_0/avnet_hdmi_out' will take precedence over the same IP in location c:/Users/jaxie963/Temp/cpre488-mp2/hw/IP/avnet_hdmi_out
WARNING: [IP_Flow 19-4830] Duplicate Interface found for 'avnet.com:interface:avnet_ali3:1.0'. The one found in location 'c:/Users/jaxie963/Temp/cpre488-mp2/project_1/project_1.ipdefs/IP_0_0/interfaces/avnet_ali3.xml' will take precedence over the same Interface in location 'c:/Users/jaxie963/Temp/cpre488-mp2/hw/IP/interfaces/avnet_ali3.xml'
WARNING: [IP_Flow 19-4830] Duplicate Interface found for 'avnet.com:interface:avnet_hdmi:2.0'. The one found in location 'c:/Users/jaxie963/Temp/cpre488-mp2/project_1/project_1.ipdefs/IP_0_0/interfaces/avnet_hdmi.xml' will take precedence over the same Interface in location 'c:/Users/jaxie963/Temp/cpre488-mp2/hw/IP/interfaces/avnet_hdmi.xml'
WARNING: [IP_Flow 19-4830] Duplicate Interface found for 'avnet.com:interface:onsemi_vita_cam:1.0'. The one found in location 'c:/Users/jaxie963/Temp/cpre488-mp2/project_1/project_1.ipdefs/IP_0_0/interfaces/onsemi_vita_cam.xml' will take precedence over the same Interface in location 'c:/Users/jaxie963/Temp/cpre488-mp2/hw/IP/interfaces/onsemi_vita_cam.xml'
WARNING: [IP_Flow 19-4830] Duplicate Interface found for 'avnet.com:interface:onsemi_vita_spi:1.0'. The one found in location 'c:/Users/jaxie963/Temp/cpre488-mp2/project_1/project_1.ipdefs/IP_0_0/interfaces/onsemi_vita_spi.xml' will take precedence over the same Interface in location 'c:/Users/jaxie963/Temp/cpre488-mp2/hw/IP/interfaces/onsemi_vita_spi.xml'
WARNING: [IP_Flow 19-4830] Duplicate Interface found for 'avnet.com:user:SF_SM_Master_Bus:1.0'. The one found in location 'c:/Users/jaxie963/Temp/cpre488-mp2/project_1/project_1.ipdefs/IP_0_0/interfaces/SF_SM_Master_Bus.xml' will take precedence over the same Interface in location 'c:/Users/jaxie963/Temp/cpre488-mp2/hw/IP/interfaces/SF_SM_Master_Bus.xml'
Command: synth_design -top bd_d86b_smartconnect_0_0 -part xc7z020clg484-1 -mode out_of_context
Starting synth_design
Attempting to get a license for feature 'Synthesis' and/or device 'xc7z020'
INFO: [Common 17-349] Got license for feature 'Synthesis' and/or device 'xc7z020'
INFO: [Device 21-403] Loading part xc7z020clg484-1
INFO: [Synth 8-7079] Multithreading enabled for synth_design using a maximum of 2 processes.
INFO: [Synth 8-7078] Launching helper process for spawning children vivado processes
INFO: [Synth 8-7075] Helper process launched with PID 19948
---------------------------------------------------------------------------------
Starting RTL Elaboration : Time (s): cpu = 00:00:02 ; elapsed = 00:00:04 . Memory (MB): peak = 994.273 ; gain = 0.000
---------------------------------------------------------------------------------
INFO: [Synth 8-6157] synthesizing module 'bd_d86b_smartconnect_0_0' [c:/Users/jaxie963/Temp/cpre488-mp2/project_1/project_1.srcs/sources_1/bd/design_1/ip/design_1_v_proc_ss_0_3/bd_0/ip/ip_0/synth/bd_d86b_smartconnect_0_0.v:57]
INFO: [Synth 8-6157] synthesizing module 'bd_71bb' [c:/Users/jaxie963/Temp/cpre488-mp2/project_1/project_1.srcs/sources_1/bd/design_1/ip/design_1_v_proc_ss_0_3/bd_1/synth/bd_71bb.v:10]
INFO: [Synth 8-6157] synthesizing module 'clk_map_imp_161YTN8' [c:/Users/jaxie963/Temp/cpre488-mp2/project_1/project_1.srcs/sources_1/bd/design_1/ip/design_1_v_proc_ss_0_3/bd_1/synth/bd_71bb.v:3274]
INFO: [Synth 8-6157] synthesizing module 'bd_71bb_one_0' [c:/Users/jaxie963/Temp/cpre488-mp2/project_1/project_1.srcs/sources_1/bd/design_1/ip/design_1_v_proc_ss_0_3/bd_1/ip/ip_0/synth/bd_71bb_one_0.v:57]
INFO: [Synth 8-6157] synthesizing module 'xlconstant_v1_1_7_xlconstant' [c:/Users/jaxie963/Temp/cpre488-mp2/project_1/project_1.srcs/sources_1/bd/design_1/ipshared/fcfc/hdl/xlconstant_v1_1_vl_rfs.v:23]
	Parameter CONST_VAL bound to: 1 - type: integer 
	Parameter CONST_WIDTH bound to: 1 - type: integer 
INFO: [Synth 8-6155] done synthesizing module 'xlconstant_v1_1_7_xlconstant' (1#1) [c:/Users/jaxie963/Temp/cpre488-mp2/project_1/project_1.srcs/sources_1/bd/design_1/ipshared/fcfc/hdl/xlconstant_v1_1_vl_rfs.v:23]
INFO: [Synth 8-6155] done synthesizing module 'bd_71bb_one_0' (2#1) [c:/Users/jaxie963/Temp/cpre488-mp2/project_1/project_1.srcs/sources_1/bd/design_1/ip/design_1_v_proc_ss_0_3/bd_1/ip/ip_0/synth/bd_71bb_one_0.v:57]
INFO: [Synth 8-638] synthesizing module 'bd_71bb_psr_aclk_0' [c:/Users/jaxie963/Temp/cpre488-mp2/project_1/project_1.srcs/sources_1/bd/design_1/ip/design_1_v_proc_ss_0_3/bd_1/ip/ip_1/synth/bd_71bb_psr_aclk_0.vhd:74]
	Parameter C_FAMILY bound to: zynq - type: string 
	Parameter C_EXT_RST_WIDTH bound to: 4 - type: integer 
	Parameter C_AUX_RST_WIDTH bound to: 1 - type: integer 
	Parameter C_EXT_RESET_HIGH bound to: 1'b0 
	Parameter C_AUX_RESET_HIGH bound to: 1'b0 
	Parameter C_NUM_BUS_RST bound to: 1 - type: integer 
	Parameter C_NUM_PERP_RST bound to: 1 - type: integer 
	Parameter C_NUM_INTERCONNECT_ARESETN bound to: 1 - type: integer 
	Parameter C_NUM_PERP_ARESETN bound to: 1 - type: integer 
INFO: [Synth 8-3491] module 'proc_sys_reset' declared at 'c:/Users/jaxie963/Temp/cpre488-mp2/project_1/project_1.srcs/sources_1/bd/design_1/ipshared/8842/hdl/proc_sys_reset_v5_0_vh_rfs.vhd:1264' bound to instance 'U0' of component 'proc_sys_reset' [c:/Users/jaxie963/Temp/cpre488-mp2/project_1/project_1.srcs/sources_1/bd/design_1/ip/design_1_v_proc_ss_0_3/bd_1/ip/ip_1/synth/bd_71bb_psr_aclk_0.vhd:129]
INFO: [Synth 8-638] synthesizing module 'proc_sys_reset' [c:/Users/jaxie963/Temp/cpre488-mp2/project_1/project_1.srcs/sources_1/bd/design_1/ipshared/8842/hdl/proc_sys_reset_v5_0_vh_rfs.vhd:1323]
	Parameter C_FAMILY bound to: zynq - type: string 
	Parameter C_EXT_RST_WIDTH bound to: 4 - type: integer 
	Parameter C_AUX_RST_WIDTH bound to: 1 - type: integer 
	Parameter C_EXT_RESET_HIGH bound to: 1'b0 
	Parameter C_AUX_RESET_HIGH bound to: 1'b0 
	Parameter C_NUM_BUS_RST bound to: 1 - type: integer 
	Parameter C_NUM_PERP_RST bound to: 1 - type: integer 
	Parameter C_NUM_INTERCONNECT_ARESETN bound to: 1 - type: integer 
	Parameter C_NUM_PERP_ARESETN bound to: 1 - type: integer 
	Parameter INIT bound to: 1'b1 
	Parameter IS_C_INVERTED bound to: 1'b0 
	Parameter IS_D_INVERTED bound to: 1'b0 
	Parameter IS_R_INVERTED bound to: 1'b0 
INFO: [Synth 8-113] binding component instance 'FDRE_inst' to cell 'FDRE' [c:/Users/jaxie963/Temp/cpre488-mp2/project_1/project_1.srcs/sources_1/bd/design_1/ipshared/8842/hdl/proc_sys_reset_v5_0_vh_rfs.vhd:1392]
	Parameter INIT bound to: 1'b1 
	Parameter IS_C_INVERTED bound to: 1'b0 
	Parameter IS_D_INVERTED bound to: 1'b0 
	Parameter IS_R_INVERTED bound to: 1'b0 
INFO: [Synth 8-113] binding component instance 'FDRE_BSR' to cell 'FDRE' [c:/Users/jaxie963/Temp/cpre488-mp2/project_1/project_1.srcs/sources_1/bd/design_1/ipshared/8842/hdl/proc_sys_reset_v5_0_vh_rfs.vhd:1408]
	Parameter INIT bound to: 1'b0 
	Parameter IS_C_INVERTED bound to: 1'b0 
	Parameter IS_D_INVERTED bound to: 1'b0 
	Parameter IS_R_INVERTED bound to: 1'b0 
INFO: [Synth 8-113] binding component instance 'FDRE_BSR_N' to cell 'FDRE' [c:/Users/jaxie963/Temp/cpre488-mp2/project_1/project_1.srcs/sources_1/bd/design_1/ipshared/8842/hdl/proc_sys_reset_v5_0_vh_rfs.vhd:1434]
	Parameter INIT bound to: 1'b1 
	Parameter IS_C_INVERTED bound to: 1'b0 
	Parameter IS_D_INVERTED bound to: 1'b0 
	Parameter IS_R_INVERTED bound to: 1'b0 
INFO: [Synth 8-113] binding component instance 'FDRE_PER' to cell 'FDRE' [c:/Users/jaxie963/Temp/cpre488-mp2/project_1/project_1.srcs/sources_1/bd/design_1/ipshared/8842/hdl/proc_sys_reset_v5_0_vh_rfs.vhd:1457]
	Parameter INIT bound to: 1'b0 
	Parameter IS_C_INVERTED bound to: 1'b0 
	Parameter IS_D_INVERTED bound to: 1'b0 
	Parameter IS_R_INVERTED bound to: 1'b0 
INFO: [Synth 8-113] binding component instance 'FDRE_PER_N' to cell 'FDRE' [c:/Users/jaxie963/Temp/cpre488-mp2/project_1/project_1.srcs/sources_1/bd/design_1/ipshared/8842/hdl/proc_sys_reset_v5_0_vh_rfs.vhd:1481]
INFO: [Synth 8-638] synthesizing module 'lpf' [c:/Users/jaxie963/Temp/cpre488-mp2/project_1/project_1.srcs/sources_1/bd/design_1/ipshared/8842/hdl/proc_sys_reset_v5_0_vh_rfs.vhd:816]
	Parameter C_EXT_RST_WIDTH bound to: 4 - type: integer 
	Parameter C_AUX_RST_WIDTH bound to: 1 - type: integer 
	Parameter C_EXT_RESET_HIGH bound to: 1'b0 
	Parameter C_AUX_RESET_HIGH bound to: 1'b0 
INFO: [Synth 8-3491] module 'SRL16' declared at 'C:/Xilinx/Vivado/2020.1/scripts/rt/data/unisim_comp.v:78043' bound to instance 'POR_SRL_I' of component 'SRL16' [c:/Users/jaxie963/Temp/cpre488-mp2/project_1/project_1.srcs/sources_1/bd/design_1/ipshared/8842/hdl/proc_sys_reset_v5_0_vh_rfs.vhd:868]
INFO: [Synth 8-6157] synthesizing module 'SRL16' [C:/Xilinx/Vivado/2020.1/scripts/rt/data/unisim_comp.v:78043]
	Parameter INIT bound to: 16'b0000000000000000 
INFO: [Synth 8-6155] done synthesizing module 'SRL16' (3#1) [C:/Xilinx/Vivado/2020.1/scripts/rt/data/unisim_comp.v:78043]
INFO: [Synth 8-638] synthesizing module 'cdc_sync' [c:/Users/jaxie963/Temp/cpre488-mp2/project_1/project_1.srcs/sources_1/bd/design_1/ipshared/ef1e/hdl/lib_cdc_v1_0_rfs.vhd:106]
	Parameter C_CDC_TYPE bound to: 1 - type: integer 
	Parameter C_RESET_STATE bound to: 0 - type: integer 
	Parameter C_SINGLE_BIT bound to: 1 - type: integer 
	Parameter C_FLOP_INPUT bound to: 0 - type: integer 
	Parameter C_VECTOR_WIDTH bound to: 2 - type: integer 
	Parameter C_MTBF_STAGES bound to: 4 - type: integer 
	Parameter INIT bound to: 1'b0 
INFO: [Synth 8-113] binding component instance 'CROSS_PLEVEL_IN2SCNDRY_IN_cdc_to' to cell 'FDR' [c:/Users/jaxie963/Temp/cpre488-mp2/project_1/project_1.srcs/sources_1/bd/design_1/ipshared/ef1e/hdl/lib_cdc_v1_0_rfs.vhd:514]
	Parameter INIT bound to: 1'b0 
INFO: [Synth 8-113] binding component instance 'CROSS_PLEVEL_IN2SCNDRY_s_level_out_d2' to cell 'FDR' [c:/Users/jaxie963/Temp/cpre488-mp2/project_1/project_1.srcs/sources_1/bd/design_1/ipshared/ef1e/hdl/lib_cdc_v1_0_rfs.vhd:545]
	Parameter INIT bound to: 1'b0 
INFO: [Synth 8-113] binding component instance 'CROSS_PLEVEL_IN2SCNDRY_s_level_out_d3' to cell 'FDR' [c:/Users/jaxie963/Temp/cpre488-mp2/project_1/project_1.srcs/sources_1/bd/design_1/ipshared/ef1e/hdl/lib_cdc_v1_0_rfs.vhd:554]
	Parameter INIT bound to: 1'b0 
INFO: [Synth 8-113] binding component instance 'CROSS_PLEVEL_IN2SCNDRY_s_level_out_d4' to cell 'FDR' [c:/Users/jaxie963/Temp/cpre488-mp2/project_1/project_1.srcs/sources_1/bd/design_1/ipshared/ef1e/hdl/lib_cdc_v1_0_rfs.vhd:564]
	Parameter INIT bound to: 1'b0 
INFO: [Synth 8-113] binding component instance 'CROSS_PLEVEL_IN2SCNDRY_s_level_out_d5' to cell 'FDR' [c:/Users/jaxie963/Temp/cpre488-mp2/project_1/project_1.srcs/sources_1/bd/design_1/ipshared/ef1e/hdl/lib_cdc_v1_0_rfs.vhd:574]
	Parameter INIT bound to: 1'b0 
INFO: [Synth 8-113] binding component instance 'CROSS_PLEVEL_IN2SCNDRY_s_level_out_d6' to cell 'FDR' [c:/Users/jaxie963/Temp/cpre488-mp2/project_1/project_1.srcs/sources_1/bd/design_1/ipshared/ef1e/hdl/lib_cdc_v1_0_rfs.vhd:584]
INFO: [Synth 8-256] done synthesizing module 'cdc_sync' (4#1) [c:/Users/jaxie963/Temp/cpre488-mp2/project_1/project_1.srcs/sources_1/bd/design_1/ipshared/ef1e/hdl/lib_cdc_v1_0_rfs.vhd:106]
INFO: [Synth 8-256] done synthesizing module 'lpf' (5#1) [c:/Users/jaxie963/Temp/cpre488-mp2/project_1/project_1.srcs/sources_1/bd/design_1/ipshared/8842/hdl/proc_sys_reset_v5_0_vh_rfs.vhd:816]
INFO: [Synth 8-638] synthesizing module 'sequence_psr' [c:/Users/jaxie963/Temp/cpre488-mp2/project_1/project_1.srcs/sources_1/bd/design_1/ipshared/8842/hdl/proc_sys_reset_v5_0_vh_rfs.vhd:301]
INFO: [Synth 8-638] synthesizing module 'upcnt_n' [c:/Users/jaxie963/Temp/cpre488-mp2/project_1/project_1.srcs/sources_1/bd/design_1/ipshared/8842/hdl/proc_sys_reset_v5_0_vh_rfs.vhd:125]
	Parameter C_SIZE bound to: 6 - type: integer 
INFO: [Synth 8-256] done synthesizing module 'upcnt_n' (6#1) [c:/Users/jaxie963/Temp/cpre488-mp2/project_1/project_1.srcs/sources_1/bd/design_1/ipshared/8842/hdl/proc_sys_reset_v5_0_vh_rfs.vhd:125]
INFO: [Synth 8-256] done synthesizing module 'sequence_psr' (7#1) [c:/Users/jaxie963/Temp/cpre488-mp2/project_1/project_1.srcs/sources_1/bd/design_1/ipshared/8842/hdl/proc_sys_reset_v5_0_vh_rfs.vhd:301]
INFO: [Synth 8-256] done synthesizing module 'proc_sys_reset' (8#1) [c:/Users/jaxie963/Temp/cpre488-mp2/project_1/project_1.srcs/sources_1/bd/design_1/ipshared/8842/hdl/proc_sys_reset_v5_0_vh_rfs.vhd:1323]
INFO: [Synth 8-256] done synthesizing module 'bd_71bb_psr_aclk_0' (9#1) [c:/Users/jaxie963/Temp/cpre488-mp2/project_1/project_1.srcs/sources_1/bd/design_1/ip/design_1_v_proc_ss_0_3/bd_1/ip/ip_1/synth/bd_71bb_psr_aclk_0.vhd:74]
WARNING: [Synth 8-7071] port 'mb_reset' of module 'bd_71bb_psr_aclk_0' is unconnected for instance 'psr_aclk' [c:/Users/jaxie963/Temp/cpre488-mp2/project_1/project_1.srcs/sources_1/bd/design_1/ip/design_1_v_proc_ss_0_3/bd_1/synth/bd_71bb.v:3383]
WARNING: [Synth 8-7071] port 'bus_struct_reset' of module 'bd_71bb_psr_aclk_0' is unconnected for instance 'psr_aclk' [c:/Users/jaxie963/Temp/cpre488-mp2/project_1/project_1.srcs/sources_1/bd/design_1/ip/design_1_v_proc_ss_0_3/bd_1/synth/bd_71bb.v:3383]
WARNING: [Synth 8-7071] port 'peripheral_reset' of module 'bd_71bb_psr_aclk_0' is unconnected for instance 'psr_aclk' [c:/Users/jaxie963/Temp/cpre488-mp2/project_1/project_1.srcs/sources_1/bd/design_1/ip/design_1_v_proc_ss_0_3/bd_1/synth/bd_71bb.v:3383]
WARNING: [Synth 8-7071] port 'peripheral_aresetn' of module 'bd_71bb_psr_aclk_0' is unconnected for instance 'psr_aclk' [c:/Users/jaxie963/Temp/cpre488-mp2/project_1/project_1.srcs/sources_1/bd/design_1/ip/design_1_v_proc_ss_0_3/bd_1/synth/bd_71bb.v:3383]
WARNING: [Synth 8-7023] instance 'psr_aclk' of module 'bd_71bb_psr_aclk_0' has 10 connections declared, but only 6 given [c:/Users/jaxie963/Temp/cpre488-mp2/project_1/project_1.srcs/sources_1/bd/design_1/ip/design_1_v_proc_ss_0_3/bd_1/synth/bd_71bb.v:3383]
INFO: [Synth 8-6155] done synthesizing module 'clk_map_imp_161YTN8' (10#1) [c:/Users/jaxie963/Temp/cpre488-mp2/project_1/project_1.srcs/sources_1/bd/design_1/ip/design_1_v_proc_ss_0_3/bd_1/synth/bd_71bb.v:3274]
WARNING: [Synth 8-7071] port 'M05_ACLK' of module 'clk_map_imp_161YTN8' is unconnected for instance 'clk_map' [c:/Users/jaxie963/Temp/cpre488-mp2/project_1/project_1.srcs/sources_1/bd/design_1/ip/design_1_v_proc_ss_0_3/bd_1/synth/bd_71bb.v:1742]
WARNING: [Synth 8-7071] port 'M05_ARESETN' of module 'clk_map_imp_161YTN8' is unconnected for instance 'clk_map' [c:/Users/jaxie963/Temp/cpre488-mp2/project_1/project_1.srcs/sources_1/bd/design_1/ip/design_1_v_proc_ss_0_3/bd_1/synth/bd_71bb.v:1742]
WARNING: [Synth 8-7071] port 'M06_ACLK' of module 'clk_map_imp_161YTN8' is unconnected for instance 'clk_map' [c:/Users/jaxie963/Temp/cpre488-mp2/project_1/project_1.srcs/sources_1/bd/design_1/ip/design_1_v_proc_ss_0_3/bd_1/synth/bd_71bb.v:1742]
WARNING: [Synth 8-7071] port 'M06_ARESETN' of module 'clk_map_imp_161YTN8' is unconnected for instance 'clk_map' [c:/Users/jaxie963/Temp/cpre488-mp2/project_1/project_1.srcs/sources_1/bd/design_1/ip/design_1_v_proc_ss_0_3/bd_1/synth/bd_71bb.v:1742]
WARNING: [Synth 8-7071] port 'M07_ACLK' of module 'clk_map_imp_161YTN8' is unconnected for instance 'clk_map' [c:/Users/jaxie963/Temp/cpre488-mp2/project_1/project_1.srcs/sources_1/bd/design_1/ip/design_1_v_proc_ss_0_3/bd_1/synth/bd_71bb.v:1742]
WARNING: [Synth 8-7071] port 'M07_ARESETN' of module 'clk_map_imp_161YTN8' is unconnected for instance 'clk_map' [c:/Users/jaxie963/Temp/cpre488-mp2/project_1/project_1.srcs/sources_1/bd/design_1/ip/design_1_v_proc_ss_0_3/bd_1/synth/bd_71bb.v:1742]
WARNING: [Synth 8-7071] port 'M09_ACLK' of module 'clk_map_imp_161YTN8' is unconnected for instance 'clk_map' [c:/Users/jaxie963/Temp/cpre488-mp2/project_1/project_1.srcs/sources_1/bd/design_1/ip/design_1_v_proc_ss_0_3/bd_1/synth/bd_71bb.v:1742]
WARNING: [Synth 8-7071] port 'M09_ARESETN' of module 'clk_map_imp_161YTN8' is unconnected for instance 'clk_map' [c:/Users/jaxie963/Temp/cpre488-mp2/project_1/project_1.srcs/sources_1/bd/design_1/ip/design_1_v_proc_ss_0_3/bd_1/synth/bd_71bb.v:1742]
WARNING: [Synth 8-7071] port 'M10_ACLK' of module 'clk_map_imp_161YTN8' is unconnected for instance 'clk_map' [c:/Users/jaxie963/Temp/cpre488-mp2/project_1/project_1.srcs/sources_1/bd/design_1/ip/design_1_v_proc_ss_0_3/bd_1/synth/bd_71bb.v:1742]
WARNING: [Synth 8-7071] port 'M10_ARESETN' of module 'clk_map_imp_161YTN8' is unconnected for instance 'clk_map' [c:/Users/jaxie963/Temp/cpre488-mp2/project_1/project_1.srcs/sources_1/bd/design_1/ip/design_1_v_proc_ss_0_3/bd_1/synth/bd_71bb.v:1742]
WARNING: [Synth 8-7071] port 'M11_ACLK' of module 'clk_map_imp_161YTN8' is unconnected for instance 'clk_map' [c:/Users/jaxie963/Temp/cpre488-mp2/project_1/project_1.srcs/sources_1/bd/design_1/ip/design_1_v_proc_ss_0_3/bd_1/synth/bd_71bb.v:1742]
WARNING: [Synth 8-7071] port 'M11_ARESETN' of module 'clk_map_imp_161YTN8' is unconnected for instance 'clk_map' [c:/Users/jaxie963/Temp/cpre488-mp2/project_1/project_1.srcs/sources_1/bd/design_1/ip/design_1_v_proc_ss_0_3/bd_1/synth/bd_71bb.v:1742]
WARNING: [Synth 8-7023] instance 'clk_map' of module 'clk_map_imp_161YTN8' has 35 connections declared, but only 23 given [c:/Users/jaxie963/Temp/cpre488-mp2/project_1/project_1.srcs/sources_1/bd/design_1/ip/design_1_v_proc_ss_0_3/bd_1/synth/bd_71bb.v:1742]
INFO: [Synth 8-6157] synthesizing module 'm00_exit_pipeline_imp_UV6OGF' [c:/Users/jaxie963/Temp/cpre488-mp2/project_1/project_1.srcs/sources_1/bd/design_1/ip/design_1_v_proc_ss_0_3/bd_1/synth/bd_71bb.v:3688]
INFO: [Synth 8-6157] synthesizing module 'bd_71bb_m00e_0' [c:/Users/jaxie963/Temp/cpre488-mp2/project_1/project_1.srcs/sources_1/bd/design_1/ip/design_1_v_proc_ss_0_3/bd_1/ip/ip_32/synth/bd_71bb_m00e_0.sv:58]
INFO: [Synth 8-6155] done synthesizing module 'bd_71bb_m00e_0' (17#1) [c:/Users/jaxie963/Temp/cpre488-mp2/project_1/project_1.srcs/sources_1/bd/design_1/ip/design_1_v_proc_ss_0_3/bd_1/ip/ip_32/synth/bd_71bb_m00e_0.sv:58]
INFO: [Synth 8-6155] done synthesizing module 'm00_exit_pipeline_imp_UV6OGF' (18#1) [c:/Users/jaxie963/Temp/cpre488-mp2/project_1/project_1.srcs/sources_1/bd/design_1/ip/design_1_v_proc_ss_0_3/bd_1/synth/bd_71bb.v:3688]
INFO: [Synth 8-6157] synthesizing module 'm00_nodes_imp_HHQ15V' [c:/Users/jaxie963/Temp/cpre488-mp2/project_1/project_1.srcs/sources_1/bd/design_1/ip/design_1_v_proc_ss_0_3/bd_1/synth/bd_71bb.v:3989]
INFO: [Synth 8-6157] synthesizing module 'bd_71bb_m00arn_0' [c:/Users/jaxie963/Temp/cpre488-mp2/project_1/project_1.srcs/sources_1/bd/design_1/ip/design_1_v_proc_ss_0_3/bd_1/ip/ip_27/synth/bd_71bb_m00arn_0.sv:58]
INFO: [Synth 8-6155] done synthesizing module 'bd_71bb_m00arn_0' (28#1) [c:/Users/jaxie963/Temp/cpre488-mp2/project_1/project_1.srcs/sources_1/bd/design_1/ip/design_1_v_proc_ss_0_3/bd_1/ip/ip_27/synth/bd_71bb_m00arn_0.sv:58]
INFO: [Synth 8-6157] synthesizing module 'bd_71bb_m00awn_0' [c:/Users/jaxie963/Temp/cpre488-mp2/project_1/project_1.srcs/sources_1/bd/design_1/ip/design_1_v_proc_ss_0_3/bd_1/ip/ip_29/synth/bd_71bb_m00awn_0.sv:58]
INFO: [Synth 8-6155] done synthesizing module 'bd_71bb_m00awn_0' (29#1) [c:/Users/jaxie963/Temp/cpre488-mp2/project_1/project_1.srcs/sources_1/bd/design_1/ip/design_1_v_proc_ss_0_3/bd_1/ip/ip_29/synth/bd_71bb_m00awn_0.sv:58]
INFO: [Synth 8-6157] synthesizing module 'bd_71bb_m00bn_0' [c:/Users/jaxie963/Temp/cpre488-mp2/project_1/project_1.srcs/sources_1/bd/design_1/ip/design_1_v_proc_ss_0_3/bd_1/ip/ip_31/synth/bd_71bb_m00bn_0.sv:58]
INFO: [Synth 8-6155] done synthesizing module 'bd_71bb_m00bn_0' (30#1) [c:/Users/jaxie963/Temp/cpre488-mp2/project_1/project_1.srcs/sources_1/bd/design_1/ip/design_1_v_proc_ss_0_3/bd_1/ip/ip_31/synth/bd_71bb_m00bn_0.sv:58]
INFO: [Synth 8-6157] synthesizing module 'bd_71bb_m00rn_0' [c:/Users/jaxie963/Temp/cpre488-mp2/project_1/project_1.srcs/sources_1/bd/design_1/ip/design_1_v_proc_ss_0_3/bd_1/ip/ip_28/synth/bd_71bb_m00rn_0.sv:58]
INFO: [Synth 8-6155] done synthesizing module 'bd_71bb_m00rn_0' (31#1) [c:/Users/jaxie963/Temp/cpre488-mp2/project_1/project_1.srcs/sources_1/bd/design_1/ip/design_1_v_proc_ss_0_3/bd_1/ip/ip_28/synth/bd_71bb_m00rn_0.sv:58]
INFO: [Synth 8-6157] synthesizing module 'bd_71bb_m00wn_0' [c:/Users/jaxie963/Temp/cpre488-mp2/project_1/project_1.srcs/sources_1/bd/design_1/ip/design_1_v_proc_ss_0_3/bd_1/ip/ip_30/synth/bd_71bb_m00wn_0.sv:58]
INFO: [Synth 8-6155] done synthesizing module 'bd_71bb_m00wn_0' (32#1) [c:/Users/jaxie963/Temp/cpre488-mp2/project_1/project_1.srcs/sources_1/bd/design_1/ip/design_1_v_proc_ss_0_3/bd_1/ip/ip_30/synth/bd_71bb_m00wn_0.sv:58]
INFO: [Synth 8-6155] done synthesizing module 'm00_nodes_imp_HHQ15V' (33#1) [c:/Users/jaxie963/Temp/cpre488-mp2/project_1/project_1.srcs/sources_1/bd/design_1/ip/design_1_v_proc_ss_0_3/bd_1/synth/bd_71bb.v:3989]
INFO: [Synth 8-6157] synthesizing module 'bd_71bb_m00s2a_0' [c:/Users/jaxie963/Temp/cpre488-mp2/project_1/project_1.srcs/sources_1/bd/design_1/ip/design_1_v_proc_ss_0_3/bd_1/ip/ip_26/synth/bd_71bb_m00s2a_0.sv:58]
INFO: [Synth 8-6155] done synthesizing module 'bd_71bb_m00s2a_0' (35#1) [c:/Users/jaxie963/Temp/cpre488-mp2/project_1/project_1.srcs/sources_1/bd/design_1/ip/design_1_v_proc_ss_0_3/bd_1/ip/ip_26/synth/bd_71bb_m00s2a_0.sv:58]
INFO: [Synth 8-6157] synthesizing module 'm01_exit_pipeline_imp_XBIC27' [c:/Users/jaxie963/Temp/cpre488-mp2/project_1/project_1.srcs/sources_1/bd/design_1/ip/design_1_v_proc_ss_0_3/bd_1/synth/bd_71bb.v:4285]
INFO: [Synth 8-6157] synthesizing module 'bd_71bb_m01e_0' [c:/Users/jaxie963/Temp/cpre488-mp2/project_1/project_1.srcs/sources_1/bd/design_1/ip/design_1_v_proc_ss_0_3/bd_1/ip/ip_39/synth/bd_71bb_m01e_0.sv:58]
INFO: [Synth 8-6155] done synthesizing module 'bd_71bb_m01e_0' (36#1) [c:/Users/jaxie963/Temp/cpre488-mp2/project_1/project_1.srcs/sources_1/bd/design_1/ip/design_1_v_proc_ss_0_3/bd_1/ip/ip_39/synth/bd_71bb_m01e_0.sv:58]
INFO: [Synth 8-6155] done synthesizing module 'm01_exit_pipeline_imp_XBIC27' (37#1) [c:/Users/jaxie963/Temp/cpre488-mp2/project_1/project_1.srcs/sources_1/bd/design_1/ip/design_1_v_proc_ss_0_3/bd_1/synth/bd_71bb.v:4285]
INFO: [Synth 8-6157] synthesizing module 'm01_nodes_imp_18YD82D' [c:/Users/jaxie963/Temp/cpre488-mp2/project_1/project_1.srcs/sources_1/bd/design_1/ip/design_1_v_proc_ss_0_3/bd_1/synth/bd_71bb.v:4586]
INFO: [Synth 8-6157] synthesizing module 'bd_71bb_m01arn_0' [c:/Users/jaxie963/Temp/cpre488-mp2/project_1/project_1.srcs/sources_1/bd/design_1/ip/design_1_v_proc_ss_0_3/bd_1/ip/ip_34/synth/bd_71bb_m01arn_0.sv:58]
INFO: [Synth 8-6155] done synthesizing module 'bd_71bb_m01arn_0' (38#1) [c:/Users/jaxie963/Temp/cpre488-mp2/project_1/project_1.srcs/sources_1/bd/design_1/ip/design_1_v_proc_ss_0_3/bd_1/ip/ip_34/synth/bd_71bb_m01arn_0.sv:58]
INFO: [Synth 8-6157] synthesizing module 'bd_71bb_m01awn_0' [c:/Users/jaxie963/Temp/cpre488-mp2/project_1/project_1.srcs/sources_1/bd/design_1/ip/design_1_v_proc_ss_0_3/bd_1/ip/ip_36/synth/bd_71bb_m01awn_0.sv:58]
INFO: [Synth 8-6155] done synthesizing module 'bd_71bb_m01awn_0' (39#1) [c:/Users/jaxie963/Temp/cpre488-mp2/project_1/project_1.srcs/sources_1/bd/design_1/ip/design_1_v_proc_ss_0_3/bd_1/ip/ip_36/synth/bd_71bb_m01awn_0.sv:58]
INFO: [Synth 8-6157] synthesizing module 'bd_71bb_m01bn_0' [c:/Users/jaxie963/Temp/cpre488-mp2/project_1/project_1.srcs/sources_1/bd/design_1/ip/design_1_v_proc_ss_0_3/bd_1/ip/ip_38/synth/bd_71bb_m01bn_0.sv:58]
INFO: [Synth 8-6155] done synthesizing module 'bd_71bb_m01bn_0' (40#1) [c:/Users/jaxie963/Temp/cpre488-mp2/project_1/project_1.srcs/sources_1/bd/design_1/ip/design_1_v_proc_ss_0_3/bd_1/ip/ip_38/synth/bd_71bb_m01bn_0.sv:58]
INFO: [Synth 8-6157] synthesizing module 'bd_71bb_m01rn_0' [c:/Users/jaxie963/Temp/cpre488-mp2/project_1/project_1.srcs/sources_1/bd/design_1/ip/design_1_v_proc_ss_0_3/bd_1/ip/ip_35/synth/bd_71bb_m01rn_0.sv:58]
INFO: [Synth 8-6155] done synthesizing module 'bd_71bb_m01rn_0' (41#1) [c:/Users/jaxie963/Temp/cpre488-mp2/project_1/project_1.srcs/sources_1/bd/design_1/ip/design_1_v_proc_ss_0_3/bd_1/ip/ip_35/synth/bd_71bb_m01rn_0.sv:58]
INFO: [Synth 8-6157] synthesizing module 'bd_71bb_m01wn_0' [c:/Users/jaxie963/Temp/cpre488-mp2/project_1/project_1.srcs/sources_1/bd/design_1/ip/design_1_v_proc_ss_0_3/bd_1/ip/ip_37/synth/bd_71bb_m01wn_0.sv:58]
INFO: [Synth 8-6155] done synthesizing module 'bd_71bb_m01wn_0' (42#1) [c:/Users/jaxie963/Temp/cpre488-mp2/project_1/project_1.srcs/sources_1/bd/design_1/ip/design_1_v_proc_ss_0_3/bd_1/ip/ip_37/synth/bd_71bb_m01wn_0.sv:58]
INFO: [Synth 8-6155] done synthesizing module 'm01_nodes_imp_18YD82D' (43#1) [c:/Users/jaxie963/Temp/cpre488-mp2/project_1/project_1.srcs/sources_1/bd/design_1/ip/design_1_v_proc_ss_0_3/bd_1/synth/bd_71bb.v:4586]
INFO: [Synth 8-6157] synthesizing module 'bd_71bb_m01s2a_0' [c:/Users/jaxie963/Temp/cpre488-mp2/project_1/project_1.srcs/sources_1/bd/design_1/ip/design_1_v_proc_ss_0_3/bd_1/ip/ip_33/synth/bd_71bb_m01s2a_0.sv:58]
INFO: [Synth 8-6155] done synthesizing module 'bd_71bb_m01s2a_0' (44#1) [c:/Users/jaxie963/Temp/cpre488-mp2/project_1/project_1.srcs/sources_1/bd/design_1/ip/design_1_v_proc_ss_0_3/bd_1/ip/ip_33/synth/bd_71bb_m01s2a_0.sv:58]
INFO: [Synth 8-6157] synthesizing module 'm02_exit_pipeline_imp_I5L3GV' [c:/Users/jaxie963/Temp/cpre488-mp2/project_1/project_1.srcs/sources_1/bd/design_1/ip/design_1_v_proc_ss_0_3/bd_1/synth/bd_71bb.v:4882]
INFO: [Synth 8-6157] synthesizing module 'bd_71bb_m02e_0' [c:/Users/jaxie963/Temp/cpre488-mp2/project_1/project_1.srcs/sources_1/bd/design_1/ip/design_1_v_proc_ss_0_3/bd_1/ip/ip_46/synth/bd_71bb_m02e_0.sv:58]
INFO: [Synth 8-6155] done synthesizing module 'bd_71bb_m02e_0' (45#1) [c:/Users/jaxie963/Temp/cpre488-mp2/project_1/project_1.srcs/sources_1/bd/design_1/ip/design_1_v_proc_ss_0_3/bd_1/ip/ip_46/synth/bd_71bb_m02e_0.sv:58]
INFO: [Synth 8-6155] done synthesizing module 'm02_exit_pipeline_imp_I5L3GV' (46#1) [c:/Users/jaxie963/Temp/cpre488-mp2/project_1/project_1.srcs/sources_1/bd/design_1/ip/design_1_v_proc_ss_0_3/bd_1/synth/bd_71bb.v:4882]
INFO: [Synth 8-6157] synthesizing module 'm02_nodes_imp_1PPGXCE' [c:/Users/jaxie963/Temp/cpre488-mp2/project_1/project_1.srcs/sources_1/bd/design_1/ip/design_1_v_proc_ss_0_3/bd_1/synth/bd_71bb.v:5183]
INFO: [Synth 8-6157] synthesizing module 'bd_71bb_m02arn_0' [c:/Users/jaxie963/Temp/cpre488-mp2/project_1/project_1.srcs/sources_1/bd/design_1/ip/design_1_v_proc_ss_0_3/bd_1/ip/ip_41/synth/bd_71bb_m02arn_0.sv:58]
INFO: [Synth 8-6155] done synthesizing module 'bd_71bb_m02arn_0' (47#1) [c:/Users/jaxie963/Temp/cpre488-mp2/project_1/project_1.srcs/sources_1/bd/design_1/ip/design_1_v_proc_ss_0_3/bd_1/ip/ip_41/synth/bd_71bb_m02arn_0.sv:58]
INFO: [Synth 8-6157] synthesizing module 'bd_71bb_m02awn_0' [c:/Users/jaxie963/Temp/cpre488-mp2/project_1/project_1.srcs/sources_1/bd/design_1/ip/design_1_v_proc_ss_0_3/bd_1/ip/ip_43/synth/bd_71bb_m02awn_0.sv:58]
INFO: [Synth 8-6155] done synthesizing module 'bd_71bb_m02awn_0' (48#1) [c:/Users/jaxie963/Temp/cpre488-mp2/project_1/project_1.srcs/sources_1/bd/design_1/ip/design_1_v_proc_ss_0_3/bd_1/ip/ip_43/synth/bd_71bb_m02awn_0.sv:58]
INFO: [Synth 8-6157] synthesizing module 'bd_71bb_m02bn_0' [c:/Users/jaxie963/Temp/cpre488-mp2/project_1/project_1.srcs/sources_1/bd/design_1/ip/design_1_v_proc_ss_0_3/bd_1/ip/ip_45/synth/bd_71bb_m02bn_0.sv:58]
INFO: [Synth 8-6155] done synthesizing module 'bd_71bb_m02bn_0' (49#1) [c:/Users/jaxie963/Temp/cpre488-mp2/project_1/project_1.srcs/sources_1/bd/design_1/ip/design_1_v_proc_ss_0_3/bd_1/ip/ip_45/synth/bd_71bb_m02bn_0.sv:58]
INFO: [Synth 8-6157] synthesizing module 'bd_71bb_m02rn_0' [c:/Users/jaxie963/Temp/cpre488-mp2/project_1/project_1.srcs/sources_1/bd/design_1/ip/design_1_v_proc_ss_0_3/bd_1/ip/ip_42/synth/bd_71bb_m02rn_0.sv:58]
INFO: [Synth 8-6155] done synthesizing module 'bd_71bb_m02rn_0' (50#1) [c:/Users/jaxie963/Temp/cpre488-mp2/project_1/project_1.srcs/sources_1/bd/design_1/ip/design_1_v_proc_ss_0_3/bd_1/ip/ip_42/synth/bd_71bb_m02rn_0.sv:58]
INFO: [Synth 8-6157] synthesizing module 'bd_71bb_m02wn_0' [c:/Users/jaxie963/Temp/cpre488-mp2/project_1/project_1.srcs/sources_1/bd/design_1/ip/design_1_v_proc_ss_0_3/bd_1/ip/ip_44/synth/bd_71bb_m02wn_0.sv:58]
INFO: [Synth 8-6155] done synthesizing module 'bd_71bb_m02wn_0' (51#1) [c:/Users/jaxie963/Temp/cpre488-mp2/project_1/project_1.srcs/sources_1/bd/design_1/ip/design_1_v_proc_ss_0_3/bd_1/ip/ip_44/synth/bd_71bb_m02wn_0.sv:58]
INFO: [Synth 8-6155] done synthesizing module 'm02_nodes_imp_1PPGXCE' (52#1) [c:/Users/jaxie963/Temp/cpre488-mp2/project_1/project_1.srcs/sources_1/bd/design_1/ip/design_1_v_proc_ss_0_3/bd_1/synth/bd_71bb.v:5183]
INFO: [Synth 8-6157] synthesizing module 'bd_71bb_m02s2a_0' [c:/Users/jaxie963/Temp/cpre488-mp2/project_1/project_1.srcs/sources_1/bd/design_1/ip/design_1_v_proc_ss_0_3/bd_1/ip/ip_40/synth/bd_71bb_m02s2a_0.sv:58]
INFO: [Synth 8-6155] done synthesizing module 'bd_71bb_m02s2a_0' (53#1) [c:/Users/jaxie963/Temp/cpre488-mp2/project_1/project_1.srcs/sources_1/bd/design_1/ip/design_1_v_proc_ss_0_3/bd_1/ip/ip_40/synth/bd_71bb_m02s2a_0.sv:58]
INFO: [Synth 8-6157] synthesizing module 'm03_exit_pipeline_imp_NXSKR3' [c:/Users/jaxie963/Temp/cpre488-mp2/project_1/project_1.srcs/sources_1/bd/design_1/ip/design_1_v_proc_ss_0_3/bd_1/synth/bd_71bb.v:5479]
INFO: [Synth 8-6157] synthesizing module 'bd_71bb_m03e_0' [c:/Users/jaxie963/Temp/cpre488-mp2/project_1/project_1.srcs/sources_1/bd/design_1/ip/design_1_v_proc_ss_0_3/bd_1/ip/ip_53/synth/bd_71bb_m03e_0.sv:58]
INFO: [Synth 8-6155] done synthesizing module 'bd_71bb_m03e_0' (54#1) [c:/Users/jaxie963/Temp/cpre488-mp2/project_1/project_1.srcs/sources_1/bd/design_1/ip/design_1_v_proc_ss_0_3/bd_1/ip/ip_53/synth/bd_71bb_m03e_0.sv:58]
INFO: [Synth 8-6155] done synthesizing module 'm03_exit_pipeline_imp_NXSKR3' (55#1) [c:/Users/jaxie963/Temp/cpre488-mp2/project_1/project_1.srcs/sources_1/bd/design_1/ip/design_1_v_proc_ss_0_3/bd_1/synth/bd_71bb.v:5479]
INFO: [Synth 8-6157] synthesizing module 'm03_nodes_imp_IPE01K' [c:/Users/jaxie963/Temp/cpre488-mp2/project_1/project_1.srcs/sources_1/bd/design_1/ip/design_1_v_proc_ss_0_3/bd_1/synth/bd_71bb.v:5780]
INFO: [Synth 8-6157] synthesizing module 'bd_71bb_m03arn_0' [c:/Users/jaxie963/Temp/cpre488-mp2/project_1/project_1.srcs/sources_1/bd/design_1/ip/design_1_v_proc_ss_0_3/bd_1/ip/ip_48/synth/bd_71bb_m03arn_0.sv:58]
INFO: [Synth 8-6155] done synthesizing module 'bd_71bb_m03arn_0' (56#1) [c:/Users/jaxie963/Temp/cpre488-mp2/project_1/project_1.srcs/sources_1/bd/design_1/ip/design_1_v_proc_ss_0_3/bd_1/ip/ip_48/synth/bd_71bb_m03arn_0.sv:58]
INFO: [Synth 8-6157] synthesizing module 'bd_71bb_m03awn_0' [c:/Users/jaxie963/Temp/cpre488-mp2/project_1/project_1.srcs/sources_1/bd/design_1/ip/design_1_v_proc_ss_0_3/bd_1/ip/ip_50/synth/bd_71bb_m03awn_0.sv:58]
INFO: [Synth 8-6155] done synthesizing module 'bd_71bb_m03awn_0' (57#1) [c:/Users/jaxie963/Temp/cpre488-mp2/project_1/project_1.srcs/sources_1/bd/design_1/ip/design_1_v_proc_ss_0_3/bd_1/ip/ip_50/synth/bd_71bb_m03awn_0.sv:58]
INFO: [Synth 8-6157] synthesizing module 'bd_71bb_m03bn_0' [c:/Users/jaxie963/Temp/cpre488-mp2/project_1/project_1.srcs/sources_1/bd/design_1/ip/design_1_v_proc_ss_0_3/bd_1/ip/ip_52/synth/bd_71bb_m03bn_0.sv:58]
INFO: [Synth 8-6155] done synthesizing module 'bd_71bb_m03bn_0' (58#1) [c:/Users/jaxie963/Temp/cpre488-mp2/project_1/project_1.srcs/sources_1/bd/design_1/ip/design_1_v_proc_ss_0_3/bd_1/ip/ip_52/synth/bd_71bb_m03bn_0.sv:58]
INFO: [Synth 8-6157] synthesizing module 'bd_71bb_m03rn_0' [c:/Users/jaxie963/Temp/cpre488-mp2/project_1/project_1.srcs/sources_1/bd/design_1/ip/design_1_v_proc_ss_0_3/bd_1/ip/ip_49/synth/bd_71bb_m03rn_0.sv:58]
INFO: [Synth 8-6155] done synthesizing module 'bd_71bb_m03rn_0' (59#1) [c:/Users/jaxie963/Temp/cpre488-mp2/project_1/project_1.srcs/sources_1/bd/design_1/ip/design_1_v_proc_ss_0_3/bd_1/ip/ip_49/synth/bd_71bb_m03rn_0.sv:58]
INFO: [Synth 8-6157] synthesizing module 'bd_71bb_m03wn_0' [c:/Users/jaxie963/Temp/cpre488-mp2/project_1/project_1.srcs/sources_1/bd/design_1/ip/design_1_v_proc_ss_0_3/bd_1/ip/ip_51/synth/bd_71bb_m03wn_0.sv:58]
INFO: [Synth 8-6155] done synthesizing module 'bd_71bb_m03wn_0' (60#1) [c:/Users/jaxie963/Temp/cpre488-mp2/project_1/project_1.srcs/sources_1/bd/design_1/ip/design_1_v_proc_ss_0_3/bd_1/ip/ip_51/synth/bd_71bb_m03wn_0.sv:58]
INFO: [Synth 8-6155] done synthesizing module 'm03_nodes_imp_IPE01K' (61#1) [c:/Users/jaxie963/Temp/cpre488-mp2/project_1/project_1.srcs/sources_1/bd/design_1/ip/design_1_v_proc_ss_0_3/bd_1/synth/bd_71bb.v:5780]
INFO: [Synth 8-6157] synthesizing module 'bd_71bb_m03s2a_0' [c:/Users/jaxie963/Temp/cpre488-mp2/project_1/project_1.srcs/sources_1/bd/design_1/ip/design_1_v_proc_ss_0_3/bd_1/ip/ip_47/synth/bd_71bb_m03s2a_0.sv:58]
INFO: [Synth 8-6155] done synthesizing module 'bd_71bb_m03s2a_0' (62#1) [c:/Users/jaxie963/Temp/cpre488-mp2/project_1/project_1.srcs/sources_1/bd/design_1/ip/design_1_v_proc_ss_0_3/bd_1/ip/ip_47/synth/bd_71bb_m03s2a_0.sv:58]
INFO: [Synth 8-6157] synthesizing module 'm04_exit_pipeline_imp_EBNXAN' [c:/Users/jaxie963/Temp/cpre488-mp2/project_1/project_1.srcs/sources_1/bd/design_1/ip/design_1_v_proc_ss_0_3/bd_1/synth/bd_71bb.v:6076]
INFO: [Synth 8-6157] synthesizing module 'bd_71bb_m04e_0' [c:/Users/jaxie963/Temp/cpre488-mp2/project_1/project_1.srcs/sources_1/bd/design_1/ip/design_1_v_proc_ss_0_3/bd_1/ip/ip_60/synth/bd_71bb_m04e_0.sv:58]
INFO: [Synth 8-6155] done synthesizing module 'bd_71bb_m04e_0' (63#1) [c:/Users/jaxie963/Temp/cpre488-mp2/project_1/project_1.srcs/sources_1/bd/design_1/ip/design_1_v_proc_ss_0_3/bd_1/ip/ip_60/synth/bd_71bb_m04e_0.sv:58]
INFO: [Synth 8-6155] done synthesizing module 'm04_exit_pipeline_imp_EBNXAN' (64#1) [c:/Users/jaxie963/Temp/cpre488-mp2/project_1/project_1.srcs/sources_1/bd/design_1/ip/design_1_v_proc_ss_0_3/bd_1/synth/bd_71bb.v:6076]
INFO: [Synth 8-6157] synthesizing module 'm04_nodes_imp_AQ3YBC' [c:/Users/jaxie963/Temp/cpre488-mp2/project_1/project_1.srcs/sources_1/bd/design_1/ip/design_1_v_proc_ss_0_3/bd_1/synth/bd_71bb.v:6377]
INFO: [Synth 8-6157] synthesizing module 'bd_71bb_m04arn_0' [c:/Users/jaxie963/Temp/cpre488-mp2/project_1/project_1.srcs/sources_1/bd/design_1/ip/design_1_v_proc_ss_0_3/bd_1/ip/ip_55/synth/bd_71bb_m04arn_0.sv:58]
INFO: [Synth 8-6155] done synthesizing module 'bd_71bb_m04arn_0' (65#1) [c:/Users/jaxie963/Temp/cpre488-mp2/project_1/project_1.srcs/sources_1/bd/design_1/ip/design_1_v_proc_ss_0_3/bd_1/ip/ip_55/synth/bd_71bb_m04arn_0.sv:58]
INFO: [Synth 8-6157] synthesizing module 'bd_71bb_m04awn_0' [c:/Users/jaxie963/Temp/cpre488-mp2/project_1/project_1.srcs/sources_1/bd/design_1/ip/design_1_v_proc_ss_0_3/bd_1/ip/ip_57/synth/bd_71bb_m04awn_0.sv:58]
INFO: [Synth 8-6155] done synthesizing module 'bd_71bb_m04awn_0' (66#1) [c:/Users/jaxie963/Temp/cpre488-mp2/project_1/project_1.srcs/sources_1/bd/design_1/ip/design_1_v_proc_ss_0_3/bd_1/ip/ip_57/synth/bd_71bb_m04awn_0.sv:58]
INFO: [Synth 8-6157] synthesizing module 'bd_71bb_m04bn_0' [c:/Users/jaxie963/Temp/cpre488-mp2/project_1/project_1.srcs/sources_1/bd/design_1/ip/design_1_v_proc_ss_0_3/bd_1/ip/ip_59/synth/bd_71bb_m04bn_0.sv:58]
INFO: [Synth 8-6155] done synthesizing module 'bd_71bb_m04bn_0' (67#1) [c:/Users/jaxie963/Temp/cpre488-mp2/project_1/project_1.srcs/sources_1/bd/design_1/ip/design_1_v_proc_ss_0_3/bd_1/ip/ip_59/synth/bd_71bb_m04bn_0.sv:58]
INFO: [Synth 8-6157] synthesizing module 'bd_71bb_m04rn_0' [c:/Users/jaxie963/Temp/cpre488-mp2/project_1/project_1.srcs/sources_1/bd/design_1/ip/design_1_v_proc_ss_0_3/bd_1/ip/ip_56/synth/bd_71bb_m04rn_0.sv:58]
INFO: [Synth 8-6155] done synthesizing module 'bd_71bb_m04rn_0' (68#1) [c:/Users/jaxie963/Temp/cpre488-mp2/project_1/project_1.srcs/sources_1/bd/design_1/ip/design_1_v_proc_ss_0_3/bd_1/ip/ip_56/synth/bd_71bb_m04rn_0.sv:58]
INFO: [Synth 8-6157] synthesizing module 'bd_71bb_m04wn_0' [c:/Users/jaxie963/Temp/cpre488-mp2/project_1/project_1.srcs/sources_1/bd/design_1/ip/design_1_v_proc_ss_0_3/bd_1/ip/ip_58/synth/bd_71bb_m04wn_0.sv:58]
INFO: [Synth 8-6155] done synthesizing module 'bd_71bb_m04wn_0' (69#1) [c:/Users/jaxie963/Temp/cpre488-mp2/project_1/project_1.srcs/sources_1/bd/design_1/ip/design_1_v_proc_ss_0_3/bd_1/ip/ip_58/synth/bd_71bb_m04wn_0.sv:58]
INFO: [Synth 8-6155] done synthesizing module 'm04_nodes_imp_AQ3YBC' (70#1) [c:/Users/jaxie963/Temp/cpre488-mp2/project_1/project_1.srcs/sources_1/bd/design_1/ip/design_1_v_proc_ss_0_3/bd_1/synth/bd_71bb.v:6377]
INFO: [Synth 8-6157] synthesizing module 'bd_71bb_m04s2a_0' [c:/Users/jaxie963/Temp/cpre488-mp2/project_1/project_1.srcs/sources_1/bd/design_1/ip/design_1_v_proc_ss_0_3/bd_1/ip/ip_54/synth/bd_71bb_m04s2a_0.sv:58]
INFO: [Synth 8-6155] done synthesizing module 'bd_71bb_m04s2a_0' (71#1) [c:/Users/jaxie963/Temp/cpre488-mp2/project_1/project_1.srcs/sources_1/bd/design_1/ip/design_1_v_proc_ss_0_3/bd_1/ip/ip_54/synth/bd_71bb_m04s2a_0.sv:58]
INFO: [Synth 8-6157] synthesizing module 'm08_exit_pipeline_imp_1NIH7IN' [c:/Users/jaxie963/Temp/cpre488-mp2/project_1/project_1.srcs/sources_1/bd/design_1/ip/design_1_v_proc_ss_0_3/bd_1/synth/bd_71bb.v:6673]
INFO: [Synth 8-6157] synthesizing module 'bd_71bb_m08e_0' [c:/Users/jaxie963/Temp/cpre488-mp2/project_1/project_1.srcs/sources_1/bd/design_1/ip/design_1_v_proc_ss_0_3/bd_1/ip/ip_67/synth/bd_71bb_m08e_0.sv:58]
INFO: [Synth 8-6155] done synthesizing module 'bd_71bb_m08e_0' (72#1) [c:/Users/jaxie963/Temp/cpre488-mp2/project_1/project_1.srcs/sources_1/bd/design_1/ip/design_1_v_proc_ss_0_3/bd_1/ip/ip_67/synth/bd_71bb_m08e_0.sv:58]
INFO: [Synth 8-6155] done synthesizing module 'm08_exit_pipeline_imp_1NIH7IN' (73#1) [c:/Users/jaxie963/Temp/cpre488-mp2/project_1/project_1.srcs/sources_1/bd/design_1/ip/design_1_v_proc_ss_0_3/bd_1/synth/bd_71bb.v:6673]
INFO: [Synth 8-6157] synthesizing module 'm08_nodes_imp_3F2BTH' [c:/Users/jaxie963/Temp/cpre488-mp2/project_1/project_1.srcs/sources_1/bd/design_1/ip/design_1_v_proc_ss_0_3/bd_1/synth/bd_71bb.v:6974]
INFO: [Synth 8-6157] synthesizing module 'bd_71bb_m08arn_0' [c:/Users/jaxie963/Temp/cpre488-mp2/project_1/project_1.srcs/sources_1/bd/design_1/ip/design_1_v_proc_ss_0_3/bd_1/ip/ip_62/synth/bd_71bb_m08arn_0.sv:58]
INFO: [Synth 8-6155] done synthesizing module 'bd_71bb_m08arn_0' (74#1) [c:/Users/jaxie963/Temp/cpre488-mp2/project_1/project_1.srcs/sources_1/bd/design_1/ip/design_1_v_proc_ss_0_3/bd_1/ip/ip_62/synth/bd_71bb_m08arn_0.sv:58]
INFO: [Synth 8-6157] synthesizing module 'bd_71bb_m08awn_0' [c:/Users/jaxie963/Temp/cpre488-mp2/project_1/project_1.srcs/sources_1/bd/design_1/ip/design_1_v_proc_ss_0_3/bd_1/ip/ip_64/synth/bd_71bb_m08awn_0.sv:58]
INFO: [Synth 8-6155] done synthesizing module 'bd_71bb_m08awn_0' (75#1) [c:/Users/jaxie963/Temp/cpre488-mp2/project_1/project_1.srcs/sources_1/bd/design_1/ip/design_1_v_proc_ss_0_3/bd_1/ip/ip_64/synth/bd_71bb_m08awn_0.sv:58]
INFO: [Synth 8-6157] synthesizing module 'bd_71bb_m08bn_0' [c:/Users/jaxie963/Temp/cpre488-mp2/project_1/project_1.srcs/sources_1/bd/design_1/ip/design_1_v_proc_ss_0_3/bd_1/ip/ip_66/synth/bd_71bb_m08bn_0.sv:58]
INFO: [Synth 8-6155] done synthesizing module 'bd_71bb_m08bn_0' (76#1) [c:/Users/jaxie963/Temp/cpre488-mp2/project_1/project_1.srcs/sources_1/bd/design_1/ip/design_1_v_proc_ss_0_3/bd_1/ip/ip_66/synth/bd_71bb_m08bn_0.sv:58]
INFO: [Synth 8-6157] synthesizing module 'bd_71bb_m08rn_0' [c:/Users/jaxie963/Temp/cpre488-mp2/project_1/project_1.srcs/sources_1/bd/design_1/ip/design_1_v_proc_ss_0_3/bd_1/ip/ip_63/synth/bd_71bb_m08rn_0.sv:58]
INFO: [Synth 8-6155] done synthesizing module 'bd_71bb_m08rn_0' (77#1) [c:/Users/jaxie963/Temp/cpre488-mp2/project_1/project_1.srcs/sources_1/bd/design_1/ip/design_1_v_proc_ss_0_3/bd_1/ip/ip_63/synth/bd_71bb_m08rn_0.sv:58]
INFO: [Synth 8-6157] synthesizing module 'bd_71bb_m08wn_0' [c:/Users/jaxie963/Temp/cpre488-mp2/project_1/project_1.srcs/sources_1/bd/design_1/ip/design_1_v_proc_ss_0_3/bd_1/ip/ip_65/synth/bd_71bb_m08wn_0.sv:58]
INFO: [Synth 8-6155] done synthesizing module 'bd_71bb_m08wn_0' (78#1) [c:/Users/jaxie963/Temp/cpre488-mp2/project_1/project_1.srcs/sources_1/bd/design_1/ip/design_1_v_proc_ss_0_3/bd_1/ip/ip_65/synth/bd_71bb_m08wn_0.sv:58]
INFO: [Synth 8-6155] done synthesizing module 'm08_nodes_imp_3F2BTH' (79#1) [c:/Users/jaxie963/Temp/cpre488-mp2/project_1/project_1.srcs/sources_1/bd/design_1/ip/design_1_v_proc_ss_0_3/bd_1/synth/bd_71bb.v:6974]
INFO: [Synth 8-6157] synthesizing module 'bd_71bb_m08s2a_0' [c:/Users/jaxie963/Temp/cpre488-mp2/project_1/project_1.srcs/sources_1/bd/design_1/ip/design_1_v_proc_ss_0_3/bd_1/ip/ip_61/synth/bd_71bb_m08s2a_0.sv:58]
INFO: [Synth 8-6155] done synthesizing module 'bd_71bb_m08s2a_0' (80#1) [c:/Users/jaxie963/Temp/cpre488-mp2/project_1/project_1.srcs/sources_1/bd/design_1/ip/design_1_v_proc_ss_0_3/bd_1/ip/ip_61/synth/bd_71bb_m08s2a_0.sv:58]
INFO: [Synth 8-6157] synthesizing module 'bd_71bb_s00a2s_0' [c:/Users/jaxie963/Temp/cpre488-mp2/project_1/project_1.srcs/sources_1/bd/design_1/ip/design_1_v_proc_ss_0_3/bd_1/ip/ip_20/synth/bd_71bb_s00a2s_0.sv:58]
INFO: [Synth 8-6155] done synthesizing module 'bd_71bb_s00a2s_0' (82#1) [c:/Users/jaxie963/Temp/cpre488-mp2/project_1/project_1.srcs/sources_1/bd/design_1/ip/design_1_v_proc_ss_0_3/bd_1/ip/ip_20/synth/bd_71bb_s00a2s_0.sv:58]
INFO: [Synth 8-6157] synthesizing module 's00_entry_pipeline_imp_1TI9BGS' [c:/Users/jaxie963/Temp/cpre488-mp2/project_1/project_1.srcs/sources_1/bd/design_1/ip/design_1_v_proc_ss_0_3/bd_1/synth/bd_71bb.v:7270]
INFO: [Synth 8-6157] synthesizing module 'bd_71bb_s00mmu_0' [c:/Users/jaxie963/Temp/cpre488-mp2/project_1/project_1.srcs/sources_1/bd/design_1/ip/design_1_v_proc_ss_0_3/bd_1/ip/ip_17/synth/bd_71bb_s00mmu_0.sv:59]
INFO: [Synth 8-6155] done synthesizing module 'bd_71bb_s00mmu_0' (87#1) [c:/Users/jaxie963/Temp/cpre488-mp2/project_1/project_1.srcs/sources_1/bd/design_1/ip/design_1_v_proc_ss_0_3/bd_1/ip/ip_17/synth/bd_71bb_s00mmu_0.sv:59]
INFO: [Synth 8-6157] synthesizing module 'bd_71bb_s00sic_0' [c:/Users/jaxie963/Temp/cpre488-mp2/project_1/project_1.srcs/sources_1/bd/design_1/ip/design_1_v_proc_ss_0_3/bd_1/ip/ip_19/synth/bd_71bb_s00sic_0.sv:59]
INFO: [Synth 8-6155] done synthesizing module 'bd_71bb_s00sic_0' (90#1) [c:/Users/jaxie963/Temp/cpre488-mp2/project_1/project_1.srcs/sources_1/bd/design_1/ip/design_1_v_proc_ss_0_3/bd_1/ip/ip_19/synth/bd_71bb_s00sic_0.sv:59]
INFO: [Synth 8-6157] synthesizing module 'bd_71bb_s00tr_0' [c:/Users/jaxie963/Temp/cpre488-mp2/project_1/project_1.srcs/sources_1/bd/design_1/ip/design_1_v_proc_ss_0_3/bd_1/ip/ip_18/synth/bd_71bb_s00tr_0.sv:58]
INFO: [Synth 8-6155] done synthesizing module 'bd_71bb_s00tr_0' (93#1) [c:/Users/jaxie963/Temp/cpre488-mp2/project_1/project_1.srcs/sources_1/bd/design_1/ip/design_1_v_proc_ss_0_3/bd_1/ip/ip_18/synth/bd_71bb_s00tr_0.sv:58]
WARNING: [Synth 8-7071] port 'm_axi_awburst' of module 'bd_71bb_s00tr_0' is unconnected for instance 's00_transaction_regulator' [c:/Users/jaxie963/Temp/cpre488-mp2/project_1/project_1.srcs/sources_1/bd/design_1/ip/design_1_v_proc_ss_0_3/bd_1/synth/bd_71bb.v:7728]
WARNING: [Synth 8-7071] port 'm_axi_arburst' of module 'bd_71bb_s00tr_0' is unconnected for instance 's00_transaction_regulator' [c:/Users/jaxie963/Temp/cpre488-mp2/project_1/project_1.srcs/sources_1/bd/design_1/ip/design_1_v_proc_ss_0_3/bd_1/synth/bd_71bb.v:7728]
WARNING: [Synth 8-7023] instance 's00_transaction_regulator' of module 'bd_71bb_s00tr_0' has 82 connections declared, but only 80 given [c:/Users/jaxie963/Temp/cpre488-mp2/project_1/project_1.srcs/sources_1/bd/design_1/ip/design_1_v_proc_ss_0_3/bd_1/synth/bd_71bb.v:7728]
INFO: [Synth 8-6155] done synthesizing module 's00_entry_pipeline_imp_1TI9BGS' (94#1) [c:/Users/jaxie963/Temp/cpre488-mp2/project_1/project_1.srcs/sources_1/bd/design_1/ip/design_1_v_proc_ss_0_3/bd_1/synth/bd_71bb.v:7270]
INFO: [Synth 8-6157] synthesizing module 's00_nodes_imp_1XA0H92' [c:/Users/jaxie963/Temp/cpre488-mp2/project_1/project_1.srcs/sources_1/bd/design_1/ip/design_1_v_proc_ss_0_3/bd_1/synth/bd_71bb.v:7811]
INFO: [Synth 8-6157] synthesizing module 'bd_71bb_sarn_0' [c:/Users/jaxie963/Temp/cpre488-mp2/project_1/project_1.srcs/sources_1/bd/design_1/ip/design_1_v_proc_ss_0_3/bd_1/ip/ip_21/synth/bd_71bb_sarn_0.sv:58]
INFO: [Synth 8-6155] done synthesizing module 'bd_71bb_sarn_0' (95#1) [c:/Users/jaxie963/Temp/cpre488-mp2/project_1/project_1.srcs/sources_1/bd/design_1/ip/design_1_v_proc_ss_0_3/bd_1/ip/ip_21/synth/bd_71bb_sarn_0.sv:58]
INFO: [Synth 8-6157] synthesizing module 'bd_71bb_sawn_0' [c:/Users/jaxie963/Temp/cpre488-mp2/project_1/project_1.srcs/sources_1/bd/design_1/ip/design_1_v_proc_ss_0_3/bd_1/ip/ip_23/synth/bd_71bb_sawn_0.sv:58]
INFO: [Synth 8-6155] done synthesizing module 'bd_71bb_sawn_0' (96#1) [c:/Users/jaxie963/Temp/cpre488-mp2/project_1/project_1.srcs/sources_1/bd/design_1/ip/design_1_v_proc_ss_0_3/bd_1/ip/ip_23/synth/bd_71bb_sawn_0.sv:58]
INFO: [Synth 8-6157] synthesizing module 'bd_71bb_sbn_0' [c:/Users/jaxie963/Temp/cpre488-mp2/project_1/project_1.srcs/sources_1/bd/design_1/ip/design_1_v_proc_ss_0_3/bd_1/ip/ip_25/synth/bd_71bb_sbn_0.sv:58]
INFO: [Synth 8-6155] done synthesizing module 'bd_71bb_sbn_0' (97#1) [c:/Users/jaxie963/Temp/cpre488-mp2/project_1/project_1.srcs/sources_1/bd/design_1/ip/design_1_v_proc_ss_0_3/bd_1/ip/ip_25/synth/bd_71bb_sbn_0.sv:58]
INFO: [Synth 8-6157] synthesizing module 'bd_71bb_srn_0' [c:/Users/jaxie963/Temp/cpre488-mp2/project_1/project_1.srcs/sources_1/bd/design_1/ip/design_1_v_proc_ss_0_3/bd_1/ip/ip_22/synth/bd_71bb_srn_0.sv:58]
INFO: [Synth 8-6155] done synthesizing module 'bd_71bb_srn_0' (98#1) [c:/Users/jaxie963/Temp/cpre488-mp2/project_1/project_1.srcs/sources_1/bd/design_1/ip/design_1_v_proc_ss_0_3/bd_1/ip/ip_22/synth/bd_71bb_srn_0.sv:58]
INFO: [Synth 8-6157] synthesizing module 'bd_71bb_swn_0' [c:/Users/jaxie963/Temp/cpre488-mp2/project_1/project_1.srcs/sources_1/bd/design_1/ip/design_1_v_proc_ss_0_3/bd_1/ip/ip_24/synth/bd_71bb_swn_0.sv:58]
INFO: [Synth 8-6155] done synthesizing module 'bd_71bb_swn_0' (99#1) [c:/Users/jaxie963/Temp/cpre488-mp2/project_1/project_1.srcs/sources_1/bd/design_1/ip/design_1_v_proc_ss_0_3/bd_1/ip/ip_24/synth/bd_71bb_swn_0.sv:58]
INFO: [Synth 8-6155] done synthesizing module 's00_nodes_imp_1XA0H92' (100#1) [c:/Users/jaxie963/Temp/cpre488-mp2/project_1/project_1.srcs/sources_1/bd/design_1/ip/design_1_v_proc_ss_0_3/bd_1/synth/bd_71bb.v:7811]
INFO: [Synth 8-6157] synthesizing module 'switchboards_imp_14LU7UQ' [c:/Users/jaxie963/Temp/cpre488-mp2/project_1/project_1.srcs/sources_1/bd/design_1/ip/design_1_v_proc_ss_0_3/bd_1/synth/bd_71bb.v:8107]
INFO: [Synth 8-6157] synthesizing module 'bd_71bb_arinsw_0' [c:/Users/jaxie963/Temp/cpre488-mp2/project_1/project_1.srcs/sources_1/bd/design_1/ip/design_1_v_proc_ss_0_3/bd_1/ip/ip_2/synth/bd_71bb_arinsw_0.sv:57]
INFO: [Synth 8-6155] done synthesizing module 'bd_71bb_arinsw_0' (103#1) [c:/Users/jaxie963/Temp/cpre488-mp2/project_1/project_1.srcs/sources_1/bd/design_1/ip/design_1_v_proc_ss_0_3/bd_1/ip/ip_2/synth/bd_71bb_arinsw_0.sv:57]
INFO: [Synth 8-6157] synthesizing module 'bd_71bb_aroutsw_0' [c:/Users/jaxie963/Temp/cpre488-mp2/project_1/project_1.srcs/sources_1/bd/design_1/ip/design_1_v_proc_ss_0_3/bd_1/ip/ip_7/synth/bd_71bb_aroutsw_0.sv:57]
INFO: [Synth 8-6155] done synthesizing module 'bd_71bb_aroutsw_0' (104#1) [c:/Users/jaxie963/Temp/cpre488-mp2/project_1/project_1.srcs/sources_1/bd/design_1/ip/design_1_v_proc_ss_0_3/bd_1/ip/ip_7/synth/bd_71bb_aroutsw_0.sv:57]
INFO: [Synth 8-6157] synthesizing module 'bd_71bb_awinsw_0' [c:/Users/jaxie963/Temp/cpre488-mp2/project_1/project_1.srcs/sources_1/bd/design_1/ip/design_1_v_proc_ss_0_3/bd_1/ip/ip_4/synth/bd_71bb_awinsw_0.sv:57]
INFO: [Synth 8-6155] done synthesizing module 'bd_71bb_awinsw_0' (105#1) [c:/Users/jaxie963/Temp/cpre488-mp2/project_1/project_1.srcs/sources_1/bd/design_1/ip/design_1_v_proc_ss_0_3/bd_1/ip/ip_4/synth/bd_71bb_awinsw_0.sv:57]
INFO: [Synth 8-6157] synthesizing module 'bd_71bb_awoutsw_0' [c:/Users/jaxie963/Temp/cpre488-mp2/project_1/project_1.srcs/sources_1/bd/design_1/ip/design_1_v_proc_ss_0_3/bd_1/ip/ip_9/synth/bd_71bb_awoutsw_0.sv:57]
INFO: [Synth 8-6155] done synthesizing module 'bd_71bb_awoutsw_0' (106#1) [c:/Users/jaxie963/Temp/cpre488-mp2/project_1/project_1.srcs/sources_1/bd/design_1/ip/design_1_v_proc_ss_0_3/bd_1/ip/ip_9/synth/bd_71bb_awoutsw_0.sv:57]
INFO: [Synth 8-6157] synthesizing module 'bd_71bb_binsw_0' [c:/Users/jaxie963/Temp/cpre488-mp2/project_1/project_1.srcs/sources_1/bd/design_1/ip/design_1_v_proc_ss_0_3/bd_1/ip/ip_6/synth/bd_71bb_binsw_0.sv:57]
INFO: [Synth 8-6155] done synthesizing module 'bd_71bb_binsw_0' (107#1) [c:/Users/jaxie963/Temp/cpre488-mp2/project_1/project_1.srcs/sources_1/bd/design_1/ip/design_1_v_proc_ss_0_3/bd_1/ip/ip_6/synth/bd_71bb_binsw_0.sv:57]
INFO: [Synth 8-6157] synthesizing module 'bd_71bb_boutsw_0' [c:/Users/jaxie963/Temp/cpre488-mp2/project_1/project_1.srcs/sources_1/bd/design_1/ip/design_1_v_proc_ss_0_3/bd_1/ip/ip_11/synth/bd_71bb_boutsw_0.sv:57]
INFO: [Synth 8-6155] done synthesizing module 'bd_71bb_boutsw_0' (108#1) [c:/Users/jaxie963/Temp/cpre488-mp2/project_1/project_1.srcs/sources_1/bd/design_1/ip/design_1_v_proc_ss_0_3/bd_1/ip/ip_11/synth/bd_71bb_boutsw_0.sv:57]
INFO: [Synth 8-6157] synthesizing module 'i_nodes_imp_O00UII' [c:/Users/jaxie963/Temp/cpre488-mp2/project_1/project_1.srcs/sources_1/bd/design_1/ip/design_1_v_proc_ss_0_3/bd_1/synth/bd_71bb.v:3392]
INFO: [Synth 8-6157] synthesizing module 'bd_71bb_arni_0' [c:/Users/jaxie963/Temp/cpre488-mp2/project_1/project_1.srcs/sources_1/bd/design_1/ip/design_1_v_proc_ss_0_3/bd_1/ip/ip_12/synth/bd_71bb_arni_0.sv:58]
INFO: [Synth 8-6155] done synthesizing module 'bd_71bb_arni_0' (113#1) [c:/Users/jaxie963/Temp/cpre488-mp2/project_1/project_1.srcs/sources_1/bd/design_1/ip/design_1_v_proc_ss_0_3/bd_1/ip/ip_12/synth/bd_71bb_arni_0.sv:58]
INFO: [Synth 8-6157] synthesizing module 'bd_71bb_awni_0' [c:/Users/jaxie963/Temp/cpre488-mp2/project_1/project_1.srcs/sources_1/bd/design_1/ip/design_1_v_proc_ss_0_3/bd_1/ip/ip_14/synth/bd_71bb_awni_0.sv:58]
INFO: [Synth 8-6155] done synthesizing module 'bd_71bb_awni_0' (114#1) [c:/Users/jaxie963/Temp/cpre488-mp2/project_1/project_1.srcs/sources_1/bd/design_1/ip/design_1_v_proc_ss_0_3/bd_1/ip/ip_14/synth/bd_71bb_awni_0.sv:58]
INFO: [Synth 8-6157] synthesizing module 'bd_71bb_bni_0' [c:/Users/jaxie963/Temp/cpre488-mp2/project_1/project_1.srcs/sources_1/bd/design_1/ip/design_1_v_proc_ss_0_3/bd_1/ip/ip_16/synth/bd_71bb_bni_0.sv:58]
INFO: [Synth 8-6155] done synthesizing module 'bd_71bb_bni_0' (117#1) [c:/Users/jaxie963/Temp/cpre488-mp2/project_1/project_1.srcs/sources_1/bd/design_1/ip/design_1_v_proc_ss_0_3/bd_1/ip/ip_16/synth/bd_71bb_bni_0.sv:58]
INFO: [Synth 8-6157] synthesizing module 'bd_71bb_rni_0' [c:/Users/jaxie963/Temp/cpre488-mp2/project_1/project_1.srcs/sources_1/bd/design_1/ip/design_1_v_proc_ss_0_3/bd_1/ip/ip_13/synth/bd_71bb_rni_0.sv:58]
INFO: [Synth 8-6155] done synthesizing module 'bd_71bb_rni_0' (118#1) [c:/Users/jaxie963/Temp/cpre488-mp2/project_1/project_1.srcs/sources_1/bd/design_1/ip/design_1_v_proc_ss_0_3/bd_1/ip/ip_13/synth/bd_71bb_rni_0.sv:58]
INFO: [Synth 8-6157] synthesizing module 'bd_71bb_wni_0' [c:/Users/jaxie963/Temp/cpre488-mp2/project_1/project_1.srcs/sources_1/bd/design_1/ip/design_1_v_proc_ss_0_3/bd_1/ip/ip_15/synth/bd_71bb_wni_0.sv:58]
INFO: [Synth 8-6155] done synthesizing module 'bd_71bb_wni_0' (119#1) [c:/Users/jaxie963/Temp/cpre488-mp2/project_1/project_1.srcs/sources_1/bd/design_1/ip/design_1_v_proc_ss_0_3/bd_1/ip/ip_15/synth/bd_71bb_wni_0.sv:58]
INFO: [Synth 8-6155] done synthesizing module 'i_nodes_imp_O00UII' (120#1) [c:/Users/jaxie963/Temp/cpre488-mp2/project_1/project_1.srcs/sources_1/bd/design_1/ip/design_1_v_proc_ss_0_3/bd_1/synth/bd_71bb.v:3392]
INFO: [Synth 8-6157] synthesizing module 'bd_71bb_rinsw_0' [c:/Users/jaxie963/Temp/cpre488-mp2/project_1/project_1.srcs/sources_1/bd/design_1/ip/design_1_v_proc_ss_0_3/bd_1/ip/ip_3/synth/bd_71bb_rinsw_0.sv:57]
INFO: [Synth 8-6155] done synthesizing module 'bd_71bb_rinsw_0' (121#1) [c:/Users/jaxie963/Temp/cpre488-mp2/project_1/project_1.srcs/sources_1/bd/design_1/ip/design_1_v_proc_ss_0_3/bd_1/ip/ip_3/synth/bd_71bb_rinsw_0.sv:57]
INFO: [Synth 8-6157] synthesizing module 'bd_71bb_routsw_0' [c:/Users/jaxie963/Temp/cpre488-mp2/project_1/project_1.srcs/sources_1/bd/design_1/ip/design_1_v_proc_ss_0_3/bd_1/ip/ip_8/synth/bd_71bb_routsw_0.sv:57]
INFO: [Synth 8-6155] done synthesizing module 'bd_71bb_routsw_0' (122#1) [c:/Users/jaxie963/Temp/cpre488-mp2/project_1/project_1.srcs/sources_1/bd/design_1/ip/design_1_v_proc_ss_0_3/bd_1/ip/ip_8/synth/bd_71bb_routsw_0.sv:57]
INFO: [Synth 8-6157] synthesizing module 'bd_71bb_winsw_0' [c:/Users/jaxie963/Temp/cpre488-mp2/project_1/project_1.srcs/sources_1/bd/design_1/ip/design_1_v_proc_ss_0_3/bd_1/ip/ip_5/synth/bd_71bb_winsw_0.sv:57]
INFO: [Synth 8-6155] done synthesizing module 'bd_71bb_winsw_0' (123#1) [c:/Users/jaxie963/Temp/cpre488-mp2/project_1/project_1.srcs/sources_1/bd/design_1/ip/design_1_v_proc_ss_0_3/bd_1/ip/ip_5/synth/bd_71bb_winsw_0.sv:57]
INFO: [Synth 8-6157] synthesizing module 'bd_71bb_woutsw_0' [c:/Users/jaxie963/Temp/cpre488-mp2/project_1/project_1.srcs/sources_1/bd/design_1/ip/design_1_v_proc_ss_0_3/bd_1/ip/ip_10/synth/bd_71bb_woutsw_0.sv:57]
INFO: [Synth 8-6155] done synthesizing module 'bd_71bb_woutsw_0' (124#1) [c:/Users/jaxie963/Temp/cpre488-mp2/project_1/project_1.srcs/sources_1/bd/design_1/ip/design_1_v_proc_ss_0_3/bd_1/ip/ip_10/synth/bd_71bb_woutsw_0.sv:57]
INFO: [Synth 8-6155] done synthesizing module 'switchboards_imp_14LU7UQ' (125#1) [c:/Users/jaxie963/Temp/cpre488-mp2/project_1/project_1.srcs/sources_1/bd/design_1/ip/design_1_v_proc_ss_0_3/bd_1/synth/bd_71bb.v:8107]
WARNING: [Synth 8-7071] port 'M05_SC_AR_info' of module 'switchboards_imp_14LU7UQ' is unconnected for instance 'switchboards' [c:/Users/jaxie963/Temp/cpre488-mp2/project_1/project_1.srcs/sources_1/bd/design_1/ip/design_1_v_proc_ss_0_3/bd_1/synth/bd_71bb.v:3026]
WARNING: [Synth 8-7071] port 'M05_SC_AR_payld' of module 'switchboards_imp_14LU7UQ' is unconnected for instance 'switchboards' [c:/Users/jaxie963/Temp/cpre488-mp2/project_1/project_1.srcs/sources_1/bd/design_1/ip/design_1_v_proc_ss_0_3/bd_1/synth/bd_71bb.v:3026]
WARNING: [Synth 8-7071] port 'M05_SC_AR_req' of module 'switchboards_imp_14LU7UQ' is unconnected for instance 'switchboards' [c:/Users/jaxie963/Temp/cpre488-mp2/project_1/project_1.srcs/sources_1/bd/design_1/ip/design_1_v_proc_ss_0_3/bd_1/synth/bd_71bb.v:3026]
WARNING: [Synth 8-7071] port 'M05_SC_AR_send' of module 'switchboards_imp_14LU7UQ' is unconnected for instance 'switchboards' [c:/Users/jaxie963/Temp/cpre488-mp2/project_1/project_1.srcs/sources_1/bd/design_1/ip/design_1_v_proc_ss_0_3/bd_1/synth/bd_71bb.v:3026]
WARNING: [Synth 8-7071] port 'M05_SC_AW_info' of module 'switchboards_imp_14LU7UQ' is unconnected for instance 'switchboards' [c:/Users/jaxie963/Temp/cpre488-mp2/project_1/project_1.srcs/sources_1/bd/design_1/ip/design_1_v_proc_ss_0_3/bd_1/synth/bd_71bb.v:3026]
WARNING: [Synth 8-7071] port 'M05_SC_AW_payld' of module 'switchboards_imp_14LU7UQ' is unconnected for instance 'switchboards' [c:/Users/jaxie963/Temp/cpre488-mp2/project_1/project_1.srcs/sources_1/bd/design_1/ip/design_1_v_proc_ss_0_3/bd_1/synth/bd_71bb.v:3026]
WARNING: [Synth 8-7071] port 'M05_SC_AW_req' of module 'switchboards_imp_14LU7UQ' is unconnected for instance 'switchboards' [c:/Users/jaxie963/Temp/cpre488-mp2/project_1/project_1.srcs/sources_1/bd/design_1/ip/design_1_v_proc_ss_0_3/bd_1/synth/bd_71bb.v:3026]
WARNING: [Synth 8-7071] port 'M05_SC_AW_send' of module 'switchboards_imp_14LU7UQ' is unconnected for instance 'switchboards' [c:/Users/jaxie963/Temp/cpre488-mp2/project_1/project_1.srcs/sources_1/bd/design_1/ip/design_1_v_proc_ss_0_3/bd_1/synth/bd_71bb.v:3026]
WARNING: [Synth 8-7071] port 'M05_SC_W_info' of module 'switchboards_imp_14LU7UQ' is unconnected for instance 'switchboards' [c:/Users/jaxie963/Temp/cpre488-mp2/project_1/project_1.srcs/sources_1/bd/design_1/ip/design_1_v_proc_ss_0_3/bd_1/synth/bd_71bb.v:3026]
WARNING: [Synth 8-7071] port 'M05_SC_W_payld' of module 'switchboards_imp_14LU7UQ' is unconnected for instance 'switchboards' [c:/Users/jaxie963/Temp/cpre488-mp2/project_1/project_1.srcs/sources_1/bd/design_1/ip/design_1_v_proc_ss_0_3/bd_1/synth/bd_71bb.v:3026]
WARNING: [Synth 8-7071] port 'M05_SC_W_req' of module 'switchboards_imp_14LU7UQ' is unconnected for instance 'switchboards' [c:/Users/jaxie963/Temp/cpre488-mp2/project_1/project_1.srcs/sources_1/bd/design_1/ip/design_1_v_proc_ss_0_3/bd_1/synth/bd_71bb.v:3026]
WARNING: [Synth 8-7071] port 'M05_SC_W_send' of module 'switchboards_imp_14LU7UQ' is unconnected for instance 'switchboards' [c:/Users/jaxie963/Temp/cpre488-mp2/project_1/project_1.srcs/sources_1/bd/design_1/ip/design_1_v_proc_ss_0_3/bd_1/synth/bd_71bb.v:3026]
WARNING: [Synth 8-7071] port 'M06_SC_AR_info' of module 'switchboards_imp_14LU7UQ' is unconnected for instance 'switchboards' [c:/Users/jaxie963/Temp/cpre488-mp2/project_1/project_1.srcs/sources_1/bd/design_1/ip/design_1_v_proc_ss_0_3/bd_1/synth/bd_71bb.v:3026]
WARNING: [Synth 8-7071] port 'M06_SC_AR_payld' of module 'switchboards_imp_14LU7UQ' is unconnected for instance 'switchboards' [c:/Users/jaxie963/Temp/cpre488-mp2/project_1/project_1.srcs/sources_1/bd/design_1/ip/design_1_v_proc_ss_0_3/bd_1/synth/bd_71bb.v:3026]
WARNING: [Synth 8-7071] port 'M06_SC_AR_req' of module 'switchboards_imp_14LU7UQ' is unconnected for instance 'switchboards' [c:/Users/jaxie963/Temp/cpre488-mp2/project_1/project_1.srcs/sources_1/bd/design_1/ip/design_1_v_proc_ss_0_3/bd_1/synth/bd_71bb.v:3026]
WARNING: [Synth 8-7071] port 'M06_SC_AR_send' of module 'switchboards_imp_14LU7UQ' is unconnected for instance 'switchboards' [c:/Users/jaxie963/Temp/cpre488-mp2/project_1/project_1.srcs/sources_1/bd/design_1/ip/design_1_v_proc_ss_0_3/bd_1/synth/bd_71bb.v:3026]
WARNING: [Synth 8-7071] port 'M06_SC_AW_info' of module 'switchboards_imp_14LU7UQ' is unconnected for instance 'switchboards' [c:/Users/jaxie963/Temp/cpre488-mp2/project_1/project_1.srcs/sources_1/bd/design_1/ip/design_1_v_proc_ss_0_3/bd_1/synth/bd_71bb.v:3026]
WARNING: [Synth 8-7071] port 'M06_SC_AW_payld' of module 'switchboards_imp_14LU7UQ' is unconnected for instance 'switchboards' [c:/Users/jaxie963/Temp/cpre488-mp2/project_1/project_1.srcs/sources_1/bd/design_1/ip/design_1_v_proc_ss_0_3/bd_1/synth/bd_71bb.v:3026]
WARNING: [Synth 8-7071] port 'M06_SC_AW_req' of module 'switchboards_imp_14LU7UQ' is unconnected for instance 'switchboards' [c:/Users/jaxie963/Temp/cpre488-mp2/project_1/project_1.srcs/sources_1/bd/design_1/ip/design_1_v_proc_ss_0_3/bd_1/synth/bd_71bb.v:3026]
WARNING: [Synth 8-7071] port 'M06_SC_AW_send' of module 'switchboards_imp_14LU7UQ' is unconnected for instance 'switchboards' [c:/Users/jaxie963/Temp/cpre488-mp2/project_1/project_1.srcs/sources_1/bd/design_1/ip/design_1_v_proc_ss_0_3/bd_1/synth/bd_71bb.v:3026]
WARNING: [Synth 8-7071] port 'M06_SC_W_info' of module 'switchboards_imp_14LU7UQ' is unconnected for instance 'switchboards' [c:/Users/jaxie963/Temp/cpre488-mp2/project_1/project_1.srcs/sources_1/bd/design_1/ip/design_1_v_proc_ss_0_3/bd_1/synth/bd_71bb.v:3026]
WARNING: [Synth 8-7071] port 'M06_SC_W_payld' of module 'switchboards_imp_14LU7UQ' is unconnected for instance 'switchboards' [c:/Users/jaxie963/Temp/cpre488-mp2/project_1/project_1.srcs/sources_1/bd/design_1/ip/design_1_v_proc_ss_0_3/bd_1/synth/bd_71bb.v:3026]
WARNING: [Synth 8-7071] port 'M06_SC_W_req' of module 'switchboards_imp_14LU7UQ' is unconnected for instance 'switchboards' [c:/Users/jaxie963/Temp/cpre488-mp2/project_1/project_1.srcs/sources_1/bd/design_1/ip/design_1_v_proc_ss_0_3/bd_1/synth/bd_71bb.v:3026]
WARNING: [Synth 8-7071] port 'M06_SC_W_send' of module 'switchboards_imp_14LU7UQ' is unconnected for instance 'switchboards' [c:/Users/jaxie963/Temp/cpre488-mp2/project_1/project_1.srcs/sources_1/bd/design_1/ip/design_1_v_proc_ss_0_3/bd_1/synth/bd_71bb.v:3026]
WARNING: [Synth 8-7071] port 'M07_SC_AR_info' of module 'switchboards_imp_14LU7UQ' is unconnected for instance 'switchboards' [c:/Users/jaxie963/Temp/cpre488-mp2/project_1/project_1.srcs/sources_1/bd/design_1/ip/design_1_v_proc_ss_0_3/bd_1/synth/bd_71bb.v:3026]
WARNING: [Synth 8-7071] port 'M07_SC_AR_payld' of module 'switchboards_imp_14LU7UQ' is unconnected for instance 'switchboards' [c:/Users/jaxie963/Temp/cpre488-mp2/project_1/project_1.srcs/sources_1/bd/design_1/ip/design_1_v_proc_ss_0_3/bd_1/synth/bd_71bb.v:3026]
WARNING: [Synth 8-7071] port 'M07_SC_AR_req' of module 'switchboards_imp_14LU7UQ' is unconnected for instance 'switchboards' [c:/Users/jaxie963/Temp/cpre488-mp2/project_1/project_1.srcs/sources_1/bd/design_1/ip/design_1_v_proc_ss_0_3/bd_1/synth/bd_71bb.v:3026]
WARNING: [Synth 8-7071] port 'M07_SC_AR_send' of module 'switchboards_imp_14LU7UQ' is unconnected for instance 'switchboards' [c:/Users/jaxie963/Temp/cpre488-mp2/project_1/project_1.srcs/sources_1/bd/design_1/ip/design_1_v_proc_ss_0_3/bd_1/synth/bd_71bb.v:3026]
WARNING: [Synth 8-7071] port 'M07_SC_AW_info' of module 'switchboards_imp_14LU7UQ' is unconnected for instance 'switchboards' [c:/Users/jaxie963/Temp/cpre488-mp2/project_1/project_1.srcs/sources_1/bd/design_1/ip/design_1_v_proc_ss_0_3/bd_1/synth/bd_71bb.v:3026]
WARNING: [Synth 8-7071] port 'M07_SC_AW_payld' of module 'switchboards_imp_14LU7UQ' is unconnected for instance 'switchboards' [c:/Users/jaxie963/Temp/cpre488-mp2/project_1/project_1.srcs/sources_1/bd/design_1/ip/design_1_v_proc_ss_0_3/bd_1/synth/bd_71bb.v:3026]
WARNING: [Synth 8-7071] port 'M07_SC_AW_req' of module 'switchboards_imp_14LU7UQ' is unconnected for instance 'switchboards' [c:/Users/jaxie963/Temp/cpre488-mp2/project_1/project_1.srcs/sources_1/bd/design_1/ip/design_1_v_proc_ss_0_3/bd_1/synth/bd_71bb.v:3026]
WARNING: [Synth 8-7071] port 'M07_SC_AW_send' of module 'switchboards_imp_14LU7UQ' is unconnected for instance 'switchboards' [c:/Users/jaxie963/Temp/cpre488-mp2/project_1/project_1.srcs/sources_1/bd/design_1/ip/design_1_v_proc_ss_0_3/bd_1/synth/bd_71bb.v:3026]
WARNING: [Synth 8-7071] port 'M07_SC_W_info' of module 'switchboards_imp_14LU7UQ' is unconnected for instance 'switchboards' [c:/Users/jaxie963/Temp/cpre488-mp2/project_1/project_1.srcs/sources_1/bd/design_1/ip/design_1_v_proc_ss_0_3/bd_1/synth/bd_71bb.v:3026]
WARNING: [Synth 8-7071] port 'M07_SC_W_payld' of module 'switchboards_imp_14LU7UQ' is unconnected for instance 'switchboards' [c:/Users/jaxie963/Temp/cpre488-mp2/project_1/project_1.srcs/sources_1/bd/design_1/ip/design_1_v_proc_ss_0_3/bd_1/synth/bd_71bb.v:3026]
WARNING: [Synth 8-7071] port 'M07_SC_W_req' of module 'switchboards_imp_14LU7UQ' is unconnected for instance 'switchboards' [c:/Users/jaxie963/Temp/cpre488-mp2/project_1/project_1.srcs/sources_1/bd/design_1/ip/design_1_v_proc_ss_0_3/bd_1/synth/bd_71bb.v:3026]
WARNING: [Synth 8-7071] port 'M07_SC_W_send' of module 'switchboards_imp_14LU7UQ' is unconnected for instance 'switchboards' [c:/Users/jaxie963/Temp/cpre488-mp2/project_1/project_1.srcs/sources_1/bd/design_1/ip/design_1_v_proc_ss_0_3/bd_1/synth/bd_71bb.v:3026]
WARNING: [Synth 8-7071] port 'M09_SC_AR_info' of module 'switchboards_imp_14LU7UQ' is unconnected for instance 'switchboards' [c:/Users/jaxie963/Temp/cpre488-mp2/project_1/project_1.srcs/sources_1/bd/design_1/ip/design_1_v_proc_ss_0_3/bd_1/synth/bd_71bb.v:3026]
WARNING: [Synth 8-7071] port 'M09_SC_AR_payld' of module 'switchboards_imp_14LU7UQ' is unconnected for instance 'switchboards' [c:/Users/jaxie963/Temp/cpre488-mp2/project_1/project_1.srcs/sources_1/bd/design_1/ip/design_1_v_proc_ss_0_3/bd_1/synth/bd_71bb.v:3026]
WARNING: [Synth 8-7071] port 'M09_SC_AR_req' of module 'switchboards_imp_14LU7UQ' is unconnected for instance 'switchboards' [c:/Users/jaxie963/Temp/cpre488-mp2/project_1/project_1.srcs/sources_1/bd/design_1/ip/design_1_v_proc_ss_0_3/bd_1/synth/bd_71bb.v:3026]
WARNING: [Synth 8-7071] port 'M09_SC_AR_send' of module 'switchboards_imp_14LU7UQ' is unconnected for instance 'switchboards' [c:/Users/jaxie963/Temp/cpre488-mp2/project_1/project_1.srcs/sources_1/bd/design_1/ip/design_1_v_proc_ss_0_3/bd_1/synth/bd_71bb.v:3026]
WARNING: [Synth 8-7071] port 'M09_SC_AW_info' of module 'switchboards_imp_14LU7UQ' is unconnected for instance 'switchboards' [c:/Users/jaxie963/Temp/cpre488-mp2/project_1/project_1.srcs/sources_1/bd/design_1/ip/design_1_v_proc_ss_0_3/bd_1/synth/bd_71bb.v:3026]
WARNING: [Synth 8-7071] port 'M09_SC_AW_payld' of module 'switchboards_imp_14LU7UQ' is unconnected for instance 'switchboards' [c:/Users/jaxie963/Temp/cpre488-mp2/project_1/project_1.srcs/sources_1/bd/design_1/ip/design_1_v_proc_ss_0_3/bd_1/synth/bd_71bb.v:3026]
WARNING: [Synth 8-7071] port 'M09_SC_AW_req' of module 'switchboards_imp_14LU7UQ' is unconnected for instance 'switchboards' [c:/Users/jaxie963/Temp/cpre488-mp2/project_1/project_1.srcs/sources_1/bd/design_1/ip/design_1_v_proc_ss_0_3/bd_1/synth/bd_71bb.v:3026]
WARNING: [Synth 8-7071] port 'M09_SC_AW_send' of module 'switchboards_imp_14LU7UQ' is unconnected for instance 'switchboards' [c:/Users/jaxie963/Temp/cpre488-mp2/project_1/project_1.srcs/sources_1/bd/design_1/ip/design_1_v_proc_ss_0_3/bd_1/synth/bd_71bb.v:3026]
WARNING: [Synth 8-7071] port 'M09_SC_W_info' of module 'switchboards_imp_14LU7UQ' is unconnected for instance 'switchboards' [c:/Users/jaxie963/Temp/cpre488-mp2/project_1/project_1.srcs/sources_1/bd/design_1/ip/design_1_v_proc_ss_0_3/bd_1/synth/bd_71bb.v:3026]
WARNING: [Synth 8-7071] port 'M09_SC_W_payld' of module 'switchboards_imp_14LU7UQ' is unconnected for instance 'switchboards' [c:/Users/jaxie963/Temp/cpre488-mp2/project_1/project_1.srcs/sources_1/bd/design_1/ip/design_1_v_proc_ss_0_3/bd_1/synth/bd_71bb.v:3026]
WARNING: [Synth 8-7071] port 'M09_SC_W_req' of module 'switchboards_imp_14LU7UQ' is unconnected for instance 'switchboards' [c:/Users/jaxie963/Temp/cpre488-mp2/project_1/project_1.srcs/sources_1/bd/design_1/ip/design_1_v_proc_ss_0_3/bd_1/synth/bd_71bb.v:3026]
WARNING: [Synth 8-7071] port 'M09_SC_W_send' of module 'switchboards_imp_14LU7UQ' is unconnected for instance 'switchboards' [c:/Users/jaxie963/Temp/cpre488-mp2/project_1/project_1.srcs/sources_1/bd/design_1/ip/design_1_v_proc_ss_0_3/bd_1/synth/bd_71bb.v:3026]
WARNING: [Synth 8-7071] port 'M10_SC_AR_info' of module 'switchboards_imp_14LU7UQ' is unconnected for instance 'switchboards' [c:/Users/jaxie963/Temp/cpre488-mp2/project_1/project_1.srcs/sources_1/bd/design_1/ip/design_1_v_proc_ss_0_3/bd_1/synth/bd_71bb.v:3026]
WARNING: [Synth 8-7071] port 'M10_SC_AR_payld' of module 'switchboards_imp_14LU7UQ' is unconnected for instance 'switchboards' [c:/Users/jaxie963/Temp/cpre488-mp2/project_1/project_1.srcs/sources_1/bd/design_1/ip/design_1_v_proc_ss_0_3/bd_1/synth/bd_71bb.v:3026]
WARNING: [Synth 8-7071] port 'M10_SC_AR_req' of module 'switchboards_imp_14LU7UQ' is unconnected for instance 'switchboards' [c:/Users/jaxie963/Temp/cpre488-mp2/project_1/project_1.srcs/sources_1/bd/design_1/ip/design_1_v_proc_ss_0_3/bd_1/synth/bd_71bb.v:3026]
WARNING: [Synth 8-7071] port 'M10_SC_AR_send' of module 'switchboards_imp_14LU7UQ' is unconnected for instance 'switchboards' [c:/Users/jaxie963/Temp/cpre488-mp2/project_1/project_1.srcs/sources_1/bd/design_1/ip/design_1_v_proc_ss_0_3/bd_1/synth/bd_71bb.v:3026]
WARNING: [Synth 8-7071] port 'M10_SC_AW_info' of module 'switchboards_imp_14LU7UQ' is unconnected for instance 'switchboards' [c:/Users/jaxie963/Temp/cpre488-mp2/project_1/project_1.srcs/sources_1/bd/design_1/ip/design_1_v_proc_ss_0_3/bd_1/synth/bd_71bb.v:3026]
WARNING: [Synth 8-7071] port 'M10_SC_AW_payld' of module 'switchboards_imp_14LU7UQ' is unconnected for instance 'switchboards' [c:/Users/jaxie963/Temp/cpre488-mp2/project_1/project_1.srcs/sources_1/bd/design_1/ip/design_1_v_proc_ss_0_3/bd_1/synth/bd_71bb.v:3026]
WARNING: [Synth 8-7071] port 'M10_SC_AW_req' of module 'switchboards_imp_14LU7UQ' is unconnected for instance 'switchboards' [c:/Users/jaxie963/Temp/cpre488-mp2/project_1/project_1.srcs/sources_1/bd/design_1/ip/design_1_v_proc_ss_0_3/bd_1/synth/bd_71bb.v:3026]
WARNING: [Synth 8-7071] port 'M10_SC_AW_send' of module 'switchboards_imp_14LU7UQ' is unconnected for instance 'switchboards' [c:/Users/jaxie963/Temp/cpre488-mp2/project_1/project_1.srcs/sources_1/bd/design_1/ip/design_1_v_proc_ss_0_3/bd_1/synth/bd_71bb.v:3026]
WARNING: [Synth 8-7071] port 'M10_SC_W_info' of module 'switchboards_imp_14LU7UQ' is unconnected for instance 'switchboards' [c:/Users/jaxie963/Temp/cpre488-mp2/project_1/project_1.srcs/sources_1/bd/design_1/ip/design_1_v_proc_ss_0_3/bd_1/synth/bd_71bb.v:3026]
WARNING: [Synth 8-7071] port 'M10_SC_W_payld' of module 'switchboards_imp_14LU7UQ' is unconnected for instance 'switchboards' [c:/Users/jaxie963/Temp/cpre488-mp2/project_1/project_1.srcs/sources_1/bd/design_1/ip/design_1_v_proc_ss_0_3/bd_1/synth/bd_71bb.v:3026]
WARNING: [Synth 8-7071] port 'M10_SC_W_req' of module 'switchboards_imp_14LU7UQ' is unconnected for instance 'switchboards' [c:/Users/jaxie963/Temp/cpre488-mp2/project_1/project_1.srcs/sources_1/bd/design_1/ip/design_1_v_proc_ss_0_3/bd_1/synth/bd_71bb.v:3026]
WARNING: [Synth 8-7071] port 'M10_SC_W_send' of module 'switchboards_imp_14LU7UQ' is unconnected for instance 'switchboards' [c:/Users/jaxie963/Temp/cpre488-mp2/project_1/project_1.srcs/sources_1/bd/design_1/ip/design_1_v_proc_ss_0_3/bd_1/synth/bd_71bb.v:3026]
WARNING: [Synth 8-7071] port 'M11_SC_AR_info' of module 'switchboards_imp_14LU7UQ' is unconnected for instance 'switchboards' [c:/Users/jaxie963/Temp/cpre488-mp2/project_1/project_1.srcs/sources_1/bd/design_1/ip/design_1_v_proc_ss_0_3/bd_1/synth/bd_71bb.v:3026]
WARNING: [Synth 8-7071] port 'M11_SC_AR_payld' of module 'switchboards_imp_14LU7UQ' is unconnected for instance 'switchboards' [c:/Users/jaxie963/Temp/cpre488-mp2/project_1/project_1.srcs/sources_1/bd/design_1/ip/design_1_v_proc_ss_0_3/bd_1/synth/bd_71bb.v:3026]
WARNING: [Synth 8-7071] port 'M11_SC_AR_req' of module 'switchboards_imp_14LU7UQ' is unconnected for instance 'switchboards' [c:/Users/jaxie963/Temp/cpre488-mp2/project_1/project_1.srcs/sources_1/bd/design_1/ip/design_1_v_proc_ss_0_3/bd_1/synth/bd_71bb.v:3026]
WARNING: [Synth 8-7071] port 'M11_SC_AR_send' of module 'switchboards_imp_14LU7UQ' is unconnected for instance 'switchboards' [c:/Users/jaxie963/Temp/cpre488-mp2/project_1/project_1.srcs/sources_1/bd/design_1/ip/design_1_v_proc_ss_0_3/bd_1/synth/bd_71bb.v:3026]
WARNING: [Synth 8-7071] port 'M11_SC_AW_info' of module 'switchboards_imp_14LU7UQ' is unconnected for instance 'switchboards' [c:/Users/jaxie963/Temp/cpre488-mp2/project_1/project_1.srcs/sources_1/bd/design_1/ip/design_1_v_proc_ss_0_3/bd_1/synth/bd_71bb.v:3026]
WARNING: [Synth 8-7071] port 'M11_SC_AW_payld' of module 'switchboards_imp_14LU7UQ' is unconnected for instance 'switchboards' [c:/Users/jaxie963/Temp/cpre488-mp2/project_1/project_1.srcs/sources_1/bd/design_1/ip/design_1_v_proc_ss_0_3/bd_1/synth/bd_71bb.v:3026]
WARNING: [Synth 8-7071] port 'M11_SC_AW_req' of module 'switchboards_imp_14LU7UQ' is unconnected for instance 'switchboards' [c:/Users/jaxie963/Temp/cpre488-mp2/project_1/project_1.srcs/sources_1/bd/design_1/ip/design_1_v_proc_ss_0_3/bd_1/synth/bd_71bb.v:3026]
WARNING: [Synth 8-7071] port 'M11_SC_AW_send' of module 'switchboards_imp_14LU7UQ' is unconnected for instance 'switchboards' [c:/Users/jaxie963/Temp/cpre488-mp2/project_1/project_1.srcs/sources_1/bd/design_1/ip/design_1_v_proc_ss_0_3/bd_1/synth/bd_71bb.v:3026]
WARNING: [Synth 8-7071] port 'M11_SC_W_info' of module 'switchboards_imp_14LU7UQ' is unconnected for instance 'switchboards' [c:/Users/jaxie963/Temp/cpre488-mp2/project_1/project_1.srcs/sources_1/bd/design_1/ip/design_1_v_proc_ss_0_3/bd_1/synth/bd_71bb.v:3026]
WARNING: [Synth 8-7071] port 'M11_SC_W_payld' of module 'switchboards_imp_14LU7UQ' is unconnected for instance 'switchboards' [c:/Users/jaxie963/Temp/cpre488-mp2/project_1/project_1.srcs/sources_1/bd/design_1/ip/design_1_v_proc_ss_0_3/bd_1/synth/bd_71bb.v:3026]
WARNING: [Synth 8-7071] port 'M11_SC_W_req' of module 'switchboards_imp_14LU7UQ' is unconnected for instance 'switchboards' [c:/Users/jaxie963/Temp/cpre488-mp2/project_1/project_1.srcs/sources_1/bd/design_1/ip/design_1_v_proc_ss_0_3/bd_1/synth/bd_71bb.v:3026]
WARNING: [Synth 8-7071] port 'M11_SC_W_send' of module 'switchboards_imp_14LU7UQ' is unconnected for instance 'switchboards' [c:/Users/jaxie963/Temp/cpre488-mp2/project_1/project_1.srcs/sources_1/bd/design_1/ip/design_1_v_proc_ss_0_3/bd_1/synth/bd_71bb.v:3026]
WARNING: [Synth 8-7071] port 'S05_SC_B_recv' of module 'switchboards_imp_14LU7UQ' is unconnected for instance 'switchboards' [c:/Users/jaxie963/Temp/cpre488-mp2/project_1/project_1.srcs/sources_1/bd/design_1/ip/design_1_v_proc_ss_0_3/bd_1/synth/bd_71bb.v:3026]
WARNING: [Synth 8-7071] port 'S05_SC_R_recv' of module 'switchboards_imp_14LU7UQ' is unconnected for instance 'switchboards' [c:/Users/jaxie963/Temp/cpre488-mp2/project_1/project_1.srcs/sources_1/bd/design_1/ip/design_1_v_proc_ss_0_3/bd_1/synth/bd_71bb.v:3026]
WARNING: [Synth 8-7071] port 'S06_SC_B_recv' of module 'switchboards_imp_14LU7UQ' is unconnected for instance 'switchboards' [c:/Users/jaxie963/Temp/cpre488-mp2/project_1/project_1.srcs/sources_1/bd/design_1/ip/design_1_v_proc_ss_0_3/bd_1/synth/bd_71bb.v:3026]
WARNING: [Synth 8-7071] port 'S06_SC_R_recv' of module 'switchboards_imp_14LU7UQ' is unconnected for instance 'switchboards' [c:/Users/jaxie963/Temp/cpre488-mp2/project_1/project_1.srcs/sources_1/bd/design_1/ip/design_1_v_proc_ss_0_3/bd_1/synth/bd_71bb.v:3026]
WARNING: [Synth 8-7071] port 'S07_SC_B_recv' of module 'switchboards_imp_14LU7UQ' is unconnected for instance 'switchboards' [c:/Users/jaxie963/Temp/cpre488-mp2/project_1/project_1.srcs/sources_1/bd/design_1/ip/design_1_v_proc_ss_0_3/bd_1/synth/bd_71bb.v:3026]
WARNING: [Synth 8-7071] port 'S07_SC_R_recv' of module 'switchboards_imp_14LU7UQ' is unconnected for instance 'switchboards' [c:/Users/jaxie963/Temp/cpre488-mp2/project_1/project_1.srcs/sources_1/bd/design_1/ip/design_1_v_proc_ss_0_3/bd_1/synth/bd_71bb.v:3026]
WARNING: [Synth 8-7071] port 'S09_SC_B_recv' of module 'switchboards_imp_14LU7UQ' is unconnected for instance 'switchboards' [c:/Users/jaxie963/Temp/cpre488-mp2/project_1/project_1.srcs/sources_1/bd/design_1/ip/design_1_v_proc_ss_0_3/bd_1/synth/bd_71bb.v:3026]
WARNING: [Synth 8-7071] port 'S09_SC_R_recv' of module 'switchboards_imp_14LU7UQ' is unconnected for instance 'switchboards' [c:/Users/jaxie963/Temp/cpre488-mp2/project_1/project_1.srcs/sources_1/bd/design_1/ip/design_1_v_proc_ss_0_3/bd_1/synth/bd_71bb.v:3026]
WARNING: [Synth 8-7071] port 'S10_SC_B_recv' of module 'switchboards_imp_14LU7UQ' is unconnected for instance 'switchboards' [c:/Users/jaxie963/Temp/cpre488-mp2/project_1/project_1.srcs/sources_1/bd/design_1/ip/design_1_v_proc_ss_0_3/bd_1/synth/bd_71bb.v:3026]
WARNING: [Synth 8-7071] port 'S10_SC_R_recv' of module 'switchboards_imp_14LU7UQ' is unconnected for instance 'switchboards' [c:/Users/jaxie963/Temp/cpre488-mp2/project_1/project_1.srcs/sources_1/bd/design_1/ip/design_1_v_proc_ss_0_3/bd_1/synth/bd_71bb.v:3026]
INFO: [Common 17-14] Message 'Synth 8-7071' appears 100 times and further instances of the messages will be disabled. Use the Tcl command set_msg_config to change the current settings.
WARNING: [Synth 8-7023] instance 'switchboards' of module 'switchboards_imp_14LU7UQ' has 329 connections declared, but only 245 given [c:/Users/jaxie963/Temp/cpre488-mp2/project_1/project_1.srcs/sources_1/bd/design_1/ip/design_1_v_proc_ss_0_3/bd_1/synth/bd_71bb.v:3026]
INFO: [Synth 8-6155] done synthesizing module 'bd_71bb' (126#1) [c:/Users/jaxie963/Temp/cpre488-mp2/project_1/project_1.srcs/sources_1/bd/design_1/ip/design_1_v_proc_ss_0_3/bd_1/synth/bd_71bb.v:10]
INFO: [Synth 8-6155] done synthesizing module 'bd_d86b_smartconnect_0_0' (127#1) [c:/Users/jaxie963/Temp/cpre488-mp2/project_1/project_1.srcs/sources_1/bd/design_1/ip/design_1_v_proc_ss_0_3/bd_0/ip/ip_0/synth/bd_d86b_smartconnect_0_0.v:57]
---------------------------------------------------------------------------------
Finished RTL Elaboration : Time (s): cpu = 00:00:06 ; elapsed = 00:00:11 . Memory (MB): peak = 1128.348 ; gain = 134.074
---------------------------------------------------------------------------------
---------------------------------------------------------------------------------
Start Handling Custom Attributes
---------------------------------------------------------------------------------
---------------------------------------------------------------------------------
Finished Handling Custom Attributes : Time (s): cpu = 00:00:07 ; elapsed = 00:00:13 . Memory (MB): peak = 1132.836 ; gain = 138.562
---------------------------------------------------------------------------------
---------------------------------------------------------------------------------
Finished RTL Optimization Phase 1 : Time (s): cpu = 00:00:07 ; elapsed = 00:00:13 . Memory (MB): peak = 1132.836 ; gain = 138.562
---------------------------------------------------------------------------------
Netlist sorting complete. Time (s): cpu = 00:00:00 ; elapsed = 00:00:04 . Memory (MB): peak = 1351.934 ; gain = 15.188
INFO: [Netlist 29-17] Analyzing 13 Unisim elements for replacement
INFO: [Netlist 29-28] Unisim Transformation completed in 0 CPU seconds
INFO: [Project 1-570] Preparing netlist for logic optimization

Processing XDC Constraints
Initializing timing engine
Parsing XDC File [c:/Users/jaxie963/Temp/cpre488-mp2/project_1/project_1.srcs/sources_1/bd/design_1/ip/design_1_v_proc_ss_0_3/bd_0/ip/ip_0/ooc.xdc] for cell 'inst'
Finished Parsing XDC File [c:/Users/jaxie963/Temp/cpre488-mp2/project_1/project_1.srcs/sources_1/bd/design_1/ip/design_1_v_proc_ss_0_3/bd_0/ip/ip_0/ooc.xdc] for cell 'inst'
Parsing XDC File [c:/Users/jaxie963/Temp/cpre488-mp2/project_1/project_1.srcs/sources_1/bd/design_1/ip/design_1_v_proc_ss_0_3/bd_1/ip/ip_1/bd_71bb_psr_aclk_0_board.xdc] for cell 'inst/clk_map/psr_aclk/U0'
Finished Parsing XDC File [c:/Users/jaxie963/Temp/cpre488-mp2/project_1/project_1.srcs/sources_1/bd/design_1/ip/design_1_v_proc_ss_0_3/bd_1/ip/ip_1/bd_71bb_psr_aclk_0_board.xdc] for cell 'inst/clk_map/psr_aclk/U0'
Parsing XDC File [c:/Users/jaxie963/Temp/cpre488-mp2/project_1/project_1.srcs/sources_1/bd/design_1/ip/design_1_v_proc_ss_0_3/bd_1/ip/ip_1/bd_71bb_psr_aclk_0.xdc] for cell 'inst/clk_map/psr_aclk/U0'
Finished Parsing XDC File [c:/Users/jaxie963/Temp/cpre488-mp2/project_1/project_1.srcs/sources_1/bd/design_1/ip/design_1_v_proc_ss_0_3/bd_1/ip/ip_1/bd_71bb_psr_aclk_0.xdc] for cell 'inst/clk_map/psr_aclk/U0'
Parsing XDC File [C:/Users/jaxie963/Temp/cpre488-mp2/project_1/project_1.runs/bd_d86b_smartconnect_0_0_synth_1/dont_touch.xdc]
Finished Parsing XDC File [C:/Users/jaxie963/Temp/cpre488-mp2/project_1/project_1.runs/bd_d86b_smartconnect_0_0_synth_1/dont_touch.xdc]
Completed Processing XDC Constraints

Netlist sorting complete. Time (s): cpu = 00:00:00 ; elapsed = 00:00:00.011 . Memory (MB): peak = 1742.684 ; gain = 0.000
INFO: [Project 1-111] Unisim Transformation Summary:
  A total of 13 instances were transformed.
  FDR => FDRE: 12 instances
  SRL16 => SRL16E: 1 instance 

Constraint Validation Runtime : Time (s): cpu = 00:00:00 ; elapsed = 00:00:00.409 . Memory (MB): peak = 1754.934 ; gain = 12.250
---------------------------------------------------------------------------------
Finished Constraint Validation : Time (s): cpu = 00:00:20 ; elapsed = 00:00:42 . Memory (MB): peak = 1754.934 ; gain = 760.660
---------------------------------------------------------------------------------
---------------------------------------------------------------------------------
Start Loading Part and Timing Information
---------------------------------------------------------------------------------
Loading part: xc7z020clg484-1
---------------------------------------------------------------------------------
Finished Loading Part and Timing Information : Time (s): cpu = 00:00:20 ; elapsed = 00:00:42 . Memory (MB): peak = 1754.934 ; gain = 760.660
---------------------------------------------------------------------------------
---------------------------------------------------------------------------------
Start Applying 'set_property' XDC Constraints
---------------------------------------------------------------------------------
Applied set_property DONT_TOUCH = true for inst. (constraint file  C:/Users/jaxie963/Temp/cpre488-mp2/project_1/project_1.runs/bd_d86b_smartconnect_0_0_synth_1/dont_touch.xdc, line 333).
---------------------------------------------------------------------------------
Finished applying 'set_property' XDC Constraints : Time (s): cpu = 00:00:20 ; elapsed = 00:00:42 . Memory (MB): peak = 1754.934 ; gain = 760.660
---------------------------------------------------------------------------------
---------------------------------------------------------------------------------
Finished RTL Optimization Phase 2 : Time (s): cpu = 00:00:24 ; elapsed = 00:00:48 . Memory (MB): peak = 1754.934 ; gain = 760.660
---------------------------------------------------------------------------------
---------------------------------------------------------------------------------
Start RTL Component Statistics 
---------------------------------------------------------------------------------
Detailed RTL Component Info : 
+---Adders : 
	   2 Input    7 Bit       Adders := 2     
	   2 Input    6 Bit       Adders := 1     
	   2 Input    4 Bit       Adders := 40    
	   2 Input    2 Bit       Adders := 24    
	   3 Input    1 Bit       Adders := 16    
	   2 Input    1 Bit       Adders := 5     
+---XORs : 
	   2 Input      1 Bit         XORs := 71    
+---Registers : 
	             2178 Bit    Registers := 2     
	              167 Bit    Registers := 2     
	               94 Bit    Registers := 1     
	               74 Bit    Registers := 1     
	               47 Bit    Registers := 6     
	               33 Bit    Registers := 6     
	               28 Bit    Registers := 1     
	               14 Bit    Registers := 1     
	               12 Bit    Registers := 4     
	                7 Bit    Registers := 2     
	                6 Bit    Registers := 1     
	                5 Bit    Registers := 3     
	                4 Bit    Registers := 40    
	                3 Bit    Registers := 3     
	                2 Bit    Registers := 46    
	                1 Bit    Registers := 474   
+---Muxes : 
	   2 Input 2178 Bit        Muxes := 2     
	   2 Input  138 Bit        Muxes := 26    
	   2 Input   65 Bit        Muxes := 13    
	   2 Input   53 Bit        Muxes := 1     
	   2 Input   32 Bit        Muxes := 1     
	   2 Input   12 Bit        Muxes := 6     
	   2 Input    8 Bit        Muxes := 2     
	   7 Input    8 Bit        Muxes := 2     
	   2 Input    7 Bit        Muxes := 11    
	   2 Input    6 Bit        Muxes := 1     
	   2 Input    3 Bit        Muxes := 4     
	   4 Input    3 Bit        Muxes := 2     
	   2 Input    2 Bit        Muxes := 71    
	   2 Input    1 Bit        Muxes := 158   
	   5 Input    1 Bit        Muxes := 10    
	   4 Input    1 Bit        Muxes := 4     
---------------------------------------------------------------------------------
Finished RTL Component Statistics 
---------------------------------------------------------------------------------
---------------------------------------------------------------------------------
Start Part Resource Summary
---------------------------------------------------------------------------------
Part Resources:
DSPs: 220 (col length:60)
BRAMs: 280 (col length: RAMB18 60 RAMB36 30)
---------------------------------------------------------------------------------
Finished Part Resource Summary
---------------------------------------------------------------------------------
---------------------------------------------------------------------------------
Start Cross Boundary and Area Optimization
---------------------------------------------------------------------------------
---------------------------------------------------------------------------------
Finished Cross Boundary and Area Optimization : Time (s): cpu = 00:00:32 ; elapsed = 00:01:02 . Memory (MB): peak = 1754.934 ; gain = 760.660
---------------------------------------------------------------------------------
---------------------------------------------------------------------------------
Start Applying XDC Timing Constraints
---------------------------------------------------------------------------------
---------------------------------------------------------------------------------
Finished Applying XDC Timing Constraints : Time (s): cpu = 00:00:36 ; elapsed = 00:01:07 . Memory (MB): peak = 1754.934 ; gain = 760.660
---------------------------------------------------------------------------------
---------------------------------------------------------------------------------
Start Timing Optimization
---------------------------------------------------------------------------------
---------------------------------------------------------------------------------
Finished Timing Optimization : Time (s): cpu = 00:00:36 ; elapsed = 00:01:09 . Memory (MB): peak = 1754.934 ; gain = 760.660
---------------------------------------------------------------------------------
---------------------------------------------------------------------------------
Start Technology Mapping
---------------------------------------------------------------------------------
---------------------------------------------------------------------------------
Finished Technology Mapping : Time (s): cpu = 00:00:37 ; elapsed = 00:01:10 . Memory (MB): peak = 1754.934 ; gain = 760.660
---------------------------------------------------------------------------------
---------------------------------------------------------------------------------
Start IO Insertion
---------------------------------------------------------------------------------
---------------------------------------------------------------------------------
Start Flattening Before IO Insertion
---------------------------------------------------------------------------------
---------------------------------------------------------------------------------
Finished Flattening Before IO Insertion
---------------------------------------------------------------------------------
---------------------------------------------------------------------------------
Start Final Netlist Cleanup
---------------------------------------------------------------------------------
---------------------------------------------------------------------------------
Finished Final Netlist Cleanup
---------------------------------------------------------------------------------
---------------------------------------------------------------------------------
Finished IO Insertion : Time (s): cpu = 00:00:38 ; elapsed = 00:01:12 . Memory (MB): peak = 1754.934 ; gain = 760.660
---------------------------------------------------------------------------------
---------------------------------------------------------------------------------
Start Renaming Generated Instances
---------------------------------------------------------------------------------
---------------------------------------------------------------------------------
Finished Renaming Generated Instances : Time (s): cpu = 00:00:38 ; elapsed = 00:01:12 . Memory (MB): peak = 1754.934 ; gain = 760.660
---------------------------------------------------------------------------------
---------------------------------------------------------------------------------
Start Rebuilding User Hierarchy
---------------------------------------------------------------------------------
---------------------------------------------------------------------------------
Finished Rebuilding User Hierarchy : Time (s): cpu = 00:00:38 ; elapsed = 00:01:13 . Memory (MB): peak = 1754.934 ; gain = 760.660
---------------------------------------------------------------------------------
---------------------------------------------------------------------------------
Start Renaming Generated Ports
---------------------------------------------------------------------------------
---------------------------------------------------------------------------------
Finished Renaming Generated Ports : Time (s): cpu = 00:00:38 ; elapsed = 00:01:13 . Memory (MB): peak = 1754.934 ; gain = 760.660
---------------------------------------------------------------------------------
---------------------------------------------------------------------------------
Start Handling Custom Attributes
---------------------------------------------------------------------------------
---------------------------------------------------------------------------------
Finished Handling Custom Attributes : Time (s): cpu = 00:00:38 ; elapsed = 00:01:13 . Memory (MB): peak = 1754.934 ; gain = 760.660
---------------------------------------------------------------------------------
---------------------------------------------------------------------------------
Start Renaming Generated Nets
---------------------------------------------------------------------------------
---------------------------------------------------------------------------------
Finished Renaming Generated Nets : Time (s): cpu = 00:00:38 ; elapsed = 00:01:13 . Memory (MB): peak = 1754.934 ; gain = 760.660
---------------------------------------------------------------------------------
---------------------------------------------------------------------------------
Start Writing Synthesis Report
---------------------------------------------------------------------------------

Report BlackBoxes: 
+-+--------------+----------+
| |BlackBox name |Instances |
+-+--------------+----------+
+-+--------------+----------+

Report Cell Usage: 
+------+------+------+
|      |Cell  |Count |
+------+------+------+
|1     |LUT1  |   148|
|2     |LUT2  |   126|
|3     |LUT3  |   122|
|4     |LUT4  |    63|
|5     |LUT5  |   146|
|6     |LUT6  |   188|
|7     |SRL16 |     1|
|8     |FDR   |     4|
|9     |FDRE  |   403|
|10    |FDSE  |    57|
+------+------+------+
---------------------------------------------------------------------------------
Finished Writing Synthesis Report : Time (s): cpu = 00:00:38 ; elapsed = 00:01:13 . Memory (MB): peak = 1754.934 ; gain = 760.660
---------------------------------------------------------------------------------
Synthesis finished with 0 errors, 0 critical warnings and 0 warnings.
Synthesis Optimization Runtime : Time (s): cpu = 00:00:22 ; elapsed = 00:00:49 . Memory (MB): peak = 1754.934 ; gain = 138.562
Synthesis Optimization Complete : Time (s): cpu = 00:00:38 ; elapsed = 00:01:13 . Memory (MB): peak = 1754.934 ; gain = 760.660
INFO: [Project 1-571] Translating synthesized netlist
Netlist sorting complete. Time (s): cpu = 00:00:00 ; elapsed = 00:00:00.317 . Memory (MB): peak = 1754.934 ; gain = 0.000
INFO: [Netlist 29-17] Analyzing 5 Unisim elements for replacement
INFO: [Netlist 29-28] Unisim Transformation completed in 0 CPU seconds
INFO: [Project 1-570] Preparing netlist for logic optimization
INFO: [Opt 31-138] Pushed 0 inverter(s) to 0 load pin(s).
Netlist sorting complete. Time (s): cpu = 00:00:00 ; elapsed = 00:00:00.001 . Memory (MB): peak = 1754.934 ; gain = 0.000
INFO: [Project 1-111] Unisim Transformation Summary:
  A total of 5 instances were transformed.
  FDR => FDRE: 4 instances
  SRL16 => SRL16E: 1 instance 

INFO: [Common 17-83] Releasing license: Synthesis
222 Infos, 110 Warnings, 0 Critical Warnings and 0 Errors encountered.
synth_design completed successfully
synth_design: Time (s): cpu = 00:00:41 ; elapsed = 00:01:21 . Memory (MB): peak = 1754.934 ; gain = 760.660
INFO: [Common 17-1381] The checkpoint 'C:/Users/jaxie963/Temp/cpre488-mp2/project_1/project_1.runs/bd_d86b_smartconnect_0_0_synth_1/bd_d86b_smartconnect_0_0.dcp' has been generated.
WARNING: [Common 17-576] 'use_project_ipc' is deprecated. This option is deprecated and no longer used.
INFO: [Coretcl 2-1648] Added synthesis output to IP cache for IP bd_d86b_smartconnect_0_0, cache-ID = bea09a17ea1b249e
INFO: [Coretcl 2-1174] Renamed 242 cell refs.
INFO: [Common 17-1381] The checkpoint 'C:/Users/jaxie963/Temp/cpre488-mp2/project_1/project_1.runs/bd_d86b_smartconnect_0_0_synth_1/bd_d86b_smartconnect_0_0.dcp' has been generated.
INFO: [runtcl-4] Executing : report_utilization -file bd_d86b_smartconnect_0_0_utilization_synth.rpt -pb bd_d86b_smartconnect_0_0_utilization_synth.pb
INFO: [Common 17-206] Exiting Vivado at Mon Mar 10 00:06:18 2025...
