TRACE::2025-02-28.10:18:08::SCWBifWriter::Found the complete platform C:/Users/oparker/workspace/design_1_wrapper/export/design_1_wrapper/design_1_wrapper.xpfm
TRACE::2025-02-28.10:18:08::SCWBifWriter::hardware databse : design_1_wrapper_5
TRACE::2025-02-28.10:18:08::SCWBifWriter::bitstream found in the design
TRACE::2025-02-28.10:18:08::SCWBifWriter::Found a baremetal domain, proc: ps7_cortexa9_0
TRACE::2025-02-28.10:18:08::SCWBifWriter::proc type : 
TRACE::2025-02-28.10:18:08::SCWBifWriter::proc[0] : ps7_cortexa9_0
TRACE::2025-02-28.10:18:08::SCWBifWriter::Device type is : zynq
TRACE::2025-02-28.10:18:08::SCWBifWriter::Writing BIF to file : C:/Users/oparker/workspace/MP2-TPG_system/Debug/system.bif
TRACE::2025-02-28.10:18:08::SCWBifWriter::Writing the Zynq Baremetal bif 
TRACE::2025-02-28.10:23:25::SCWBifWriter::Found the complete platform C:/Users/oparker/workspace/design_1_wrapper/export/design_1_wrapper/design_1_wrapper.xpfm
TRACE::2025-02-28.10:23:25::SCWBifWriter::hardware databse : design_1_wrapper_18
TRACE::2025-02-28.10:23:25::SCWBifWriter::bitstream found in the design
TRACE::2025-02-28.10:23:25::SCWBifWriter::Found a baremetal domain, proc: ps7_cortexa9_0
TRACE::2025-02-28.10:23:25::SCWBifWriter::proc type : 
TRACE::2025-02-28.10:23:25::SCWBifWriter::proc[0] : ps7_cortexa9_0
TRACE::2025-02-28.10:23:25::SCWBifWriter::Device type is : zynq
TRACE::2025-02-28.10:23:25::SCWBifWriter::Writing BIF to file : C:/Users/oparker/workspace/MP2-TPG_system/Debug/system.bif
TRACE::2025-02-28.10:23:25::SCWBifWriter::Writing the Zynq Baremetal bif 
TRACE::2025-02-28.10:58:16::SCWBifWriter::Found the complete platform C:/Users/oparker/workspace/design_1_wrapper/export/design_1_wrapper/design_1_wrapper.xpfm
TRACE::2025-02-28.10:58:16::SCWBifWriter::hardware databse : design_1_wrapper_18
TRACE::2025-02-28.10:58:16::SCWBifWriter::bitstream found in the design
TRACE::2025-02-28.10:58:16::SCWBifWriter::Found a baremetal domain, proc: ps7_cortexa9_0
TRACE::2025-02-28.10:58:16::SCWBifWriter::proc type : 
TRACE::2025-02-28.10:58:16::SCWBifWriter::proc[0] : ps7_cortexa9_0
TRACE::2025-02-28.10:58:16::SCWBifWriter::Device type is : zynq
TRACE::2025-02-28.10:58:16::SCWBifWriter::Writing BIF to file : C:/Users/oparker/workspace/MP2-TPG_system/Debug/system.bif
TRACE::2025-02-28.10:58:16::SCWBifWriter::Writing the Zynq Baremetal bif 
TRACE::2025-02-28.11:03:47::SCWBifWriter::Found the complete platform C:/Users/oparker/workspace/design_1_wrapper/export/design_1_wrapper/design_1_wrapper.xpfm
TRACE::2025-02-28.11:03:47::SCWBifWriter::hardware databse : design_1_wrapper_18
TRACE::2025-02-28.11:03:47::SCWBifWriter::bitstream found in the design
TRACE::2025-02-28.11:03:47::SCWBifWriter::Found a baremetal domain, proc: ps7_cortexa9_0
TRACE::2025-02-28.11:03:47::SCWBifWriter::proc type : 
TRACE::2025-02-28.11:03:47::SCWBifWriter::proc[0] : ps7_cortexa9_0
TRACE::2025-02-28.11:03:47::SCWBifWriter::Device type is : zynq
TRACE::2025-02-28.11:03:47::SCWBifWriter::Writing BIF to file : C:/Users/oparker/workspace/MP2-TPG_system/Debug/system.bif
TRACE::2025-02-28.11:03:47::SCWBifWriter::Writing the Zynq Baremetal bif 
TRACE::2025-02-28.11:09:30::SCWBifWriter::Found the complete platform C:/Users/oparker/workspace/design_1_wrapper/export/design_1_wrapper/design_1_wrapper.xpfm
TRACE::2025-02-28.11:09:30::SCWBifWriter::hardware databse : design_1_wrapper_27
TRACE::2025-02-28.11:09:30::SCWBifWriter::bitstream found in the design
TRACE::2025-02-28.11:09:30::SCWBifWriter::Found a baremetal domain, proc: ps7_cortexa9_0
TRACE::2025-02-28.11:09:30::SCWBifWriter::proc type : 
TRACE::2025-02-28.11:09:30::SCWBifWriter::proc[0] : ps7_cortexa9_0
TRACE::2025-02-28.11:09:30::SCWBifWriter::Device type is : zynq
TRACE::2025-02-28.11:09:30::SCWBifWriter::Writing BIF to file : C:/Users/oparker/workspace/MP2-TPG_system/Debug/system.bif
TRACE::2025-02-28.11:09:30::SCWBifWriter::Writing the Zynq Baremetal bif 
