
****** Vivado(TM) HLS - High-Level Synthesis from C, C++ and SystemC v2020.1 (64-bit)
  **** SW Build 2902540 on Wed May 27 19:54:49 MDT 2020
  **** IP Build 2902112 on Wed May 27 22:43:36 MDT 2020
    ** Copyright 1986-2020 Xilinx, Inc. All Rights Reserved.

source C:/Xilinx/Vivado/2020.1/scripts/vivado_hls/hls.tcl -notrace
INFO: Applying HLS Y2K22 patch v1.2 for IP revision
INFO: [HLS 200-10] Running 'C:/Xilinx/Vivado/2020.1/bin/unwrapped/win64.o/vivado_hls.exe'
INFO: [HLS 200-10] For user 'jaxie963' on host 'co2041-04' (Windows NT_amd64 version 6.2) on Sun Mar 09 22:33:31 -0500 2025
INFO: [HLS 200-10] In directory 'C:/Users/jaxie963/Temp/cpre488-mp2/project_1/project_1.runs/bd_18aa_hsc_0_synth_1'
Sourcing Tcl script 'C:/Users/jaxie963/Temp/cpre488-mp2/project_1/project_1.runs/bd_18aa_hsc_0_synth_1/runhls.tcl'
INFO: [HLS 200-10] Creating and opening project 'C:/Users/jaxie963/Temp/cpre488-mp2/project_1/project_1.runs/bd_18aa_hsc_0_synth_1/bd_18aa_hsc_0'.
INFO: [HLS 200-10] Adding design file 'c:/Users/jaxie963/Temp/cpre488-mp2/project_1/project_1.srcs/sources_1/bd/design_1/ip/design_1_v_proc_ss_0_2/bd_0/ip/ip_2/src/v_hscaler_config.h' to the project
INFO: [HLS 200-10] Adding design file 'c:/Users/jaxie963/Temp/cpre488-mp2/project_1/project_1.srcs/sources_1/bd/design_1/ip/design_1_v_proc_ss_0_2/bd_0/ip/ip_2/src/v_hscaler.cpp' to the project
INFO: [HLS 200-10] Adding design file 'c:/Users/jaxie963/Temp/cpre488-mp2/project_1/project_1.srcs/sources_1/bd/design_1/ip/design_1_v_proc_ss_0_2/bd_0/ip/ip_2/src/v_hscaler.h' to the project
INFO: [HLS 200-10] Adding design file 'c:/Users/jaxie963/Temp/cpre488-mp2/project_1/project_1.srcs/sources_1/bd/design_1/ip/design_1_v_proc_ss_0_2/bd_0/ip/ip_2/src/hls_video.h' to the project
INFO: [HLS 200-10] Adding design file 'c:/Users/jaxie963/Temp/cpre488-mp2/project_1/project_1.srcs/sources_1/bd/design_1/ip/design_1_v_proc_ss_0_2/bd_0/ip/ip_2/src/hls_opencv.h' to the project
INFO: [HLS 200-10] Adding design file 'c:/Users/jaxie963/Temp/cpre488-mp2/project_1/project_1.srcs/sources_1/bd/design_1/ip/design_1_v_proc_ss_0_2/bd_0/ip/ip_2/src/hls/hls_axi_io.h' to the project
INFO: [HLS 200-10] Adding design file 'c:/Users/jaxie963/Temp/cpre488-mp2/project_1/project_1.srcs/sources_1/bd/design_1/ip/design_1_v_proc_ss_0_2/bd_0/ip/ip_2/src/hls/hls_video_arithm.h' to the project
INFO: [HLS 200-10] Adding design file 'c:/Users/jaxie963/Temp/cpre488-mp2/project_1/project_1.srcs/sources_1/bd/design_1/ip/design_1_v_proc_ss_0_2/bd_0/ip/ip_2/src/hls/hls_video_core.h' to the project
INFO: [HLS 200-10] Adding design file 'c:/Users/jaxie963/Temp/cpre488-mp2/project_1/project_1.srcs/sources_1/bd/design_1/ip/design_1_v_proc_ss_0_2/bd_0/ip/ip_2/src/hls/hls_video_fast.h' to the project
INFO: [HLS 200-10] Adding design file 'c:/Users/jaxie963/Temp/cpre488-mp2/project_1/project_1.srcs/sources_1/bd/design_1/ip/design_1_v_proc_ss_0_2/bd_0/ip/ip_2/src/hls/hls_video_haar.h' to the project
INFO: [HLS 200-10] Adding design file 'c:/Users/jaxie963/Temp/cpre488-mp2/project_1/project_1.srcs/sources_1/bd/design_1/ip/design_1_v_proc_ss_0_2/bd_0/ip/ip_2/src/hls/hls_video_harris.h' to the project
INFO: [HLS 200-10] Adding design file 'c:/Users/jaxie963/Temp/cpre488-mp2/project_1/project_1.srcs/sources_1/bd/design_1/ip/design_1_v_proc_ss_0_2/bd_0/ip/ip_2/src/hls/hls_video_histogram.h' to the project
INFO: [HLS 200-10] Adding design file 'c:/Users/jaxie963/Temp/cpre488-mp2/project_1/project_1.srcs/sources_1/bd/design_1/ip/design_1_v_proc_ss_0_2/bd_0/ip/ip_2/src/hls/hls_video_hough.h' to the project
INFO: [HLS 200-10] Adding design file 'c:/Users/jaxie963/Temp/cpre488-mp2/project_1/project_1.srcs/sources_1/bd/design_1/ip/design_1_v_proc_ss_0_2/bd_0/ip/ip_2/src/hls/hls_video_imgbase.h' to the project
INFO: [HLS 200-10] Adding design file 'c:/Users/jaxie963/Temp/cpre488-mp2/project_1/project_1.srcs/sources_1/bd/design_1/ip/design_1_v_proc_ss_0_2/bd_0/ip/ip_2/src/hls/hls_video_imgproc.h' to the project
INFO: [HLS 200-10] Adding design file 'c:/Users/jaxie963/Temp/cpre488-mp2/project_1/project_1.srcs/sources_1/bd/design_1/ip/design_1_v_proc_ss_0_2/bd_0/ip/ip_2/src/hls/hls_video_io.h' to the project
INFO: [HLS 200-10] Adding design file 'c:/Users/jaxie963/Temp/cpre488-mp2/project_1/project_1.srcs/sources_1/bd/design_1/ip/design_1_v_proc_ss_0_2/bd_0/ip/ip_2/src/hls/hls_video_mem.h' to the project
INFO: [HLS 200-10] Adding design file 'c:/Users/jaxie963/Temp/cpre488-mp2/project_1/project_1.srcs/sources_1/bd/design_1/ip/design_1_v_proc_ss_0_2/bd_0/ip/ip_2/src/hls/hls_video_stereobm.h' to the project
INFO: [HLS 200-10] Adding design file 'c:/Users/jaxie963/Temp/cpre488-mp2/project_1/project_1.srcs/sources_1/bd/design_1/ip/design_1_v_proc_ss_0_2/bd_0/ip/ip_2/src/hls/hls_video_types.h' to the project
INFO: [HLS 200-10] Adding design file 'c:/Users/jaxie963/Temp/cpre488-mp2/project_1/project_1.srcs/sources_1/bd/design_1/ip/design_1_v_proc_ss_0_2/bd_0/ip/ip_2/src/hls/hls_video_undistort.h' to the project
INFO: [HLS 200-10] Creating and opening solution 'C:/Users/jaxie963/Temp/cpre488-mp2/project_1/project_1.runs/bd_18aa_hsc_0_synth_1/bd_18aa_hsc_0/prj'.
INFO: [HLS 200-10] Setting target device to 'xc7z020-clg484-1'
INFO: [SYN 201-201] Setting up clock 'ap_clk' with a period of 6.734ns.
INFO: [SCHED 204-61] Option 'relax_ii_for_timing' is enabled, will increase II to preserve clock frequency constraints.
INFO: [HLS 200-10] Analyzing design file 'c:/Users/jaxie963/Temp/cpre488-mp2/project_1/project_1.srcs/sources_1/bd/design_1/ip/design_1_v_proc_ss_0_2/bd_0/ip/ip_2/src/v_hscaler.cpp' ... 
INFO: [HLS 200-111] Finished Linking Time (s): cpu = 00:00:02 ; elapsed = 00:00:22 . Memory (MB): peak = 886.742 ; gain = 792.754
INFO: [HLS 200-111] Finished Checking Pragmas Time (s): cpu = 00:00:02 ; elapsed = 00:00:22 . Memory (MB): peak = 886.742 ; gain = 792.754
INFO: [HLS 200-10] Starting code transformations ...
INFO: [XFORM 203-603] Inlining function 'hls::AXIGetBitFields<24, ap_uint<8> >.1' into 'hls::AXIGetBitFields<24, ap_uint<8> >' (c:/Users/jaxie963/Temp/cpre488-mp2/project_1/project_1.srcs/sources_1/bd/design_1/ip/design_1_v_proc_ss_0_2/bd_0/ip/ip_2/src/hls/hls_axi_io.h:71).
INFO: [XFORM 203-603] Inlining function 'hls::AXIGetBitFields<24, ap_uint<8> >' into 'AXIvideo2MultiPixStream' (c:/Users/jaxie963/Temp/cpre488-mp2/project_1/project_1.srcs/sources_1/bd/design_1/ip/design_1_v_proc_ss_0_2/bd_0/ip/ip_2/src/v_hscaler.cpp:1216).
INFO: [XFORM 203-603] Inlining function 'hls::AXIGetBitFields<24, ap_uint<8> >' into 'AXIvideo2MultiPixStream' (c:/Users/jaxie963/Temp/cpre488-mp2/project_1/project_1.srcs/sources_1/bd/design_1/ip/design_1_v_proc_ss_0_2/bd_0/ip/ip_2/src/v_hscaler.cpp:1220).
INFO: [XFORM 203-603] Inlining function 'hls::AXIGetBitFields<24, ap_uint<8> >' into 'AXIvideo2MultiPixStream' (c:/Users/jaxie963/Temp/cpre488-mp2/project_1/project_1.srcs/sources_1/bd/design_1/ip/design_1_v_proc_ss_0_2/bd_0/ip/ip_2/src/v_hscaler.cpp:1224).
INFO: [XFORM 203-603] Inlining function 'std::max<unsigned short>' into 'hscale_core_polyphase' (c:/Users/jaxie963/Temp/cpre488-mp2/project_1/project_1.srcs/sources_1/bd/design_1/ip/design_1_v_proc_ss_0_2/bd_0/ip/ip_2/src/v_hscaler.cpp:556).
INFO: [HLS 200-111] Finished Standard Transforms Time (s): cpu = 00:00:02 ; elapsed = 00:00:24 . Memory (MB): peak = 886.742 ; gain = 792.754
INFO: [HLS 200-10] Checking synthesizability ...
WARNING: [SYNCHK 200-23] c:/Users/jaxie963/Temp/cpre488-mp2/project_1/project_1.srcs/sources_1/bd/design_1/ip/design_1_v_proc_ss_0_2/bd_0/ip/ip_2/src/v_hscaler.cpp:681: variable-indexed range selection may cause suboptimal QoR.
INFO: [SYNCHK 200-10] 0 error(s), 1 warning(s).
INFO: [HLS 200-111] Finished Checking Synthesizability Time (s): cpu = 00:00:03 ; elapsed = 00:00:25 . Memory (MB): peak = 886.742 ; gain = 792.754
INFO: [XFORM 203-502] Unrolling all sub-loops inside loop 'Loop-1.1' in function 'v_csc_core' for pipelining.
INFO: [XFORM 203-502] Unrolling all sub-loops inside loop 'Loop-2.1' in function 'MultiPixStream2AXIvideo' for pipelining.
INFO: [XFORM 203-502] Unrolling all sub-loops inside loop 'loop_width' in function 'AXIvideo2MultiPixStream' for pipelining.
INFO: [XFORM 203-502] Unrolling small iteration loop 'Loop-2.1.1' in function 'hscale_core_polyphase' automatically.
INFO: [XFORM 203-502] Unrolling all sub-loops inside loop 'loop_width' in function 'hscale_core_polyphase' for pipelining.
INFO: [XFORM 203-502] Unrolling all loops for pipelining in function 'hscale_polyphase'.
INFO: [HLS 200-489] Unrolling loop 'Loop-1.1.1' in function 'v_csc_core' completely with a factor of 3.
INFO: [HLS 200-489] Unrolling loop 'Loop-2.1.1' in function 'MultiPixStream2AXIvideo' completely with a factor of 3.
INFO: [HLS 200-489] Unrolling loop 'Loop-2.1.2' in function 'MultiPixStream2AXIvideo' completely with a factor of 1.
INFO: [HLS 200-489] Unrolling loop 'Loop-2.1.2.1' in function 'MultiPixStream2AXIvideo' completely with a factor of 3.
INFO: [HLS 200-489] Unrolling loop 'Loop-2.1.1' in function 'AXIvideo2MultiPixStream' completely with a factor of 1.
INFO: [HLS 200-489] Unrolling loop 'Loop-2.1.1.1' in function 'AXIvideo2MultiPixStream' completely with a factor of 3.
INFO: [HLS 200-489] Unrolling loop 'Loop-2.1.1' in function 'hscale_core_polyphase' completely with a factor of 1.
INFO: [HLS 200-489] Unrolling loop 'Loop-3.1.1' in function 'hscale_core_polyphase' completely with a factor of 7.
INFO: [HLS 200-489] Unrolling loop 'Loop-3.1.1.1' in function 'hscale_core_polyphase' completely with a factor of 3.
INFO: [HLS 200-489] Unrolling loop 'Loop-3.1.2' in function 'hscale_core_polyphase' completely with a factor of 3.
INFO: [HLS 200-489] Unrolling loop 'Loop-3.1.3' in function 'hscale_core_polyphase' completely with a factor of 1.
INFO: [HLS 200-489] Unrolling loop 'Loop-3.1.3.1' in function 'hscale_core_polyphase' completely with a factor of 3.
INFO: [HLS 200-489] Unrolling loop 'Loop-3.1.4' in function 'hscale_core_polyphase' completely with a factor of 1.
INFO: [HLS 200-489] Unrolling loop 'Loop-3.1.4.1' in function 'hscale_core_polyphase' completely with a factor of 3.
INFO: [HLS 200-489] Unrolling loop 'loop_samples' in function 'hscale_core_polyphase' completely with a factor of 1.
INFO: [HLS 200-489] Unrolling loop 'Loop-1' in function 'hscale_polyphase' completely with a factor of 1.
INFO: [HLS 200-489] Unrolling loop 'Loop-1.1' in function 'hscale_polyphase' completely with a factor of 6.
INFO: [HLS 200-489] Unrolling loop 'Loop-1.2' in function 'hscale_polyphase' completely with a factor of 3.
INFO: [HLS 200-489] Unrolling loop 'Loop-1.2.1' in function 'hscale_polyphase' completely with a factor of 6.
INFO: [XFORM 203-102] Partitioning array 'PhaseH' automatically.
INFO: [XFORM 203-102] Automatically partitioning streamed array 'stream_in.V.val.V' .
INFO: [XFORM 203-102] Automatically partitioning streamed array 'stream_scaled.V.val.V' .
INFO: [XFORM 203-102] Automatically partitioning streamed array 'stream_scaled_csc.V.val.V' .
INFO: [XFORM 203-101] Partitioning array 'map' in dimension 1 completely.
INFO: [XFORM 203-712] Applying dataflow to function 'v_hscaler' , detected/extracted 6 process function(s): 
	 'v_hscaler.entry154'
	 'AXIvideo2MultiPixStream'
	 'hscale_core_polyphase'
	 'Block_._crit_edge713_proc'
	 'v_csc_core'
	 'MultiPixStream2AXIvideo'.
INFO: [XFORM 203-401] Performing if-conversion on hyperblock in function 'v_csc_core'... converting 7 basic blocks.
INFO: [XFORM 203-401] Performing if-conversion on hyperblock in function 'hscale_polyphase'... converting 79 basic blocks.
INFO: [XFORM 203-401] Performing if-conversion on hyperblock in function 'Block_._crit_edge713_proc'... converting 3 basic blocks.
INFO: [XFORM 203-401] Performing if-conversion on hyperblock in function 'AXIvideo2MultiPixStream'... converting 13 basic blocks.
INFO: [HLS 200-111] Finished Pre-synthesis Time (s): cpu = 00:00:04 ; elapsed = 00:00:27 . Memory (MB): peak = 886.742 ; gain = 792.754
WARNING: [XFORM 203-631] Renaming function 'hscale_core_polyphase' to 'hscale_core_polyphas' 
WARNING: [XFORM 203-631] Renaming function 'MultiPixStream2AXIvideo' to 'MultiPixStream2AXIvi' 
WARNING: [XFORM 203-631] Renaming function 'Block_._crit_edge713_proc' to 'Block_._crit_edge713' 
WARNING: [XFORM 203-631] Renaming function 'AXIvideo2MultiPixStream' to 'AXIvideo2MultiPixStr' 
INFO: [HLS 200-472] Inferring partial write operation for 'FiltCoeff[0][0]' 
INFO: [HLS 200-111] Finished Architecture Synthesis Time (s): cpu = 00:00:05 ; elapsed = 00:00:29 . Memory (MB): peak = 886.742 ; gain = 792.754
INFO: [HLS 200-10] Starting hardware synthesis ...
INFO: [HLS 200-10] Synthesizing 'v_hscaler' ...
WARNING: [SYN 201-103] Legalizing function name 'v_hscaler.entry154' to 'v_hscaler_entry154'.
WARNING: [SYN 201-103] Legalizing function name 'reg<ap_uint<9> >' to 'reg_ap_uint_9_s'.
WARNING: [SYN 201-103] Legalizing function name 'Block_._crit_edge713' to 'Block_crit_edge713'.
INFO: [HLS 200-10] ----------------------------------------------------------------
INFO: [HLS 200-42] -- Implementing module 'v_hscaler_entry154' 
INFO: [HLS 200-10] ----------------------------------------------------------------
INFO: [SCHED 204-11] Starting scheduling ...
###	 Num	NTree	NLUT	EssAll	EssLUT	Size	MSize	Lev	MLev	Sel	Phy 
####	 0	0	0	13	0	-nan(ind)	0	-nan(ind)	0	0	0
INFO: [SCHED 204-11] Generating True dependence constraints ... 
INFO: [SCHED 204-11] Generating Auxiliary dependence constraints ... 
INFO: [SCHED 204-11] Generating Ternary mapping constraints ... 
INFO: [SCHED 204-11] Generating Lut Grouping constraints ... 
INFO: [SCHED 204-11] Generating Node latency constraints ... 
INFO: [SCHED 204-11] Generating Relative time constraints ... 
INFO: [SCHED 204-11] Generating Protocol constraints ... 
INFO: [SCHED 204-11] Generating Precedence constraints ... 
INFO: [SCHED 204-11] Generating Supporting dependence constraints ... 
INFO: [SCHED 204-11] Generating Pipeline constraints ... 
INFO: [SCHED 204-11] Generating DSP mapping constraints ... 
INFO: [SCHED 204-11] Generating Supporting dependence constraints ... 
INFO: [SCHED 204-11] Generating Resource constraints ... 
INFO: [SCHED 204-11] Generating Latency constraints ... 
INFO: [SCHED 204-11] Generating Latency constraints ... 
INFO: [SCHED 204-11] Generating Cycle time constraints ... 
INFO: [SCHED 204-11] Generating Blocking node constraints ... 
INFO: [SCHED 204-11] Generating Chaining constraints ... 
INFO: [SCHED 204-11] Generating Operation gating constraints ... 
INFO: [SCHED 204-11] Generating Variable bound constraints ... 
INFO: [SCHED 204-11] Generating PHI node constraints ... 
INFO: [SCHED 204-11] Start checking consistency (resolving sdc graph) ...
INFO: [SCHED 204-11] Finished checking consistency.
INFO: [SCHED 204-11] Start scheduling optimization (solving LP) ...
INFO: [SCHED 204-11] Finished scheduling optimization.
INFO: [SCHED 204-11] Start constructing STG ...
INFO: [SCHED 204-11] Finished constructing STG.
INFO: [SCHED 204-11] Finished scheduling.
INFO: [HLS 200-111]  Elapsed time: 29.01 seconds; current allocated memory: 300.796 MB.
INFO: [BIND 205-100] Starting micro-architecture generation ...
INFO: [BIND 205-101] Performing variable lifetime analysis.
INFO: [BIND 205-101] Exploring resource sharing.
INFO: [BIND 205-101] Binding ...
INFO: [BIND 205-100] Finished micro-architecture generation.
INFO: [HLS 200-111]  Elapsed time: 0.253 seconds; current allocated memory: 300.937 MB.
INFO: [HLS 200-10] ----------------------------------------------------------------
INFO: [HLS 200-42] -- Implementing module 'AXIvideo2MultiPixStr' 
INFO: [HLS 200-10] ----------------------------------------------------------------
INFO: [SCHED 204-11] Starting scheduling ...
###	 Num	NTree	NLUT	EssAll	EssLUT	Size	MSize	Lev	MLev	Sel	Phy 
####	 0	0	0	55	0	-nan(ind)	0	-nan(ind)	0	0	0
INFO: [SCHED 204-11] Generating True dependence constraints ... 
INFO: [SCHED 204-11] Generating Auxiliary dependence constraints ... 
INFO: [SCHED 204-11] Generating Ternary mapping constraints ... 
INFO: [SCHED 204-11] Generating Lut Grouping constraints ... 
INFO: [SCHED 204-11] Generating Node latency constraints ... 
INFO: [SCHED 204-11] Generating Relative time constraints ... 
INFO: [SCHED 204-11] Generating Protocol constraints ... 
INFO: [SCHED 204-11] Generating Precedence constraints ... 
INFO: [SCHED 204-11] Generating Supporting dependence constraints ... 
INFO: [SCHED 204-11] Generating Pipeline constraints ... 
INFO: [SCHED 204-61] Pipelining loop 'loop_wait_for_start'.
INFO: [SCHED 204-61] Pipelining result : Target II = 1, Final II = 1, Depth = 1.
INFO: [SCHED 204-61] Pipelining loop 'loop_width'.
INFO: [SCHED 204-61] Pipelining result : Target II = 1, Final II = 1, Depth = 2.
INFO: [SCHED 204-61] Pipelining loop 'loop_wait_for_eol'.
INFO: [SCHED 204-61] Pipelining result : Target II = 1, Final II = 1, Depth = 1.
INFO: [SCHED 204-11] Generating DSP mapping constraints ... 
INFO: [SCHED 204-11] Generating Supporting dependence constraints ... 
INFO: [SCHED 204-11] Generating Resource constraints ... 
INFO: [SCHED 204-11] Generating Latency constraints ... 
INFO: [SCHED 204-11] Generating Latency constraints ... 
INFO: [SCHED 204-11] Generating Cycle time constraints ... 
INFO: [SCHED 204-11] Generating Blocking node constraints ... 
INFO: [SCHED 204-11] Generating Chaining constraints ... 
INFO: [SCHED 204-11] Generating Operation gating constraints ... 
INFO: [SCHED 204-11] Generating Variable bound constraints ... 
INFO: [SCHED 204-11] Generating PHI node constraints ... 
INFO: [SCHED 204-11] Start checking consistency (resolving sdc graph) ...
INFO: [SCHED 204-11] Finished checking consistency.
INFO: [SCHED 204-11] Start scheduling optimization (solving LP) ...
INFO: [SCHED 204-11] Finished scheduling optimization.
INFO: [SCHED 204-11] Start constructing STG ...
INFO: [SCHED 204-11] Finished constructing STG.
INFO: [SCHED 204-11] Finished scheduling.
INFO: [HLS 200-111]  Elapsed time: 0.66 seconds; current allocated memory: 301.237 MB.
INFO: [BIND 205-100] Starting micro-architecture generation ...
INFO: [BIND 205-101] Performing variable lifetime analysis.
INFO: [BIND 205-101] Exploring resource sharing.
INFO: [BIND 205-101] Binding ...
INFO: [BIND 205-100] Finished micro-architecture generation.
INFO: [HLS 200-111]  Elapsed time: 0.53 seconds; current allocated memory: 301.634 MB.
INFO: [HLS 200-10] ----------------------------------------------------------------
INFO: [HLS 200-42] -- Implementing module 'reg_ap_uint_9_s' 
INFO: [HLS 200-10] ----------------------------------------------------------------
INFO: [SCHED 204-11] Starting scheduling ...
###	 Num	NTree	NLUT	EssAll	EssLUT	Size	MSize	Lev	MLev	Sel	Phy 
####	 0	0	0	2	0	-nan(ind)	0	-nan(ind)	0	0	0
INFO: [SCHED 204-11] Generating True dependence constraints ... 
INFO: [SCHED 204-11] Generating Auxiliary dependence constraints ... 
INFO: [SCHED 204-11] Generating Ternary mapping constraints ... 
INFO: [SCHED 204-11] Generating Lut Grouping constraints ... 
INFO: [SCHED 204-11] Generating Node latency constraints ... 
INFO: [SCHED 204-11] Generating Relative time constraints ... 
INFO: [SCHED 204-11] Generating Protocol constraints ... 
INFO: [SCHED 204-11] Generating Precedence constraints ... 
INFO: [SCHED 204-11] Generating Supporting dependence constraints ... 
INFO: [SCHED 204-11] Generating Pipeline constraints ... 
INFO: [SCHED 204-61] Pipelining function 'reg<ap_uint<9> >'.
INFO: [SCHED 204-61] Pipelining result : Target II = 1, Final II = 1, Depth = 2.
INFO: [SCHED 204-11] Generating DSP mapping constraints ... 
INFO: [SCHED 204-11] Generating Supporting dependence constraints ... 
INFO: [SCHED 204-11] Generating Resource constraints ... 
INFO: [SCHED 204-11] Generating Latency constraints ... 
INFO: [SCHED 204-11] Generating Latency constraints ... 
INFO: [SCHED 204-11] Generating Cycle time constraints ... 
INFO: [SCHED 204-11] Generating Blocking node constraints ... 
INFO: [SCHED 204-11] Generating Chaining constraints ... 
INFO: [SCHED 204-11] Generating Operation gating constraints ... 
INFO: [SCHED 204-11] Generating Variable bound constraints ... 
INFO: [SCHED 204-11] Generating PHI node constraints ... 
INFO: [SCHED 204-11] Start checking consistency (resolving sdc graph) ...
INFO: [SCHED 204-11] Finished checking consistency.
INFO: [SCHED 204-11] Start scheduling optimization (solving LP) ...
INFO: [SCHED 204-11] Finished scheduling optimization.
INFO: [SCHED 204-11] Start constructing STG ...
INFO: [SCHED 204-11] Finished constructing STG.
INFO: [SCHED 204-11] Finished scheduling.
INFO: [HLS 200-111]  Elapsed time: 0.784 seconds; current allocated memory: 301.677 MB.
INFO: [BIND 205-100] Starting micro-architecture generation ...
INFO: [BIND 205-101] Performing variable lifetime analysis.
INFO: [BIND 205-101] Exploring resource sharing.
INFO: [BIND 205-101] Binding ...
INFO: [BIND 205-100] Finished micro-architecture generation.
INFO: [HLS 200-111]  Elapsed time: 0.089 seconds; current allocated memory: 301.719 MB.
INFO: [HLS 200-10] ----------------------------------------------------------------
INFO: [HLS 200-42] -- Implementing module 'hscale_polyphase' 
INFO: [HLS 200-10] ----------------------------------------------------------------
INFO: [SCHED 204-11] Starting scheduling ...
INFO: [SYN 201-351] The following objects are mapped to a DSP.
   a  'load' operation ('FiltCoeff_5_load', c:/Users/jaxie963/Temp/cpre488-mp2/project_1/project_1.srcs/sources_1/bd/design_1/ip/design_1_v_proc_ss_0_2/bd_0/ip/ip_2/src/v_hscaler.cpp:813) on array 'FiltCoeff_5'
   b  'select' operation ('select_ln215_41', c:/Users/jaxie963/Temp/cpre488-mp2/project_1/project_1.srcs/sources_1/bd/design_1/ip/design_1_v_proc_ss_0_2/bd_0/ip/ip_2/src/v_hscaler.cpp:827)
   c  'add' operation ('add_ln827_16', c:/Users/jaxie963/Temp/cpre488-mp2/project_1/project_1.srcs/sources_1/bd/design_1/ip/design_1_v_proc_ss_0_2/bd_0/ip/ip_2/src/v_hscaler.cpp:827)
  DSP Expression: add_ln827_17 = add_ln827_16 + sext_ln215_5 * zext_ln215_17
INFO: [SYN 201-351] The following objects are mapped to a DSP.
   a  'load' operation ('FiltCoeff_4_load', c:/Users/jaxie963/Temp/cpre488-mp2/project_1/project_1.srcs/sources_1/bd/design_1/ip/design_1_v_proc_ss_0_2/bd_0/ip/ip_2/src/v_hscaler.cpp:813) on array 'FiltCoeff_4'
   b  'select' operation ('select_ln215_40', c:/Users/jaxie963/Temp/cpre488-mp2/project_1/project_1.srcs/sources_1/bd/design_1/ip/design_1_v_proc_ss_0_2/bd_0/ip/ip_2/src/v_hscaler.cpp:827)
   c  'add' operation ('add_ln827_15', c:/Users/jaxie963/Temp/cpre488-mp2/project_1/project_1.srcs/sources_1/bd/design_1/ip/design_1_v_proc_ss_0_2/bd_0/ip/ip_2/src/v_hscaler.cpp:827)
  DSP Expression: add_ln827_16 = sext_ln827_21 + sext_ln215_4 * zext_ln215_16
INFO: [SYN 201-351] The following objects are mapped to a DSP.
   a  'load' operation ('FiltCoeff_3_load', c:/Users/jaxie963/Temp/cpre488-mp2/project_1/project_1.srcs/sources_1/bd/design_1/ip/design_1_v_proc_ss_0_2/bd_0/ip/ip_2/src/v_hscaler.cpp:813) on array 'FiltCoeff_3'
   b  'select' operation ('select_ln215_38', c:/Users/jaxie963/Temp/cpre488-mp2/project_1/project_1.srcs/sources_1/bd/design_1/ip/design_1_v_proc_ss_0_2/bd_0/ip/ip_2/src/v_hscaler.cpp:827)
   c  'add' operation ('add_ln827_14', c:/Users/jaxie963/Temp/cpre488-mp2/project_1/project_1.srcs/sources_1/bd/design_1/ip/design_1_v_proc_ss_0_2/bd_0/ip/ip_2/src/v_hscaler.cpp:827)
  DSP Expression: add_ln827_15 = zext_ln215_15 * sext_ln215_3 + add_ln827_14
INFO: [SYN 201-351] The following objects are mapped to a DSP.
   a  'load' operation ('FiltCoeff_2_load', c:/Users/jaxie963/Temp/cpre488-mp2/project_1/project_1.srcs/sources_1/bd/design_1/ip/design_1_v_proc_ss_0_2/bd_0/ip/ip_2/src/v_hscaler.cpp:813) on array 'FiltCoeff_2'
   b  'select' operation ('select_ln215_35', c:/Users/jaxie963/Temp/cpre488-mp2/project_1/project_1.srcs/sources_1/bd/design_1/ip/design_1_v_proc_ss_0_2/bd_0/ip/ip_2/src/v_hscaler.cpp:827)
   c  'add' operation ('add_ln827_13', c:/Users/jaxie963/Temp/cpre488-mp2/project_1/project_1.srcs/sources_1/bd/design_1/ip/design_1_v_proc_ss_0_2/bd_0/ip/ip_2/src/v_hscaler.cpp:827)
  DSP Expression: add_ln827_14 = zext_ln215_14 * sext_ln215_2 + sext_ln827_18
INFO: [SYN 201-351] The following objects are mapped to a DSP.
   a  'load' operation ('FiltCoeff_1_load', c:/Users/jaxie963/Temp/cpre488-mp2/project_1/project_1.srcs/sources_1/bd/design_1/ip/design_1_v_proc_ss_0_2/bd_0/ip/ip_2/src/v_hscaler.cpp:813) on array 'FiltCoeff_1'
   b  'select' operation ('select_ln215_31', c:/Users/jaxie963/Temp/cpre488-mp2/project_1/project_1.srcs/sources_1/bd/design_1/ip/design_1_v_proc_ss_0_2/bd_0/ip/ip_2/src/v_hscaler.cpp:827)
   c  'add' operation ('add_ln827_12', c:/Users/jaxie963/Temp/cpre488-mp2/project_1/project_1.srcs/sources_1/bd/design_1/ip/design_1_v_proc_ss_0_2/bd_0/ip/ip_2/src/v_hscaler.cpp:827)
  DSP Expression: add_ln827_13 = zext_ln215_13 * sext_ln215_1 + sext_ln827_16
INFO: [SYN 201-351] The following objects are mapped to a DSP.
   a  'load' operation ('FiltCoeff_0_load', c:/Users/jaxie963/Temp/cpre488-mp2/project_1/project_1.srcs/sources_1/bd/design_1/ip/design_1_v_proc_ss_0_2/bd_0/ip/ip_2/src/v_hscaler.cpp:813) on array 'FiltCoeff_0'
   b  'mux' operation ('tmp_2', c:/Users/jaxie963/Temp/cpre488-mp2/project_1/project_1.srcs/sources_1/bd/design_1/ip/design_1_v_proc_ss_0_2/bd_0/ip/ip_2/src/v_hscaler.cpp:827)
   c  constant 2048
  DSP Expression: add_ln827_12 = 2048 + zext_ln215_12 * sext_ln215
INFO: [SYN 201-351] The following objects are mapped to a DSP.
   a  'load' operation ('FiltCoeff_5_load', c:/Users/jaxie963/Temp/cpre488-mp2/project_1/project_1.srcs/sources_1/bd/design_1/ip/design_1_v_proc_ss_0_2/bd_0/ip/ip_2/src/v_hscaler.cpp:813) on array 'FiltCoeff_5'
   b  'select' operation ('select_ln215_27', c:/Users/jaxie963/Temp/cpre488-mp2/project_1/project_1.srcs/sources_1/bd/design_1/ip/design_1_v_proc_ss_0_2/bd_0/ip/ip_2/src/v_hscaler.cpp:827)
   c  'add' operation ('add_ln827_10', c:/Users/jaxie963/Temp/cpre488-mp2/project_1/project_1.srcs/sources_1/bd/design_1/ip/design_1_v_proc_ss_0_2/bd_0/ip/ip_2/src/v_hscaler.cpp:827)
  DSP Expression: add_ln827_11 = add_ln827_10 + sext_ln215_5 * zext_ln215_11
INFO: [SYN 201-351] The following objects are mapped to a DSP.
   a  'load' operation ('FiltCoeff_4_load', c:/Users/jaxie963/Temp/cpre488-mp2/project_1/project_1.srcs/sources_1/bd/design_1/ip/design_1_v_proc_ss_0_2/bd_0/ip/ip_2/src/v_hscaler.cpp:813) on array 'FiltCoeff_4'
   b  'select' operation ('select_ln215_26', c:/Users/jaxie963/Temp/cpre488-mp2/project_1/project_1.srcs/sources_1/bd/design_1/ip/design_1_v_proc_ss_0_2/bd_0/ip/ip_2/src/v_hscaler.cpp:827)
   c  'add' operation ('add_ln827_9', c:/Users/jaxie963/Temp/cpre488-mp2/project_1/project_1.srcs/sources_1/bd/design_1/ip/design_1_v_proc_ss_0_2/bd_0/ip/ip_2/src/v_hscaler.cpp:827)
  DSP Expression: add_ln827_10 = sext_ln827_13 + sext_ln215_4 * zext_ln215_10
INFO: [SYN 201-351] The following objects are mapped to a DSP.
   a  'load' operation ('FiltCoeff_3_load', c:/Users/jaxie963/Temp/cpre488-mp2/project_1/project_1.srcs/sources_1/bd/design_1/ip/design_1_v_proc_ss_0_2/bd_0/ip/ip_2/src/v_hscaler.cpp:813) on array 'FiltCoeff_3'
   b  'select' operation ('select_ln215_24', c:/Users/jaxie963/Temp/cpre488-mp2/project_1/project_1.srcs/sources_1/bd/design_1/ip/design_1_v_proc_ss_0_2/bd_0/ip/ip_2/src/v_hscaler.cpp:827)
   c  'add' operation ('add_ln827_8', c:/Users/jaxie963/Temp/cpre488-mp2/project_1/project_1.srcs/sources_1/bd/design_1/ip/design_1_v_proc_ss_0_2/bd_0/ip/ip_2/src/v_hscaler.cpp:827)
  DSP Expression: add_ln827_9 = zext_ln215_9 * sext_ln215_3 + add_ln827_8
INFO: [SYN 201-351] The following objects are mapped to a DSP.
   a  'load' operation ('FiltCoeff_2_load', c:/Users/jaxie963/Temp/cpre488-mp2/project_1/project_1.srcs/sources_1/bd/design_1/ip/design_1_v_proc_ss_0_2/bd_0/ip/ip_2/src/v_hscaler.cpp:813) on array 'FiltCoeff_2'
   b  'select' operation ('select_ln215_21', c:/Users/jaxie963/Temp/cpre488-mp2/project_1/project_1.srcs/sources_1/bd/design_1/ip/design_1_v_proc_ss_0_2/bd_0/ip/ip_2/src/v_hscaler.cpp:827)
   c  'add' operation ('add_ln827_7', c:/Users/jaxie963/Temp/cpre488-mp2/project_1/project_1.srcs/sources_1/bd/design_1/ip/design_1_v_proc_ss_0_2/bd_0/ip/ip_2/src/v_hscaler.cpp:827)
  DSP Expression: add_ln827_8 = zext_ln215_8 * sext_ln215_2 + sext_ln827_10
INFO: [SYN 201-351] The following objects are mapped to a DSP.
   a  'load' operation ('FiltCoeff_1_load', c:/Users/jaxie963/Temp/cpre488-mp2/project_1/project_1.srcs/sources_1/bd/design_1/ip/design_1_v_proc_ss_0_2/bd_0/ip/ip_2/src/v_hscaler.cpp:813) on array 'FiltCoeff_1'
   b  'select' operation ('select_ln215_17', c:/Users/jaxie963/Temp/cpre488-mp2/project_1/project_1.srcs/sources_1/bd/design_1/ip/design_1_v_proc_ss_0_2/bd_0/ip/ip_2/src/v_hscaler.cpp:827)
   c  'add' operation ('add_ln827_6', c:/Users/jaxie963/Temp/cpre488-mp2/project_1/project_1.srcs/sources_1/bd/design_1/ip/design_1_v_proc_ss_0_2/bd_0/ip/ip_2/src/v_hscaler.cpp:827)
  DSP Expression: add_ln827_7 = zext_ln215_7 * sext_ln215_1 + sext_ln827_8
INFO: [SYN 201-351] The following objects are mapped to a DSP.
   a  'load' operation ('FiltCoeff_0_load', c:/Users/jaxie963/Temp/cpre488-mp2/project_1/project_1.srcs/sources_1/bd/design_1/ip/design_1_v_proc_ss_0_2/bd_0/ip/ip_2/src/v_hscaler.cpp:813) on array 'FiltCoeff_0'
   b  'mux' operation ('tmp_1', c:/Users/jaxie963/Temp/cpre488-mp2/project_1/project_1.srcs/sources_1/bd/design_1/ip/design_1_v_proc_ss_0_2/bd_0/ip/ip_2/src/v_hscaler.cpp:827)
   c  constant 2048
  DSP Expression: add_ln827_6 = 2048 + zext_ln215_6 * sext_ln215
INFO: [SYN 201-351] The following objects are mapped to a DSP.
   a  'load' operation ('FiltCoeff_5_load', c:/Users/jaxie963/Temp/cpre488-mp2/project_1/project_1.srcs/sources_1/bd/design_1/ip/design_1_v_proc_ss_0_2/bd_0/ip/ip_2/src/v_hscaler.cpp:813) on array 'FiltCoeff_5'
   b  'select' operation ('select_ln215_13', c:/Users/jaxie963/Temp/cpre488-mp2/project_1/project_1.srcs/sources_1/bd/design_1/ip/design_1_v_proc_ss_0_2/bd_0/ip/ip_2/src/v_hscaler.cpp:827)
   c  'add' operation ('add_ln827_4', c:/Users/jaxie963/Temp/cpre488-mp2/project_1/project_1.srcs/sources_1/bd/design_1/ip/design_1_v_proc_ss_0_2/bd_0/ip/ip_2/src/v_hscaler.cpp:827)
  DSP Expression: add_ln827_5 = add_ln827_4 + sext_ln215_5 * zext_ln215_5
INFO: [SYN 201-351] The following objects are mapped to a DSP.
   a  'load' operation ('FiltCoeff_4_load', c:/Users/jaxie963/Temp/cpre488-mp2/project_1/project_1.srcs/sources_1/bd/design_1/ip/design_1_v_proc_ss_0_2/bd_0/ip/ip_2/src/v_hscaler.cpp:813) on array 'FiltCoeff_4'
   b  'select' operation ('select_ln215_12', c:/Users/jaxie963/Temp/cpre488-mp2/project_1/project_1.srcs/sources_1/bd/design_1/ip/design_1_v_proc_ss_0_2/bd_0/ip/ip_2/src/v_hscaler.cpp:827)
   c  'add' operation ('add_ln827_3', c:/Users/jaxie963/Temp/cpre488-mp2/project_1/project_1.srcs/sources_1/bd/design_1/ip/design_1_v_proc_ss_0_2/bd_0/ip/ip_2/src/v_hscaler.cpp:827)
  DSP Expression: add_ln827_4 = zext_ln215_4 * sext_ln215_4 + sext_ln827_5
INFO: [SYN 201-351] The following objects are mapped to a DSP.
   a  'load' operation ('FiltCoeff_3_load', c:/Users/jaxie963/Temp/cpre488-mp2/project_1/project_1.srcs/sources_1/bd/design_1/ip/design_1_v_proc_ss_0_2/bd_0/ip/ip_2/src/v_hscaler.cpp:813) on array 'FiltCoeff_3'
   b  'select' operation ('select_ln215_10', c:/Users/jaxie963/Temp/cpre488-mp2/project_1/project_1.srcs/sources_1/bd/design_1/ip/design_1_v_proc_ss_0_2/bd_0/ip/ip_2/src/v_hscaler.cpp:827)
   c  'add' operation ('add_ln827_2', c:/Users/jaxie963/Temp/cpre488-mp2/project_1/project_1.srcs/sources_1/bd/design_1/ip/design_1_v_proc_ss_0_2/bd_0/ip/ip_2/src/v_hscaler.cpp:827)
  DSP Expression: add_ln827_3 = add_ln827_2 + sext_ln215_3 * zext_ln215_3
INFO: [SYN 201-351] The following objects are mapped to a DSP.
   a  'load' operation ('FiltCoeff_2_load', c:/Users/jaxie963/Temp/cpre488-mp2/project_1/project_1.srcs/sources_1/bd/design_1/ip/design_1_v_proc_ss_0_2/bd_0/ip/ip_2/src/v_hscaler.cpp:813) on array 'FiltCoeff_2'
   b  'select' operation ('select_ln215_7', c:/Users/jaxie963/Temp/cpre488-mp2/project_1/project_1.srcs/sources_1/bd/design_1/ip/design_1_v_proc_ss_0_2/bd_0/ip/ip_2/src/v_hscaler.cpp:827)
   c  'add' operation ('add_ln827_1', c:/Users/jaxie963/Temp/cpre488-mp2/project_1/project_1.srcs/sources_1/bd/design_1/ip/design_1_v_proc_ss_0_2/bd_0/ip/ip_2/src/v_hscaler.cpp:827)
  DSP Expression: add_ln827_2 = sext_ln827_2 + sext_ln215_2 * zext_ln215_2
INFO: [SYN 201-351] The following objects are mapped to a DSP.
   a  'load' operation ('FiltCoeff_1_load', c:/Users/jaxie963/Temp/cpre488-mp2/project_1/project_1.srcs/sources_1/bd/design_1/ip/design_1_v_proc_ss_0_2/bd_0/ip/ip_2/src/v_hscaler.cpp:813) on array 'FiltCoeff_1'
   b  'select' operation ('select_ln215_3', c:/Users/jaxie963/Temp/cpre488-mp2/project_1/project_1.srcs/sources_1/bd/design_1/ip/design_1_v_proc_ss_0_2/bd_0/ip/ip_2/src/v_hscaler.cpp:827)
   c  'add' operation ('add_ln827', c:/Users/jaxie963/Temp/cpre488-mp2/project_1/project_1.srcs/sources_1/bd/design_1/ip/design_1_v_proc_ss_0_2/bd_0/ip/ip_2/src/v_hscaler.cpp:827)
  DSP Expression: add_ln827_1 = sext_ln827 + sext_ln215_1 * zext_ln215_1
INFO: [SYN 201-351] The following objects are mapped to a DSP.
   a  'load' operation ('FiltCoeff_0_load', c:/Users/jaxie963/Temp/cpre488-mp2/project_1/project_1.srcs/sources_1/bd/design_1/ip/design_1_v_proc_ss_0_2/bd_0/ip/ip_2/src/v_hscaler.cpp:813) on array 'FiltCoeff_0'
   b  'mux' operation ('tmp', c:/Users/jaxie963/Temp/cpre488-mp2/project_1/project_1.srcs/sources_1/bd/design_1/ip/design_1_v_proc_ss_0_2/bd_0/ip/ip_2/src/v_hscaler.cpp:827)
   c  constant 2048
  DSP Expression: add_ln827 = 2048 + sext_ln215 * zext_ln215
###	 Num	NTree	NLUT	EssAll	EssLUT	Size	MSize	Lev	MLev	Sel	Phy 
####	 20	0	31	147	53	1.7	4	1.6	3	45	0
INFO: [SCHED 204-11] Generating True dependence constraints ... 
INFO: [SCHED 204-11] Generating Auxiliary dependence constraints ... 
INFO: [SCHED 204-11] Generating Ternary mapping constraints ... 
INFO: [SCHED 204-11] Generating Lut Grouping constraints ... 
INFO: [SCHED 204-11] Generating Node latency constraints ... 
INFO: [SCHED 204-11] Generating Relative time constraints ... 
INFO: [SCHED 204-11] Generating Protocol constraints ... 
INFO: [SCHED 204-11] Generating Precedence constraints ... 
INFO: [SCHED 204-11] Generating Supporting dependence constraints ... 
INFO: [SCHED 204-11] Generating Pipeline constraints ... 
INFO: [SCHED 204-61] Pipelining function 'hscale_polyphase'.
INFO: [SCHED 204-61]  rescheduled in stage scheduling from 0 to 5 with current asap = 0, alap = 5
INFO: [SCHED 204-61]  rescheduled in stage scheduling from 0 to 4 with current asap = 0, alap = 4
INFO: [SCHED 204-61]  rescheduled in stage scheduling from 0 to 3 with current asap = 0, alap = 3
INFO: [SCHED 204-61]  rescheduled in stage scheduling from 0 to 2 with current asap = 0, alap = 2
INFO: [SCHED 204-61]  rescheduled in stage scheduling from 0 to 1 with current asap = 0, alap = 1
INFO: [SCHED 204-61] Pipelining result : Target II = 1, Final II = 1, Depth = 9.
INFO: [SCHED 204-11] Generating DSP mapping constraints ... 
INFO: [SCHED 204-11] Generating Supporting dependence constraints ... 
INFO: [SCHED 204-11] Generating Resource constraints ... 
INFO: [SCHED 204-11] Generating Latency constraints ... 
INFO: [SCHED 204-11] Generating Latency constraints ... 
INFO: [SCHED 204-11] Generating Cycle time constraints ... 
INFO: [SCHED 204-11] Generating Blocking node constraints ... 
INFO: [SCHED 204-11] Generating Chaining constraints ... 
INFO: [SCHED 204-11] Generating Operation gating constraints ... 
INFO: [SCHED 204-11] Generating Variable bound constraints ... 
INFO: [SCHED 204-11] Generating PHI node constraints ... 
INFO: [SCHED 204-11] Start checking consistency (resolving sdc graph) ...
INFO: [SCHED 204-11] Finished checking consistency.
INFO: [SCHED 204-11] Start scheduling optimization (solving LP) ...
INFO: [SCHED 204-11] Finished scheduling optimization.
INFO: [SCHED 204-11] Start constructing STG ...
WARNING: [SCHED 204-21] Estimated clock period (7.86875ns) exceeds the target (target clock period: 6.734ns, clock uncertainty: 0.84175ns, effective delay budget: 5.89225ns).
WARNING: [SCHED 204-21] The critical path in module 'hscale_polyphase' consists of the following:
	'mul' operation of DSP[134] ('mul_ln1352_5', c:/Users/jaxie963/Temp/cpre488-mp2/project_1/project_1.srcs/sources_1/bd/design_1/ip/design_1_v_proc_ss_0_2/bd_0/ip/ip_2/src/v_hscaler.cpp:827) [132]  (3.36 ns)
	'add' operation of DSP[134] ('add_ln827_5', c:/Users/jaxie963/Temp/cpre488-mp2/project_1/project_1.srcs/sources_1/bd/design_1/ip/design_1_v_proc_ss_0_2/bd_0/ip/ip_2/src/v_hscaler.cpp:827) [134]  (3.02 ns)
	'icmp' operation ('icmp_ln830', c:/Users/jaxie963/Temp/cpre488-mp2/project_1/project_1.srcs/sources_1/bd/design_1/ip/design_1_v_proc_ss_0_2/bd_0/ip/ip_2/src/v_hscaler.cpp:830) [137]  (1.49 ns)
INFO: [SCHED 204-11] Finished constructing STG.
INFO: [SCHED 204-11] Finished scheduling.
INFO: [HLS 200-111]  Elapsed time: 3.009 seconds; current allocated memory: 302.451 MB.
INFO: [BIND 205-100] Starting micro-architecture generation ...
INFO: [BIND 205-101] Performing variable lifetime analysis.
INFO: [BIND 205-101] Exploring resource sharing.
INFO: [BIND 205-101] Binding ...
INFO: [BIND 205-100] Finished micro-architecture generation.
INFO: [HLS 200-111]  Elapsed time: 0.971 seconds; current allocated memory: 303.170 MB.
INFO: [HLS 200-10] ----------------------------------------------------------------
INFO: [HLS 200-42] -- Implementing module 'hscale_core_polyphas' 
INFO: [HLS 200-10] ----------------------------------------------------------------
INFO: [SCHED 204-11] Starting scheduling ...
###	 Num	NTree	NLUT	EssAll	EssLUT	Size	MSize	Lev	MLev	Sel	Phy 
####	 6	0	0	183	0	-nan(ind)	0	-nan(ind)	0	0	0
INFO: [SCHED 204-11] Generating True dependence constraints ... 
INFO: [SCHED 204-11] Generating Auxiliary dependence constraints ... 
INFO: [SCHED 204-11] Generating Ternary mapping constraints ... 
INFO: [SCHED 204-11] Generating Lut Grouping constraints ... 
INFO: [SCHED 204-11] Generating Node latency constraints ... 
INFO: [SCHED 204-11] Generating Relative time constraints ... 
INFO: [SCHED 204-11] Generating Protocol constraints ... 
INFO: [SCHED 204-11] Generating Precedence constraints ... 
INFO: [SCHED 204-11] Generating Supporting dependence constraints ... 
INFO: [SCHED 204-11] Generating Pipeline constraints ... 
INFO: [SCHED 204-61] Pipelining loop 'loop_width'.
INFO: [SCHED 204-61] Pipelining result : Target II = 1, Final II = 1, Depth = 13.
INFO: [SCHED 204-11] Generating DSP mapping constraints ... 
INFO: [SCHED 204-11] Generating Supporting dependence constraints ... 
INFO: [SCHED 204-11] Generating Resource constraints ... 
INFO: [SCHED 204-11] Generating Latency constraints ... 
INFO: [SCHED 204-11] Generating Latency constraints ... 
INFO: [SCHED 204-11] Generating Cycle time constraints ... 
INFO: [SCHED 204-11] Generating Blocking node constraints ... 
INFO: [SCHED 204-11] Generating Chaining constraints ... 
INFO: [SCHED 204-11] Generating Operation gating constraints ... 
INFO: [SCHED 204-11] Generating Variable bound constraints ... 
INFO: [SCHED 204-11] Generating PHI node constraints ... 
INFO: [SCHED 204-11] Start checking consistency (resolving sdc graph) ...
INFO: [SCHED 204-11] Finished checking consistency.
INFO: [SCHED 204-11] Start scheduling optimization (solving LP) ...
INFO: [SCHED 204-11] Finished scheduling optimization.
INFO: [SCHED 204-11] Start constructing STG ...
INFO: [SCHED 204-11] Finished constructing STG.
INFO: [SCHED 204-11] Finished scheduling.
INFO: [HLS 200-111]  Elapsed time: 1.367 seconds; current allocated memory: 303.890 MB.
INFO: [BIND 205-100] Starting micro-architecture generation ...
INFO: [BIND 205-101] Performing variable lifetime analysis.
INFO: [BIND 205-101] Exploring resource sharing.
WARNING: [BIND 205-102] The specified resource core for memory 'FiltCoeff_0_0' will be ignored if a simpler one can be used.
WARNING: [BIND 205-102] The specified resource core for memory 'FiltCoeff_1_0' will be ignored if a simpler one can be used.
WARNING: [BIND 205-102] The specified resource core for memory 'FiltCoeff_2_0' will be ignored if a simpler one can be used.
WARNING: [BIND 205-102] The specified resource core for memory 'FiltCoeff_3_0' will be ignored if a simpler one can be used.
WARNING: [BIND 205-102] The specified resource core for memory 'FiltCoeff_4_0' will be ignored if a simpler one can be used.
WARNING: [BIND 205-102] The specified resource core for memory 'FiltCoeff_5_0' will be ignored if a simpler one can be used.
INFO: [BIND 205-101] Binding ...
INFO: [BIND 205-100] Finished micro-architecture generation.
INFO: [HLS 200-111]  Elapsed time: 1.453 seconds; current allocated memory: 304.898 MB.
INFO: [HLS 200-10] ----------------------------------------------------------------
INFO: [HLS 200-42] -- Implementing module 'Block_crit_edge713' 
INFO: [HLS 200-10] ----------------------------------------------------------------
INFO: [SCHED 204-11] Starting scheduling ...
###	 Num	NTree	NLUT	EssAll	EssLUT	Size	MSize	Lev	MLev	Sel	Phy 
####	 1	0	1	11	3	3	3	2	2	0	0
INFO: [SCHED 204-11] Generating True dependence constraints ... 
INFO: [SCHED 204-11] Generating Auxiliary dependence constraints ... 
INFO: [SCHED 204-11] Generating Ternary mapping constraints ... 
INFO: [SCHED 204-11] Generating Lut Grouping constraints ... 
INFO: [SCHED 204-11] Generating Node latency constraints ... 
INFO: [SCHED 204-11] Generating Relative time constraints ... 
INFO: [SCHED 204-11] Generating Protocol constraints ... 
INFO: [SCHED 204-11] Generating Precedence constraints ... 
INFO: [SCHED 204-11] Generating Supporting dependence constraints ... 
INFO: [SCHED 204-11] Generating Pipeline constraints ... 
INFO: [SCHED 204-11] Generating DSP mapping constraints ... 
INFO: [SCHED 204-11] Generating Supporting dependence constraints ... 
INFO: [SCHED 204-11] Generating Resource constraints ... 
INFO: [SCHED 204-11] Generating Latency constraints ... 
INFO: [SCHED 204-11] Generating Latency constraints ... 
INFO: [SCHED 204-11] Generating Cycle time constraints ... 
INFO: [SCHED 204-11] Generating Blocking node constraints ... 
INFO: [SCHED 204-11] Generating Chaining constraints ... 
INFO: [SCHED 204-11] Generating Operation gating constraints ... 
INFO: [SCHED 204-11] Generating Variable bound constraints ... 
INFO: [SCHED 204-11] Generating PHI node constraints ... 
INFO: [SCHED 204-11] Start checking consistency (resolving sdc graph) ...
INFO: [SCHED 204-11] Finished checking consistency.
INFO: [SCHED 204-11] Start scheduling optimization (solving LP) ...
INFO: [SCHED 204-11] Finished scheduling optimization.
INFO: [SCHED 204-11] Start constructing STG ...
INFO: [SCHED 204-11] Finished constructing STG.
INFO: [SCHED 204-11] Finished scheduling.
INFO: [HLS 200-111]  Elapsed time: 1.632 seconds; current allocated memory: 304.961 MB.
INFO: [BIND 205-100] Starting micro-architecture generation ...
INFO: [BIND 205-101] Performing variable lifetime analysis.
INFO: [BIND 205-101] Exploring resource sharing.
INFO: [BIND 205-101] Binding ...
INFO: [BIND 205-100] Finished micro-architecture generation.
INFO: [HLS 200-111]  Elapsed time: 0.125 seconds; current allocated memory: 305.032 MB.
INFO: [HLS 200-10] ----------------------------------------------------------------
INFO: [HLS 200-42] -- Implementing module 'v_csc_core' 
INFO: [HLS 200-10] ----------------------------------------------------------------
INFO: [SCHED 204-11] Starting scheduling ...
WARNING: [SYN 201-303] Root Node mul_ln1887 mapped to expression  {mul {sub d a} b}, but failed in bitwidth check.
INFO: [SYN 201-351] The following objects are mapped to a DSP.
   a  constant 898
   b  'sub' operation ('sub_ln1887', c:/Users/jaxie963/Temp/cpre488-mp2/project_1/project_1.srcs/sources_1/bd/design_1/ip/design_1_v_proc_ss_0_2/bd_0/ip/ip_2/src/v_hscaler.cpp:1887->c:/Users/jaxie963/Temp/cpre488-mp2/project_1/project_1.srcs/sources_1/bd/design_1/ip/design_1_v_proc_ss_0_2/bd_0/ip/ip_2/src/v_hscaler.cpp:194)
  DSP Expression: mul_ln1887 = 898 * sext_ln1887
INFO: [SYN 201-351] The following objects are mapped to a DSP.
   a  constant 306
   b  'extractvalue' operation ('tmp.val[0].V', c:/Users/jaxie963/Temp/cpre488-mp2/project_1/project_1.srcs/sources_1/bd/design_1/ip/design_1_v_proc_ss_0_2/bd_0/ip/ip_2/src/v_hscaler.cpp:1867->c:/Users/jaxie963/Temp/cpre488-mp2/project_1/project_1.srcs/sources_1/bd/design_1/ip/design_1_v_proc_ss_0_2/bd_0/ip/ip_2/src/v_hscaler.cpp:194)
   c  'add' operation ('add_ln1885', c:/Users/jaxie963/Temp/cpre488-mp2/project_1/project_1.srcs/sources_1/bd/design_1/ip/design_1_v_proc_ss_0_2/bd_0/ip/ip_2/src/v_hscaler.cpp:1885->c:/Users/jaxie963/Temp/cpre488-mp2/project_1/project_1.srcs/sources_1/bd/design_1/ip/design_1_v_proc_ss_0_2/bd_0/ip/ip_2/src/v_hscaler.cpp:194)
  DSP Expression: add_ln1885_1 = 306 * zext_ln1880 + add_ln1885
INFO: [SYN 201-351] The following objects are mapped to a DSP.
   a  'extractvalue' operation ('tmp.val[2].V', c:/Users/jaxie963/Temp/cpre488-mp2/project_1/project_1.srcs/sources_1/bd/design_1/ip/design_1_v_proc_ss_0_2/bd_0/ip/ip_2/src/v_hscaler.cpp:1867->c:/Users/jaxie963/Temp/cpre488-mp2/project_1/project_1.srcs/sources_1/bd/design_1/ip/design_1_v_proc_ss_0_2/bd_0/ip/ip_2/src/v_hscaler.cpp:194)
   b  constant 117
   c  'mul' operation ('mul_ln1885_1', c:/Users/jaxie963/Temp/cpre488-mp2/project_1/project_1.srcs/sources_1/bd/design_1/ip/design_1_v_proc_ss_0_2/bd_0/ip/ip_2/src/v_hscaler.cpp:1885->c:/Users/jaxie963/Temp/cpre488-mp2/project_1/project_1.srcs/sources_1/bd/design_1/ip/design_1_v_proc_ss_0_2/bd_0/ip/ip_2/src/v_hscaler.cpp:194)
  DSP Expression: add_ln1885 = 117 * zext_ln1878 + mul_ln1885_1
INFO: [SYN 201-351] The following objects are mapped to a DSP.
   a  constant 601
   b  'extractvalue' operation ('tmp.val[1].V', c:/Users/jaxie963/Temp/cpre488-mp2/project_1/project_1.srcs/sources_1/bd/design_1/ip/design_1_v_proc_ss_0_2/bd_0/ip/ip_2/src/v_hscaler.cpp:1867->c:/Users/jaxie963/Temp/cpre488-mp2/project_1/project_1.srcs/sources_1/bd/design_1/ip/design_1_v_proc_ss_0_2/bd_0/ip/ip_2/src/v_hscaler.cpp:194)
  DSP Expression: mul_ln1885_1 = 601 * zext_ln1885
INFO: [SYN 201-351] The following objects are mapped to a DSP.
   a  constant 2081
   b  'xor' operation ('Cb', c:/Users/jaxie963/Temp/cpre488-mp2/project_1/project_1.srcs/sources_1/bd/design_1/ip/design_1_v_proc_ss_0_2/bd_0/ip/ip_2/src/v_hscaler.cpp:1879->c:/Users/jaxie963/Temp/cpre488-mp2/project_1/project_1.srcs/sources_1/bd/design_1/ip/design_1_v_proc_ss_0_2/bd_0/ip/ip_2/src/v_hscaler.cpp:194)
  DSP Expression: mul_ln1882 = 2081 * sext_ln1879
INFO: [SYN 201-351] The following objects are mapped to a DSP.
   a  constant 404
   b  'xor' operation ('Cb', c:/Users/jaxie963/Temp/cpre488-mp2/project_1/project_1.srcs/sources_1/bd/design_1/ip/design_1_v_proc_ss_0_2/bd_0/ip/ip_2/src/v_hscaler.cpp:1879->c:/Users/jaxie963/Temp/cpre488-mp2/project_1/project_1.srcs/sources_1/bd/design_1/ip/design_1_v_proc_ss_0_2/bd_0/ip/ip_2/src/v_hscaler.cpp:194)
   c  'mul' operation ('mul_ln1881_1', c:/Users/jaxie963/Temp/cpre488-mp2/project_1/project_1.srcs/sources_1/bd/design_1/ip/design_1_v_proc_ss_0_2/bd_0/ip/ip_2/src/v_hscaler.cpp:1881->c:/Users/jaxie963/Temp/cpre488-mp2/project_1/project_1.srcs/sources_1/bd/design_1/ip/design_1_v_proc_ss_0_2/bd_0/ip/ip_2/src/v_hscaler.cpp:194)
  DSP Expression: add_ln1881 = mul_ln1881_1 + 404 * sext_ln1879_1
INFO: [SYN 201-351] The following objects are mapped to a DSP.
   a  constant 595
   b  'xor' operation ('Cr', c:/Users/jaxie963/Temp/cpre488-mp2/project_1/project_1.srcs/sources_1/bd/design_1/ip/design_1_v_proc_ss_0_2/bd_0/ip/ip_2/src/v_hscaler.cpp:1878->c:/Users/jaxie963/Temp/cpre488-mp2/project_1/project_1.srcs/sources_1/bd/design_1/ip/design_1_v_proc_ss_0_2/bd_0/ip/ip_2/src/v_hscaler.cpp:194)
  DSP Expression: mul_ln1881_1 = 595 * sext_ln1881
INFO: [SYN 201-351] The following objects are mapped to a DSP.
   a  constant 1733
   b  'xor' operation ('Cr', c:/Users/jaxie963/Temp/cpre488-mp2/project_1/project_1.srcs/sources_1/bd/design_1/ip/design_1_v_proc_ss_0_2/bd_0/ip/ip_2/src/v_hscaler.cpp:1878->c:/Users/jaxie963/Temp/cpre488-mp2/project_1/project_1.srcs/sources_1/bd/design_1/ip/design_1_v_proc_ss_0_2/bd_0/ip/ip_2/src/v_hscaler.cpp:194)
  DSP Expression: mul_ln1880 = 1733 * sext_ln1878
###	 Num	NTree	NLUT	EssAll	EssLUT	Size	MSize	Lev	MLev	Sel	Phy 
####	 13	0	3	64	9	3	3	3	3	9	0
INFO: [SCHED 204-11] Generating True dependence constraints ... 
INFO: [SCHED 204-11] Generating Auxiliary dependence constraints ... 
INFO: [SCHED 204-11] Generating Ternary mapping constraints ... 
INFO: [SCHED 204-11] Generating Lut Grouping constraints ... 
INFO: [SCHED 204-11] Generating Node latency constraints ... 
INFO: [SCHED 204-11] Generating Relative time constraints ... 
INFO: [SCHED 204-11] Generating Protocol constraints ... 
INFO: [SCHED 204-11] Generating Precedence constraints ... 
INFO: [SCHED 204-11] Generating Supporting dependence constraints ... 
INFO: [SCHED 204-11] Generating Pipeline constraints ... 
INFO: [SCHED 204-61] Pipelining loop 'Loop 1.1'.
INFO: [SCHED 204-61] Pipelining result : Target II = 1, Final II = 1, Depth = 8.
INFO: [SCHED 204-11] Generating DSP mapping constraints ... 
INFO: [SCHED 204-11] Generating Supporting dependence constraints ... 
INFO: [SCHED 204-11] Generating Resource constraints ... 
INFO: [SCHED 204-11] Generating Latency constraints ... 
INFO: [SCHED 204-11] Generating Latency constraints ... 
INFO: [SCHED 204-11] Generating Cycle time constraints ... 
INFO: [SCHED 204-11] Generating Blocking node constraints ... 
INFO: [SCHED 204-11] Generating Chaining constraints ... 
INFO: [SCHED 204-11] Generating Operation gating constraints ... 
INFO: [SCHED 204-11] Generating Variable bound constraints ... 
INFO: [SCHED 204-11] Generating PHI node constraints ... 
INFO: [SCHED 204-11] Start checking consistency (resolving sdc graph) ...
INFO: [SCHED 204-11] Finished checking consistency.
INFO: [SCHED 204-11] Start scheduling optimization (solving LP) ...
INFO: [SCHED 204-11] Finished scheduling optimization.
INFO: [SCHED 204-11] Start constructing STG ...
WARNING: [SCHED 204-21] Estimated clock period (8.295ns) exceeds the target (target clock period: 6.734ns, clock uncertainty: 0.84175ns, effective delay budget: 5.89225ns).
WARNING: [SCHED 204-21] The critical path in module 'v_csc_core' consists of the following:
	'mul' operation of DSP[87] ('mul_ln1885', c:/Users/jaxie963/Temp/cpre488-mp2/project_1/project_1.srcs/sources_1/bd/design_1/ip/design_1_v_proc_ss_0_2/bd_0/ip/ip_2/src/v_hscaler.cpp:1885->c:/Users/jaxie963/Temp/cpre488-mp2/project_1/project_1.srcs/sources_1/bd/design_1/ip/design_1_v_proc_ss_0_2/bd_0/ip/ip_2/src/v_hscaler.cpp:194) [82]  (3.36 ns)
	'add' operation of DSP[87] ('add_ln1885_1', c:/Users/jaxie963/Temp/cpre488-mp2/project_1/project_1.srcs/sources_1/bd/design_1/ip/design_1_v_proc_ss_0_2/bd_0/ip/ip_2/src/v_hscaler.cpp:1885->c:/Users/jaxie963/Temp/cpre488-mp2/project_1/project_1.srcs/sources_1/bd/design_1/ip/design_1_v_proc_ss_0_2/bd_0/ip/ip_2/src/v_hscaler.cpp:194) [87]  (3.02 ns)
	'sub' operation ('sub_ln1887', c:/Users/jaxie963/Temp/cpre488-mp2/project_1/project_1.srcs/sources_1/bd/design_1/ip/design_1_v_proc_ss_0_2/bd_0/ip/ip_2/src/v_hscaler.cpp:1887->c:/Users/jaxie963/Temp/cpre488-mp2/project_1/project_1.srcs/sources_1/bd/design_1/ip/design_1_v_proc_ss_0_2/bd_0/ip/ip_2/src/v_hscaler.cpp:194) [100]  (1.92 ns)
INFO: [SCHED 204-11] Finished constructing STG.
INFO: [SCHED 204-11] Finished scheduling.
INFO: [HLS 200-111]  Elapsed time: 0.614 seconds; current allocated memory: 305.415 MB.
INFO: [BIND 205-100] Starting micro-architecture generation ...
INFO: [BIND 205-101] Performing variable lifetime analysis.
INFO: [BIND 205-101] Exploring resource sharing.
INFO: [BIND 205-101] Binding ...
INFO: [BIND 205-100] Finished micro-architecture generation.
INFO: [HLS 200-111]  Elapsed time: 0.582 seconds; current allocated memory: 305.912 MB.
INFO: [HLS 200-10] ----------------------------------------------------------------
INFO: [HLS 200-42] -- Implementing module 'MultiPixStream2AXIvi' 
INFO: [HLS 200-10] ----------------------------------------------------------------
INFO: [SCHED 204-11] Starting scheduling ...
###	 Num	NTree	NLUT	EssAll	EssLUT	Size	MSize	Lev	MLev	Sel	Phy 
####	 2	0	0	49	0	-nan(ind)	0	-nan(ind)	0	0	0
INFO: [SCHED 204-11] Generating True dependence constraints ... 
INFO: [SCHED 204-11] Generating Auxiliary dependence constraints ... 
INFO: [SCHED 204-11] Generating Ternary mapping constraints ... 
INFO: [SCHED 204-11] Generating Lut Grouping constraints ... 
INFO: [SCHED 204-11] Generating Node latency constraints ... 
INFO: [SCHED 204-11] Generating Relative time constraints ... 
INFO: [SCHED 204-11] Generating Protocol constraints ... 
INFO: [SCHED 204-11] Generating Precedence constraints ... 
INFO: [SCHED 204-11] Generating Supporting dependence constraints ... 
INFO: [SCHED 204-11] Generating Pipeline constraints ... 
INFO: [SCHED 204-61] Pipelining loop 'Loop 2.1'.
INFO: [SCHED 204-61] Pipelining result : Target II = 1, Final II = 1, Depth = 3.
INFO: [SCHED 204-11] Generating DSP mapping constraints ... 
INFO: [SCHED 204-11] Generating Supporting dependence constraints ... 
INFO: [SCHED 204-11] Generating Resource constraints ... 
INFO: [SCHED 204-11] Generating Latency constraints ... 
INFO: [SCHED 204-11] Generating Latency constraints ... 
INFO: [SCHED 204-11] Generating Cycle time constraints ... 
INFO: [SCHED 204-11] Generating Blocking node constraints ... 
INFO: [SCHED 204-11] Generating Chaining constraints ... 
INFO: [SCHED 204-11] Generating Operation gating constraints ... 
INFO: [SCHED 204-11] Generating Variable bound constraints ... 
INFO: [SCHED 204-11] Generating PHI node constraints ... 
INFO: [SCHED 204-11] Start checking consistency (resolving sdc graph) ...
INFO: [SCHED 204-11] Finished checking consistency.
INFO: [SCHED 204-11] Start scheduling optimization (solving LP) ...
INFO: [SCHED 204-11] Finished scheduling optimization.
INFO: [SCHED 204-11] Start constructing STG ...
INFO: [SCHED 204-11] Finished constructing STG.
INFO: [SCHED 204-11] Finished scheduling.
INFO: [HLS 200-111]  Elapsed time: 0.921 seconds; current allocated memory: 306.191 MB.
INFO: [BIND 205-100] Starting micro-architecture generation ...
INFO: [BIND 205-101] Performing variable lifetime analysis.
INFO: [BIND 205-101] Exploring resource sharing.
INFO: [BIND 205-101] Binding ...
INFO: [BIND 205-100] Finished micro-architecture generation.
INFO: [HLS 200-111]  Elapsed time: 0.457 seconds; current allocated memory: 306.554 MB.
INFO: [HLS 200-10] ----------------------------------------------------------------
INFO: [HLS 200-42] -- Implementing module 'v_hscaler' 
INFO: [HLS 200-10] ----------------------------------------------------------------
INFO: [SCHED 204-11] Starting scheduling ...
###	 Num	NTree	NLUT	EssAll	EssLUT	Size	MSize	Lev	MLev	Sel	Phy 
####	 0	0	0	12	0	-nan(ind)	0	-nan(ind)	0	0	0
INFO: [SCHED 204-11] Generating True dependence constraints ... 
INFO: [SCHED 204-11] Generating Auxiliary dependence constraints ... 
INFO: [SCHED 204-11] Generating Ternary mapping constraints ... 
INFO: [SCHED 204-11] Generating Lut Grouping constraints ... 
INFO: [SCHED 204-11] Generating Node latency constraints ... 
INFO: [SCHED 204-11] Generating Relative time constraints ... 
INFO: [SCHED 204-11] Generating Protocol constraints ... 
INFO: [SCHED 204-11] Generating Precedence constraints ... 
INFO: [SCHED 204-11] Generating Supporting dependence constraints ... 
INFO: [SCHED 204-11] Generating Pipeline constraints ... 
INFO: [SCHED 204-11] Generating DSP mapping constraints ... 
INFO: [SCHED 204-11] Generating Supporting dependence constraints ... 
INFO: [SCHED 204-11] Generating Resource constraints ... 
INFO: [SCHED 204-11] Generating Latency constraints ... 
INFO: [SCHED 204-11] Generating Latency constraints ... 
INFO: [SCHED 204-11] Generating Cycle time constraints ... 
INFO: [SCHED 204-11] Generating Blocking node constraints ... 
INFO: [SCHED 204-11] Generating Chaining constraints ... 
INFO: [SCHED 204-11] Generating Operation gating constraints ... 
INFO: [SCHED 204-11] Generating Variable bound constraints ... 
INFO: [SCHED 204-11] Generating PHI node constraints ... 
INFO: [SCHED 204-11] Start checking consistency (resolving sdc graph) ...
INFO: [SCHED 204-11] Finished checking consistency.
INFO: [SCHED 204-11] Start scheduling optimization (solving LP) ...
INFO: [SCHED 204-11] Finished scheduling optimization.
INFO: [SCHED 204-11] Start constructing STG ...
INFO: [SCHED 204-11] Finished constructing STG.
INFO: [SCHED 204-11] Finished scheduling.
INFO: [HLS 200-111]  Elapsed time: 0.839 seconds; current allocated memory: 306.784 MB.
INFO: [BIND 205-100] Starting micro-architecture generation ...
INFO: [BIND 205-101] Performing variable lifetime analysis.
INFO: [BIND 205-101] Exploring resource sharing.
INFO: [BIND 205-101] Binding ...
INFO: [BIND 205-100] Finished micro-architecture generation.
INFO: [HLS 200-111]  Elapsed time: 0.864 seconds; current allocated memory: 307.799 MB.
INFO: [HLS 200-10] ----------------------------------------------------------------
INFO: [HLS 200-10] -- Generating RTL for module 'v_hscaler_entry154' 
INFO: [HLS 200-10] ----------------------------------------------------------------
INFO: [RTGEN 206-100] Finished creating RTL model for 'v_hscaler_entry154'.
INFO: [HLS 200-111]  Elapsed time: 0.699 seconds; current allocated memory: 308.099 MB.
INFO: [HLS 200-10] ----------------------------------------------------------------
INFO: [HLS 200-10] -- Generating RTL for module 'AXIvideo2MultiPixStr' 
INFO: [HLS 200-10] ----------------------------------------------------------------
INFO: [RTGEN 206-100] Finished creating RTL model for 'AXIvideo2MultiPixStr'.
INFO: [HLS 200-111]  Elapsed time: 0.283 seconds; current allocated memory: 309.168 MB.
INFO: [WVHDL 200-304] Encrypting RTL VHDL done.
INFO: [WVHDL 200-304] Encrypting RTL Verilog done.
INFO: [HLS 200-10] ----------------------------------------------------------------
INFO: [HLS 200-10] -- Generating RTL for module 'reg_ap_uint_9_s' 
INFO: [HLS 200-10] ----------------------------------------------------------------
INFO: [RTGEN 206-100] Finished creating RTL model for 'reg_ap_uint_9_s'.
INFO: [HLS 200-111]  Elapsed time: 0.547 seconds; current allocated memory: 309.013 MB.
INFO: [HLS 200-10] ----------------------------------------------------------------
INFO: [HLS 200-10] -- Generating RTL for module 'hscale_polyphase' 
INFO: [HLS 200-10] ----------------------------------------------------------------
INFO: [SYN 201-210] Renamed object name 'v_hscaler_mux_83_8_1_1' to 'v_hscaler_mux_83_bkb' due to the length limit 20
INFO: [SYN 201-210] Renamed object name 'v_hscaler_mac_muladd_16s_8ns_13ns_24_1_1' to 'v_hscaler_mac_mulcud' due to the length limit 20
INFO: [SYN 201-210] Renamed object name 'v_hscaler_mac_muladd_8ns_16s_13ns_24_1_1' to 'v_hscaler_mac_muldEe' due to the length limit 20
INFO: [SYN 201-210] Renamed object name 'v_hscaler_mac_muladd_16s_8ns_24s_25_1_1' to 'v_hscaler_mac_muleOg' due to the length limit 20
INFO: [SYN 201-210] Renamed object name 'v_hscaler_mac_muladd_8ns_16s_24s_25_1_1' to 'v_hscaler_mac_mulfYi' due to the length limit 20
INFO: [SYN 201-210] Renamed object name 'v_hscaler_mac_muladd_16s_8ns_25s_26_1_1' to 'v_hscaler_mac_mulg8j' due to the length limit 20
INFO: [SYN 201-210] Renamed object name 'v_hscaler_mac_muladd_8ns_16s_25s_26_1_1' to 'v_hscaler_mac_mulhbi' due to the length limit 20
INFO: [SYN 201-210] Renamed object name 'v_hscaler_mac_muladd_16s_8ns_26s_26_1_1' to 'v_hscaler_mac_mulibs' due to the length limit 20
INFO: [SYN 201-210] Renamed object name 'v_hscaler_mac_muladd_8ns_16s_26s_26_1_1' to 'v_hscaler_mac_muljbC' due to the length limit 20
INFO: [SYN 201-210] Renamed object name 'v_hscaler_mac_muladd_8ns_16s_26s_27_1_1' to 'v_hscaler_mac_mulkbM' due to the length limit 20
INFO: [SYN 201-210] Renamed object name 'v_hscaler_mac_muladd_16s_8ns_26s_27_1_1' to 'v_hscaler_mac_mullbW' due to the length limit 20
INFO: [SYN 201-210] Renamed object name 'v_hscaler_mac_muladd_16s_8ns_27s_27_1_1' to 'v_hscaler_mac_mulmb6' due to the length limit 20
INFO: [RTGEN 206-100] Generating core module 'v_hscaler_mac_mulcud': 1 instance(s).
INFO: [RTGEN 206-100] Generating core module 'v_hscaler_mac_muldEe': 2 instance(s).
INFO: [RTGEN 206-100] Generating core module 'v_hscaler_mac_muleOg': 1 instance(s).
INFO: [RTGEN 206-100] Generating core module 'v_hscaler_mac_mulfYi': 2 instance(s).
INFO: [RTGEN 206-100] Generating core module 'v_hscaler_mac_mulg8j': 1 instance(s).
INFO: [RTGEN 206-100] Generating core module 'v_hscaler_mac_mulhbi': 2 instance(s).
INFO: [RTGEN 206-100] Generating core module 'v_hscaler_mac_mulibs': 1 instance(s).
INFO: [RTGEN 206-100] Generating core module 'v_hscaler_mac_muljbC': 2 instance(s).
INFO: [RTGEN 206-100] Generating core module 'v_hscaler_mac_mulkbM': 1 instance(s).
INFO: [RTGEN 206-100] Generating core module 'v_hscaler_mac_mullbW': 2 instance(s).
INFO: [RTGEN 206-100] Generating core module 'v_hscaler_mac_mulmb6': 3 instance(s).
INFO: [RTGEN 206-100] Generating core module 'v_hscaler_mux_83_bkb': 3 instance(s).
INFO: [RTGEN 206-100] Finished creating RTL model for 'hscale_polyphase'.
INFO: [HLS 200-111]  Elapsed time: 0.401 seconds; current allocated memory: 310.721 MB.
INFO: [WVHDL 200-304] Encrypting RTL VHDL done.
INFO: [WVHDL 200-304] Encrypting RTL Verilog done.
INFO: [HLS 200-10] ----------------------------------------------------------------
INFO: [HLS 200-10] -- Generating RTL for module 'hscale_core_polyphas' 
INFO: [HLS 200-10] ----------------------------------------------------------------
INFO: [SYN 201-210] Renamed object name 'hscale_core_polyphas_FiltCoeff_0_0' to 'hscale_core_polypncg' due to the length limit 20
INFO: [SYN 201-210] Renamed object name 'hscale_core_polyphas_FiltCoeff_1_0' to 'hscale_core_polypocq' due to the length limit 20
INFO: [SYN 201-210] Renamed object name 'hscale_core_polyphas_FiltCoeff_2_0' to 'hscale_core_polyppcA' due to the length limit 20
INFO: [SYN 201-210] Renamed object name 'hscale_core_polyphas_FiltCoeff_3_0' to 'hscale_core_polypqcK' due to the length limit 20
INFO: [SYN 201-210] Renamed object name 'hscale_core_polyphas_FiltCoeff_4_0' to 'hscale_core_polyprcU' due to the length limit 20
INFO: [SYN 201-210] Renamed object name 'hscale_core_polyphas_FiltCoeff_5_0' to 'hscale_core_polypsc4' due to the length limit 20
INFO: [RTGEN 206-100] Finished creating RTL model for 'hscale_core_polyphas'.
INFO: [HLS 200-111]  Elapsed time: 1.259 seconds; current allocated memory: 312.457 MB.
INFO: [WVHDL 200-304] Encrypting RTL VHDL done.
INFO: [WVHDL 200-304] Encrypting RTL Verilog done.
INFO: [HLS 200-10] ----------------------------------------------------------------
INFO: [HLS 200-10] -- Generating RTL for module 'Block_crit_edge713' 
INFO: [HLS 200-10] ----------------------------------------------------------------
INFO: [RTGEN 206-100] Finished creating RTL model for 'Block_crit_edge713'.
INFO: [HLS 200-111]  Elapsed time: 1.429 seconds; current allocated memory: 312.706 MB.
INFO: [WVHDL 200-304] Encrypting RTL VHDL done.
INFO: [WVHDL 200-304] Encrypting RTL Verilog done.
INFO: [HLS 200-10] ----------------------------------------------------------------
INFO: [HLS 200-10] -- Generating RTL for module 'v_csc_core' 
INFO: [HLS 200-10] ----------------------------------------------------------------
INFO: [SYN 201-210] Renamed object name 'v_hscaler_mul_mul_11ns_8ns_18_1_1' to 'v_hscaler_mul_multde' due to the length limit 20
INFO: [SYN 201-210] Renamed object name 'v_hscaler_mac_muladd_8ns_8ns_18ns_18_1_1' to 'v_hscaler_mac_muludo' due to the length limit 20
INFO: [SYN 201-210] Renamed object name 'v_hscaler_mul_mul_12ns_8s_20_1_1' to 'v_hscaler_mul_mulvdy' due to the length limit 20
INFO: [SYN 201-210] Renamed object name 'v_hscaler_mul_mul_11ns_8s_18_1_1' to 'v_hscaler_mul_mulwdI' due to the length limit 20
INFO: [SYN 201-210] Renamed object name 'v_hscaler_mac_muladd_10ns_8ns_18ns_18_1_1' to 'v_hscaler_mac_mulxdS' due to the length limit 20
INFO: [SYN 201-210] Renamed object name 'v_hscaler_mac_muladd_10ns_8s_18s_18_1_1' to 'v_hscaler_mac_mulyd2' due to the length limit 20
INFO: [SYN 201-210] Renamed object name 'v_hscaler_mul_mul_13ns_8s_21_1_1' to 'v_hscaler_mul_mulzec' due to the length limit 20
INFO: [SYN 201-210] Renamed object name 'v_hscaler_mul_mul_11ns_9s_20_1_1' to 'v_hscaler_mul_mulAem' due to the length limit 20
INFO: [RTGEN 206-100] Generating core module 'v_hscaler_mac_muludo': 1 instance(s).
INFO: [RTGEN 206-100] Generating core module 'v_hscaler_mac_mulxdS': 1 instance(s).
INFO: [RTGEN 206-100] Generating core module 'v_hscaler_mac_mulyd2': 1 instance(s).
INFO: [RTGEN 206-100] Generating core module 'v_hscaler_mul_mulAem': 1 instance(s).
INFO: [RTGEN 206-100] Generating core module 'v_hscaler_mul_multde': 1 instance(s).
INFO: [RTGEN 206-100] Generating core module 'v_hscaler_mul_mulvdy': 1 instance(s).
INFO: [RTGEN 206-100] Generating core module 'v_hscaler_mul_mulwdI': 1 instance(s).
INFO: [RTGEN 206-100] Generating core module 'v_hscaler_mul_mulzec': 1 instance(s).
INFO: [RTGEN 206-100] Finished creating RTL model for 'v_csc_core'.
INFO: [HLS 200-111]  Elapsed time: 0.33 seconds; current allocated memory: 313.714 MB.
INFO: [WVHDL 200-304] Encrypting RTL VHDL done.
INFO: [WVHDL 200-304] Encrypting RTL Verilog done.
INFO: [HLS 200-10] ----------------------------------------------------------------
INFO: [HLS 200-10] -- Generating RTL for module 'MultiPixStream2AXIvi' 
INFO: [HLS 200-10] ----------------------------------------------------------------
INFO: [SYN 201-210] Renamed object name 'MultiPixStream2AXIvi_mapComp' to 'MultiPixStream2AXBew' due to the length limit 20
INFO: [SYN 201-210] Renamed object name 'v_hscaler_mux_32_8_1_1' to 'v_hscaler_mux_32_CeG' due to the length limit 20
INFO: [RTGEN 206-100] Generating core module 'v_hscaler_mux_32_CeG': 3 instance(s).
INFO: [RTGEN 206-100] Finished creating RTL model for 'MultiPixStream2AXIvi'.
INFO: [HLS 200-111]  Elapsed time: 0.69 seconds; current allocated memory: 314.388 MB.
INFO: [WVHDL 200-304] Encrypting RTL VHDL done.
INFO: [WVHDL 200-304] Encrypting RTL Verilog done.
INFO: [HLS 200-10] ----------------------------------------------------------------
INFO: [HLS 200-10] -- Generating RTL for module 'v_hscaler' 
INFO: [HLS 200-10] ----------------------------------------------------------------
INFO: [RTGEN 206-500] Setting interface mode on port 'v_hscaler/s_axis_video_V_data_V' to 'axis' (register, both mode).
INFO: [RTGEN 206-500] Setting interface mode on port 'v_hscaler/s_axis_video_V_keep_V' to 'axis' (register, both mode).
INFO: [RTGEN 206-500] Setting interface mode on port 'v_hscaler/s_axis_video_V_strb_V' to 'axis' (register, both mode).
INFO: [RTGEN 206-500] Setting interface mode on port 'v_hscaler/s_axis_video_V_user_V' to 'axis' (register, both mode).
INFO: [RTGEN 206-500] Setting interface mode on port 'v_hscaler/s_axis_video_V_last_V' to 'axis' (register, both mode).
INFO: [RTGEN 206-500] Setting interface mode on port 'v_hscaler/s_axis_video_V_id_V' to 'axis' (register, both mode).
INFO: [RTGEN 206-500] Setting interface mode on port 'v_hscaler/s_axis_video_V_dest_V' to 'axis' (register, both mode).
INFO: [RTGEN 206-500] Setting interface mode on port 'v_hscaler/HwReg_Height' to 's_axilite & ap_none'.
INFO: [RTGEN 206-500] Setting interface mode on port 'v_hscaler/HwReg_WidthIn' to 's_axilite & ap_none'.
INFO: [RTGEN 206-500] Setting interface mode on port 'v_hscaler/HwReg_WidthOut' to 's_axilite & ap_none'.
INFO: [RTGEN 206-500] Setting interface mode on port 'v_hscaler/HwReg_ColorMode' to 's_axilite & ap_none'.
INFO: [RTGEN 206-500] Setting interface mode on port 'v_hscaler/HwReg_PixelRate' to 's_axilite & ap_none'.
INFO: [RTGEN 206-500] Setting interface mode on port 'v_hscaler/HwReg_ColorModeOut' to 's_axilite & ap_none'.
INFO: [RTGEN 206-500] Setting interface mode on port 'v_hscaler/HwReg_hfltCoeff' to 's_axilite & ap_memory'.
INFO: [RTGEN 206-500] Setting interface mode on port 'v_hscaler/HwReg_phasesH_V' to 's_axilite & ap_memory'.
INFO: [RTGEN 206-500] Setting interface mode on port 'v_hscaler/m_axis_video_V_data_V' to 'axis' (register, both mode).
INFO: [RTGEN 206-500] Setting interface mode on port 'v_hscaler/m_axis_video_V_keep_V' to 'axis' (register, both mode).
INFO: [RTGEN 206-500] Setting interface mode on port 'v_hscaler/m_axis_video_V_strb_V' to 'axis' (register, both mode).
INFO: [RTGEN 206-500] Setting interface mode on port 'v_hscaler/m_axis_video_V_user_V' to 'axis' (register, both mode).
INFO: [RTGEN 206-500] Setting interface mode on port 'v_hscaler/m_axis_video_V_last_V' to 'axis' (register, both mode).
INFO: [RTGEN 206-500] Setting interface mode on port 'v_hscaler/m_axis_video_V_id_V' to 'axis' (register, both mode).
INFO: [RTGEN 206-500] Setting interface mode on port 'v_hscaler/m_axis_video_V_dest_V' to 'axis' (register, both mode).
INFO: [RTGEN 206-500] Setting interface mode on function 'v_hscaler' to 's_axilite & ap_ctrl_hs'.
INFO: [RTGEN 206-100] Bundling port 'HwReg_hfltCoeff', 'HwReg_phasesH_V', 'return', 'HwReg_Height', 'HwReg_WidthIn', 'HwReg_ColorMode', 'HwReg_PixelRate' and 'HwReg_ColorModeOut' to AXI-Lite port CTRL.
INFO: [SYN 201-210] Renamed object name 'start_for_Block_crit_edge713_U0' to 'start_for_Block_cDeQ' due to the length limit 20
INFO: [SYN 201-210] Renamed object name 'start_for_MultiPixStream2AXIvi_U0' to 'start_for_MultiPiEe0' due to the length limit 20
INFO: [SYN 201-210] Renamed object name 'start_for_v_csc_core_U0' to 'start_for_v_csc_cFfa' due to the length limit 20
INFO: [RTGEN 206-100] Finished creating RTL model for 'v_hscaler'.
INFO: [HLS 200-111]  Elapsed time: 0.802 seconds; current allocated memory: 315.833 MB.
INFO: [WVHDL 200-304] Encrypting RTL VHDL done.
INFO: [WVHDL 200-304] Encrypting RTL Verilog done.
INFO: [RTMG 210-278] Implementing memory 'bd_18aa_hsc_0_hscale_core_polypncg_ram (RAM_1P_LUTRAM)' using distributed RAMs.
INFO: [RTMG 210-279] Implementing memory 'bd_18aa_hsc_0_MultiPixStream2AXBew_rom' using distributed ROMs.
INFO: [RTMG 210-285] Implementing FIFO 'HwReg_Height_c_U(bd_18aa_hsc_0_fifo_w16_d2_A)' using Shift Registers.
INFO: [RTMG 210-285] Implementing FIFO 'HwReg_WidthIn_c_U(bd_18aa_hsc_0_fifo_w16_d2_A)' using Shift Registers.
INFO: [RTMG 210-285] Implementing FIFO 'HwReg_WidthOut_c_U(bd_18aa_hsc_0_fifo_w16_d3_A)' using Shift Registers.
INFO: [RTMG 210-285] Implementing FIFO 'HwReg_ColorMode_c_U(bd_18aa_hsc_0_fifo_w8_d2_A)' using Shift Registers.
INFO: [RTMG 210-285] Implementing FIFO 'HwReg_ColorMode_c18_U(bd_18aa_hsc_0_fifo_w8_d2_A)' using Shift Registers.
INFO: [RTMG 210-285] Implementing FIFO 'HwReg_ColorModeOut_c_U(bd_18aa_hsc_0_fifo_w8_d2_A)' using Shift Registers.
INFO: [RTMG 210-285] Implementing FIFO 'HwReg_ColorModeOut_c_1_U(bd_18aa_hsc_0_fifo_w8_d5_A)' using Shift Registers.
INFO: [RTMG 210-285] Implementing FIFO 'stream_in_V_val_0_V_U(bd_18aa_hsc_0_fifo_w8_d2_A)' using Shift Registers.
INFO: [RTMG 210-285] Implementing FIFO 'stream_in_V_val_1_V_U(bd_18aa_hsc_0_fifo_w8_d2_A)' using Shift Registers.
INFO: [RTMG 210-285] Implementing FIFO 'stream_in_V_val_2_V_U(bd_18aa_hsc_0_fifo_w8_d2_A)' using Shift Registers.
INFO: [RTMG 210-285] Implementing FIFO 'HwReg_Height_c20_U(bd_18aa_hsc_0_fifo_w16_d2_A)' using Shift Registers.
INFO: [RTMG 210-285] Implementing FIFO 'HwReg_WidthIn_c21_U(bd_18aa_hsc_0_fifo_w16_d2_A)' using Shift Registers.
INFO: [RTMG 210-285] Implementing FIFO 'HwReg_ColorMode_c22_U(bd_18aa_hsc_0_fifo_w8_d3_A)' using Shift Registers.
INFO: [RTMG 210-285] Implementing FIFO 'stream_scaled_V_val_s_U(bd_18aa_hsc_0_fifo_w8_d2_A)' using Shift Registers.
INFO: [RTMG 210-285] Implementing FIFO 'stream_scaled_V_val_1_U(bd_18aa_hsc_0_fifo_w8_d2_A)' using Shift Registers.
INFO: [RTMG 210-285] Implementing FIFO 'stream_scaled_V_val_2_U(bd_18aa_hsc_0_fifo_w8_d2_A)' using Shift Registers.
INFO: [RTMG 210-285] Implementing FIFO 'HwReg_Height_c23_U(bd_18aa_hsc_0_fifo_w16_d2_A)' using Shift Registers.
INFO: [RTMG 210-285] Implementing FIFO 'HwReg_WidthOut_c24_U(bd_18aa_hsc_0_fifo_w16_d2_A)' using Shift Registers.
INFO: [RTMG 210-285] Implementing FIFO 'bPassThruCsc_loc_c_U(bd_18aa_hsc_0_fifo_w1_d3_A)' using Shift Registers.
INFO: [RTMG 210-285] Implementing FIFO 'stream_scaled_csc_V_s_U(bd_18aa_hsc_0_fifo_w8_d2_A)' using Shift Registers.
INFO: [RTMG 210-285] Implementing FIFO 'stream_scaled_csc_V_1_U(bd_18aa_hsc_0_fifo_w8_d2_A)' using Shift Registers.
INFO: [RTMG 210-285] Implementing FIFO 'stream_scaled_csc_V_2_U(bd_18aa_hsc_0_fifo_w8_d2_A)' using Shift Registers.
INFO: [RTMG 210-285] Implementing FIFO 'HwReg_Height_c25_U(bd_18aa_hsc_0_fifo_w16_d2_A)' using Shift Registers.
INFO: [RTMG 210-285] Implementing FIFO 'HwReg_WidthOut_c26_U(bd_18aa_hsc_0_fifo_w16_d2_A)' using Shift Registers.
INFO: [RTMG 210-285] Implementing FIFO 'start_for_Block_cDeQ_U(bd_18aa_hsc_0_start_for_Block_cDeQ)' using Shift Registers.
INFO: [RTMG 210-285] Implementing FIFO 'start_for_MultiPiEe0_U(bd_18aa_hsc_0_start_for_MultiPiEe0)' using Shift Registers.
INFO: [RTMG 210-285] Implementing FIFO 'start_for_v_csc_cFfa_U(bd_18aa_hsc_0_start_for_v_csc_cFfa)' using Shift Registers.
INFO: [HLS 200-111] Finished generating all RTL models Time (s): cpu = 00:00:14 ; elapsed = 00:00:54 . Memory (MB): peak = 886.742 ; gain = 792.754
INFO: [VHDL 208-304] Generating VHDL RTL for v_hscaler with prefix bd_18aa_hsc_0_.
INFO: [VLOG 209-307] Generating Verilog RTL for v_hscaler with prefix bd_18aa_hsc_0_.
INFO: [IMPL 213-8] Exporting RTL as a Vivado IP.

****** Vivado v2020.1 (64-bit)
  **** SW Build 2902540 on Wed May 27 19:54:49 MDT 2020
  **** IP Build 2902112 on Wed May 27 22:43:36 MDT 2020
    ** Copyright 1986-2020 Xilinx, Inc. All Rights Reserved.

source run_ippack.tcl -notrace
INFO: [IP_Flow 19-234] Refreshing IP repositories
INFO: [IP_Flow 19-1704] No user IP repositories specified
INFO: [IP_Flow 19-2313] Loaded Vivado IP repository 'C:/Xilinx/Vivado/2020.1/data/ip'.
INFO: [Common 17-206] Exiting Vivado at Sun Mar  9 22:34:32 2025...
INFO: [HLS 200-112] Total elapsed time: 61.699 seconds; peak allocated memory: 315.833 MB.
INFO: [Common 17-206] Exiting vivado_hls at Sun Mar  9 22:34:32 2025...
