
*** Running vivado
    with args -log bd_198a_smartconnect_0_0.vds -m64 -product Vivado -mode batch -messageDb vivado.pb -notrace -source bd_198a_smartconnect_0_0.tcl



****** Vivado v2020.1 (64-bit)
  **** SW Build 2902540 on Wed May 27 19:54:49 MDT 2020
  **** IP Build 2902112 on Wed May 27 22:43:36 MDT 2020
    ** Copyright 1986-2020 Xilinx, Inc. All Rights Reserved.

source bd_198a_smartconnect_0_0.tcl -notrace
INFO: [IP_Flow 19-234] Refreshing IP repositories
INFO: [IP_Flow 19-1700] Loaded user IP repository 'c:/Users/jaxie963/Temp/cpre488-mp2/project_1/project_1.ipdefs/IP_0_0'.
INFO: [IP_Flow 19-1700] Loaded user IP repository 'c:/Users/jaxie963/Temp/cpre488-mp2/hw/IP'.
INFO: [IP_Flow 19-2313] Loaded Vivado IP repository 'C:/Xilinx/Vivado/2020.1/data/ip'.
WARNING: [IP_Flow 19-1663] Duplicate IP found for 'avnet:avnet_hdmi:avnet_hdmi_out:3.1'. The one found in IP location 'c:/Users/jaxie963/Temp/cpre488-mp2/project_1/project_1.ipdefs/IP_0_0/avnet_hdmi_out' will take precedence over the same IP in location c:/Users/jaxie963/Temp/cpre488-mp2/hw/IP/avnet_hdmi_out
WARNING: [IP_Flow 19-4830] Duplicate Interface found for 'avnet.com:interface:avnet_ali3:1.0'. The one found in location 'c:/Users/jaxie963/Temp/cpre488-mp2/project_1/project_1.ipdefs/IP_0_0/interfaces/avnet_ali3.xml' will take precedence over the same Interface in location 'c:/Users/jaxie963/Temp/cpre488-mp2/hw/IP/interfaces/avnet_ali3.xml'
WARNING: [IP_Flow 19-4830] Duplicate Interface found for 'avnet.com:interface:avnet_hdmi:2.0'. The one found in location 'c:/Users/jaxie963/Temp/cpre488-mp2/project_1/project_1.ipdefs/IP_0_0/interfaces/avnet_hdmi.xml' will take precedence over the same Interface in location 'c:/Users/jaxie963/Temp/cpre488-mp2/hw/IP/interfaces/avnet_hdmi.xml'
WARNING: [IP_Flow 19-4830] Duplicate Interface found for 'avnet.com:interface:onsemi_vita_cam:1.0'. The one found in location 'c:/Users/jaxie963/Temp/cpre488-mp2/project_1/project_1.ipdefs/IP_0_0/interfaces/onsemi_vita_cam.xml' will take precedence over the same Interface in location 'c:/Users/jaxie963/Temp/cpre488-mp2/hw/IP/interfaces/onsemi_vita_cam.xml'
WARNING: [IP_Flow 19-4830] Duplicate Interface found for 'avnet.com:interface:onsemi_vita_spi:1.0'. The one found in location 'c:/Users/jaxie963/Temp/cpre488-mp2/project_1/project_1.ipdefs/IP_0_0/interfaces/onsemi_vita_spi.xml' will take precedence over the same Interface in location 'c:/Users/jaxie963/Temp/cpre488-mp2/hw/IP/interfaces/onsemi_vita_spi.xml'
WARNING: [IP_Flow 19-4830] Duplicate Interface found for 'avnet.com:user:SF_SM_Master_Bus:1.0'. The one found in location 'c:/Users/jaxie963/Temp/cpre488-mp2/project_1/project_1.ipdefs/IP_0_0/interfaces/SF_SM_Master_Bus.xml' will take precedence over the same Interface in location 'c:/Users/jaxie963/Temp/cpre488-mp2/hw/IP/interfaces/SF_SM_Master_Bus.xml'
Command: synth_design -top bd_198a_smartconnect_0_0 -part xc7z020clg484-1 -mode out_of_context
Starting synth_design
Attempting to get a license for feature 'Synthesis' and/or device 'xc7z020'
INFO: [Common 17-349] Got license for feature 'Synthesis' and/or device 'xc7z020'
INFO: [Device 21-403] Loading part xc7z020clg484-1
INFO: [Synth 8-7079] Multithreading enabled for synth_design using a maximum of 2 processes.
INFO: [Synth 8-7078] Launching helper process for spawning children vivado processes
INFO: [Synth 8-7075] Helper process launched with PID 16180
---------------------------------------------------------------------------------
Starting RTL Elaboration : Time (s): cpu = 00:00:02 ; elapsed = 00:00:05 . Memory (MB): peak = 993.590 ; gain = 0.000
---------------------------------------------------------------------------------
INFO: [Synth 8-6157] synthesizing module 'bd_198a_smartconnect_0_0' [c:/Users/jaxie963/Temp/cpre488-mp2/project_1/project_1.srcs/sources_1/bd/design_1/ip/design_1_v_proc_ss_2_0/bd_0/ip/ip_0/synth/bd_198a_smartconnect_0_0.v:57]
INFO: [Synth 8-6157] synthesizing module 'bd_b2a2' [c:/Users/jaxie963/Temp/cpre488-mp2/project_1/project_1.srcs/sources_1/bd/design_1/ip/design_1_v_proc_ss_2_0/bd_1/synth/bd_b2a2.v:10]
INFO: [Synth 8-6157] synthesizing module 'clk_map_imp_BG45EY' [c:/Users/jaxie963/Temp/cpre488-mp2/project_1/project_1.srcs/sources_1/bd/design_1/ip/design_1_v_proc_ss_2_0/bd_1/synth/bd_b2a2.v:3546]
INFO: [Synth 8-6157] synthesizing module 'bd_b2a2_one_0' [c:/Users/jaxie963/Temp/cpre488-mp2/project_1/project_1.srcs/sources_1/bd/design_1/ip/design_1_v_proc_ss_2_0/bd_1/ip/ip_0/synth/bd_b2a2_one_0.v:57]
INFO: [Synth 8-6157] synthesizing module 'xlconstant_v1_1_7_xlconstant' [c:/Users/jaxie963/Temp/cpre488-mp2/project_1/project_1.srcs/sources_1/bd/design_1/ipshared/fcfc/hdl/xlconstant_v1_1_vl_rfs.v:23]
	Parameter CONST_VAL bound to: 1 - type: integer 
	Parameter CONST_WIDTH bound to: 1 - type: integer 
INFO: [Synth 8-6155] done synthesizing module 'xlconstant_v1_1_7_xlconstant' (1#1) [c:/Users/jaxie963/Temp/cpre488-mp2/project_1/project_1.srcs/sources_1/bd/design_1/ipshared/fcfc/hdl/xlconstant_v1_1_vl_rfs.v:23]
INFO: [Synth 8-6155] done synthesizing module 'bd_b2a2_one_0' (2#1) [c:/Users/jaxie963/Temp/cpre488-mp2/project_1/project_1.srcs/sources_1/bd/design_1/ip/design_1_v_proc_ss_2_0/bd_1/ip/ip_0/synth/bd_b2a2_one_0.v:57]
INFO: [Synth 8-638] synthesizing module 'bd_b2a2_psr_aclk_0' [c:/Users/jaxie963/Temp/cpre488-mp2/project_1/project_1.srcs/sources_1/bd/design_1/ip/design_1_v_proc_ss_2_0/bd_1/ip/ip_1/synth/bd_b2a2_psr_aclk_0.vhd:74]
	Parameter C_FAMILY bound to: zynq - type: string 
	Parameter C_EXT_RST_WIDTH bound to: 4 - type: integer 
	Parameter C_AUX_RST_WIDTH bound to: 1 - type: integer 
	Parameter C_EXT_RESET_HIGH bound to: 1'b0 
	Parameter C_AUX_RESET_HIGH bound to: 1'b0 
	Parameter C_NUM_BUS_RST bound to: 1 - type: integer 
	Parameter C_NUM_PERP_RST bound to: 1 - type: integer 
	Parameter C_NUM_INTERCONNECT_ARESETN bound to: 1 - type: integer 
	Parameter C_NUM_PERP_ARESETN bound to: 1 - type: integer 
INFO: [Synth 8-3491] module 'proc_sys_reset' declared at 'c:/Users/jaxie963/Temp/cpre488-mp2/project_1/project_1.srcs/sources_1/bd/design_1/ipshared/8842/hdl/proc_sys_reset_v5_0_vh_rfs.vhd:1264' bound to instance 'U0' of component 'proc_sys_reset' [c:/Users/jaxie963/Temp/cpre488-mp2/project_1/project_1.srcs/sources_1/bd/design_1/ip/design_1_v_proc_ss_2_0/bd_1/ip/ip_1/synth/bd_b2a2_psr_aclk_0.vhd:129]
INFO: [Synth 8-638] synthesizing module 'proc_sys_reset' [c:/Users/jaxie963/Temp/cpre488-mp2/project_1/project_1.srcs/sources_1/bd/design_1/ipshared/8842/hdl/proc_sys_reset_v5_0_vh_rfs.vhd:1323]
	Parameter C_FAMILY bound to: zynq - type: string 
	Parameter C_EXT_RST_WIDTH bound to: 4 - type: integer 
	Parameter C_AUX_RST_WIDTH bound to: 1 - type: integer 
	Parameter C_EXT_RESET_HIGH bound to: 1'b0 
	Parameter C_AUX_RESET_HIGH bound to: 1'b0 
	Parameter C_NUM_BUS_RST bound to: 1 - type: integer 
	Parameter C_NUM_PERP_RST bound to: 1 - type: integer 
	Parameter C_NUM_INTERCONNECT_ARESETN bound to: 1 - type: integer 
	Parameter C_NUM_PERP_ARESETN bound to: 1 - type: integer 
	Parameter INIT bound to: 1'b1 
	Parameter IS_C_INVERTED bound to: 1'b0 
	Parameter IS_D_INVERTED bound to: 1'b0 
	Parameter IS_R_INVERTED bound to: 1'b0 
INFO: [Synth 8-113] binding component instance 'FDRE_inst' to cell 'FDRE' [c:/Users/jaxie963/Temp/cpre488-mp2/project_1/project_1.srcs/sources_1/bd/design_1/ipshared/8842/hdl/proc_sys_reset_v5_0_vh_rfs.vhd:1392]
	Parameter INIT bound to: 1'b1 
	Parameter IS_C_INVERTED bound to: 1'b0 
	Parameter IS_D_INVERTED bound to: 1'b0 
	Parameter IS_R_INVERTED bound to: 1'b0 
INFO: [Synth 8-113] binding component instance 'FDRE_BSR' to cell 'FDRE' [c:/Users/jaxie963/Temp/cpre488-mp2/project_1/project_1.srcs/sources_1/bd/design_1/ipshared/8842/hdl/proc_sys_reset_v5_0_vh_rfs.vhd:1408]
	Parameter INIT bound to: 1'b0 
	Parameter IS_C_INVERTED bound to: 1'b0 
	Parameter IS_D_INVERTED bound to: 1'b0 
	Parameter IS_R_INVERTED bound to: 1'b0 
INFO: [Synth 8-113] binding component instance 'FDRE_BSR_N' to cell 'FDRE' [c:/Users/jaxie963/Temp/cpre488-mp2/project_1/project_1.srcs/sources_1/bd/design_1/ipshared/8842/hdl/proc_sys_reset_v5_0_vh_rfs.vhd:1434]
	Parameter INIT bound to: 1'b1 
	Parameter IS_C_INVERTED bound to: 1'b0 
	Parameter IS_D_INVERTED bound to: 1'b0 
	Parameter IS_R_INVERTED bound to: 1'b0 
INFO: [Synth 8-113] binding component instance 'FDRE_PER' to cell 'FDRE' [c:/Users/jaxie963/Temp/cpre488-mp2/project_1/project_1.srcs/sources_1/bd/design_1/ipshared/8842/hdl/proc_sys_reset_v5_0_vh_rfs.vhd:1457]
	Parameter INIT bound to: 1'b0 
	Parameter IS_C_INVERTED bound to: 1'b0 
	Parameter IS_D_INVERTED bound to: 1'b0 
	Parameter IS_R_INVERTED bound to: 1'b0 
INFO: [Synth 8-113] binding component instance 'FDRE_PER_N' to cell 'FDRE' [c:/Users/jaxie963/Temp/cpre488-mp2/project_1/project_1.srcs/sources_1/bd/design_1/ipshared/8842/hdl/proc_sys_reset_v5_0_vh_rfs.vhd:1481]
INFO: [Synth 8-638] synthesizing module 'lpf' [c:/Users/jaxie963/Temp/cpre488-mp2/project_1/project_1.srcs/sources_1/bd/design_1/ipshared/8842/hdl/proc_sys_reset_v5_0_vh_rfs.vhd:816]
	Parameter C_EXT_RST_WIDTH bound to: 4 - type: integer 
	Parameter C_AUX_RST_WIDTH bound to: 1 - type: integer 
	Parameter C_EXT_RESET_HIGH bound to: 1'b0 
	Parameter C_AUX_RESET_HIGH bound to: 1'b0 
INFO: [Synth 8-3491] module 'SRL16' declared at 'C:/Xilinx/Vivado/2020.1/scripts/rt/data/unisim_comp.v:78043' bound to instance 'POR_SRL_I' of component 'SRL16' [c:/Users/jaxie963/Temp/cpre488-mp2/project_1/project_1.srcs/sources_1/bd/design_1/ipshared/8842/hdl/proc_sys_reset_v5_0_vh_rfs.vhd:868]
INFO: [Synth 8-6157] synthesizing module 'SRL16' [C:/Xilinx/Vivado/2020.1/scripts/rt/data/unisim_comp.v:78043]
	Parameter INIT bound to: 16'b0000000000000000 
INFO: [Synth 8-6155] done synthesizing module 'SRL16' (3#1) [C:/Xilinx/Vivado/2020.1/scripts/rt/data/unisim_comp.v:78043]
INFO: [Synth 8-638] synthesizing module 'cdc_sync' [c:/Users/jaxie963/Temp/cpre488-mp2/project_1/project_1.srcs/sources_1/bd/design_1/ipshared/ef1e/hdl/lib_cdc_v1_0_rfs.vhd:106]
	Parameter C_CDC_TYPE bound to: 1 - type: integer 
	Parameter C_RESET_STATE bound to: 0 - type: integer 
	Parameter C_SINGLE_BIT bound to: 1 - type: integer 
	Parameter C_FLOP_INPUT bound to: 0 - type: integer 
	Parameter C_VECTOR_WIDTH bound to: 2 - type: integer 
	Parameter C_MTBF_STAGES bound to: 4 - type: integer 
	Parameter INIT bound to: 1'b0 
INFO: [Synth 8-113] binding component instance 'CROSS_PLEVEL_IN2SCNDRY_IN_cdc_to' to cell 'FDR' [c:/Users/jaxie963/Temp/cpre488-mp2/project_1/project_1.srcs/sources_1/bd/design_1/ipshared/ef1e/hdl/lib_cdc_v1_0_rfs.vhd:514]
	Parameter INIT bound to: 1'b0 
INFO: [Synth 8-113] binding component instance 'CROSS_PLEVEL_IN2SCNDRY_s_level_out_d2' to cell 'FDR' [c:/Users/jaxie963/Temp/cpre488-mp2/project_1/project_1.srcs/sources_1/bd/design_1/ipshared/ef1e/hdl/lib_cdc_v1_0_rfs.vhd:545]
	Parameter INIT bound to: 1'b0 
INFO: [Synth 8-113] binding component instance 'CROSS_PLEVEL_IN2SCNDRY_s_level_out_d3' to cell 'FDR' [c:/Users/jaxie963/Temp/cpre488-mp2/project_1/project_1.srcs/sources_1/bd/design_1/ipshared/ef1e/hdl/lib_cdc_v1_0_rfs.vhd:554]
	Parameter INIT bound to: 1'b0 
INFO: [Synth 8-113] binding component instance 'CROSS_PLEVEL_IN2SCNDRY_s_level_out_d4' to cell 'FDR' [c:/Users/jaxie963/Temp/cpre488-mp2/project_1/project_1.srcs/sources_1/bd/design_1/ipshared/ef1e/hdl/lib_cdc_v1_0_rfs.vhd:564]
	Parameter INIT bound to: 1'b0 
INFO: [Synth 8-113] binding component instance 'CROSS_PLEVEL_IN2SCNDRY_s_level_out_d5' to cell 'FDR' [c:/Users/jaxie963/Temp/cpre488-mp2/project_1/project_1.srcs/sources_1/bd/design_1/ipshared/ef1e/hdl/lib_cdc_v1_0_rfs.vhd:574]
	Parameter INIT bound to: 1'b0 
INFO: [Synth 8-113] binding component instance 'CROSS_PLEVEL_IN2SCNDRY_s_level_out_d6' to cell 'FDR' [c:/Users/jaxie963/Temp/cpre488-mp2/project_1/project_1.srcs/sources_1/bd/design_1/ipshared/ef1e/hdl/lib_cdc_v1_0_rfs.vhd:584]
INFO: [Synth 8-256] done synthesizing module 'cdc_sync' (4#1) [c:/Users/jaxie963/Temp/cpre488-mp2/project_1/project_1.srcs/sources_1/bd/design_1/ipshared/ef1e/hdl/lib_cdc_v1_0_rfs.vhd:106]
INFO: [Synth 8-256] done synthesizing module 'lpf' (5#1) [c:/Users/jaxie963/Temp/cpre488-mp2/project_1/project_1.srcs/sources_1/bd/design_1/ipshared/8842/hdl/proc_sys_reset_v5_0_vh_rfs.vhd:816]
INFO: [Synth 8-638] synthesizing module 'sequence_psr' [c:/Users/jaxie963/Temp/cpre488-mp2/project_1/project_1.srcs/sources_1/bd/design_1/ipshared/8842/hdl/proc_sys_reset_v5_0_vh_rfs.vhd:301]
INFO: [Synth 8-638] synthesizing module 'upcnt_n' [c:/Users/jaxie963/Temp/cpre488-mp2/project_1/project_1.srcs/sources_1/bd/design_1/ipshared/8842/hdl/proc_sys_reset_v5_0_vh_rfs.vhd:125]
	Parameter C_SIZE bound to: 6 - type: integer 
INFO: [Synth 8-256] done synthesizing module 'upcnt_n' (6#1) [c:/Users/jaxie963/Temp/cpre488-mp2/project_1/project_1.srcs/sources_1/bd/design_1/ipshared/8842/hdl/proc_sys_reset_v5_0_vh_rfs.vhd:125]
INFO: [Synth 8-256] done synthesizing module 'sequence_psr' (7#1) [c:/Users/jaxie963/Temp/cpre488-mp2/project_1/project_1.srcs/sources_1/bd/design_1/ipshared/8842/hdl/proc_sys_reset_v5_0_vh_rfs.vhd:301]
INFO: [Synth 8-256] done synthesizing module 'proc_sys_reset' (8#1) [c:/Users/jaxie963/Temp/cpre488-mp2/project_1/project_1.srcs/sources_1/bd/design_1/ipshared/8842/hdl/proc_sys_reset_v5_0_vh_rfs.vhd:1323]
INFO: [Synth 8-256] done synthesizing module 'bd_b2a2_psr_aclk_0' (9#1) [c:/Users/jaxie963/Temp/cpre488-mp2/project_1/project_1.srcs/sources_1/bd/design_1/ip/design_1_v_proc_ss_2_0/bd_1/ip/ip_1/synth/bd_b2a2_psr_aclk_0.vhd:74]
WARNING: [Synth 8-7071] port 'mb_reset' of module 'bd_b2a2_psr_aclk_0' is unconnected for instance 'psr_aclk' [c:/Users/jaxie963/Temp/cpre488-mp2/project_1/project_1.srcs/sources_1/bd/design_1/ip/design_1_v_proc_ss_2_0/bd_1/synth/bd_b2a2.v:3655]
WARNING: [Synth 8-7071] port 'bus_struct_reset' of module 'bd_b2a2_psr_aclk_0' is unconnected for instance 'psr_aclk' [c:/Users/jaxie963/Temp/cpre488-mp2/project_1/project_1.srcs/sources_1/bd/design_1/ip/design_1_v_proc_ss_2_0/bd_1/synth/bd_b2a2.v:3655]
WARNING: [Synth 8-7071] port 'peripheral_reset' of module 'bd_b2a2_psr_aclk_0' is unconnected for instance 'psr_aclk' [c:/Users/jaxie963/Temp/cpre488-mp2/project_1/project_1.srcs/sources_1/bd/design_1/ip/design_1_v_proc_ss_2_0/bd_1/synth/bd_b2a2.v:3655]
WARNING: [Synth 8-7071] port 'peripheral_aresetn' of module 'bd_b2a2_psr_aclk_0' is unconnected for instance 'psr_aclk' [c:/Users/jaxie963/Temp/cpre488-mp2/project_1/project_1.srcs/sources_1/bd/design_1/ip/design_1_v_proc_ss_2_0/bd_1/synth/bd_b2a2.v:3655]
WARNING: [Synth 8-7023] instance 'psr_aclk' of module 'bd_b2a2_psr_aclk_0' has 10 connections declared, but only 6 given [c:/Users/jaxie963/Temp/cpre488-mp2/project_1/project_1.srcs/sources_1/bd/design_1/ip/design_1_v_proc_ss_2_0/bd_1/synth/bd_b2a2.v:3655]
INFO: [Synth 8-6155] done synthesizing module 'clk_map_imp_BG45EY' (10#1) [c:/Users/jaxie963/Temp/cpre488-mp2/project_1/project_1.srcs/sources_1/bd/design_1/ip/design_1_v_proc_ss_2_0/bd_1/synth/bd_b2a2.v:3546]
WARNING: [Synth 8-7071] port 'M06_ACLK' of module 'clk_map_imp_BG45EY' is unconnected for instance 'clk_map' [c:/Users/jaxie963/Temp/cpre488-mp2/project_1/project_1.srcs/sources_1/bd/design_1/ip/design_1_v_proc_ss_2_0/bd_1/synth/bd_b2a2.v:1818]
WARNING: [Synth 8-7071] port 'M06_ARESETN' of module 'clk_map_imp_BG45EY' is unconnected for instance 'clk_map' [c:/Users/jaxie963/Temp/cpre488-mp2/project_1/project_1.srcs/sources_1/bd/design_1/ip/design_1_v_proc_ss_2_0/bd_1/synth/bd_b2a2.v:1818]
WARNING: [Synth 8-7071] port 'M07_ACLK' of module 'clk_map_imp_BG45EY' is unconnected for instance 'clk_map' [c:/Users/jaxie963/Temp/cpre488-mp2/project_1/project_1.srcs/sources_1/bd/design_1/ip/design_1_v_proc_ss_2_0/bd_1/synth/bd_b2a2.v:1818]
WARNING: [Synth 8-7071] port 'M07_ARESETN' of module 'clk_map_imp_BG45EY' is unconnected for instance 'clk_map' [c:/Users/jaxie963/Temp/cpre488-mp2/project_1/project_1.srcs/sources_1/bd/design_1/ip/design_1_v_proc_ss_2_0/bd_1/synth/bd_b2a2.v:1818]
WARNING: [Synth 8-7071] port 'M09_ACLK' of module 'clk_map_imp_BG45EY' is unconnected for instance 'clk_map' [c:/Users/jaxie963/Temp/cpre488-mp2/project_1/project_1.srcs/sources_1/bd/design_1/ip/design_1_v_proc_ss_2_0/bd_1/synth/bd_b2a2.v:1818]
WARNING: [Synth 8-7071] port 'M09_ARESETN' of module 'clk_map_imp_BG45EY' is unconnected for instance 'clk_map' [c:/Users/jaxie963/Temp/cpre488-mp2/project_1/project_1.srcs/sources_1/bd/design_1/ip/design_1_v_proc_ss_2_0/bd_1/synth/bd_b2a2.v:1818]
WARNING: [Synth 8-7071] port 'M10_ACLK' of module 'clk_map_imp_BG45EY' is unconnected for instance 'clk_map' [c:/Users/jaxie963/Temp/cpre488-mp2/project_1/project_1.srcs/sources_1/bd/design_1/ip/design_1_v_proc_ss_2_0/bd_1/synth/bd_b2a2.v:1818]
WARNING: [Synth 8-7071] port 'M10_ARESETN' of module 'clk_map_imp_BG45EY' is unconnected for instance 'clk_map' [c:/Users/jaxie963/Temp/cpre488-mp2/project_1/project_1.srcs/sources_1/bd/design_1/ip/design_1_v_proc_ss_2_0/bd_1/synth/bd_b2a2.v:1818]
WARNING: [Synth 8-7071] port 'M11_ACLK' of module 'clk_map_imp_BG45EY' is unconnected for instance 'clk_map' [c:/Users/jaxie963/Temp/cpre488-mp2/project_1/project_1.srcs/sources_1/bd/design_1/ip/design_1_v_proc_ss_2_0/bd_1/synth/bd_b2a2.v:1818]
WARNING: [Synth 8-7071] port 'M11_ARESETN' of module 'clk_map_imp_BG45EY' is unconnected for instance 'clk_map' [c:/Users/jaxie963/Temp/cpre488-mp2/project_1/project_1.srcs/sources_1/bd/design_1/ip/design_1_v_proc_ss_2_0/bd_1/synth/bd_b2a2.v:1818]
WARNING: [Synth 8-7023] instance 'clk_map' of module 'clk_map_imp_BG45EY' has 35 connections declared, but only 25 given [c:/Users/jaxie963/Temp/cpre488-mp2/project_1/project_1.srcs/sources_1/bd/design_1/ip/design_1_v_proc_ss_2_0/bd_1/synth/bd_b2a2.v:1818]
INFO: [Synth 8-6157] synthesizing module 'm00_exit_pipeline_imp_1M8WDDD' [c:/Users/jaxie963/Temp/cpre488-mp2/project_1/project_1.srcs/sources_1/bd/design_1/ip/design_1_v_proc_ss_2_0/bd_1/synth/bd_b2a2.v:3960]
INFO: [Synth 8-6157] synthesizing module 'bd_b2a2_m00e_0' [c:/Users/jaxie963/Temp/cpre488-mp2/project_1/project_1.srcs/sources_1/bd/design_1/ip/design_1_v_proc_ss_2_0/bd_1/ip/ip_32/synth/bd_b2a2_m00e_0.sv:58]
INFO: [Synth 8-6155] done synthesizing module 'bd_b2a2_m00e_0' (17#1) [c:/Users/jaxie963/Temp/cpre488-mp2/project_1/project_1.srcs/sources_1/bd/design_1/ip/design_1_v_proc_ss_2_0/bd_1/ip/ip_32/synth/bd_b2a2_m00e_0.sv:58]
INFO: [Synth 8-6155] done synthesizing module 'm00_exit_pipeline_imp_1M8WDDD' (18#1) [c:/Users/jaxie963/Temp/cpre488-mp2/project_1/project_1.srcs/sources_1/bd/design_1/ip/design_1_v_proc_ss_2_0/bd_1/synth/bd_b2a2.v:3960]
INFO: [Synth 8-6157] synthesizing module 'm00_nodes_imp_100ZJQ5' [c:/Users/jaxie963/Temp/cpre488-mp2/project_1/project_1.srcs/sources_1/bd/design_1/ip/design_1_v_proc_ss_2_0/bd_1/synth/bd_b2a2.v:4261]
INFO: [Synth 8-6157] synthesizing module 'bd_b2a2_m00arn_0' [c:/Users/jaxie963/Temp/cpre488-mp2/project_1/project_1.srcs/sources_1/bd/design_1/ip/design_1_v_proc_ss_2_0/bd_1/ip/ip_27/synth/bd_b2a2_m00arn_0.sv:58]
INFO: [Synth 8-6155] done synthesizing module 'bd_b2a2_m00arn_0' (28#1) [c:/Users/jaxie963/Temp/cpre488-mp2/project_1/project_1.srcs/sources_1/bd/design_1/ip/design_1_v_proc_ss_2_0/bd_1/ip/ip_27/synth/bd_b2a2_m00arn_0.sv:58]
INFO: [Synth 8-6157] synthesizing module 'bd_b2a2_m00awn_0' [c:/Users/jaxie963/Temp/cpre488-mp2/project_1/project_1.srcs/sources_1/bd/design_1/ip/design_1_v_proc_ss_2_0/bd_1/ip/ip_29/synth/bd_b2a2_m00awn_0.sv:58]
INFO: [Synth 8-6155] done synthesizing module 'bd_b2a2_m00awn_0' (29#1) [c:/Users/jaxie963/Temp/cpre488-mp2/project_1/project_1.srcs/sources_1/bd/design_1/ip/design_1_v_proc_ss_2_0/bd_1/ip/ip_29/synth/bd_b2a2_m00awn_0.sv:58]
INFO: [Synth 8-6157] synthesizing module 'bd_b2a2_m00bn_0' [c:/Users/jaxie963/Temp/cpre488-mp2/project_1/project_1.srcs/sources_1/bd/design_1/ip/design_1_v_proc_ss_2_0/bd_1/ip/ip_31/synth/bd_b2a2_m00bn_0.sv:58]
INFO: [Synth 8-6155] done synthesizing module 'bd_b2a2_m00bn_0' (30#1) [c:/Users/jaxie963/Temp/cpre488-mp2/project_1/project_1.srcs/sources_1/bd/design_1/ip/design_1_v_proc_ss_2_0/bd_1/ip/ip_31/synth/bd_b2a2_m00bn_0.sv:58]
INFO: [Synth 8-6157] synthesizing module 'bd_b2a2_m00rn_0' [c:/Users/jaxie963/Temp/cpre488-mp2/project_1/project_1.srcs/sources_1/bd/design_1/ip/design_1_v_proc_ss_2_0/bd_1/ip/ip_28/synth/bd_b2a2_m00rn_0.sv:58]
INFO: [Synth 8-6155] done synthesizing module 'bd_b2a2_m00rn_0' (31#1) [c:/Users/jaxie963/Temp/cpre488-mp2/project_1/project_1.srcs/sources_1/bd/design_1/ip/design_1_v_proc_ss_2_0/bd_1/ip/ip_28/synth/bd_b2a2_m00rn_0.sv:58]
INFO: [Synth 8-6157] synthesizing module 'bd_b2a2_m00wn_0' [c:/Users/jaxie963/Temp/cpre488-mp2/project_1/project_1.srcs/sources_1/bd/design_1/ip/design_1_v_proc_ss_2_0/bd_1/ip/ip_30/synth/bd_b2a2_m00wn_0.sv:58]
INFO: [Synth 8-6155] done synthesizing module 'bd_b2a2_m00wn_0' (32#1) [c:/Users/jaxie963/Temp/cpre488-mp2/project_1/project_1.srcs/sources_1/bd/design_1/ip/design_1_v_proc_ss_2_0/bd_1/ip/ip_30/synth/bd_b2a2_m00wn_0.sv:58]
INFO: [Synth 8-6155] done synthesizing module 'm00_nodes_imp_100ZJQ5' (33#1) [c:/Users/jaxie963/Temp/cpre488-mp2/project_1/project_1.srcs/sources_1/bd/design_1/ip/design_1_v_proc_ss_2_0/bd_1/synth/bd_b2a2.v:4261]
INFO: [Synth 8-6157] synthesizing module 'bd_b2a2_m00s2a_0' [c:/Users/jaxie963/Temp/cpre488-mp2/project_1/project_1.srcs/sources_1/bd/design_1/ip/design_1_v_proc_ss_2_0/bd_1/ip/ip_26/synth/bd_b2a2_m00s2a_0.sv:58]
INFO: [Synth 8-6155] done synthesizing module 'bd_b2a2_m00s2a_0' (35#1) [c:/Users/jaxie963/Temp/cpre488-mp2/project_1/project_1.srcs/sources_1/bd/design_1/ip/design_1_v_proc_ss_2_0/bd_1/ip/ip_26/synth/bd_b2a2_m00s2a_0.sv:58]
INFO: [Synth 8-6157] synthesizing module 'm01_exit_pipeline_imp_1J5GUI9' [c:/Users/jaxie963/Temp/cpre488-mp2/project_1/project_1.srcs/sources_1/bd/design_1/ip/design_1_v_proc_ss_2_0/bd_1/synth/bd_b2a2.v:4557]
INFO: [Synth 8-6157] synthesizing module 'bd_b2a2_m01e_0' [c:/Users/jaxie963/Temp/cpre488-mp2/project_1/project_1.srcs/sources_1/bd/design_1/ip/design_1_v_proc_ss_2_0/bd_1/ip/ip_39/synth/bd_b2a2_m01e_0.sv:58]
INFO: [Synth 8-6155] done synthesizing module 'bd_b2a2_m01e_0' (36#1) [c:/Users/jaxie963/Temp/cpre488-mp2/project_1/project_1.srcs/sources_1/bd/design_1/ip/design_1_v_proc_ss_2_0/bd_1/ip/ip_39/synth/bd_b2a2_m01e_0.sv:58]
INFO: [Synth 8-6155] done synthesizing module 'm01_exit_pipeline_imp_1J5GUI9' (37#1) [c:/Users/jaxie963/Temp/cpre488-mp2/project_1/project_1.srcs/sources_1/bd/design_1/ip/design_1_v_proc_ss_2_0/bd_1/synth/bd_b2a2.v:4557]
INFO: [Synth 8-6157] synthesizing module 'm01_nodes_imp_803OQ3' [c:/Users/jaxie963/Temp/cpre488-mp2/project_1/project_1.srcs/sources_1/bd/design_1/ip/design_1_v_proc_ss_2_0/bd_1/synth/bd_b2a2.v:4858]
INFO: [Synth 8-6157] synthesizing module 'bd_b2a2_m01arn_0' [c:/Users/jaxie963/Temp/cpre488-mp2/project_1/project_1.srcs/sources_1/bd/design_1/ip/design_1_v_proc_ss_2_0/bd_1/ip/ip_34/synth/bd_b2a2_m01arn_0.sv:58]
INFO: [Synth 8-6155] done synthesizing module 'bd_b2a2_m01arn_0' (38#1) [c:/Users/jaxie963/Temp/cpre488-mp2/project_1/project_1.srcs/sources_1/bd/design_1/ip/design_1_v_proc_ss_2_0/bd_1/ip/ip_34/synth/bd_b2a2_m01arn_0.sv:58]
INFO: [Synth 8-6157] synthesizing module 'bd_b2a2_m01awn_0' [c:/Users/jaxie963/Temp/cpre488-mp2/project_1/project_1.srcs/sources_1/bd/design_1/ip/design_1_v_proc_ss_2_0/bd_1/ip/ip_36/synth/bd_b2a2_m01awn_0.sv:58]
INFO: [Synth 8-6155] done synthesizing module 'bd_b2a2_m01awn_0' (39#1) [c:/Users/jaxie963/Temp/cpre488-mp2/project_1/project_1.srcs/sources_1/bd/design_1/ip/design_1_v_proc_ss_2_0/bd_1/ip/ip_36/synth/bd_b2a2_m01awn_0.sv:58]
INFO: [Synth 8-6157] synthesizing module 'bd_b2a2_m01bn_0' [c:/Users/jaxie963/Temp/cpre488-mp2/project_1/project_1.srcs/sources_1/bd/design_1/ip/design_1_v_proc_ss_2_0/bd_1/ip/ip_38/synth/bd_b2a2_m01bn_0.sv:58]
INFO: [Synth 8-6155] done synthesizing module 'bd_b2a2_m01bn_0' (40#1) [c:/Users/jaxie963/Temp/cpre488-mp2/project_1/project_1.srcs/sources_1/bd/design_1/ip/design_1_v_proc_ss_2_0/bd_1/ip/ip_38/synth/bd_b2a2_m01bn_0.sv:58]
INFO: [Synth 8-6157] synthesizing module 'bd_b2a2_m01rn_0' [c:/Users/jaxie963/Temp/cpre488-mp2/project_1/project_1.srcs/sources_1/bd/design_1/ip/design_1_v_proc_ss_2_0/bd_1/ip/ip_35/synth/bd_b2a2_m01rn_0.sv:58]
INFO: [Synth 8-6155] done synthesizing module 'bd_b2a2_m01rn_0' (41#1) [c:/Users/jaxie963/Temp/cpre488-mp2/project_1/project_1.srcs/sources_1/bd/design_1/ip/design_1_v_proc_ss_2_0/bd_1/ip/ip_35/synth/bd_b2a2_m01rn_0.sv:58]
INFO: [Synth 8-6157] synthesizing module 'bd_b2a2_m01wn_0' [c:/Users/jaxie963/Temp/cpre488-mp2/project_1/project_1.srcs/sources_1/bd/design_1/ip/design_1_v_proc_ss_2_0/bd_1/ip/ip_37/synth/bd_b2a2_m01wn_0.sv:58]
INFO: [Synth 8-6155] done synthesizing module 'bd_b2a2_m01wn_0' (42#1) [c:/Users/jaxie963/Temp/cpre488-mp2/project_1/project_1.srcs/sources_1/bd/design_1/ip/design_1_v_proc_ss_2_0/bd_1/ip/ip_37/synth/bd_b2a2_m01wn_0.sv:58]
INFO: [Synth 8-6155] done synthesizing module 'm01_nodes_imp_803OQ3' (43#1) [c:/Users/jaxie963/Temp/cpre488-mp2/project_1/project_1.srcs/sources_1/bd/design_1/ip/design_1_v_proc_ss_2_0/bd_1/synth/bd_b2a2.v:4858]
INFO: [Synth 8-6157] synthesizing module 'bd_b2a2_m01s2a_0' [c:/Users/jaxie963/Temp/cpre488-mp2/project_1/project_1.srcs/sources_1/bd/design_1/ip/design_1_v_proc_ss_2_0/bd_1/ip/ip_33/synth/bd_b2a2_m01s2a_0.sv:58]
INFO: [Synth 8-6155] done synthesizing module 'bd_b2a2_m01s2a_0' (44#1) [c:/Users/jaxie963/Temp/cpre488-mp2/project_1/project_1.srcs/sources_1/bd/design_1/ip/design_1_v_proc_ss_2_0/bd_1/ip/ip_33/synth/bd_b2a2_m01s2a_0.sv:58]
INFO: [Synth 8-6157] synthesizing module 'm02_exit_pipeline_imp_1YYJ9RL' [c:/Users/jaxie963/Temp/cpre488-mp2/project_1/project_1.srcs/sources_1/bd/design_1/ip/design_1_v_proc_ss_2_0/bd_1/synth/bd_b2a2.v:5154]
INFO: [Synth 8-6157] synthesizing module 'bd_b2a2_m02e_0' [c:/Users/jaxie963/Temp/cpre488-mp2/project_1/project_1.srcs/sources_1/bd/design_1/ip/design_1_v_proc_ss_2_0/bd_1/ip/ip_46/synth/bd_b2a2_m02e_0.sv:58]
INFO: [Synth 8-6155] done synthesizing module 'bd_b2a2_m02e_0' (45#1) [c:/Users/jaxie963/Temp/cpre488-mp2/project_1/project_1.srcs/sources_1/bd/design_1/ip/design_1_v_proc_ss_2_0/bd_1/ip/ip_46/synth/bd_b2a2_m02e_0.sv:58]
INFO: [Synth 8-6155] done synthesizing module 'm02_exit_pipeline_imp_1YYJ9RL' (46#1) [c:/Users/jaxie963/Temp/cpre488-mp2/project_1/project_1.srcs/sources_1/bd/design_1/ip/design_1_v_proc_ss_2_0/bd_1/synth/bd_b2a2.v:5154]
INFO: [Synth 8-6157] synthesizing module 'm02_nodes_imp_QU1IK0' [c:/Users/jaxie963/Temp/cpre488-mp2/project_1/project_1.srcs/sources_1/bd/design_1/ip/design_1_v_proc_ss_2_0/bd_1/synth/bd_b2a2.v:5455]
INFO: [Synth 8-6157] synthesizing module 'bd_b2a2_m02arn_0' [c:/Users/jaxie963/Temp/cpre488-mp2/project_1/project_1.srcs/sources_1/bd/design_1/ip/design_1_v_proc_ss_2_0/bd_1/ip/ip_41/synth/bd_b2a2_m02arn_0.sv:58]
INFO: [Synth 8-6155] done synthesizing module 'bd_b2a2_m02arn_0' (47#1) [c:/Users/jaxie963/Temp/cpre488-mp2/project_1/project_1.srcs/sources_1/bd/design_1/ip/design_1_v_proc_ss_2_0/bd_1/ip/ip_41/synth/bd_b2a2_m02arn_0.sv:58]
INFO: [Synth 8-6157] synthesizing module 'bd_b2a2_m02awn_0' [c:/Users/jaxie963/Temp/cpre488-mp2/project_1/project_1.srcs/sources_1/bd/design_1/ip/design_1_v_proc_ss_2_0/bd_1/ip/ip_43/synth/bd_b2a2_m02awn_0.sv:58]
INFO: [Synth 8-6155] done synthesizing module 'bd_b2a2_m02awn_0' (48#1) [c:/Users/jaxie963/Temp/cpre488-mp2/project_1/project_1.srcs/sources_1/bd/design_1/ip/design_1_v_proc_ss_2_0/bd_1/ip/ip_43/synth/bd_b2a2_m02awn_0.sv:58]
INFO: [Synth 8-6157] synthesizing module 'bd_b2a2_m02bn_0' [c:/Users/jaxie963/Temp/cpre488-mp2/project_1/project_1.srcs/sources_1/bd/design_1/ip/design_1_v_proc_ss_2_0/bd_1/ip/ip_45/synth/bd_b2a2_m02bn_0.sv:58]
INFO: [Synth 8-6155] done synthesizing module 'bd_b2a2_m02bn_0' (49#1) [c:/Users/jaxie963/Temp/cpre488-mp2/project_1/project_1.srcs/sources_1/bd/design_1/ip/design_1_v_proc_ss_2_0/bd_1/ip/ip_45/synth/bd_b2a2_m02bn_0.sv:58]
INFO: [Synth 8-6157] synthesizing module 'bd_b2a2_m02rn_0' [c:/Users/jaxie963/Temp/cpre488-mp2/project_1/project_1.srcs/sources_1/bd/design_1/ip/design_1_v_proc_ss_2_0/bd_1/ip/ip_42/synth/bd_b2a2_m02rn_0.sv:58]
INFO: [Synth 8-6155] done synthesizing module 'bd_b2a2_m02rn_0' (50#1) [c:/Users/jaxie963/Temp/cpre488-mp2/project_1/project_1.srcs/sources_1/bd/design_1/ip/design_1_v_proc_ss_2_0/bd_1/ip/ip_42/synth/bd_b2a2_m02rn_0.sv:58]
INFO: [Synth 8-6157] synthesizing module 'bd_b2a2_m02wn_0' [c:/Users/jaxie963/Temp/cpre488-mp2/project_1/project_1.srcs/sources_1/bd/design_1/ip/design_1_v_proc_ss_2_0/bd_1/ip/ip_44/synth/bd_b2a2_m02wn_0.sv:58]
INFO: [Synth 8-6155] done synthesizing module 'bd_b2a2_m02wn_0' (51#1) [c:/Users/jaxie963/Temp/cpre488-mp2/project_1/project_1.srcs/sources_1/bd/design_1/ip/design_1_v_proc_ss_2_0/bd_1/ip/ip_44/synth/bd_b2a2_m02wn_0.sv:58]
INFO: [Synth 8-6155] done synthesizing module 'm02_nodes_imp_QU1IK0' (52#1) [c:/Users/jaxie963/Temp/cpre488-mp2/project_1/project_1.srcs/sources_1/bd/design_1/ip/design_1_v_proc_ss_2_0/bd_1/synth/bd_b2a2.v:5455]
INFO: [Synth 8-6157] synthesizing module 'bd_b2a2_m02s2a_0' [c:/Users/jaxie963/Temp/cpre488-mp2/project_1/project_1.srcs/sources_1/bd/design_1/ip/design_1_v_proc_ss_2_0/bd_1/ip/ip_40/synth/bd_b2a2_m02s2a_0.sv:58]
INFO: [Synth 8-6155] done synthesizing module 'bd_b2a2_m02s2a_0' (53#1) [c:/Users/jaxie963/Temp/cpre488-mp2/project_1/project_1.srcs/sources_1/bd/design_1/ip/design_1_v_proc_ss_2_0/bd_1/ip/ip_40/synth/bd_b2a2_m02s2a_0.sv:58]
INFO: [Synth 8-6157] synthesizing module 'm03_exit_pipeline_imp_1SJ7X81' [c:/Users/jaxie963/Temp/cpre488-mp2/project_1/project_1.srcs/sources_1/bd/design_1/ip/design_1_v_proc_ss_2_0/bd_1/synth/bd_b2a2.v:5751]
INFO: [Synth 8-6157] synthesizing module 'bd_b2a2_m03e_0' [c:/Users/jaxie963/Temp/cpre488-mp2/project_1/project_1.srcs/sources_1/bd/design_1/ip/design_1_v_proc_ss_2_0/bd_1/ip/ip_53/synth/bd_b2a2_m03e_0.sv:58]
INFO: [Synth 8-6155] done synthesizing module 'bd_b2a2_m03e_0' (54#1) [c:/Users/jaxie963/Temp/cpre488-mp2/project_1/project_1.srcs/sources_1/bd/design_1/ip/design_1_v_proc_ss_2_0/bd_1/ip/ip_53/synth/bd_b2a2_m03e_0.sv:58]
INFO: [Synth 8-6155] done synthesizing module 'm03_exit_pipeline_imp_1SJ7X81' (55#1) [c:/Users/jaxie963/Temp/cpre488-mp2/project_1/project_1.srcs/sources_1/bd/design_1/ip/design_1_v_proc_ss_2_0/bd_1/synth/bd_b2a2.v:5751]
INFO: [Synth 8-6157] synthesizing module 'm03_nodes_imp_1YEDT8M' [c:/Users/jaxie963/Temp/cpre488-mp2/project_1/project_1.srcs/sources_1/bd/design_1/ip/design_1_v_proc_ss_2_0/bd_1/synth/bd_b2a2.v:6052]
INFO: [Synth 8-6157] synthesizing module 'bd_b2a2_m03arn_0' [c:/Users/jaxie963/Temp/cpre488-mp2/project_1/project_1.srcs/sources_1/bd/design_1/ip/design_1_v_proc_ss_2_0/bd_1/ip/ip_48/synth/bd_b2a2_m03arn_0.sv:58]
INFO: [Synth 8-6155] done synthesizing module 'bd_b2a2_m03arn_0' (56#1) [c:/Users/jaxie963/Temp/cpre488-mp2/project_1/project_1.srcs/sources_1/bd/design_1/ip/design_1_v_proc_ss_2_0/bd_1/ip/ip_48/synth/bd_b2a2_m03arn_0.sv:58]
INFO: [Synth 8-6157] synthesizing module 'bd_b2a2_m03awn_0' [c:/Users/jaxie963/Temp/cpre488-mp2/project_1/project_1.srcs/sources_1/bd/design_1/ip/design_1_v_proc_ss_2_0/bd_1/ip/ip_50/synth/bd_b2a2_m03awn_0.sv:58]
INFO: [Synth 8-6155] done synthesizing module 'bd_b2a2_m03awn_0' (57#1) [c:/Users/jaxie963/Temp/cpre488-mp2/project_1/project_1.srcs/sources_1/bd/design_1/ip/design_1_v_proc_ss_2_0/bd_1/ip/ip_50/synth/bd_b2a2_m03awn_0.sv:58]
INFO: [Synth 8-6157] synthesizing module 'bd_b2a2_m03bn_0' [c:/Users/jaxie963/Temp/cpre488-mp2/project_1/project_1.srcs/sources_1/bd/design_1/ip/design_1_v_proc_ss_2_0/bd_1/ip/ip_52/synth/bd_b2a2_m03bn_0.sv:58]
INFO: [Synth 8-6155] done synthesizing module 'bd_b2a2_m03bn_0' (58#1) [c:/Users/jaxie963/Temp/cpre488-mp2/project_1/project_1.srcs/sources_1/bd/design_1/ip/design_1_v_proc_ss_2_0/bd_1/ip/ip_52/synth/bd_b2a2_m03bn_0.sv:58]
INFO: [Synth 8-6157] synthesizing module 'bd_b2a2_m03rn_0' [c:/Users/jaxie963/Temp/cpre488-mp2/project_1/project_1.srcs/sources_1/bd/design_1/ip/design_1_v_proc_ss_2_0/bd_1/ip/ip_49/synth/bd_b2a2_m03rn_0.sv:58]
INFO: [Synth 8-6155] done synthesizing module 'bd_b2a2_m03rn_0' (59#1) [c:/Users/jaxie963/Temp/cpre488-mp2/project_1/project_1.srcs/sources_1/bd/design_1/ip/design_1_v_proc_ss_2_0/bd_1/ip/ip_49/synth/bd_b2a2_m03rn_0.sv:58]
INFO: [Synth 8-6157] synthesizing module 'bd_b2a2_m03wn_0' [c:/Users/jaxie963/Temp/cpre488-mp2/project_1/project_1.srcs/sources_1/bd/design_1/ip/design_1_v_proc_ss_2_0/bd_1/ip/ip_51/synth/bd_b2a2_m03wn_0.sv:58]
INFO: [Synth 8-6155] done synthesizing module 'bd_b2a2_m03wn_0' (60#1) [c:/Users/jaxie963/Temp/cpre488-mp2/project_1/project_1.srcs/sources_1/bd/design_1/ip/design_1_v_proc_ss_2_0/bd_1/ip/ip_51/synth/bd_b2a2_m03wn_0.sv:58]
INFO: [Synth 8-6155] done synthesizing module 'm03_nodes_imp_1YEDT8M' (61#1) [c:/Users/jaxie963/Temp/cpre488-mp2/project_1/project_1.srcs/sources_1/bd/design_1/ip/design_1_v_proc_ss_2_0/bd_1/synth/bd_b2a2.v:6052]
INFO: [Synth 8-6157] synthesizing module 'bd_b2a2_m03s2a_0' [c:/Users/jaxie963/Temp/cpre488-mp2/project_1/project_1.srcs/sources_1/bd/design_1/ip/design_1_v_proc_ss_2_0/bd_1/ip/ip_47/synth/bd_b2a2_m03s2a_0.sv:58]
INFO: [Synth 8-6155] done synthesizing module 'bd_b2a2_m03s2a_0' (62#1) [c:/Users/jaxie963/Temp/cpre488-mp2/project_1/project_1.srcs/sources_1/bd/design_1/ip/design_1_v_proc_ss_2_0/bd_1/ip/ip_47/synth/bd_b2a2_m03s2a_0.sv:58]
INFO: [Synth 8-6157] synthesizing module 'm04_exit_pipeline_imp_137EFG1' [c:/Users/jaxie963/Temp/cpre488-mp2/project_1/project_1.srcs/sources_1/bd/design_1/ip/design_1_v_proc_ss_2_0/bd_1/synth/bd_b2a2.v:6348]
INFO: [Synth 8-6157] synthesizing module 'bd_b2a2_m04e_0' [c:/Users/jaxie963/Temp/cpre488-mp2/project_1/project_1.srcs/sources_1/bd/design_1/ip/design_1_v_proc_ss_2_0/bd_1/ip/ip_60/synth/bd_b2a2_m04e_0.sv:58]
INFO: [Synth 8-6155] done synthesizing module 'bd_b2a2_m04e_0' (63#1) [c:/Users/jaxie963/Temp/cpre488-mp2/project_1/project_1.srcs/sources_1/bd/design_1/ip/design_1_v_proc_ss_2_0/bd_1/ip/ip_60/synth/bd_b2a2_m04e_0.sv:58]
INFO: [Synth 8-6155] done synthesizing module 'm04_exit_pipeline_imp_137EFG1' (64#1) [c:/Users/jaxie963/Temp/cpre488-mp2/project_1/project_1.srcs/sources_1/bd/design_1/ip/design_1_v_proc_ss_2_0/bd_1/synth/bd_b2a2.v:6348]
INFO: [Synth 8-6157] synthesizing module 'm04_nodes_imp_16AUDFQ' [c:/Users/jaxie963/Temp/cpre488-mp2/project_1/project_1.srcs/sources_1/bd/design_1/ip/design_1_v_proc_ss_2_0/bd_1/synth/bd_b2a2.v:6649]
INFO: [Synth 8-6157] synthesizing module 'bd_b2a2_m04arn_0' [c:/Users/jaxie963/Temp/cpre488-mp2/project_1/project_1.srcs/sources_1/bd/design_1/ip/design_1_v_proc_ss_2_0/bd_1/ip/ip_55/synth/bd_b2a2_m04arn_0.sv:58]
INFO: [Synth 8-6155] done synthesizing module 'bd_b2a2_m04arn_0' (65#1) [c:/Users/jaxie963/Temp/cpre488-mp2/project_1/project_1.srcs/sources_1/bd/design_1/ip/design_1_v_proc_ss_2_0/bd_1/ip/ip_55/synth/bd_b2a2_m04arn_0.sv:58]
INFO: [Synth 8-6157] synthesizing module 'bd_b2a2_m04awn_0' [c:/Users/jaxie963/Temp/cpre488-mp2/project_1/project_1.srcs/sources_1/bd/design_1/ip/design_1_v_proc_ss_2_0/bd_1/ip/ip_57/synth/bd_b2a2_m04awn_0.sv:58]
INFO: [Synth 8-6155] done synthesizing module 'bd_b2a2_m04awn_0' (66#1) [c:/Users/jaxie963/Temp/cpre488-mp2/project_1/project_1.srcs/sources_1/bd/design_1/ip/design_1_v_proc_ss_2_0/bd_1/ip/ip_57/synth/bd_b2a2_m04awn_0.sv:58]
INFO: [Synth 8-6157] synthesizing module 'bd_b2a2_m04bn_0' [c:/Users/jaxie963/Temp/cpre488-mp2/project_1/project_1.srcs/sources_1/bd/design_1/ip/design_1_v_proc_ss_2_0/bd_1/ip/ip_59/synth/bd_b2a2_m04bn_0.sv:58]
INFO: [Synth 8-6155] done synthesizing module 'bd_b2a2_m04bn_0' (67#1) [c:/Users/jaxie963/Temp/cpre488-mp2/project_1/project_1.srcs/sources_1/bd/design_1/ip/design_1_v_proc_ss_2_0/bd_1/ip/ip_59/synth/bd_b2a2_m04bn_0.sv:58]
INFO: [Synth 8-6157] synthesizing module 'bd_b2a2_m04rn_0' [c:/Users/jaxie963/Temp/cpre488-mp2/project_1/project_1.srcs/sources_1/bd/design_1/ip/design_1_v_proc_ss_2_0/bd_1/ip/ip_56/synth/bd_b2a2_m04rn_0.sv:58]
INFO: [Synth 8-6155] done synthesizing module 'bd_b2a2_m04rn_0' (68#1) [c:/Users/jaxie963/Temp/cpre488-mp2/project_1/project_1.srcs/sources_1/bd/design_1/ip/design_1_v_proc_ss_2_0/bd_1/ip/ip_56/synth/bd_b2a2_m04rn_0.sv:58]
INFO: [Synth 8-6157] synthesizing module 'bd_b2a2_m04wn_0' [c:/Users/jaxie963/Temp/cpre488-mp2/project_1/project_1.srcs/sources_1/bd/design_1/ip/design_1_v_proc_ss_2_0/bd_1/ip/ip_58/synth/bd_b2a2_m04wn_0.sv:58]
INFO: [Synth 8-6155] done synthesizing module 'bd_b2a2_m04wn_0' (69#1) [c:/Users/jaxie963/Temp/cpre488-mp2/project_1/project_1.srcs/sources_1/bd/design_1/ip/design_1_v_proc_ss_2_0/bd_1/ip/ip_58/synth/bd_b2a2_m04wn_0.sv:58]
INFO: [Synth 8-6155] done synthesizing module 'm04_nodes_imp_16AUDFQ' (70#1) [c:/Users/jaxie963/Temp/cpre488-mp2/project_1/project_1.srcs/sources_1/bd/design_1/ip/design_1_v_proc_ss_2_0/bd_1/synth/bd_b2a2.v:6649]
INFO: [Synth 8-6157] synthesizing module 'bd_b2a2_m04s2a_0' [c:/Users/jaxie963/Temp/cpre488-mp2/project_1/project_1.srcs/sources_1/bd/design_1/ip/design_1_v_proc_ss_2_0/bd_1/ip/ip_54/synth/bd_b2a2_m04s2a_0.sv:58]
INFO: [Synth 8-6155] done synthesizing module 'bd_b2a2_m04s2a_0' (71#1) [c:/Users/jaxie963/Temp/cpre488-mp2/project_1/project_1.srcs/sources_1/bd/design_1/ip/design_1_v_proc_ss_2_0/bd_1/ip/ip_54/synth/bd_b2a2_m04s2a_0.sv:58]
INFO: [Synth 8-6157] synthesizing module 'm05_exit_pipeline_imp_16U7241' [c:/Users/jaxie963/Temp/cpre488-mp2/project_1/project_1.srcs/sources_1/bd/design_1/ip/design_1_v_proc_ss_2_0/bd_1/synth/bd_b2a2.v:6945]
INFO: [Synth 8-6157] synthesizing module 'bd_b2a2_m05e_0' [c:/Users/jaxie963/Temp/cpre488-mp2/project_1/project_1.srcs/sources_1/bd/design_1/ip/design_1_v_proc_ss_2_0/bd_1/ip/ip_67/synth/bd_b2a2_m05e_0.sv:58]
INFO: [Synth 8-6155] done synthesizing module 'bd_b2a2_m05e_0' (72#1) [c:/Users/jaxie963/Temp/cpre488-mp2/project_1/project_1.srcs/sources_1/bd/design_1/ip/design_1_v_proc_ss_2_0/bd_1/ip/ip_67/synth/bd_b2a2_m05e_0.sv:58]
INFO: [Synth 8-6155] done synthesizing module 'm05_exit_pipeline_imp_16U7241' (73#1) [c:/Users/jaxie963/Temp/cpre488-mp2/project_1/project_1.srcs/sources_1/bd/design_1/ip/design_1_v_proc_ss_2_0/bd_1/synth/bd_b2a2.v:6945]
INFO: [Synth 8-6157] synthesizing module 'm05_nodes_imp_1IR0FK' [c:/Users/jaxie963/Temp/cpre488-mp2/project_1/project_1.srcs/sources_1/bd/design_1/ip/design_1_v_proc_ss_2_0/bd_1/synth/bd_b2a2.v:7246]
INFO: [Synth 8-6157] synthesizing module 'bd_b2a2_m05arn_0' [c:/Users/jaxie963/Temp/cpre488-mp2/project_1/project_1.srcs/sources_1/bd/design_1/ip/design_1_v_proc_ss_2_0/bd_1/ip/ip_62/synth/bd_b2a2_m05arn_0.sv:58]
INFO: [Synth 8-6155] done synthesizing module 'bd_b2a2_m05arn_0' (74#1) [c:/Users/jaxie963/Temp/cpre488-mp2/project_1/project_1.srcs/sources_1/bd/design_1/ip/design_1_v_proc_ss_2_0/bd_1/ip/ip_62/synth/bd_b2a2_m05arn_0.sv:58]
INFO: [Synth 8-6157] synthesizing module 'bd_b2a2_m05awn_0' [c:/Users/jaxie963/Temp/cpre488-mp2/project_1/project_1.srcs/sources_1/bd/design_1/ip/design_1_v_proc_ss_2_0/bd_1/ip/ip_64/synth/bd_b2a2_m05awn_0.sv:58]
INFO: [Synth 8-6155] done synthesizing module 'bd_b2a2_m05awn_0' (75#1) [c:/Users/jaxie963/Temp/cpre488-mp2/project_1/project_1.srcs/sources_1/bd/design_1/ip/design_1_v_proc_ss_2_0/bd_1/ip/ip_64/synth/bd_b2a2_m05awn_0.sv:58]
INFO: [Synth 8-6157] synthesizing module 'bd_b2a2_m05bn_0' [c:/Users/jaxie963/Temp/cpre488-mp2/project_1/project_1.srcs/sources_1/bd/design_1/ip/design_1_v_proc_ss_2_0/bd_1/ip/ip_66/synth/bd_b2a2_m05bn_0.sv:58]
INFO: [Synth 8-6155] done synthesizing module 'bd_b2a2_m05bn_0' (76#1) [c:/Users/jaxie963/Temp/cpre488-mp2/project_1/project_1.srcs/sources_1/bd/design_1/ip/design_1_v_proc_ss_2_0/bd_1/ip/ip_66/synth/bd_b2a2_m05bn_0.sv:58]
INFO: [Synth 8-6157] synthesizing module 'bd_b2a2_m05rn_0' [c:/Users/jaxie963/Temp/cpre488-mp2/project_1/project_1.srcs/sources_1/bd/design_1/ip/design_1_v_proc_ss_2_0/bd_1/ip/ip_63/synth/bd_b2a2_m05rn_0.sv:58]
INFO: [Synth 8-6155] done synthesizing module 'bd_b2a2_m05rn_0' (77#1) [c:/Users/jaxie963/Temp/cpre488-mp2/project_1/project_1.srcs/sources_1/bd/design_1/ip/design_1_v_proc_ss_2_0/bd_1/ip/ip_63/synth/bd_b2a2_m05rn_0.sv:58]
INFO: [Synth 8-6157] synthesizing module 'bd_b2a2_m05wn_0' [c:/Users/jaxie963/Temp/cpre488-mp2/project_1/project_1.srcs/sources_1/bd/design_1/ip/design_1_v_proc_ss_2_0/bd_1/ip/ip_65/synth/bd_b2a2_m05wn_0.sv:58]
INFO: [Synth 8-6155] done synthesizing module 'bd_b2a2_m05wn_0' (78#1) [c:/Users/jaxie963/Temp/cpre488-mp2/project_1/project_1.srcs/sources_1/bd/design_1/ip/design_1_v_proc_ss_2_0/bd_1/ip/ip_65/synth/bd_b2a2_m05wn_0.sv:58]
INFO: [Synth 8-6155] done synthesizing module 'm05_nodes_imp_1IR0FK' (79#1) [c:/Users/jaxie963/Temp/cpre488-mp2/project_1/project_1.srcs/sources_1/bd/design_1/ip/design_1_v_proc_ss_2_0/bd_1/synth/bd_b2a2.v:7246]
INFO: [Synth 8-6157] synthesizing module 'bd_b2a2_m05s2a_0' [c:/Users/jaxie963/Temp/cpre488-mp2/project_1/project_1.srcs/sources_1/bd/design_1/ip/design_1_v_proc_ss_2_0/bd_1/ip/ip_61/synth/bd_b2a2_m05s2a_0.sv:58]
INFO: [Synth 8-6155] done synthesizing module 'bd_b2a2_m05s2a_0' (80#1) [c:/Users/jaxie963/Temp/cpre488-mp2/project_1/project_1.srcs/sources_1/bd/design_1/ip/design_1_v_proc_ss_2_0/bd_1/ip/ip_61/synth/bd_b2a2_m05s2a_0.sv:58]
INFO: [Synth 8-6157] synthesizing module 'm08_exit_pipeline_imp_T1MCHD' [c:/Users/jaxie963/Temp/cpre488-mp2/project_1/project_1.srcs/sources_1/bd/design_1/ip/design_1_v_proc_ss_2_0/bd_1/synth/bd_b2a2.v:7542]
INFO: [Synth 8-6157] synthesizing module 'bd_b2a2_m08e_0' [c:/Users/jaxie963/Temp/cpre488-mp2/project_1/project_1.srcs/sources_1/bd/design_1/ip/design_1_v_proc_ss_2_0/bd_1/ip/ip_74/synth/bd_b2a2_m08e_0.sv:58]
INFO: [Synth 8-6155] done synthesizing module 'bd_b2a2_m08e_0' (81#1) [c:/Users/jaxie963/Temp/cpre488-mp2/project_1/project_1.srcs/sources_1/bd/design_1/ip/design_1_v_proc_ss_2_0/bd_1/ip/ip_74/synth/bd_b2a2_m08e_0.sv:58]
INFO: [Synth 8-6155] done synthesizing module 'm08_exit_pipeline_imp_T1MCHD' (82#1) [c:/Users/jaxie963/Temp/cpre488-mp2/project_1/project_1.srcs/sources_1/bd/design_1/ip/design_1_v_proc_ss_2_0/bd_1/synth/bd_b2a2.v:7542]
INFO: [Synth 8-6157] synthesizing module 'm08_nodes_imp_1DJ1A5N' [c:/Users/jaxie963/Temp/cpre488-mp2/project_1/project_1.srcs/sources_1/bd/design_1/ip/design_1_v_proc_ss_2_0/bd_1/synth/bd_b2a2.v:7843]
INFO: [Synth 8-6157] synthesizing module 'bd_b2a2_m08arn_0' [c:/Users/jaxie963/Temp/cpre488-mp2/project_1/project_1.srcs/sources_1/bd/design_1/ip/design_1_v_proc_ss_2_0/bd_1/ip/ip_69/synth/bd_b2a2_m08arn_0.sv:58]
INFO: [Synth 8-6155] done synthesizing module 'bd_b2a2_m08arn_0' (83#1) [c:/Users/jaxie963/Temp/cpre488-mp2/project_1/project_1.srcs/sources_1/bd/design_1/ip/design_1_v_proc_ss_2_0/bd_1/ip/ip_69/synth/bd_b2a2_m08arn_0.sv:58]
INFO: [Synth 8-6157] synthesizing module 'bd_b2a2_m08awn_0' [c:/Users/jaxie963/Temp/cpre488-mp2/project_1/project_1.srcs/sources_1/bd/design_1/ip/design_1_v_proc_ss_2_0/bd_1/ip/ip_71/synth/bd_b2a2_m08awn_0.sv:58]
INFO: [Synth 8-6155] done synthesizing module 'bd_b2a2_m08awn_0' (84#1) [c:/Users/jaxie963/Temp/cpre488-mp2/project_1/project_1.srcs/sources_1/bd/design_1/ip/design_1_v_proc_ss_2_0/bd_1/ip/ip_71/synth/bd_b2a2_m08awn_0.sv:58]
INFO: [Synth 8-6157] synthesizing module 'bd_b2a2_m08bn_0' [c:/Users/jaxie963/Temp/cpre488-mp2/project_1/project_1.srcs/sources_1/bd/design_1/ip/design_1_v_proc_ss_2_0/bd_1/ip/ip_73/synth/bd_b2a2_m08bn_0.sv:58]
INFO: [Synth 8-6155] done synthesizing module 'bd_b2a2_m08bn_0' (85#1) [c:/Users/jaxie963/Temp/cpre488-mp2/project_1/project_1.srcs/sources_1/bd/design_1/ip/design_1_v_proc_ss_2_0/bd_1/ip/ip_73/synth/bd_b2a2_m08bn_0.sv:58]
INFO: [Synth 8-6157] synthesizing module 'bd_b2a2_m08rn_0' [c:/Users/jaxie963/Temp/cpre488-mp2/project_1/project_1.srcs/sources_1/bd/design_1/ip/design_1_v_proc_ss_2_0/bd_1/ip/ip_70/synth/bd_b2a2_m08rn_0.sv:58]
INFO: [Synth 8-6155] done synthesizing module 'bd_b2a2_m08rn_0' (86#1) [c:/Users/jaxie963/Temp/cpre488-mp2/project_1/project_1.srcs/sources_1/bd/design_1/ip/design_1_v_proc_ss_2_0/bd_1/ip/ip_70/synth/bd_b2a2_m08rn_0.sv:58]
INFO: [Synth 8-6157] synthesizing module 'bd_b2a2_m08wn_0' [c:/Users/jaxie963/Temp/cpre488-mp2/project_1/project_1.srcs/sources_1/bd/design_1/ip/design_1_v_proc_ss_2_0/bd_1/ip/ip_72/synth/bd_b2a2_m08wn_0.sv:58]
INFO: [Synth 8-6155] done synthesizing module 'bd_b2a2_m08wn_0' (87#1) [c:/Users/jaxie963/Temp/cpre488-mp2/project_1/project_1.srcs/sources_1/bd/design_1/ip/design_1_v_proc_ss_2_0/bd_1/ip/ip_72/synth/bd_b2a2_m08wn_0.sv:58]
INFO: [Synth 8-6155] done synthesizing module 'm08_nodes_imp_1DJ1A5N' (88#1) [c:/Users/jaxie963/Temp/cpre488-mp2/project_1/project_1.srcs/sources_1/bd/design_1/ip/design_1_v_proc_ss_2_0/bd_1/synth/bd_b2a2.v:7843]
INFO: [Synth 8-6157] synthesizing module 'bd_b2a2_m08s2a_0' [c:/Users/jaxie963/Temp/cpre488-mp2/project_1/project_1.srcs/sources_1/bd/design_1/ip/design_1_v_proc_ss_2_0/bd_1/ip/ip_68/synth/bd_b2a2_m08s2a_0.sv:58]
INFO: [Synth 8-6155] done synthesizing module 'bd_b2a2_m08s2a_0' (89#1) [c:/Users/jaxie963/Temp/cpre488-mp2/project_1/project_1.srcs/sources_1/bd/design_1/ip/design_1_v_proc_ss_2_0/bd_1/ip/ip_68/synth/bd_b2a2_m08s2a_0.sv:58]
INFO: [Synth 8-6157] synthesizing module 'bd_b2a2_s00a2s_0' [c:/Users/jaxie963/Temp/cpre488-mp2/project_1/project_1.srcs/sources_1/bd/design_1/ip/design_1_v_proc_ss_2_0/bd_1/ip/ip_20/synth/bd_b2a2_s00a2s_0.sv:58]
INFO: [Synth 8-6155] done synthesizing module 'bd_b2a2_s00a2s_0' (91#1) [c:/Users/jaxie963/Temp/cpre488-mp2/project_1/project_1.srcs/sources_1/bd/design_1/ip/design_1_v_proc_ss_2_0/bd_1/ip/ip_20/synth/bd_b2a2_s00a2s_0.sv:58]
INFO: [Synth 8-6157] synthesizing module 's00_entry_pipeline_imp_MYR836' [c:/Users/jaxie963/Temp/cpre488-mp2/project_1/project_1.srcs/sources_1/bd/design_1/ip/design_1_v_proc_ss_2_0/bd_1/synth/bd_b2a2.v:8139]
INFO: [Synth 8-6157] synthesizing module 'bd_b2a2_s00mmu_0' [c:/Users/jaxie963/Temp/cpre488-mp2/project_1/project_1.srcs/sources_1/bd/design_1/ip/design_1_v_proc_ss_2_0/bd_1/ip/ip_17/synth/bd_b2a2_s00mmu_0.sv:59]
INFO: [Synth 8-6155] done synthesizing module 'bd_b2a2_s00mmu_0' (96#1) [c:/Users/jaxie963/Temp/cpre488-mp2/project_1/project_1.srcs/sources_1/bd/design_1/ip/design_1_v_proc_ss_2_0/bd_1/ip/ip_17/synth/bd_b2a2_s00mmu_0.sv:59]
INFO: [Synth 8-6157] synthesizing module 'bd_b2a2_s00sic_0' [c:/Users/jaxie963/Temp/cpre488-mp2/project_1/project_1.srcs/sources_1/bd/design_1/ip/design_1_v_proc_ss_2_0/bd_1/ip/ip_19/synth/bd_b2a2_s00sic_0.sv:59]
INFO: [Synth 8-6155] done synthesizing module 'bd_b2a2_s00sic_0' (99#1) [c:/Users/jaxie963/Temp/cpre488-mp2/project_1/project_1.srcs/sources_1/bd/design_1/ip/design_1_v_proc_ss_2_0/bd_1/ip/ip_19/synth/bd_b2a2_s00sic_0.sv:59]
INFO: [Synth 8-6157] synthesizing module 'bd_b2a2_s00tr_0' [c:/Users/jaxie963/Temp/cpre488-mp2/project_1/project_1.srcs/sources_1/bd/design_1/ip/design_1_v_proc_ss_2_0/bd_1/ip/ip_18/synth/bd_b2a2_s00tr_0.sv:58]
INFO: [Synth 8-6155] done synthesizing module 'bd_b2a2_s00tr_0' (102#1) [c:/Users/jaxie963/Temp/cpre488-mp2/project_1/project_1.srcs/sources_1/bd/design_1/ip/design_1_v_proc_ss_2_0/bd_1/ip/ip_18/synth/bd_b2a2_s00tr_0.sv:58]
WARNING: [Synth 8-7071] port 'm_axi_awburst' of module 'bd_b2a2_s00tr_0' is unconnected for instance 's00_transaction_regulator' [c:/Users/jaxie963/Temp/cpre488-mp2/project_1/project_1.srcs/sources_1/bd/design_1/ip/design_1_v_proc_ss_2_0/bd_1/synth/bd_b2a2.v:8597]
WARNING: [Synth 8-7071] port 'm_axi_arburst' of module 'bd_b2a2_s00tr_0' is unconnected for instance 's00_transaction_regulator' [c:/Users/jaxie963/Temp/cpre488-mp2/project_1/project_1.srcs/sources_1/bd/design_1/ip/design_1_v_proc_ss_2_0/bd_1/synth/bd_b2a2.v:8597]
WARNING: [Synth 8-7023] instance 's00_transaction_regulator' of module 'bd_b2a2_s00tr_0' has 82 connections declared, but only 80 given [c:/Users/jaxie963/Temp/cpre488-mp2/project_1/project_1.srcs/sources_1/bd/design_1/ip/design_1_v_proc_ss_2_0/bd_1/synth/bd_b2a2.v:8597]
INFO: [Synth 8-6155] done synthesizing module 's00_entry_pipeline_imp_MYR836' (103#1) [c:/Users/jaxie963/Temp/cpre488-mp2/project_1/project_1.srcs/sources_1/bd/design_1/ip/design_1_v_proc_ss_2_0/bd_1/synth/bd_b2a2.v:8139]
INFO: [Synth 8-6157] synthesizing module 's00_nodes_imp_JU3KX4' [c:/Users/jaxie963/Temp/cpre488-mp2/project_1/project_1.srcs/sources_1/bd/design_1/ip/design_1_v_proc_ss_2_0/bd_1/synth/bd_b2a2.v:8680]
INFO: [Synth 8-6157] synthesizing module 'bd_b2a2_sarn_0' [c:/Users/jaxie963/Temp/cpre488-mp2/project_1/project_1.srcs/sources_1/bd/design_1/ip/design_1_v_proc_ss_2_0/bd_1/ip/ip_21/synth/bd_b2a2_sarn_0.sv:58]
INFO: [Synth 8-6155] done synthesizing module 'bd_b2a2_sarn_0' (104#1) [c:/Users/jaxie963/Temp/cpre488-mp2/project_1/project_1.srcs/sources_1/bd/design_1/ip/design_1_v_proc_ss_2_0/bd_1/ip/ip_21/synth/bd_b2a2_sarn_0.sv:58]
INFO: [Synth 8-6157] synthesizing module 'bd_b2a2_sawn_0' [c:/Users/jaxie963/Temp/cpre488-mp2/project_1/project_1.srcs/sources_1/bd/design_1/ip/design_1_v_proc_ss_2_0/bd_1/ip/ip_23/synth/bd_b2a2_sawn_0.sv:58]
INFO: [Synth 8-6155] done synthesizing module 'bd_b2a2_sawn_0' (105#1) [c:/Users/jaxie963/Temp/cpre488-mp2/project_1/project_1.srcs/sources_1/bd/design_1/ip/design_1_v_proc_ss_2_0/bd_1/ip/ip_23/synth/bd_b2a2_sawn_0.sv:58]
INFO: [Synth 8-6157] synthesizing module 'bd_b2a2_sbn_0' [c:/Users/jaxie963/Temp/cpre488-mp2/project_1/project_1.srcs/sources_1/bd/design_1/ip/design_1_v_proc_ss_2_0/bd_1/ip/ip_25/synth/bd_b2a2_sbn_0.sv:58]
INFO: [Synth 8-6155] done synthesizing module 'bd_b2a2_sbn_0' (106#1) [c:/Users/jaxie963/Temp/cpre488-mp2/project_1/project_1.srcs/sources_1/bd/design_1/ip/design_1_v_proc_ss_2_0/bd_1/ip/ip_25/synth/bd_b2a2_sbn_0.sv:58]
INFO: [Synth 8-6157] synthesizing module 'bd_b2a2_srn_0' [c:/Users/jaxie963/Temp/cpre488-mp2/project_1/project_1.srcs/sources_1/bd/design_1/ip/design_1_v_proc_ss_2_0/bd_1/ip/ip_22/synth/bd_b2a2_srn_0.sv:58]
INFO: [Synth 8-6155] done synthesizing module 'bd_b2a2_srn_0' (107#1) [c:/Users/jaxie963/Temp/cpre488-mp2/project_1/project_1.srcs/sources_1/bd/design_1/ip/design_1_v_proc_ss_2_0/bd_1/ip/ip_22/synth/bd_b2a2_srn_0.sv:58]
INFO: [Synth 8-6157] synthesizing module 'bd_b2a2_swn_0' [c:/Users/jaxie963/Temp/cpre488-mp2/project_1/project_1.srcs/sources_1/bd/design_1/ip/design_1_v_proc_ss_2_0/bd_1/ip/ip_24/synth/bd_b2a2_swn_0.sv:58]
INFO: [Synth 8-6155] done synthesizing module 'bd_b2a2_swn_0' (108#1) [c:/Users/jaxie963/Temp/cpre488-mp2/project_1/project_1.srcs/sources_1/bd/design_1/ip/design_1_v_proc_ss_2_0/bd_1/ip/ip_24/synth/bd_b2a2_swn_0.sv:58]
INFO: [Synth 8-6155] done synthesizing module 's00_nodes_imp_JU3KX4' (109#1) [c:/Users/jaxie963/Temp/cpre488-mp2/project_1/project_1.srcs/sources_1/bd/design_1/ip/design_1_v_proc_ss_2_0/bd_1/synth/bd_b2a2.v:8680]
INFO: [Synth 8-6157] synthesizing module 'switchboards_imp_CCW4OS' [c:/Users/jaxie963/Temp/cpre488-mp2/project_1/project_1.srcs/sources_1/bd/design_1/ip/design_1_v_proc_ss_2_0/bd_1/synth/bd_b2a2.v:8976]
INFO: [Synth 8-6157] synthesizing module 'bd_b2a2_arinsw_0' [c:/Users/jaxie963/Temp/cpre488-mp2/project_1/project_1.srcs/sources_1/bd/design_1/ip/design_1_v_proc_ss_2_0/bd_1/ip/ip_2/synth/bd_b2a2_arinsw_0.sv:57]
INFO: [Synth 8-6155] done synthesizing module 'bd_b2a2_arinsw_0' (112#1) [c:/Users/jaxie963/Temp/cpre488-mp2/project_1/project_1.srcs/sources_1/bd/design_1/ip/design_1_v_proc_ss_2_0/bd_1/ip/ip_2/synth/bd_b2a2_arinsw_0.sv:57]
INFO: [Synth 8-6157] synthesizing module 'bd_b2a2_aroutsw_0' [c:/Users/jaxie963/Temp/cpre488-mp2/project_1/project_1.srcs/sources_1/bd/design_1/ip/design_1_v_proc_ss_2_0/bd_1/ip/ip_7/synth/bd_b2a2_aroutsw_0.sv:57]
INFO: [Synth 8-6155] done synthesizing module 'bd_b2a2_aroutsw_0' (113#1) [c:/Users/jaxie963/Temp/cpre488-mp2/project_1/project_1.srcs/sources_1/bd/design_1/ip/design_1_v_proc_ss_2_0/bd_1/ip/ip_7/synth/bd_b2a2_aroutsw_0.sv:57]
INFO: [Synth 8-6157] synthesizing module 'bd_b2a2_awinsw_0' [c:/Users/jaxie963/Temp/cpre488-mp2/project_1/project_1.srcs/sources_1/bd/design_1/ip/design_1_v_proc_ss_2_0/bd_1/ip/ip_4/synth/bd_b2a2_awinsw_0.sv:57]
INFO: [Synth 8-6155] done synthesizing module 'bd_b2a2_awinsw_0' (114#1) [c:/Users/jaxie963/Temp/cpre488-mp2/project_1/project_1.srcs/sources_1/bd/design_1/ip/design_1_v_proc_ss_2_0/bd_1/ip/ip_4/synth/bd_b2a2_awinsw_0.sv:57]
INFO: [Synth 8-6157] synthesizing module 'bd_b2a2_awoutsw_0' [c:/Users/jaxie963/Temp/cpre488-mp2/project_1/project_1.srcs/sources_1/bd/design_1/ip/design_1_v_proc_ss_2_0/bd_1/ip/ip_9/synth/bd_b2a2_awoutsw_0.sv:57]
INFO: [Synth 8-6155] done synthesizing module 'bd_b2a2_awoutsw_0' (115#1) [c:/Users/jaxie963/Temp/cpre488-mp2/project_1/project_1.srcs/sources_1/bd/design_1/ip/design_1_v_proc_ss_2_0/bd_1/ip/ip_9/synth/bd_b2a2_awoutsw_0.sv:57]
INFO: [Synth 8-6157] synthesizing module 'bd_b2a2_binsw_0' [c:/Users/jaxie963/Temp/cpre488-mp2/project_1/project_1.srcs/sources_1/bd/design_1/ip/design_1_v_proc_ss_2_0/bd_1/ip/ip_6/synth/bd_b2a2_binsw_0.sv:57]
INFO: [Synth 8-6155] done synthesizing module 'bd_b2a2_binsw_0' (116#1) [c:/Users/jaxie963/Temp/cpre488-mp2/project_1/project_1.srcs/sources_1/bd/design_1/ip/design_1_v_proc_ss_2_0/bd_1/ip/ip_6/synth/bd_b2a2_binsw_0.sv:57]
INFO: [Synth 8-6157] synthesizing module 'bd_b2a2_boutsw_0' [c:/Users/jaxie963/Temp/cpre488-mp2/project_1/project_1.srcs/sources_1/bd/design_1/ip/design_1_v_proc_ss_2_0/bd_1/ip/ip_11/synth/bd_b2a2_boutsw_0.sv:57]
INFO: [Synth 8-6155] done synthesizing module 'bd_b2a2_boutsw_0' (117#1) [c:/Users/jaxie963/Temp/cpre488-mp2/project_1/project_1.srcs/sources_1/bd/design_1/ip/design_1_v_proc_ss_2_0/bd_1/ip/ip_11/synth/bd_b2a2_boutsw_0.sv:57]
INFO: [Synth 8-6157] synthesizing module 'i_nodes_imp_1SK4F44' [c:/Users/jaxie963/Temp/cpre488-mp2/project_1/project_1.srcs/sources_1/bd/design_1/ip/design_1_v_proc_ss_2_0/bd_1/synth/bd_b2a2.v:3664]
INFO: [Synth 8-6157] synthesizing module 'bd_b2a2_arni_0' [c:/Users/jaxie963/Temp/cpre488-mp2/project_1/project_1.srcs/sources_1/bd/design_1/ip/design_1_v_proc_ss_2_0/bd_1/ip/ip_12/synth/bd_b2a2_arni_0.sv:58]
INFO: [Synth 8-6155] done synthesizing module 'bd_b2a2_arni_0' (122#1) [c:/Users/jaxie963/Temp/cpre488-mp2/project_1/project_1.srcs/sources_1/bd/design_1/ip/design_1_v_proc_ss_2_0/bd_1/ip/ip_12/synth/bd_b2a2_arni_0.sv:58]
INFO: [Synth 8-6157] synthesizing module 'bd_b2a2_awni_0' [c:/Users/jaxie963/Temp/cpre488-mp2/project_1/project_1.srcs/sources_1/bd/design_1/ip/design_1_v_proc_ss_2_0/bd_1/ip/ip_14/synth/bd_b2a2_awni_0.sv:58]
INFO: [Synth 8-6155] done synthesizing module 'bd_b2a2_awni_0' (123#1) [c:/Users/jaxie963/Temp/cpre488-mp2/project_1/project_1.srcs/sources_1/bd/design_1/ip/design_1_v_proc_ss_2_0/bd_1/ip/ip_14/synth/bd_b2a2_awni_0.sv:58]
INFO: [Synth 8-6157] synthesizing module 'bd_b2a2_bni_0' [c:/Users/jaxie963/Temp/cpre488-mp2/project_1/project_1.srcs/sources_1/bd/design_1/ip/design_1_v_proc_ss_2_0/bd_1/ip/ip_16/synth/bd_b2a2_bni_0.sv:58]
INFO: [Synth 8-6155] done synthesizing module 'bd_b2a2_bni_0' (126#1) [c:/Users/jaxie963/Temp/cpre488-mp2/project_1/project_1.srcs/sources_1/bd/design_1/ip/design_1_v_proc_ss_2_0/bd_1/ip/ip_16/synth/bd_b2a2_bni_0.sv:58]
INFO: [Synth 8-6157] synthesizing module 'bd_b2a2_rni_0' [c:/Users/jaxie963/Temp/cpre488-mp2/project_1/project_1.srcs/sources_1/bd/design_1/ip/design_1_v_proc_ss_2_0/bd_1/ip/ip_13/synth/bd_b2a2_rni_0.sv:58]
INFO: [Synth 8-6155] done synthesizing module 'bd_b2a2_rni_0' (127#1) [c:/Users/jaxie963/Temp/cpre488-mp2/project_1/project_1.srcs/sources_1/bd/design_1/ip/design_1_v_proc_ss_2_0/bd_1/ip/ip_13/synth/bd_b2a2_rni_0.sv:58]
INFO: [Synth 8-6157] synthesizing module 'bd_b2a2_wni_0' [c:/Users/jaxie963/Temp/cpre488-mp2/project_1/project_1.srcs/sources_1/bd/design_1/ip/design_1_v_proc_ss_2_0/bd_1/ip/ip_15/synth/bd_b2a2_wni_0.sv:58]
INFO: [Synth 8-6155] done synthesizing module 'bd_b2a2_wni_0' (128#1) [c:/Users/jaxie963/Temp/cpre488-mp2/project_1/project_1.srcs/sources_1/bd/design_1/ip/design_1_v_proc_ss_2_0/bd_1/ip/ip_15/synth/bd_b2a2_wni_0.sv:58]
INFO: [Synth 8-6155] done synthesizing module 'i_nodes_imp_1SK4F44' (129#1) [c:/Users/jaxie963/Temp/cpre488-mp2/project_1/project_1.srcs/sources_1/bd/design_1/ip/design_1_v_proc_ss_2_0/bd_1/synth/bd_b2a2.v:3664]
INFO: [Synth 8-6157] synthesizing module 'bd_b2a2_rinsw_0' [c:/Users/jaxie963/Temp/cpre488-mp2/project_1/project_1.srcs/sources_1/bd/design_1/ip/design_1_v_proc_ss_2_0/bd_1/ip/ip_3/synth/bd_b2a2_rinsw_0.sv:57]
INFO: [Synth 8-6155] done synthesizing module 'bd_b2a2_rinsw_0' (130#1) [c:/Users/jaxie963/Temp/cpre488-mp2/project_1/project_1.srcs/sources_1/bd/design_1/ip/design_1_v_proc_ss_2_0/bd_1/ip/ip_3/synth/bd_b2a2_rinsw_0.sv:57]
INFO: [Synth 8-6157] synthesizing module 'bd_b2a2_routsw_0' [c:/Users/jaxie963/Temp/cpre488-mp2/project_1/project_1.srcs/sources_1/bd/design_1/ip/design_1_v_proc_ss_2_0/bd_1/ip/ip_8/synth/bd_b2a2_routsw_0.sv:57]
INFO: [Synth 8-6155] done synthesizing module 'bd_b2a2_routsw_0' (131#1) [c:/Users/jaxie963/Temp/cpre488-mp2/project_1/project_1.srcs/sources_1/bd/design_1/ip/design_1_v_proc_ss_2_0/bd_1/ip/ip_8/synth/bd_b2a2_routsw_0.sv:57]
INFO: [Synth 8-6157] synthesizing module 'bd_b2a2_winsw_0' [c:/Users/jaxie963/Temp/cpre488-mp2/project_1/project_1.srcs/sources_1/bd/design_1/ip/design_1_v_proc_ss_2_0/bd_1/ip/ip_5/synth/bd_b2a2_winsw_0.sv:57]
INFO: [Synth 8-6155] done synthesizing module 'bd_b2a2_winsw_0' (132#1) [c:/Users/jaxie963/Temp/cpre488-mp2/project_1/project_1.srcs/sources_1/bd/design_1/ip/design_1_v_proc_ss_2_0/bd_1/ip/ip_5/synth/bd_b2a2_winsw_0.sv:57]
INFO: [Synth 8-6157] synthesizing module 'bd_b2a2_woutsw_0' [c:/Users/jaxie963/Temp/cpre488-mp2/project_1/project_1.srcs/sources_1/bd/design_1/ip/design_1_v_proc_ss_2_0/bd_1/ip/ip_10/synth/bd_b2a2_woutsw_0.sv:57]
INFO: [Synth 8-6155] done synthesizing module 'bd_b2a2_woutsw_0' (133#1) [c:/Users/jaxie963/Temp/cpre488-mp2/project_1/project_1.srcs/sources_1/bd/design_1/ip/design_1_v_proc_ss_2_0/bd_1/ip/ip_10/synth/bd_b2a2_woutsw_0.sv:57]
INFO: [Synth 8-6155] done synthesizing module 'switchboards_imp_CCW4OS' (134#1) [c:/Users/jaxie963/Temp/cpre488-mp2/project_1/project_1.srcs/sources_1/bd/design_1/ip/design_1_v_proc_ss_2_0/bd_1/synth/bd_b2a2.v:8976]
WARNING: [Synth 8-7071] port 'M06_SC_AR_info' of module 'switchboards_imp_CCW4OS' is unconnected for instance 'switchboards' [c:/Users/jaxie963/Temp/cpre488-mp2/project_1/project_1.srcs/sources_1/bd/design_1/ip/design_1_v_proc_ss_2_0/bd_1/synth/bd_b2a2.v:3284]
WARNING: [Synth 8-7071] port 'M06_SC_AR_payld' of module 'switchboards_imp_CCW4OS' is unconnected for instance 'switchboards' [c:/Users/jaxie963/Temp/cpre488-mp2/project_1/project_1.srcs/sources_1/bd/design_1/ip/design_1_v_proc_ss_2_0/bd_1/synth/bd_b2a2.v:3284]
WARNING: [Synth 8-7071] port 'M06_SC_AR_req' of module 'switchboards_imp_CCW4OS' is unconnected for instance 'switchboards' [c:/Users/jaxie963/Temp/cpre488-mp2/project_1/project_1.srcs/sources_1/bd/design_1/ip/design_1_v_proc_ss_2_0/bd_1/synth/bd_b2a2.v:3284]
WARNING: [Synth 8-7071] port 'M06_SC_AR_send' of module 'switchboards_imp_CCW4OS' is unconnected for instance 'switchboards' [c:/Users/jaxie963/Temp/cpre488-mp2/project_1/project_1.srcs/sources_1/bd/design_1/ip/design_1_v_proc_ss_2_0/bd_1/synth/bd_b2a2.v:3284]
WARNING: [Synth 8-7071] port 'M06_SC_AW_info' of module 'switchboards_imp_CCW4OS' is unconnected for instance 'switchboards' [c:/Users/jaxie963/Temp/cpre488-mp2/project_1/project_1.srcs/sources_1/bd/design_1/ip/design_1_v_proc_ss_2_0/bd_1/synth/bd_b2a2.v:3284]
WARNING: [Synth 8-7071] port 'M06_SC_AW_payld' of module 'switchboards_imp_CCW4OS' is unconnected for instance 'switchboards' [c:/Users/jaxie963/Temp/cpre488-mp2/project_1/project_1.srcs/sources_1/bd/design_1/ip/design_1_v_proc_ss_2_0/bd_1/synth/bd_b2a2.v:3284]
WARNING: [Synth 8-7071] port 'M06_SC_AW_req' of module 'switchboards_imp_CCW4OS' is unconnected for instance 'switchboards' [c:/Users/jaxie963/Temp/cpre488-mp2/project_1/project_1.srcs/sources_1/bd/design_1/ip/design_1_v_proc_ss_2_0/bd_1/synth/bd_b2a2.v:3284]
WARNING: [Synth 8-7071] port 'M06_SC_AW_send' of module 'switchboards_imp_CCW4OS' is unconnected for instance 'switchboards' [c:/Users/jaxie963/Temp/cpre488-mp2/project_1/project_1.srcs/sources_1/bd/design_1/ip/design_1_v_proc_ss_2_0/bd_1/synth/bd_b2a2.v:3284]
WARNING: [Synth 8-7071] port 'M06_SC_W_info' of module 'switchboards_imp_CCW4OS' is unconnected for instance 'switchboards' [c:/Users/jaxie963/Temp/cpre488-mp2/project_1/project_1.srcs/sources_1/bd/design_1/ip/design_1_v_proc_ss_2_0/bd_1/synth/bd_b2a2.v:3284]
WARNING: [Synth 8-7071] port 'M06_SC_W_payld' of module 'switchboards_imp_CCW4OS' is unconnected for instance 'switchboards' [c:/Users/jaxie963/Temp/cpre488-mp2/project_1/project_1.srcs/sources_1/bd/design_1/ip/design_1_v_proc_ss_2_0/bd_1/synth/bd_b2a2.v:3284]
WARNING: [Synth 8-7071] port 'M06_SC_W_req' of module 'switchboards_imp_CCW4OS' is unconnected for instance 'switchboards' [c:/Users/jaxie963/Temp/cpre488-mp2/project_1/project_1.srcs/sources_1/bd/design_1/ip/design_1_v_proc_ss_2_0/bd_1/synth/bd_b2a2.v:3284]
WARNING: [Synth 8-7071] port 'M06_SC_W_send' of module 'switchboards_imp_CCW4OS' is unconnected for instance 'switchboards' [c:/Users/jaxie963/Temp/cpre488-mp2/project_1/project_1.srcs/sources_1/bd/design_1/ip/design_1_v_proc_ss_2_0/bd_1/synth/bd_b2a2.v:3284]
WARNING: [Synth 8-7071] port 'M07_SC_AR_info' of module 'switchboards_imp_CCW4OS' is unconnected for instance 'switchboards' [c:/Users/jaxie963/Temp/cpre488-mp2/project_1/project_1.srcs/sources_1/bd/design_1/ip/design_1_v_proc_ss_2_0/bd_1/synth/bd_b2a2.v:3284]
WARNING: [Synth 8-7071] port 'M07_SC_AR_payld' of module 'switchboards_imp_CCW4OS' is unconnected for instance 'switchboards' [c:/Users/jaxie963/Temp/cpre488-mp2/project_1/project_1.srcs/sources_1/bd/design_1/ip/design_1_v_proc_ss_2_0/bd_1/synth/bd_b2a2.v:3284]
WARNING: [Synth 8-7071] port 'M07_SC_AR_req' of module 'switchboards_imp_CCW4OS' is unconnected for instance 'switchboards' [c:/Users/jaxie963/Temp/cpre488-mp2/project_1/project_1.srcs/sources_1/bd/design_1/ip/design_1_v_proc_ss_2_0/bd_1/synth/bd_b2a2.v:3284]
WARNING: [Synth 8-7071] port 'M07_SC_AR_send' of module 'switchboards_imp_CCW4OS' is unconnected for instance 'switchboards' [c:/Users/jaxie963/Temp/cpre488-mp2/project_1/project_1.srcs/sources_1/bd/design_1/ip/design_1_v_proc_ss_2_0/bd_1/synth/bd_b2a2.v:3284]
WARNING: [Synth 8-7071] port 'M07_SC_AW_info' of module 'switchboards_imp_CCW4OS' is unconnected for instance 'switchboards' [c:/Users/jaxie963/Temp/cpre488-mp2/project_1/project_1.srcs/sources_1/bd/design_1/ip/design_1_v_proc_ss_2_0/bd_1/synth/bd_b2a2.v:3284]
WARNING: [Synth 8-7071] port 'M07_SC_AW_payld' of module 'switchboards_imp_CCW4OS' is unconnected for instance 'switchboards' [c:/Users/jaxie963/Temp/cpre488-mp2/project_1/project_1.srcs/sources_1/bd/design_1/ip/design_1_v_proc_ss_2_0/bd_1/synth/bd_b2a2.v:3284]
WARNING: [Synth 8-7071] port 'M07_SC_AW_req' of module 'switchboards_imp_CCW4OS' is unconnected for instance 'switchboards' [c:/Users/jaxie963/Temp/cpre488-mp2/project_1/project_1.srcs/sources_1/bd/design_1/ip/design_1_v_proc_ss_2_0/bd_1/synth/bd_b2a2.v:3284]
WARNING: [Synth 8-7071] port 'M07_SC_AW_send' of module 'switchboards_imp_CCW4OS' is unconnected for instance 'switchboards' [c:/Users/jaxie963/Temp/cpre488-mp2/project_1/project_1.srcs/sources_1/bd/design_1/ip/design_1_v_proc_ss_2_0/bd_1/synth/bd_b2a2.v:3284]
WARNING: [Synth 8-7071] port 'M07_SC_W_info' of module 'switchboards_imp_CCW4OS' is unconnected for instance 'switchboards' [c:/Users/jaxie963/Temp/cpre488-mp2/project_1/project_1.srcs/sources_1/bd/design_1/ip/design_1_v_proc_ss_2_0/bd_1/synth/bd_b2a2.v:3284]
WARNING: [Synth 8-7071] port 'M07_SC_W_payld' of module 'switchboards_imp_CCW4OS' is unconnected for instance 'switchboards' [c:/Users/jaxie963/Temp/cpre488-mp2/project_1/project_1.srcs/sources_1/bd/design_1/ip/design_1_v_proc_ss_2_0/bd_1/synth/bd_b2a2.v:3284]
WARNING: [Synth 8-7071] port 'M07_SC_W_req' of module 'switchboards_imp_CCW4OS' is unconnected for instance 'switchboards' [c:/Users/jaxie963/Temp/cpre488-mp2/project_1/project_1.srcs/sources_1/bd/design_1/ip/design_1_v_proc_ss_2_0/bd_1/synth/bd_b2a2.v:3284]
WARNING: [Synth 8-7071] port 'M07_SC_W_send' of module 'switchboards_imp_CCW4OS' is unconnected for instance 'switchboards' [c:/Users/jaxie963/Temp/cpre488-mp2/project_1/project_1.srcs/sources_1/bd/design_1/ip/design_1_v_proc_ss_2_0/bd_1/synth/bd_b2a2.v:3284]
WARNING: [Synth 8-7071] port 'M09_SC_AR_info' of module 'switchboards_imp_CCW4OS' is unconnected for instance 'switchboards' [c:/Users/jaxie963/Temp/cpre488-mp2/project_1/project_1.srcs/sources_1/bd/design_1/ip/design_1_v_proc_ss_2_0/bd_1/synth/bd_b2a2.v:3284]
WARNING: [Synth 8-7071] port 'M09_SC_AR_payld' of module 'switchboards_imp_CCW4OS' is unconnected for instance 'switchboards' [c:/Users/jaxie963/Temp/cpre488-mp2/project_1/project_1.srcs/sources_1/bd/design_1/ip/design_1_v_proc_ss_2_0/bd_1/synth/bd_b2a2.v:3284]
WARNING: [Synth 8-7071] port 'M09_SC_AR_req' of module 'switchboards_imp_CCW4OS' is unconnected for instance 'switchboards' [c:/Users/jaxie963/Temp/cpre488-mp2/project_1/project_1.srcs/sources_1/bd/design_1/ip/design_1_v_proc_ss_2_0/bd_1/synth/bd_b2a2.v:3284]
WARNING: [Synth 8-7071] port 'M09_SC_AR_send' of module 'switchboards_imp_CCW4OS' is unconnected for instance 'switchboards' [c:/Users/jaxie963/Temp/cpre488-mp2/project_1/project_1.srcs/sources_1/bd/design_1/ip/design_1_v_proc_ss_2_0/bd_1/synth/bd_b2a2.v:3284]
WARNING: [Synth 8-7071] port 'M09_SC_AW_info' of module 'switchboards_imp_CCW4OS' is unconnected for instance 'switchboards' [c:/Users/jaxie963/Temp/cpre488-mp2/project_1/project_1.srcs/sources_1/bd/design_1/ip/design_1_v_proc_ss_2_0/bd_1/synth/bd_b2a2.v:3284]
WARNING: [Synth 8-7071] port 'M09_SC_AW_payld' of module 'switchboards_imp_CCW4OS' is unconnected for instance 'switchboards' [c:/Users/jaxie963/Temp/cpre488-mp2/project_1/project_1.srcs/sources_1/bd/design_1/ip/design_1_v_proc_ss_2_0/bd_1/synth/bd_b2a2.v:3284]
WARNING: [Synth 8-7071] port 'M09_SC_AW_req' of module 'switchboards_imp_CCW4OS' is unconnected for instance 'switchboards' [c:/Users/jaxie963/Temp/cpre488-mp2/project_1/project_1.srcs/sources_1/bd/design_1/ip/design_1_v_proc_ss_2_0/bd_1/synth/bd_b2a2.v:3284]
WARNING: [Synth 8-7071] port 'M09_SC_AW_send' of module 'switchboards_imp_CCW4OS' is unconnected for instance 'switchboards' [c:/Users/jaxie963/Temp/cpre488-mp2/project_1/project_1.srcs/sources_1/bd/design_1/ip/design_1_v_proc_ss_2_0/bd_1/synth/bd_b2a2.v:3284]
WARNING: [Synth 8-7071] port 'M09_SC_W_info' of module 'switchboards_imp_CCW4OS' is unconnected for instance 'switchboards' [c:/Users/jaxie963/Temp/cpre488-mp2/project_1/project_1.srcs/sources_1/bd/design_1/ip/design_1_v_proc_ss_2_0/bd_1/synth/bd_b2a2.v:3284]
WARNING: [Synth 8-7071] port 'M09_SC_W_payld' of module 'switchboards_imp_CCW4OS' is unconnected for instance 'switchboards' [c:/Users/jaxie963/Temp/cpre488-mp2/project_1/project_1.srcs/sources_1/bd/design_1/ip/design_1_v_proc_ss_2_0/bd_1/synth/bd_b2a2.v:3284]
WARNING: [Synth 8-7071] port 'M09_SC_W_req' of module 'switchboards_imp_CCW4OS' is unconnected for instance 'switchboards' [c:/Users/jaxie963/Temp/cpre488-mp2/project_1/project_1.srcs/sources_1/bd/design_1/ip/design_1_v_proc_ss_2_0/bd_1/synth/bd_b2a2.v:3284]
WARNING: [Synth 8-7071] port 'M09_SC_W_send' of module 'switchboards_imp_CCW4OS' is unconnected for instance 'switchboards' [c:/Users/jaxie963/Temp/cpre488-mp2/project_1/project_1.srcs/sources_1/bd/design_1/ip/design_1_v_proc_ss_2_0/bd_1/synth/bd_b2a2.v:3284]
WARNING: [Synth 8-7071] port 'M10_SC_AR_info' of module 'switchboards_imp_CCW4OS' is unconnected for instance 'switchboards' [c:/Users/jaxie963/Temp/cpre488-mp2/project_1/project_1.srcs/sources_1/bd/design_1/ip/design_1_v_proc_ss_2_0/bd_1/synth/bd_b2a2.v:3284]
WARNING: [Synth 8-7071] port 'M10_SC_AR_payld' of module 'switchboards_imp_CCW4OS' is unconnected for instance 'switchboards' [c:/Users/jaxie963/Temp/cpre488-mp2/project_1/project_1.srcs/sources_1/bd/design_1/ip/design_1_v_proc_ss_2_0/bd_1/synth/bd_b2a2.v:3284]
WARNING: [Synth 8-7071] port 'M10_SC_AR_req' of module 'switchboards_imp_CCW4OS' is unconnected for instance 'switchboards' [c:/Users/jaxie963/Temp/cpre488-mp2/project_1/project_1.srcs/sources_1/bd/design_1/ip/design_1_v_proc_ss_2_0/bd_1/synth/bd_b2a2.v:3284]
WARNING: [Synth 8-7071] port 'M10_SC_AR_send' of module 'switchboards_imp_CCW4OS' is unconnected for instance 'switchboards' [c:/Users/jaxie963/Temp/cpre488-mp2/project_1/project_1.srcs/sources_1/bd/design_1/ip/design_1_v_proc_ss_2_0/bd_1/synth/bd_b2a2.v:3284]
WARNING: [Synth 8-7071] port 'M10_SC_AW_info' of module 'switchboards_imp_CCW4OS' is unconnected for instance 'switchboards' [c:/Users/jaxie963/Temp/cpre488-mp2/project_1/project_1.srcs/sources_1/bd/design_1/ip/design_1_v_proc_ss_2_0/bd_1/synth/bd_b2a2.v:3284]
WARNING: [Synth 8-7071] port 'M10_SC_AW_payld' of module 'switchboards_imp_CCW4OS' is unconnected for instance 'switchboards' [c:/Users/jaxie963/Temp/cpre488-mp2/project_1/project_1.srcs/sources_1/bd/design_1/ip/design_1_v_proc_ss_2_0/bd_1/synth/bd_b2a2.v:3284]
WARNING: [Synth 8-7071] port 'M10_SC_AW_req' of module 'switchboards_imp_CCW4OS' is unconnected for instance 'switchboards' [c:/Users/jaxie963/Temp/cpre488-mp2/project_1/project_1.srcs/sources_1/bd/design_1/ip/design_1_v_proc_ss_2_0/bd_1/synth/bd_b2a2.v:3284]
WARNING: [Synth 8-7071] port 'M10_SC_AW_send' of module 'switchboards_imp_CCW4OS' is unconnected for instance 'switchboards' [c:/Users/jaxie963/Temp/cpre488-mp2/project_1/project_1.srcs/sources_1/bd/design_1/ip/design_1_v_proc_ss_2_0/bd_1/synth/bd_b2a2.v:3284]
WARNING: [Synth 8-7071] port 'M10_SC_W_info' of module 'switchboards_imp_CCW4OS' is unconnected for instance 'switchboards' [c:/Users/jaxie963/Temp/cpre488-mp2/project_1/project_1.srcs/sources_1/bd/design_1/ip/design_1_v_proc_ss_2_0/bd_1/synth/bd_b2a2.v:3284]
WARNING: [Synth 8-7071] port 'M10_SC_W_payld' of module 'switchboards_imp_CCW4OS' is unconnected for instance 'switchboards' [c:/Users/jaxie963/Temp/cpre488-mp2/project_1/project_1.srcs/sources_1/bd/design_1/ip/design_1_v_proc_ss_2_0/bd_1/synth/bd_b2a2.v:3284]
WARNING: [Synth 8-7071] port 'M10_SC_W_req' of module 'switchboards_imp_CCW4OS' is unconnected for instance 'switchboards' [c:/Users/jaxie963/Temp/cpre488-mp2/project_1/project_1.srcs/sources_1/bd/design_1/ip/design_1_v_proc_ss_2_0/bd_1/synth/bd_b2a2.v:3284]
WARNING: [Synth 8-7071] port 'M10_SC_W_send' of module 'switchboards_imp_CCW4OS' is unconnected for instance 'switchboards' [c:/Users/jaxie963/Temp/cpre488-mp2/project_1/project_1.srcs/sources_1/bd/design_1/ip/design_1_v_proc_ss_2_0/bd_1/synth/bd_b2a2.v:3284]
WARNING: [Synth 8-7071] port 'M11_SC_AR_info' of module 'switchboards_imp_CCW4OS' is unconnected for instance 'switchboards' [c:/Users/jaxie963/Temp/cpre488-mp2/project_1/project_1.srcs/sources_1/bd/design_1/ip/design_1_v_proc_ss_2_0/bd_1/synth/bd_b2a2.v:3284]
WARNING: [Synth 8-7071] port 'M11_SC_AR_payld' of module 'switchboards_imp_CCW4OS' is unconnected for instance 'switchboards' [c:/Users/jaxie963/Temp/cpre488-mp2/project_1/project_1.srcs/sources_1/bd/design_1/ip/design_1_v_proc_ss_2_0/bd_1/synth/bd_b2a2.v:3284]
WARNING: [Synth 8-7071] port 'M11_SC_AR_req' of module 'switchboards_imp_CCW4OS' is unconnected for instance 'switchboards' [c:/Users/jaxie963/Temp/cpre488-mp2/project_1/project_1.srcs/sources_1/bd/design_1/ip/design_1_v_proc_ss_2_0/bd_1/synth/bd_b2a2.v:3284]
WARNING: [Synth 8-7071] port 'M11_SC_AR_send' of module 'switchboards_imp_CCW4OS' is unconnected for instance 'switchboards' [c:/Users/jaxie963/Temp/cpre488-mp2/project_1/project_1.srcs/sources_1/bd/design_1/ip/design_1_v_proc_ss_2_0/bd_1/synth/bd_b2a2.v:3284]
WARNING: [Synth 8-7071] port 'M11_SC_AW_info' of module 'switchboards_imp_CCW4OS' is unconnected for instance 'switchboards' [c:/Users/jaxie963/Temp/cpre488-mp2/project_1/project_1.srcs/sources_1/bd/design_1/ip/design_1_v_proc_ss_2_0/bd_1/synth/bd_b2a2.v:3284]
WARNING: [Synth 8-7071] port 'M11_SC_AW_payld' of module 'switchboards_imp_CCW4OS' is unconnected for instance 'switchboards' [c:/Users/jaxie963/Temp/cpre488-mp2/project_1/project_1.srcs/sources_1/bd/design_1/ip/design_1_v_proc_ss_2_0/bd_1/synth/bd_b2a2.v:3284]
WARNING: [Synth 8-7071] port 'M11_SC_AW_req' of module 'switchboards_imp_CCW4OS' is unconnected for instance 'switchboards' [c:/Users/jaxie963/Temp/cpre488-mp2/project_1/project_1.srcs/sources_1/bd/design_1/ip/design_1_v_proc_ss_2_0/bd_1/synth/bd_b2a2.v:3284]
WARNING: [Synth 8-7071] port 'M11_SC_AW_send' of module 'switchboards_imp_CCW4OS' is unconnected for instance 'switchboards' [c:/Users/jaxie963/Temp/cpre488-mp2/project_1/project_1.srcs/sources_1/bd/design_1/ip/design_1_v_proc_ss_2_0/bd_1/synth/bd_b2a2.v:3284]
WARNING: [Synth 8-7071] port 'M11_SC_W_info' of module 'switchboards_imp_CCW4OS' is unconnected for instance 'switchboards' [c:/Users/jaxie963/Temp/cpre488-mp2/project_1/project_1.srcs/sources_1/bd/design_1/ip/design_1_v_proc_ss_2_0/bd_1/synth/bd_b2a2.v:3284]
WARNING: [Synth 8-7071] port 'M11_SC_W_payld' of module 'switchboards_imp_CCW4OS' is unconnected for instance 'switchboards' [c:/Users/jaxie963/Temp/cpre488-mp2/project_1/project_1.srcs/sources_1/bd/design_1/ip/design_1_v_proc_ss_2_0/bd_1/synth/bd_b2a2.v:3284]
WARNING: [Synth 8-7071] port 'M11_SC_W_req' of module 'switchboards_imp_CCW4OS' is unconnected for instance 'switchboards' [c:/Users/jaxie963/Temp/cpre488-mp2/project_1/project_1.srcs/sources_1/bd/design_1/ip/design_1_v_proc_ss_2_0/bd_1/synth/bd_b2a2.v:3284]
WARNING: [Synth 8-7071] port 'M11_SC_W_send' of module 'switchboards_imp_CCW4OS' is unconnected for instance 'switchboards' [c:/Users/jaxie963/Temp/cpre488-mp2/project_1/project_1.srcs/sources_1/bd/design_1/ip/design_1_v_proc_ss_2_0/bd_1/synth/bd_b2a2.v:3284]
WARNING: [Synth 8-7071] port 'S06_SC_B_recv' of module 'switchboards_imp_CCW4OS' is unconnected for instance 'switchboards' [c:/Users/jaxie963/Temp/cpre488-mp2/project_1/project_1.srcs/sources_1/bd/design_1/ip/design_1_v_proc_ss_2_0/bd_1/synth/bd_b2a2.v:3284]
WARNING: [Synth 8-7071] port 'S06_SC_R_recv' of module 'switchboards_imp_CCW4OS' is unconnected for instance 'switchboards' [c:/Users/jaxie963/Temp/cpre488-mp2/project_1/project_1.srcs/sources_1/bd/design_1/ip/design_1_v_proc_ss_2_0/bd_1/synth/bd_b2a2.v:3284]
WARNING: [Synth 8-7071] port 'S07_SC_B_recv' of module 'switchboards_imp_CCW4OS' is unconnected for instance 'switchboards' [c:/Users/jaxie963/Temp/cpre488-mp2/project_1/project_1.srcs/sources_1/bd/design_1/ip/design_1_v_proc_ss_2_0/bd_1/synth/bd_b2a2.v:3284]
WARNING: [Synth 8-7071] port 'S07_SC_R_recv' of module 'switchboards_imp_CCW4OS' is unconnected for instance 'switchboards' [c:/Users/jaxie963/Temp/cpre488-mp2/project_1/project_1.srcs/sources_1/bd/design_1/ip/design_1_v_proc_ss_2_0/bd_1/synth/bd_b2a2.v:3284]
WARNING: [Synth 8-7071] port 'S09_SC_B_recv' of module 'switchboards_imp_CCW4OS' is unconnected for instance 'switchboards' [c:/Users/jaxie963/Temp/cpre488-mp2/project_1/project_1.srcs/sources_1/bd/design_1/ip/design_1_v_proc_ss_2_0/bd_1/synth/bd_b2a2.v:3284]
WARNING: [Synth 8-7071] port 'S09_SC_R_recv' of module 'switchboards_imp_CCW4OS' is unconnected for instance 'switchboards' [c:/Users/jaxie963/Temp/cpre488-mp2/project_1/project_1.srcs/sources_1/bd/design_1/ip/design_1_v_proc_ss_2_0/bd_1/synth/bd_b2a2.v:3284]
WARNING: [Synth 8-7071] port 'S10_SC_B_recv' of module 'switchboards_imp_CCW4OS' is unconnected for instance 'switchboards' [c:/Users/jaxie963/Temp/cpre488-mp2/project_1/project_1.srcs/sources_1/bd/design_1/ip/design_1_v_proc_ss_2_0/bd_1/synth/bd_b2a2.v:3284]
WARNING: [Synth 8-7071] port 'S10_SC_R_recv' of module 'switchboards_imp_CCW4OS' is unconnected for instance 'switchboards' [c:/Users/jaxie963/Temp/cpre488-mp2/project_1/project_1.srcs/sources_1/bd/design_1/ip/design_1_v_proc_ss_2_0/bd_1/synth/bd_b2a2.v:3284]
WARNING: [Synth 8-7071] port 'S11_SC_B_recv' of module 'switchboards_imp_CCW4OS' is unconnected for instance 'switchboards' [c:/Users/jaxie963/Temp/cpre488-mp2/project_1/project_1.srcs/sources_1/bd/design_1/ip/design_1_v_proc_ss_2_0/bd_1/synth/bd_b2a2.v:3284]
WARNING: [Synth 8-7071] port 'S11_SC_R_recv' of module 'switchboards_imp_CCW4OS' is unconnected for instance 'switchboards' [c:/Users/jaxie963/Temp/cpre488-mp2/project_1/project_1.srcs/sources_1/bd/design_1/ip/design_1_v_proc_ss_2_0/bd_1/synth/bd_b2a2.v:3284]
WARNING: [Synth 8-7023] instance 'switchboards' of module 'switchboards_imp_CCW4OS' has 329 connections declared, but only 259 given [c:/Users/jaxie963/Temp/cpre488-mp2/project_1/project_1.srcs/sources_1/bd/design_1/ip/design_1_v_proc_ss_2_0/bd_1/synth/bd_b2a2.v:3284]
INFO: [Synth 8-6155] done synthesizing module 'bd_b2a2' (135#1) [c:/Users/jaxie963/Temp/cpre488-mp2/project_1/project_1.srcs/sources_1/bd/design_1/ip/design_1_v_proc_ss_2_0/bd_1/synth/bd_b2a2.v:10]
INFO: [Synth 8-6155] done synthesizing module 'bd_198a_smartconnect_0_0' (136#1) [c:/Users/jaxie963/Temp/cpre488-mp2/project_1/project_1.srcs/sources_1/bd/design_1/ip/design_1_v_proc_ss_2_0/bd_0/ip/ip_0/synth/bd_198a_smartconnect_0_0.v:57]
---------------------------------------------------------------------------------
Finished RTL Elaboration : Time (s): cpu = 00:00:07 ; elapsed = 00:00:12 . Memory (MB): peak = 1147.680 ; gain = 154.090
---------------------------------------------------------------------------------
---------------------------------------------------------------------------------
Start Handling Custom Attributes
---------------------------------------------------------------------------------
---------------------------------------------------------------------------------
Finished Handling Custom Attributes : Time (s): cpu = 00:00:07 ; elapsed = 00:00:14 . Memory (MB): peak = 1150.582 ; gain = 156.992
---------------------------------------------------------------------------------
---------------------------------------------------------------------------------
Finished RTL Optimization Phase 1 : Time (s): cpu = 00:00:07 ; elapsed = 00:00:14 . Memory (MB): peak = 1150.582 ; gain = 156.992
---------------------------------------------------------------------------------
Netlist sorting complete. Time (s): cpu = 00:00:02 ; elapsed = 00:00:04 . Memory (MB): peak = 1416.832 ; gain = 11.430
INFO: [Netlist 29-17] Analyzing 13 Unisim elements for replacement
INFO: [Netlist 29-28] Unisim Transformation completed in 0 CPU seconds
INFO: [Project 1-570] Preparing netlist for logic optimization

Processing XDC Constraints
Initializing timing engine
Parsing XDC File [c:/Users/jaxie963/Temp/cpre488-mp2/project_1/project_1.srcs/sources_1/bd/design_1/ip/design_1_v_proc_ss_2_0/bd_0/ip/ip_0/ooc.xdc] for cell 'inst'
Finished Parsing XDC File [c:/Users/jaxie963/Temp/cpre488-mp2/project_1/project_1.srcs/sources_1/bd/design_1/ip/design_1_v_proc_ss_2_0/bd_0/ip/ip_0/ooc.xdc] for cell 'inst'
Parsing XDC File [c:/Users/jaxie963/Temp/cpre488-mp2/project_1/project_1.srcs/sources_1/bd/design_1/ip/design_1_v_proc_ss_2_0/bd_1/ip/ip_1/bd_b2a2_psr_aclk_0_board.xdc] for cell 'inst/clk_map/psr_aclk/U0'
Finished Parsing XDC File [c:/Users/jaxie963/Temp/cpre488-mp2/project_1/project_1.srcs/sources_1/bd/design_1/ip/design_1_v_proc_ss_2_0/bd_1/ip/ip_1/bd_b2a2_psr_aclk_0_board.xdc] for cell 'inst/clk_map/psr_aclk/U0'
Parsing XDC File [c:/Users/jaxie963/Temp/cpre488-mp2/project_1/project_1.srcs/sources_1/bd/design_1/ip/design_1_v_proc_ss_2_0/bd_1/ip/ip_1/bd_b2a2_psr_aclk_0.xdc] for cell 'inst/clk_map/psr_aclk/U0'
Finished Parsing XDC File [c:/Users/jaxie963/Temp/cpre488-mp2/project_1/project_1.srcs/sources_1/bd/design_1/ip/design_1_v_proc_ss_2_0/bd_1/ip/ip_1/bd_b2a2_psr_aclk_0.xdc] for cell 'inst/clk_map/psr_aclk/U0'
Parsing XDC File [C:/Users/jaxie963/Temp/cpre488-mp2/project_1/project_1.runs/bd_198a_smartconnect_0_0_synth_1/dont_touch.xdc]
Finished Parsing XDC File [C:/Users/jaxie963/Temp/cpre488-mp2/project_1/project_1.runs/bd_198a_smartconnect_0_0_synth_1/dont_touch.xdc]
Completed Processing XDC Constraints

Netlist sorting complete. Time (s): cpu = 00:00:00 ; elapsed = 00:00:00.008 . Memory (MB): peak = 1822.730 ; gain = 0.000
INFO: [Project 1-111] Unisim Transformation Summary:
  A total of 13 instances were transformed.
  FDR => FDRE: 12 instances
  SRL16 => SRL16E: 1 instance 

Constraint Validation Runtime : Time (s): cpu = 00:00:00 ; elapsed = 00:00:00.289 . Memory (MB): peak = 1835.613 ; gain = 12.883
---------------------------------------------------------------------------------
Finished Constraint Validation : Time (s): cpu = 00:00:18 ; elapsed = 00:00:44 . Memory (MB): peak = 1835.613 ; gain = 842.023
---------------------------------------------------------------------------------
---------------------------------------------------------------------------------
Start Loading Part and Timing Information
---------------------------------------------------------------------------------
Loading part: xc7z020clg484-1
---------------------------------------------------------------------------------
Finished Loading Part and Timing Information : Time (s): cpu = 00:00:18 ; elapsed = 00:00:44 . Memory (MB): peak = 1835.613 ; gain = 842.023
---------------------------------------------------------------------------------
---------------------------------------------------------------------------------
Start Applying 'set_property' XDC Constraints
---------------------------------------------------------------------------------
Applied set_property DONT_TOUCH = true for inst. (constraint file  C:/Users/jaxie963/Temp/cpre488-mp2/project_1/project_1.runs/bd_198a_smartconnect_0_0_synth_1/dont_touch.xdc, line 366).
---------------------------------------------------------------------------------
Finished applying 'set_property' XDC Constraints : Time (s): cpu = 00:00:18 ; elapsed = 00:00:44 . Memory (MB): peak = 1835.613 ; gain = 842.023
---------------------------------------------------------------------------------
---------------------------------------------------------------------------------
Finished RTL Optimization Phase 2 : Time (s): cpu = 00:00:19 ; elapsed = 00:00:49 . Memory (MB): peak = 1835.613 ; gain = 842.023
---------------------------------------------------------------------------------
---------------------------------------------------------------------------------
Start RTL Component Statistics 
---------------------------------------------------------------------------------
Detailed RTL Component Info : 
+---Adders : 
	   2 Input    7 Bit       Adders := 2     
	   2 Input    6 Bit       Adders := 1     
	   2 Input    4 Bit       Adders := 45    
	   2 Input    2 Bit       Adders := 24    
	   3 Input    1 Bit       Adders := 18    
	   2 Input    1 Bit       Adders := 5     
+---XORs : 
	   2 Input      1 Bit         XORs := 74    
+---Registers : 
	             2178 Bit    Registers := 2     
	              167 Bit    Registers := 2     
	               94 Bit    Registers := 1     
	               74 Bit    Registers := 1     
	               47 Bit    Registers := 7     
	               33 Bit    Registers := 7     
	               28 Bit    Registers := 1     
	               14 Bit    Registers := 1     
	               12 Bit    Registers := 4     
	                7 Bit    Registers := 2     
	                6 Bit    Registers := 1     
	                5 Bit    Registers := 3     
	                4 Bit    Registers := 45    
	                3 Bit    Registers := 3     
	                2 Bit    Registers := 49    
	                1 Bit    Registers := 523   
+---Muxes : 
	   2 Input 2178 Bit        Muxes := 2     
	   2 Input  138 Bit        Muxes := 26    
	   2 Input   65 Bit        Muxes := 13    
	   2 Input   53 Bit        Muxes := 1     
	   2 Input   32 Bit        Muxes := 1     
	   2 Input   12 Bit        Muxes := 6     
	   2 Input    8 Bit        Muxes := 2     
	   7 Input    8 Bit        Muxes := 2     
	   2 Input    7 Bit        Muxes := 11    
	   2 Input    6 Bit        Muxes := 1     
	   2 Input    3 Bit        Muxes := 4     
	   4 Input    3 Bit        Muxes := 2     
	   2 Input    2 Bit        Muxes := 76    
	   2 Input    1 Bit        Muxes := 169   
	   5 Input    1 Bit        Muxes := 10    
	   4 Input    1 Bit        Muxes := 4     
---------------------------------------------------------------------------------
Finished RTL Component Statistics 
---------------------------------------------------------------------------------
---------------------------------------------------------------------------------
Start Part Resource Summary
---------------------------------------------------------------------------------
Part Resources:
DSPs: 220 (col length:60)
BRAMs: 280 (col length: RAMB18 60 RAMB36 30)
---------------------------------------------------------------------------------
Finished Part Resource Summary
---------------------------------------------------------------------------------
---------------------------------------------------------------------------------
Start Cross Boundary and Area Optimization
---------------------------------------------------------------------------------
---------------------------------------------------------------------------------
Finished Cross Boundary and Area Optimization : Time (s): cpu = 00:00:22 ; elapsed = 00:00:59 . Memory (MB): peak = 1835.613 ; gain = 842.023
---------------------------------------------------------------------------------
---------------------------------------------------------------------------------
Start Applying XDC Timing Constraints
---------------------------------------------------------------------------------
---------------------------------------------------------------------------------
Finished Applying XDC Timing Constraints : Time (s): cpu = 00:00:25 ; elapsed = 00:01:04 . Memory (MB): peak = 1835.613 ; gain = 842.023
---------------------------------------------------------------------------------
---------------------------------------------------------------------------------
Start Timing Optimization
---------------------------------------------------------------------------------
---------------------------------------------------------------------------------
Finished Timing Optimization : Time (s): cpu = 00:00:25 ; elapsed = 00:01:05 . Memory (MB): peak = 1835.613 ; gain = 842.023
---------------------------------------------------------------------------------
---------------------------------------------------------------------------------
Start Technology Mapping
---------------------------------------------------------------------------------
---------------------------------------------------------------------------------
Finished Technology Mapping : Time (s): cpu = 00:00:26 ; elapsed = 00:01:07 . Memory (MB): peak = 1835.613 ; gain = 842.023
---------------------------------------------------------------------------------
---------------------------------------------------------------------------------
Start IO Insertion
---------------------------------------------------------------------------------
---------------------------------------------------------------------------------
Start Flattening Before IO Insertion
---------------------------------------------------------------------------------
---------------------------------------------------------------------------------
Finished Flattening Before IO Insertion
---------------------------------------------------------------------------------
---------------------------------------------------------------------------------
Start Final Netlist Cleanup
---------------------------------------------------------------------------------
---------------------------------------------------------------------------------
Finished Final Netlist Cleanup
---------------------------------------------------------------------------------
---------------------------------------------------------------------------------
Finished IO Insertion : Time (s): cpu = 00:00:27 ; elapsed = 00:01:09 . Memory (MB): peak = 1835.613 ; gain = 842.023
---------------------------------------------------------------------------------
---------------------------------------------------------------------------------
Start Renaming Generated Instances
---------------------------------------------------------------------------------
---------------------------------------------------------------------------------
Finished Renaming Generated Instances : Time (s): cpu = 00:00:27 ; elapsed = 00:01:09 . Memory (MB): peak = 1835.613 ; gain = 842.023
---------------------------------------------------------------------------------
---------------------------------------------------------------------------------
Start Rebuilding User Hierarchy
---------------------------------------------------------------------------------
---------------------------------------------------------------------------------
Finished Rebuilding User Hierarchy : Time (s): cpu = 00:00:27 ; elapsed = 00:01:09 . Memory (MB): peak = 1835.613 ; gain = 842.023
---------------------------------------------------------------------------------
---------------------------------------------------------------------------------
Start Renaming Generated Ports
---------------------------------------------------------------------------------
---------------------------------------------------------------------------------
Finished Renaming Generated Ports : Time (s): cpu = 00:00:27 ; elapsed = 00:01:09 . Memory (MB): peak = 1835.613 ; gain = 842.023
---------------------------------------------------------------------------------
---------------------------------------------------------------------------------
Start Handling Custom Attributes
---------------------------------------------------------------------------------
---------------------------------------------------------------------------------
Finished Handling Custom Attributes : Time (s): cpu = 00:00:27 ; elapsed = 00:01:09 . Memory (MB): peak = 1835.613 ; gain = 842.023
---------------------------------------------------------------------------------
---------------------------------------------------------------------------------
Start Renaming Generated Nets
---------------------------------------------------------------------------------
---------------------------------------------------------------------------------
Finished Renaming Generated Nets : Time (s): cpu = 00:00:27 ; elapsed = 00:01:09 . Memory (MB): peak = 1835.613 ; gain = 842.023
---------------------------------------------------------------------------------
---------------------------------------------------------------------------------
Start Writing Synthesis Report
---------------------------------------------------------------------------------

Report BlackBoxes: 
+-+--------------+----------+
| |BlackBox name |Instances |
+-+--------------+----------+
+-+--------------+----------+

Report Cell Usage: 
+------+------+------+
|      |Cell  |Count |
+------+------+------+
|1     |LUT1  |   164|
|2     |LUT2  |   135|
|3     |LUT3  |   141|
|4     |LUT4  |   100|
|5     |LUT5  |   108|
|6     |LUT6  |   172|
|7     |MUXF7 |     2|
|8     |SRL16 |     1|
|9     |FDR   |     4|
|10    |FDRE  |   430|
|11    |FDSE  |    64|
+------+------+------+
---------------------------------------------------------------------------------
Finished Writing Synthesis Report : Time (s): cpu = 00:00:27 ; elapsed = 00:01:09 . Memory (MB): peak = 1835.613 ; gain = 842.023
---------------------------------------------------------------------------------
Synthesis finished with 0 errors, 0 critical warnings and 0 warnings.
Synthesis Optimization Runtime : Time (s): cpu = 00:00:11 ; elapsed = 00:00:43 . Memory (MB): peak = 1835.613 ; gain = 156.992
Synthesis Optimization Complete : Time (s): cpu = 00:00:27 ; elapsed = 00:01:09 . Memory (MB): peak = 1835.613 ; gain = 842.023
INFO: [Project 1-571] Translating synthesized netlist
Netlist sorting complete. Time (s): cpu = 00:00:00 ; elapsed = 00:00:00.352 . Memory (MB): peak = 1835.613 ; gain = 0.000
INFO: [Netlist 29-17] Analyzing 7 Unisim elements for replacement
INFO: [Netlist 29-28] Unisim Transformation completed in 0 CPU seconds
INFO: [Project 1-570] Preparing netlist for logic optimization
INFO: [Opt 31-138] Pushed 0 inverter(s) to 0 load pin(s).
Netlist sorting complete. Time (s): cpu = 00:00:00 ; elapsed = 00:00:00.001 . Memory (MB): peak = 1835.613 ; gain = 0.000
INFO: [Project 1-111] Unisim Transformation Summary:
  A total of 5 instances were transformed.
  FDR => FDRE: 4 instances
  SRL16 => SRL16E: 1 instance 

INFO: [Common 17-83] Releasing license: Synthesis
239 Infos, 96 Warnings, 0 Critical Warnings and 0 Errors encountered.
synth_design completed successfully
synth_design: Time (s): cpu = 00:00:30 ; elapsed = 00:01:18 . Memory (MB): peak = 1835.613 ; gain = 842.023
INFO: [Common 17-1381] The checkpoint 'C:/Users/jaxie963/Temp/cpre488-mp2/project_1/project_1.runs/bd_198a_smartconnect_0_0_synth_1/bd_198a_smartconnect_0_0.dcp' has been generated.
WARNING: [Common 17-576] 'use_project_ipc' is deprecated. This option is deprecated and no longer used.
INFO: [Coretcl 2-1648] Added synthesis output to IP cache for IP bd_198a_smartconnect_0_0, cache-ID = 8188b67998f8bc84
INFO: [Coretcl 2-1174] Renamed 266 cell refs.
INFO: [Common 17-1381] The checkpoint 'C:/Users/jaxie963/Temp/cpre488-mp2/project_1/project_1.runs/bd_198a_smartconnect_0_0_synth_1/bd_198a_smartconnect_0_0.dcp' has been generated.
INFO: [runtcl-4] Executing : report_utilization -file bd_198a_smartconnect_0_0_utilization_synth.rpt -pb bd_198a_smartconnect_0_0_utilization_synth.pb
INFO: [Common 17-206] Exiting Vivado at Mon Mar 10 13:54:55 2025...
