
*** Running vivado
    with args -log design_1_v_proc_ss_0_1.vds -m64 -product Vivado -mode batch -messageDb vivado.pb -notrace -source design_1_v_proc_ss_0_1.tcl



****** Vivado v2020.1 (64-bit)
  **** SW Build 2902540 on Wed May 27 19:54:49 MDT 2020
  **** IP Build 2902112 on Wed May 27 22:43:36 MDT 2020
    ** Copyright 1986-2020 Xilinx, Inc. All Rights Reserved.

source design_1_v_proc_ss_0_1.tcl -notrace
INFO: [IP_Flow 19-234] Refreshing IP repositories
INFO: [IP_Flow 19-1700] Loaded user IP repository 'c:/Users/jaxie963/Temp/cpre488-mp2/project_1/project_1.ipdefs/IP_0_0'.
INFO: [IP_Flow 19-1700] Loaded user IP repository 'c:/Users/jaxie963/Temp/cpre488-mp2/hw/IP'.
INFO: [IP_Flow 19-2313] Loaded Vivado IP repository 'C:/Xilinx/Vivado/2020.1/data/ip'.
WARNING: [IP_Flow 19-1663] Duplicate IP found for 'avnet:avnet_hdmi:avnet_hdmi_out:3.1'. The one found in IP location 'c:/Users/jaxie963/Temp/cpre488-mp2/project_1/project_1.ipdefs/IP_0_0/avnet_hdmi_out' will take precedence over the same IP in location c:/Users/jaxie963/Temp/cpre488-mp2/hw/IP/avnet_hdmi_out
WARNING: [IP_Flow 19-4830] Duplicate Interface found for 'avnet.com:interface:avnet_ali3:1.0'. The one found in location 'c:/Users/jaxie963/Temp/cpre488-mp2/project_1/project_1.ipdefs/IP_0_0/interfaces/avnet_ali3.xml' will take precedence over the same Interface in location 'c:/Users/jaxie963/Temp/cpre488-mp2/hw/IP/interfaces/avnet_ali3.xml'
WARNING: [IP_Flow 19-4830] Duplicate Interface found for 'avnet.com:interface:avnet_hdmi:2.0'. The one found in location 'c:/Users/jaxie963/Temp/cpre488-mp2/project_1/project_1.ipdefs/IP_0_0/interfaces/avnet_hdmi.xml' will take precedence over the same Interface in location 'c:/Users/jaxie963/Temp/cpre488-mp2/hw/IP/interfaces/avnet_hdmi.xml'
WARNING: [IP_Flow 19-4830] Duplicate Interface found for 'avnet.com:interface:onsemi_vita_cam:1.0'. The one found in location 'c:/Users/jaxie963/Temp/cpre488-mp2/project_1/project_1.ipdefs/IP_0_0/interfaces/onsemi_vita_cam.xml' will take precedence over the same Interface in location 'c:/Users/jaxie963/Temp/cpre488-mp2/hw/IP/interfaces/onsemi_vita_cam.xml'
WARNING: [IP_Flow 19-4830] Duplicate Interface found for 'avnet.com:interface:onsemi_vita_spi:1.0'. The one found in location 'c:/Users/jaxie963/Temp/cpre488-mp2/project_1/project_1.ipdefs/IP_0_0/interfaces/onsemi_vita_spi.xml' will take precedence over the same Interface in location 'c:/Users/jaxie963/Temp/cpre488-mp2/hw/IP/interfaces/onsemi_vita_spi.xml'
WARNING: [IP_Flow 19-4830] Duplicate Interface found for 'avnet.com:user:SF_SM_Master_Bus:1.0'. The one found in location 'c:/Users/jaxie963/Temp/cpre488-mp2/project_1/project_1.ipdefs/IP_0_0/interfaces/SF_SM_Master_Bus.xml' will take precedence over the same Interface in location 'c:/Users/jaxie963/Temp/cpre488-mp2/hw/IP/interfaces/SF_SM_Master_Bus.xml'
Command: synth_design -top design_1_v_proc_ss_0_1 -part xc7z020clg484-1 -mode out_of_context
Starting synth_design
Attempting to get a license for feature 'Synthesis' and/or device 'xc7z020'
INFO: [Common 17-349] Got license for feature 'Synthesis' and/or device 'xc7z020'
INFO: [Device 21-403] Loading part xc7z020clg484-1
INFO: [Synth 8-7079] Multithreading enabled for synth_design using a maximum of 2 processes.
INFO: [Synth 8-7078] Launching helper process for spawning children vivado processes
INFO: [Synth 8-7075] Helper process launched with PID 17996
---------------------------------------------------------------------------------
Starting RTL Elaboration : Time (s): cpu = 00:00:01 ; elapsed = 00:00:02 . Memory (MB): peak = 1012.703 ; gain = 0.000
---------------------------------------------------------------------------------
INFO: [Synth 8-638] synthesizing module 'design_1_v_proc_ss_0_1' [c:/Users/jaxie963/Temp/cpre488-mp2/project_1/project_1.srcs/sources_1/bd/design_1/ip/design_1_v_proc_ss_0_1/synth/design_1_v_proc_ss_0_1.vhd:98]
INFO: [Synth 8-3491] module 'bd_19ea' declared at 'c:/Users/jaxie963/Temp/cpre488-mp2/project_1/project_1.srcs/sources_1/bd/design_1/ip/design_1_v_proc_ss_0_1/bd_0/synth/bd_19ea.vhd:11' bound to instance 'U0' of component 'bd_19ea' [c:/Users/jaxie963/Temp/cpre488-mp2/project_1/project_1.srcs/sources_1/bd/design_1/ip/design_1_v_proc_ss_0_1/synth/design_1_v_proc_ss_0_1.vhd:195]
INFO: [Synth 8-638] synthesizing module 'bd_19ea' [c:/Users/jaxie963/Temp/cpre488-mp2/project_1/project_1.srcs/sources_1/bd/design_1/ip/design_1_v_proc_ss_0_1/bd_0/synth/bd_19ea.vhd:57]
INFO: [Synth 8-3491] module 'bd_19ea_hcr_0' declared at 'C:/Users/jaxie963/Temp/cpre488-mp2/project_1/project_1.runs/design_1_v_proc_ss_0_1_synth_1/.Xil/Vivado-17400-CO2041-04/realtime/bd_19ea_hcr_0_stub.vhdl:5' bound to instance 'hcr' of component 'bd_19ea_hcr_0' [c:/Users/jaxie963/Temp/cpre488-mp2/project_1/project_1.srcs/sources_1/bd/design_1/ip/design_1_v_proc_ss_0_1/bd_0/synth/bd_19ea.vhd:220]
INFO: [Synth 8-638] synthesizing module 'bd_19ea_hcr_0' [C:/Users/jaxie963/Temp/cpre488-mp2/project_1/project_1.runs/design_1_v_proc_ss_0_1_synth_1/.Xil/Vivado-17400-CO2041-04/realtime/bd_19ea_hcr_0_stub.vhdl:49]
INFO: [Synth 8-256] done synthesizing module 'bd_19ea' (1#1) [c:/Users/jaxie963/Temp/cpre488-mp2/project_1/project_1.srcs/sources_1/bd/design_1/ip/design_1_v_proc_ss_0_1/bd_0/synth/bd_19ea.vhd:57]
INFO: [Synth 8-256] done synthesizing module 'design_1_v_proc_ss_0_1' (2#1) [c:/Users/jaxie963/Temp/cpre488-mp2/project_1/project_1.srcs/sources_1/bd/design_1/ip/design_1_v_proc_ss_0_1/synth/design_1_v_proc_ss_0_1.vhd:98]
---------------------------------------------------------------------------------
Finished RTL Elaboration : Time (s): cpu = 00:00:01 ; elapsed = 00:00:03 . Memory (MB): peak = 1012.703 ; gain = 0.000
---------------------------------------------------------------------------------
---------------------------------------------------------------------------------
Start Handling Custom Attributes
---------------------------------------------------------------------------------
---------------------------------------------------------------------------------
Finished Handling Custom Attributes : Time (s): cpu = 00:00:01 ; elapsed = 00:00:03 . Memory (MB): peak = 1012.703 ; gain = 0.000
---------------------------------------------------------------------------------
---------------------------------------------------------------------------------
Finished RTL Optimization Phase 1 : Time (s): cpu = 00:00:01 ; elapsed = 00:00:03 . Memory (MB): peak = 1012.703 ; gain = 0.000
---------------------------------------------------------------------------------
Netlist sorting complete. Time (s): cpu = 00:00:00 ; elapsed = 00:00:00.003 . Memory (MB): peak = 1012.703 ; gain = 0.000
INFO: [Project 1-570] Preparing netlist for logic optimization

Processing XDC Constraints
Initializing timing engine
Parsing XDC File [c:/Users/jaxie963/Temp/cpre488-mp2/project_1/project_1.srcs/sources_1/bd/design_1/ip/design_1_v_proc_ss_0_1/bd_0/ip/ip_0/bd_19ea_hcr_0/bd_19ea_hcr_0_in_context.xdc] for cell 'U0/hcr'
Finished Parsing XDC File [c:/Users/jaxie963/Temp/cpre488-mp2/project_1/project_1.srcs/sources_1/bd/design_1/ip/design_1_v_proc_ss_0_1/bd_0/ip/ip_0/bd_19ea_hcr_0/bd_19ea_hcr_0_in_context.xdc] for cell 'U0/hcr'
WARNING: [Designutils 20-1758] instance U0 wraps a black box. Constraint reading is skipped for elaborated designs in this case. Skipping constraint file 'c:/Users/jaxie963/Temp/cpre488-mp2/project_1/project_1.srcs/sources_1/bd/design_1/ip/design_1_v_proc_ss_0_1/design_1_v_proc_ss_0_1_ooc.xdc'.
Parsing XDC File [C:/Users/jaxie963/Temp/cpre488-mp2/project_1/project_1.runs/design_1_v_proc_ss_0_1_synth_1/dont_touch.xdc]
Finished Parsing XDC File [C:/Users/jaxie963/Temp/cpre488-mp2/project_1/project_1.runs/design_1_v_proc_ss_0_1_synth_1/dont_touch.xdc]
Completed Processing XDC Constraints

Netlist sorting complete. Time (s): cpu = 00:00:00 ; elapsed = 00:00:00 . Memory (MB): peak = 1012.703 ; gain = 0.000
INFO: [Project 1-111] Unisim Transformation Summary:
No Unisim elements were transformed.

Constraint Validation Runtime : Time (s): cpu = 00:00:00 ; elapsed = 00:00:00.013 . Memory (MB): peak = 1012.703 ; gain = 0.000
---------------------------------------------------------------------------------
Finished Constraint Validation : Time (s): cpu = 00:00:02 ; elapsed = 00:00:07 . Memory (MB): peak = 1012.703 ; gain = 0.000
---------------------------------------------------------------------------------
---------------------------------------------------------------------------------
Start Loading Part and Timing Information
---------------------------------------------------------------------------------
Loading part: xc7z020clg484-1
---------------------------------------------------------------------------------
Finished Loading Part and Timing Information : Time (s): cpu = 00:00:02 ; elapsed = 00:00:07 . Memory (MB): peak = 1012.703 ; gain = 0.000
---------------------------------------------------------------------------------
---------------------------------------------------------------------------------
Start Applying 'set_property' XDC Constraints
---------------------------------------------------------------------------------
Applied set_property DONT_TOUCH = true for U0. (constraint file  auto generated constraint, line ).
Applied set_property DONT_TOUCH = true for U0/hcr. (constraint file  auto generated constraint, line ).
---------------------------------------------------------------------------------
Finished applying 'set_property' XDC Constraints : Time (s): cpu = 00:00:02 ; elapsed = 00:00:07 . Memory (MB): peak = 1012.703 ; gain = 0.000
---------------------------------------------------------------------------------
---------------------------------------------------------------------------------
Finished RTL Optimization Phase 2 : Time (s): cpu = 00:00:02 ; elapsed = 00:00:07 . Memory (MB): peak = 1012.703 ; gain = 0.000
---------------------------------------------------------------------------------
---------------------------------------------------------------------------------
Start RTL Component Statistics 
---------------------------------------------------------------------------------
Detailed RTL Component Info : 
---------------------------------------------------------------------------------
Finished RTL Component Statistics 
---------------------------------------------------------------------------------
---------------------------------------------------------------------------------
Start Part Resource Summary
---------------------------------------------------------------------------------
Part Resources:
DSPs: 220 (col length:60)
BRAMs: 280 (col length: RAMB18 60 RAMB36 30)
---------------------------------------------------------------------------------
Finished Part Resource Summary
---------------------------------------------------------------------------------
---------------------------------------------------------------------------------
Start Cross Boundary and Area Optimization
---------------------------------------------------------------------------------
---------------------------------------------------------------------------------
Finished Cross Boundary and Area Optimization : Time (s): cpu = 00:00:03 ; elapsed = 00:00:08 . Memory (MB): peak = 1012.703 ; gain = 0.000
---------------------------------------------------------------------------------
---------------------------------------------------------------------------------
Start Applying XDC Timing Constraints
---------------------------------------------------------------------------------
---------------------------------------------------------------------------------
Finished Applying XDC Timing Constraints : Time (s): cpu = 00:00:04 ; elapsed = 00:00:13 . Memory (MB): peak = 1012.703 ; gain = 0.000
---------------------------------------------------------------------------------
---------------------------------------------------------------------------------
Start Timing Optimization
---------------------------------------------------------------------------------
---------------------------------------------------------------------------------
Finished Timing Optimization : Time (s): cpu = 00:00:04 ; elapsed = 00:00:13 . Memory (MB): peak = 1012.703 ; gain = 0.000
---------------------------------------------------------------------------------
---------------------------------------------------------------------------------
Start Technology Mapping
---------------------------------------------------------------------------------
---------------------------------------------------------------------------------
Finished Technology Mapping : Time (s): cpu = 00:00:04 ; elapsed = 00:00:13 . Memory (MB): peak = 1012.703 ; gain = 0.000
---------------------------------------------------------------------------------
---------------------------------------------------------------------------------
Start IO Insertion
---------------------------------------------------------------------------------
---------------------------------------------------------------------------------
Start Flattening Before IO Insertion
---------------------------------------------------------------------------------
---------------------------------------------------------------------------------
Finished Flattening Before IO Insertion
---------------------------------------------------------------------------------
---------------------------------------------------------------------------------
Start Final Netlist Cleanup
---------------------------------------------------------------------------------
---------------------------------------------------------------------------------
Finished Final Netlist Cleanup
---------------------------------------------------------------------------------
---------------------------------------------------------------------------------
Finished IO Insertion : Time (s): cpu = 00:00:05 ; elapsed = 00:00:14 . Memory (MB): peak = 1012.703 ; gain = 0.000
---------------------------------------------------------------------------------
---------------------------------------------------------------------------------
Start Renaming Generated Instances
---------------------------------------------------------------------------------
---------------------------------------------------------------------------------
Finished Renaming Generated Instances : Time (s): cpu = 00:00:05 ; elapsed = 00:00:14 . Memory (MB): peak = 1012.703 ; gain = 0.000
---------------------------------------------------------------------------------
---------------------------------------------------------------------------------
Start Rebuilding User Hierarchy
---------------------------------------------------------------------------------
---------------------------------------------------------------------------------
Finished Rebuilding User Hierarchy : Time (s): cpu = 00:00:05 ; elapsed = 00:00:14 . Memory (MB): peak = 1012.703 ; gain = 0.000
---------------------------------------------------------------------------------
---------------------------------------------------------------------------------
Start Renaming Generated Ports
---------------------------------------------------------------------------------
---------------------------------------------------------------------------------
Finished Renaming Generated Ports : Time (s): cpu = 00:00:05 ; elapsed = 00:00:14 . Memory (MB): peak = 1012.703 ; gain = 0.000
---------------------------------------------------------------------------------
---------------------------------------------------------------------------------
Start Handling Custom Attributes
---------------------------------------------------------------------------------
---------------------------------------------------------------------------------
Finished Handling Custom Attributes : Time (s): cpu = 00:00:05 ; elapsed = 00:00:14 . Memory (MB): peak = 1012.703 ; gain = 0.000
---------------------------------------------------------------------------------
---------------------------------------------------------------------------------
Start Renaming Generated Nets
---------------------------------------------------------------------------------
---------------------------------------------------------------------------------
Finished Renaming Generated Nets : Time (s): cpu = 00:00:05 ; elapsed = 00:00:14 . Memory (MB): peak = 1012.703 ; gain = 0.000
---------------------------------------------------------------------------------
---------------------------------------------------------------------------------
Start Writing Synthesis Report
---------------------------------------------------------------------------------

Report BlackBoxes: 
+------+--------------+----------+
|      |BlackBox name |Instances |
+------+--------------+----------+
|1     |bd_19ea_hcr_0 |         1|
+------+--------------+----------+

Report Cell Usage: 
+------+-------------------+------+
|      |Cell               |Count |
+------+-------------------+------+
|1     |bd_19ea_hcr_0_bbox |     1|
+------+-------------------+------+
---------------------------------------------------------------------------------
Finished Writing Synthesis Report : Time (s): cpu = 00:00:05 ; elapsed = 00:00:14 . Memory (MB): peak = 1012.703 ; gain = 0.000
---------------------------------------------------------------------------------
Synthesis finished with 0 errors, 0 critical warnings and 0 warnings.
Synthesis Optimization Runtime : Time (s): cpu = 00:00:03 ; elapsed = 00:00:13 . Memory (MB): peak = 1012.703 ; gain = 0.000
Synthesis Optimization Complete : Time (s): cpu = 00:00:05 ; elapsed = 00:00:14 . Memory (MB): peak = 1012.703 ; gain = 0.000
INFO: [Project 1-571] Translating synthesized netlist
Netlist sorting complete. Time (s): cpu = 00:00:00 ; elapsed = 00:00:00.003 . Memory (MB): peak = 1012.703 ; gain = 0.000
INFO: [Project 1-570] Preparing netlist for logic optimization
INFO: [Opt 31-138] Pushed 0 inverter(s) to 0 load pin(s).
Netlist sorting complete. Time (s): cpu = 00:00:00 ; elapsed = 00:00:00 . Memory (MB): peak = 1025.203 ; gain = 0.000
INFO: [Project 1-111] Unisim Transformation Summary:
No Unisim elements were transformed.

INFO: [Common 17-83] Releasing license: Synthesis
23 Infos, 7 Warnings, 0 Critical Warnings and 0 Errors encountered.
synth_design completed successfully
synth_design: Time (s): cpu = 00:00:06 ; elapsed = 00:00:19 . Memory (MB): peak = 1025.203 ; gain = 12.500
INFO: [Common 17-1381] The checkpoint 'C:/Users/jaxie963/Temp/cpre488-mp2/project_1/project_1.runs/design_1_v_proc_ss_0_1_synth_1/design_1_v_proc_ss_0_1.dcp' has been generated.
WARNING: [Common 17-576] 'use_project_ipc' is deprecated. This option is deprecated and no longer used.
INFO: [Coretcl 2-1648] Added synthesis output to IP cache for IP design_1_v_proc_ss_0_1, cache-ID = a4084d774abda65c
INFO: [Coretcl 2-1174] Renamed 2 cell refs.
INFO: [Common 17-1381] The checkpoint 'C:/Users/jaxie963/Temp/cpre488-mp2/project_1/project_1.runs/design_1_v_proc_ss_0_1_synth_1/design_1_v_proc_ss_0_1.dcp' has been generated.
INFO: [runtcl-4] Executing : report_utilization -file design_1_v_proc_ss_0_1_utilization_synth.rpt -pb design_1_v_proc_ss_0_1_utilization_synth.pb
INFO: [Common 17-206] Exiting Vivado at Sat Mar  8 13:25:57 2025...
