
****** Vivado(TM) HLS - High-Level Synthesis from C, C++ and SystemC v2020.1 (64-bit)
  **** SW Build 2902540 on Wed May 27 19:54:49 MDT 2020
  **** IP Build 2902112 on Wed May 27 22:43:36 MDT 2020
    ** Copyright 1986-2020 Xilinx, Inc. All Rights Reserved.

source C:/Xilinx/Vivado/2020.1/scripts/vivado_hls/hls.tcl -notrace
INFO: Applying HLS Y2K22 patch v1.2 for IP revision
INFO: [HLS 200-10] Running 'C:/Xilinx/Vivado/2020.1/bin/unwrapped/win64.o/vivado_hls.exe'
INFO: [HLS 200-10] For user 'jaxie963' on host 'co2041-04' (Windows NT_amd64 version 6.2) on Mon Mar 10 00:04:50 -0500 2025
INFO: [HLS 200-10] In directory 'C:/Users/jaxie963/Temp/cpre488-mp2/project_1/project_1.runs/bd_d86b_ltr_0_synth_1'
Sourcing Tcl script 'C:/Users/jaxie963/Temp/cpre488-mp2/project_1/project_1.runs/bd_d86b_ltr_0_synth_1/runhls.tcl'
INFO: [HLS 200-10] Creating and opening project 'C:/Users/jaxie963/Temp/cpre488-mp2/project_1/project_1.runs/bd_d86b_ltr_0_synth_1/bd_d86b_ltr_0'.
INFO: [HLS 200-10] Adding design file 'c:/Users/jaxie963/Temp/cpre488-mp2/project_1/project_1.srcs/sources_1/bd/design_1/ip/design_1_v_proc_ss_0_3/bd_0/ip/ip_4/src/v_letterbox_config.h' to the project
INFO: [HLS 200-10] Adding design file 'c:/Users/jaxie963/Temp/cpre488-mp2/project_1/project_1.srcs/sources_1/bd/design_1/ip/design_1_v_proc_ss_0_3/bd_0/ip/ip_4/src/v_letterbox.cpp' to the project
INFO: [HLS 200-10] Adding design file 'c:/Users/jaxie963/Temp/cpre488-mp2/project_1/project_1.srcs/sources_1/bd/design_1/ip/design_1_v_proc_ss_0_3/bd_0/ip/ip_4/src/v_letterbox.h' to the project
INFO: [HLS 200-10] Adding design file 'c:/Users/jaxie963/Temp/cpre488-mp2/project_1/project_1.srcs/sources_1/bd/design_1/ip/design_1_v_proc_ss_0_3/bd_0/ip/ip_4/src/hls_video.h' to the project
INFO: [HLS 200-10] Adding design file 'c:/Users/jaxie963/Temp/cpre488-mp2/project_1/project_1.srcs/sources_1/bd/design_1/ip/design_1_v_proc_ss_0_3/bd_0/ip/ip_4/src/hls_opencv.h' to the project
INFO: [HLS 200-10] Adding design file 'c:/Users/jaxie963/Temp/cpre488-mp2/project_1/project_1.srcs/sources_1/bd/design_1/ip/design_1_v_proc_ss_0_3/bd_0/ip/ip_4/src/hls/hls_axi_io.h' to the project
INFO: [HLS 200-10] Adding design file 'c:/Users/jaxie963/Temp/cpre488-mp2/project_1/project_1.srcs/sources_1/bd/design_1/ip/design_1_v_proc_ss_0_3/bd_0/ip/ip_4/src/hls/hls_video_arithm.h' to the project
INFO: [HLS 200-10] Adding design file 'c:/Users/jaxie963/Temp/cpre488-mp2/project_1/project_1.srcs/sources_1/bd/design_1/ip/design_1_v_proc_ss_0_3/bd_0/ip/ip_4/src/hls/hls_video_core.h' to the project
INFO: [HLS 200-10] Adding design file 'c:/Users/jaxie963/Temp/cpre488-mp2/project_1/project_1.srcs/sources_1/bd/design_1/ip/design_1_v_proc_ss_0_3/bd_0/ip/ip_4/src/hls/hls_video_fast.h' to the project
INFO: [HLS 200-10] Adding design file 'c:/Users/jaxie963/Temp/cpre488-mp2/project_1/project_1.srcs/sources_1/bd/design_1/ip/design_1_v_proc_ss_0_3/bd_0/ip/ip_4/src/hls/hls_video_haar.h' to the project
INFO: [HLS 200-10] Adding design file 'c:/Users/jaxie963/Temp/cpre488-mp2/project_1/project_1.srcs/sources_1/bd/design_1/ip/design_1_v_proc_ss_0_3/bd_0/ip/ip_4/src/hls/hls_video_harris.h' to the project
INFO: [HLS 200-10] Adding design file 'c:/Users/jaxie963/Temp/cpre488-mp2/project_1/project_1.srcs/sources_1/bd/design_1/ip/design_1_v_proc_ss_0_3/bd_0/ip/ip_4/src/hls/hls_video_histogram.h' to the project
INFO: [HLS 200-10] Adding design file 'c:/Users/jaxie963/Temp/cpre488-mp2/project_1/project_1.srcs/sources_1/bd/design_1/ip/design_1_v_proc_ss_0_3/bd_0/ip/ip_4/src/hls/hls_video_hough.h' to the project
INFO: [HLS 200-10] Adding design file 'c:/Users/jaxie963/Temp/cpre488-mp2/project_1/project_1.srcs/sources_1/bd/design_1/ip/design_1_v_proc_ss_0_3/bd_0/ip/ip_4/src/hls/hls_video_imgbase.h' to the project
INFO: [HLS 200-10] Adding design file 'c:/Users/jaxie963/Temp/cpre488-mp2/project_1/project_1.srcs/sources_1/bd/design_1/ip/design_1_v_proc_ss_0_3/bd_0/ip/ip_4/src/hls/hls_video_imgproc.h' to the project
INFO: [HLS 200-10] Adding design file 'c:/Users/jaxie963/Temp/cpre488-mp2/project_1/project_1.srcs/sources_1/bd/design_1/ip/design_1_v_proc_ss_0_3/bd_0/ip/ip_4/src/hls/hls_video_io.h' to the project
INFO: [HLS 200-10] Adding design file 'c:/Users/jaxie963/Temp/cpre488-mp2/project_1/project_1.srcs/sources_1/bd/design_1/ip/design_1_v_proc_ss_0_3/bd_0/ip/ip_4/src/hls/hls_video_mem.h' to the project
INFO: [HLS 200-10] Adding design file 'c:/Users/jaxie963/Temp/cpre488-mp2/project_1/project_1.srcs/sources_1/bd/design_1/ip/design_1_v_proc_ss_0_3/bd_0/ip/ip_4/src/hls/hls_video_stereobm.h' to the project
INFO: [HLS 200-10] Adding design file 'c:/Users/jaxie963/Temp/cpre488-mp2/project_1/project_1.srcs/sources_1/bd/design_1/ip/design_1_v_proc_ss_0_3/bd_0/ip/ip_4/src/hls/hls_video_types.h' to the project
INFO: [HLS 200-10] Adding design file 'c:/Users/jaxie963/Temp/cpre488-mp2/project_1/project_1.srcs/sources_1/bd/design_1/ip/design_1_v_proc_ss_0_3/bd_0/ip/ip_4/src/hls/hls_video_undistort.h' to the project
INFO: [HLS 200-10] Creating and opening solution 'C:/Users/jaxie963/Temp/cpre488-mp2/project_1/project_1.runs/bd_d86b_ltr_0_synth_1/bd_d86b_ltr_0/prj'.
INFO: [HLS 200-10] Setting target device to 'xc7z020-clg484-1'
INFO: [SYN 201-201] Setting up clock 'ap_clk' with a period of 6.734ns.
INFO: [SCHED 204-61] Option 'relax_ii_for_timing' is enabled, will increase II to preserve clock frequency constraints.
INFO: [HLS 200-10] Analyzing design file 'c:/Users/jaxie963/Temp/cpre488-mp2/project_1/project_1.srcs/sources_1/bd/design_1/ip/design_1_v_proc_ss_0_3/bd_0/ip/ip_4/src/v_letterbox.cpp' ... 
INFO: [HLS 200-111] Finished Linking Time (s): cpu = 00:00:01 ; elapsed = 00:00:23 . Memory (MB): peak = 886.621 ; gain = 792.699
INFO: [HLS 200-111] Finished Checking Pragmas Time (s): cpu = 00:00:01 ; elapsed = 00:00:23 . Memory (MB): peak = 886.621 ; gain = 792.699
INFO: [HLS 200-10] Starting code transformations ...
INFO: [XFORM 203-603] Inlining function 'hls::AXIGetBitFields<24, ap_uint<8> >.1' into 'hls::AXIGetBitFields<24, ap_uint<8> >' (c:/Users/jaxie963/Temp/cpre488-mp2/project_1/project_1.srcs/sources_1/bd/design_1/ip/design_1_v_proc_ss_0_3/bd_0/ip/ip_4/src/hls/hls_axi_io.h:71).
INFO: [XFORM 203-603] Inlining function 'hls::AXIGetBitFields<24, ap_uint<8> >' into 'AXIvideo2MultiPixStream' (c:/Users/jaxie963/Temp/cpre488-mp2/project_1/project_1.srcs/sources_1/bd/design_1/ip/design_1_v_proc_ss_0_3/bd_0/ip/ip_4/src/v_letterbox.cpp:249).
INFO: [XFORM 203-603] Inlining function 'hls::AXIGetBitFields<24, ap_uint<8> >' into 'AXIvideo2MultiPixStream' (c:/Users/jaxie963/Temp/cpre488-mp2/project_1/project_1.srcs/sources_1/bd/design_1/ip/design_1_v_proc_ss_0_3/bd_0/ip/ip_4/src/v_letterbox.cpp:250).
INFO: [XFORM 203-603] Inlining function 'hls::AXIGetBitFields<24, ap_uint<8> >' into 'AXIvideo2MultiPixStream' (c:/Users/jaxie963/Temp/cpre488-mp2/project_1/project_1.srcs/sources_1/bd/design_1/ip/design_1_v_proc_ss_0_3/bd_0/ip/ip_4/src/v_letterbox.cpp:251).
INFO: [HLS 200-111] Finished Standard Transforms Time (s): cpu = 00:00:02 ; elapsed = 00:00:25 . Memory (MB): peak = 886.621 ; gain = 792.699
INFO: [HLS 200-10] Checking synthesizability ...
WARNING: [SYNCHK 200-23] c:/Users/jaxie963/Temp/cpre488-mp2/project_1/project_1.srcs/sources_1/bd/design_1/ip/design_1_v_proc_ss_0_3/bd_0/ip/ip_4/src/v_letterbox.cpp:370: variable-indexed range selection may cause suboptimal QoR.
INFO: [SYNCHK 200-10] 0 error(s), 1 warning(s).
INFO: [HLS 200-111] Finished Checking Synthesizability Time (s): cpu = 00:00:02 ; elapsed = 00:00:26 . Memory (MB): peak = 886.621 ; gain = 792.699
INFO: [XFORM 203-502] Unrolling all sub-loops inside loop 'Loop-1.1' in function 'v_letterbox_core' for pipelining.
INFO: [XFORM 203-502] Unrolling all sub-loops inside loop 'Loop-1.1' in function 'MultiPixStream2AXIvideo' for pipelining.
INFO: [XFORM 203-502] Unrolling all sub-loops inside loop 'loop_width' in function 'AXIvideo2MultiPixStream' for pipelining.
INFO: [HLS 200-489] Unrolling loop 'Loop-1.1.1' in function 'v_letterbox_core' completely with a factor of 3.
INFO: [HLS 200-489] Unrolling loop 'Loop-1.1.2' in function 'v_letterbox_core' completely with a factor of 1.
INFO: [HLS 200-489] Unrolling loop 'Loop-1.1.1' in function 'MultiPixStream2AXIvideo' completely with a factor of 3.
INFO: [HLS 200-489] Unrolling loop 'Loop-1.1.2' in function 'MultiPixStream2AXIvideo' completely with a factor of 1.
INFO: [HLS 200-489] Unrolling loop 'Loop-1.1.2.1' in function 'MultiPixStream2AXIvideo' completely with a factor of 3.
INFO: [HLS 200-489] Unrolling loop 'Loop-2.1.1' in function 'AXIvideo2MultiPixStream' completely with a factor of 1.
INFO: [HLS 200-489] Unrolling loop 'Loop-2.1.1.1' in function 'AXIvideo2MultiPixStream' completely with a factor of 3.
INFO: [XFORM 203-102] Automatically partitioning streamed array 'srcYUV.V.val.V' .
INFO: [XFORM 203-102] Automatically partitioning streamed array 'outYUV.V.val.V' .
INFO: [XFORM 203-101] Partitioning array 'map' in dimension 1 completely.
INFO: [XFORM 203-712] Applying dataflow to function 'v_letterbox' , detected/extracted 3 process function(s): 
	 'AXIvideo2MultiPixStream'
	 'v_letterbox_core'
	 'MultiPixStream2AXIvideo'.
INFO: [XFORM 203-401] Performing if-conversion on hyperblock in function 'v_letterbox_core'... converting 5 basic blocks.
INFO: [XFORM 203-401] Performing if-conversion on hyperblock in function 'AXIvideo2MultiPixStream'... converting 4 basic blocks.
INFO: [XFORM 203-11] Balancing expressions in function 'v_letterbox_core'...3 expression(s) balanced.
INFO: [HLS 200-111] Finished Pre-synthesis Time (s): cpu = 00:00:03 ; elapsed = 00:00:28 . Memory (MB): peak = 886.621 ; gain = 792.699
WARNING: [XFORM 203-631] Renaming function 'MultiPixStream2AXIvideo' to 'MultiPixStream2AXIvi' 
WARNING: [XFORM 203-631] Renaming function 'AXIvideo2MultiPixStream' to 'AXIvideo2MultiPixStr' 
INFO: [HLS 200-111] Finished Architecture Synthesis Time (s): cpu = 00:00:03 ; elapsed = 00:00:30 . Memory (MB): peak = 886.621 ; gain = 792.699
INFO: [HLS 200-10] Starting hardware synthesis ...
INFO: [HLS 200-10] Synthesizing 'v_letterbox' ...
WARNING: [SYN 201-103] Legalizing function name 'reg<unsigned short>' to 'reg_unsigned_short_s'.
INFO: [HLS 200-10] ----------------------------------------------------------------
INFO: [HLS 200-42] -- Implementing module 'reg_unsigned_short_s' 
INFO: [HLS 200-10] ----------------------------------------------------------------
INFO: [SCHED 204-11] Starting scheduling ...
INFO: [SCHED 204-11] Finished scheduling.
INFO: [HLS 200-111]  Elapsed time: 30.347 seconds; current allocated memory: 278.788 MB.
INFO: [BIND 205-100] Starting micro-architecture generation ...
INFO: [BIND 205-101] Performing variable lifetime analysis.
INFO: [BIND 205-101] Exploring resource sharing.
INFO: [BIND 205-101] Binding ...
INFO: [BIND 205-100] Finished micro-architecture generation.
INFO: [HLS 200-111]  Elapsed time: 0.109 seconds; current allocated memory: 278.835 MB.
INFO: [HLS 200-10] ----------------------------------------------------------------
INFO: [HLS 200-42] -- Implementing module 'AXIvideo2MultiPixStr' 
INFO: [HLS 200-10] ----------------------------------------------------------------
INFO: [SCHED 204-11] Starting scheduling ...
INFO: [SCHED 204-61] Pipelining loop 'loop_wait_for_start'.
INFO: [SCHED 204-61] Pipelining result : Target II = 1, Final II = 1, Depth = 1.
INFO: [SCHED 204-61] Pipelining loop 'loop_width'.
INFO: [SCHED 204-61] Pipelining result : Target II = 1, Final II = 1, Depth = 2.
INFO: [SCHED 204-61] Pipelining loop 'loop_wait_for_eol'.
INFO: [SCHED 204-61] Pipelining result : Target II = 1, Final II = 1, Depth = 1.
INFO: [SCHED 204-11] Finished scheduling.
INFO: [HLS 200-111]  Elapsed time: 0.193 seconds; current allocated memory: 279.276 MB.
INFO: [BIND 205-100] Starting micro-architecture generation ...
INFO: [BIND 205-101] Performing variable lifetime analysis.
INFO: [BIND 205-101] Exploring resource sharing.
INFO: [BIND 205-101] Binding ...
INFO: [BIND 205-100] Finished micro-architecture generation.
INFO: [HLS 200-111]  Elapsed time: 0.519 seconds; current allocated memory: 279.573 MB.
INFO: [HLS 200-10] ----------------------------------------------------------------
INFO: [HLS 200-42] -- Implementing module 'v_letterbox_core' 
INFO: [HLS 200-10] ----------------------------------------------------------------
INFO: [SCHED 204-11] Starting scheduling ...
INFO: [SCHED 204-61] Pipelining loop 'Loop 1.1'.
INFO: [SCHED 204-61] Pipelining result : Target II = 1, Final II = 1, Depth = 3.
INFO: [SCHED 204-11] Finished scheduling.
INFO: [HLS 200-111]  Elapsed time: 0.571 seconds; current allocated memory: 279.763 MB.
INFO: [BIND 205-100] Starting micro-architecture generation ...
INFO: [BIND 205-101] Performing variable lifetime analysis.
INFO: [BIND 205-101] Exploring resource sharing.
INFO: [BIND 205-101] Binding ...
INFO: [BIND 205-100] Finished micro-architecture generation.
INFO: [HLS 200-111]  Elapsed time: 0.439 seconds; current allocated memory: 280.041 MB.
INFO: [HLS 200-10] ----------------------------------------------------------------
INFO: [HLS 200-42] -- Implementing module 'MultiPixStream2AXIvi' 
INFO: [HLS 200-10] ----------------------------------------------------------------
INFO: [SCHED 204-11] Starting scheduling ...
INFO: [SCHED 204-61] Pipelining loop 'Loop 1.1'.
INFO: [SCHED 204-61] Pipelining result : Target II = 1, Final II = 1, Depth = 4.
INFO: [SCHED 204-11] Finished scheduling.
INFO: [HLS 200-111]  Elapsed time: 0.518 seconds; current allocated memory: 280.242 MB.
INFO: [BIND 205-100] Starting micro-architecture generation ...
INFO: [BIND 205-101] Performing variable lifetime analysis.
INFO: [BIND 205-101] Exploring resource sharing.
INFO: [BIND 205-101] Binding ...
INFO: [BIND 205-100] Finished micro-architecture generation.
INFO: [HLS 200-111]  Elapsed time: 0.5 seconds; current allocated memory: 289.563 MB.
INFO: [HLS 200-10] ----------------------------------------------------------------
INFO: [HLS 200-42] -- Implementing module 'v_letterbox' 
INFO: [HLS 200-10] ----------------------------------------------------------------
INFO: [SCHED 204-11] Starting scheduling ...
INFO: [SCHED 204-11] Finished scheduling.
INFO: [HLS 200-111]  Elapsed time: 0.583 seconds; current allocated memory: 289.707 MB.
INFO: [BIND 205-100] Starting micro-architecture generation ...
INFO: [BIND 205-101] Performing variable lifetime analysis.
INFO: [BIND 205-101] Exploring resource sharing.
INFO: [BIND 205-101] Binding ...
INFO: [BIND 205-100] Finished micro-architecture generation.
INFO: [HLS 200-111]  Elapsed time: 0.576 seconds; current allocated memory: 290.054 MB.
INFO: [HLS 200-10] ----------------------------------------------------------------
INFO: [HLS 200-10] -- Generating RTL for module 'reg_unsigned_short_s' 
INFO: [HLS 200-10] ----------------------------------------------------------------
INFO: [RTGEN 206-100] Finished creating RTL model for 'reg_unsigned_short_s'.
INFO: [HLS 200-111]  Elapsed time: 0.691 seconds; current allocated memory: 290.206 MB.
INFO: [HLS 200-10] ----------------------------------------------------------------
INFO: [HLS 200-10] -- Generating RTL for module 'AXIvideo2MultiPixStr' 
INFO: [HLS 200-10] ----------------------------------------------------------------
INFO: [RTGEN 206-100] Finished creating RTL model for 'AXIvideo2MultiPixStr'.
INFO: [HLS 200-111]  Elapsed time: 0.192 seconds; current allocated memory: 291.117 MB.
INFO: [WVHDL 200-304] Encrypting RTL VHDL done.
INFO: [WVHDL 200-304] Encrypting RTL Verilog done.
INFO: [HLS 200-10] ----------------------------------------------------------------
INFO: [HLS 200-10] -- Generating RTL for module 'v_letterbox_core' 
INFO: [HLS 200-10] ----------------------------------------------------------------
INFO: [RTGEN 206-100] Finished creating RTL model for 'v_letterbox_core'.
INFO: [HLS 200-111]  Elapsed time: 0.733 seconds; current allocated memory: 291.665 MB.
INFO: [WVHDL 200-304] Encrypting RTL VHDL done.
INFO: [WVHDL 200-304] Encrypting RTL Verilog done.
INFO: [HLS 200-10] ----------------------------------------------------------------
INFO: [HLS 200-10] -- Generating RTL for module 'MultiPixStream2AXIvi' 
INFO: [HLS 200-10] ----------------------------------------------------------------
INFO: [RTGEN 206-100] Finished creating RTL model for 'MultiPixStream2AXIvi'.
INFO: [HLS 200-111]  Elapsed time: 0.628 seconds; current allocated memory: 292.328 MB.
INFO: [WVHDL 200-304] Encrypting RTL VHDL done.
INFO: [WVHDL 200-304] Encrypting RTL Verilog done.
INFO: [HLS 200-10] ----------------------------------------------------------------
INFO: [HLS 200-10] -- Generating RTL for module 'v_letterbox' 
INFO: [HLS 200-10] ----------------------------------------------------------------
INFO: [RTGEN 206-500] Setting interface mode on port 'v_letterbox/s_axis_video_V_data_V' to 'axis' (register, both mode).
INFO: [RTGEN 206-500] Setting interface mode on port 'v_letterbox/s_axis_video_V_keep_V' to 'axis' (register, both mode).
INFO: [RTGEN 206-500] Setting interface mode on port 'v_letterbox/s_axis_video_V_strb_V' to 'axis' (register, both mode).
INFO: [RTGEN 206-500] Setting interface mode on port 'v_letterbox/s_axis_video_V_user_V' to 'axis' (register, both mode).
INFO: [RTGEN 206-500] Setting interface mode on port 'v_letterbox/s_axis_video_V_last_V' to 'axis' (register, both mode).
INFO: [RTGEN 206-500] Setting interface mode on port 'v_letterbox/s_axis_video_V_id_V' to 'axis' (register, both mode).
INFO: [RTGEN 206-500] Setting interface mode on port 'v_letterbox/s_axis_video_V_dest_V' to 'axis' (register, both mode).
INFO: [RTGEN 206-500] Setting interface mode on port 'v_letterbox/HwReg_width' to 's_axilite & ap_stable'.
INFO: [RTGEN 206-500] Setting interface mode on port 'v_letterbox/HwReg_height' to 's_axilite & ap_stable'.
INFO: [RTGEN 206-500] Setting interface mode on port 'v_letterbox/HwReg_video_format' to 's_axilite & ap_stable'.
INFO: [RTGEN 206-500] Setting interface mode on port 'v_letterbox/HwReg_col_start' to 's_axilite & ap_stable'.
INFO: [RTGEN 206-500] Setting interface mode on port 'v_letterbox/HwReg_col_end' to 's_axilite & ap_stable'.
INFO: [RTGEN 206-500] Setting interface mode on port 'v_letterbox/HwReg_row_start' to 's_axilite & ap_stable'.
INFO: [RTGEN 206-500] Setting interface mode on port 'v_letterbox/HwReg_row_end' to 's_axilite & ap_stable'.
INFO: [RTGEN 206-500] Setting interface mode on port 'v_letterbox/HwReg_Y_R_value' to 's_axilite & ap_stable'.
INFO: [RTGEN 206-500] Setting interface mode on port 'v_letterbox/HwReg_Cb_G_value' to 's_axilite & ap_stable'.
INFO: [RTGEN 206-500] Setting interface mode on port 'v_letterbox/HwReg_Cr_B_value' to 's_axilite & ap_stable'.
INFO: [RTGEN 206-500] Setting interface mode on port 'v_letterbox/m_axis_video_V_data_V' to 'axis' (register, both mode).
INFO: [RTGEN 206-500] Setting interface mode on port 'v_letterbox/m_axis_video_V_keep_V' to 'axis' (register, both mode).
INFO: [RTGEN 206-500] Setting interface mode on port 'v_letterbox/m_axis_video_V_strb_V' to 'axis' (register, both mode).
INFO: [RTGEN 206-500] Setting interface mode on port 'v_letterbox/m_axis_video_V_user_V' to 'axis' (register, both mode).
INFO: [RTGEN 206-500] Setting interface mode on port 'v_letterbox/m_axis_video_V_last_V' to 'axis' (register, both mode).
INFO: [RTGEN 206-500] Setting interface mode on port 'v_letterbox/m_axis_video_V_id_V' to 'axis' (register, both mode).
INFO: [RTGEN 206-500] Setting interface mode on port 'v_letterbox/m_axis_video_V_dest_V' to 'axis' (register, both mode).
INFO: [RTGEN 206-500] Setting interface mode on function 'v_letterbox' to 's_axilite & ap_ctrl_hs'.
INFO: [RTGEN 206-100] Bundling port 'return', 'HwReg_width', 'HwReg_height', 'HwReg_video_format', 'HwReg_col_start', 'HwReg_col_end', 'HwReg_row_start', 'HwReg_row_end', 'HwReg_Y_R_value', 'HwReg_Cb_G_value' and 'HwReg_Cr_B_value' to AXI-Lite port CTRL.
INFO: [SYN 201-210] Renamed object name 'start_for_v_letterbox_core_U0' to 'start_for_v_lettebkb' due to the length limit 20
INFO: [SYN 201-210] Renamed object name 'start_for_MultiPixStream2AXIvi_U0' to 'start_for_MultiPicud' due to the length limit 20
INFO: [RTGEN 206-100] Finished creating RTL model for 'v_letterbox'.
INFO: [HLS 200-111]  Elapsed time: 1.037 seconds; current allocated memory: 293.011 MB.
INFO: [WVHDL 200-304] Encrypting RTL VHDL done.
INFO: [WVHDL 200-304] Encrypting RTL Verilog done.
INFO: [RTMG 210-285] Implementing FIFO 'srcYUV_V_val_0_V_U(bd_d86b_ltr_0_fifo_w8_d2_A)' using Shift Registers.
INFO: [RTMG 210-285] Implementing FIFO 'srcYUV_V_val_1_V_U(bd_d86b_ltr_0_fifo_w8_d2_A)' using Shift Registers.
INFO: [RTMG 210-285] Implementing FIFO 'srcYUV_V_val_2_V_U(bd_d86b_ltr_0_fifo_w8_d2_A)' using Shift Registers.
INFO: [RTMG 210-285] Implementing FIFO 'outYUV_V_val_0_V_U(bd_d86b_ltr_0_fifo_w8_d2_A)' using Shift Registers.
INFO: [RTMG 210-285] Implementing FIFO 'outYUV_V_val_1_V_U(bd_d86b_ltr_0_fifo_w8_d2_A)' using Shift Registers.
INFO: [RTMG 210-285] Implementing FIFO 'outYUV_V_val_2_V_U(bd_d86b_ltr_0_fifo_w8_d2_A)' using Shift Registers.
INFO: [RTMG 210-285] Implementing FIFO 'start_for_v_lettebkb_U(bd_d86b_ltr_0_start_for_v_lettebkb)' using Shift Registers.
INFO: [RTMG 210-285] Implementing FIFO 'start_for_MultiPicud_U(bd_d86b_ltr_0_start_for_MultiPicud)' using Shift Registers.
INFO: [HLS 200-111] Finished generating all RTL models Time (s): cpu = 00:00:05 ; elapsed = 00:00:40 . Memory (MB): peak = 886.621 ; gain = 792.699
INFO: [VHDL 208-304] Generating VHDL RTL for v_letterbox with prefix bd_d86b_ltr_0_.
INFO: [VLOG 209-307] Generating Verilog RTL for v_letterbox with prefix bd_d86b_ltr_0_.
INFO: [IMPL 213-8] Exporting RTL as a Vivado IP.

****** Vivado v2020.1 (64-bit)
  **** SW Build 2902540 on Wed May 27 19:54:49 MDT 2020
  **** IP Build 2902112 on Wed May 27 22:43:36 MDT 2020
    ** Copyright 1986-2020 Xilinx, Inc. All Rights Reserved.

source run_ippack.tcl -notrace
INFO: [IP_Flow 19-234] Refreshing IP repositories
INFO: [IP_Flow 19-1704] No user IP repositories specified
INFO: [IP_Flow 19-2313] Loaded Vivado IP repository 'C:/Xilinx/Vivado/2020.1/data/ip'.
INFO: [Common 17-206] Exiting Vivado at Mon Mar 10 00:05:38 2025...
INFO: [HLS 200-112] Total elapsed time: 47.917 seconds; peak allocated memory: 293.011 MB.
INFO: [Common 17-206] Exiting vivado_hls at Mon Mar 10 00:05:38 2025...
