Copyright 1986-2020 Xilinx, Inc. All Rights Reserved.
----------------------------------------------------------------------------------------------------------------------------------------------------------------------
| Tool Version     : Vivado v.2020.1 (win64) Build 2902540 Wed May 27 19:54:49 MDT 2020
| Date             : Mon Mar 17 18:03:16 2025
| Host             : CO2041-07 running 64-bit major release  (build 9200)
| Command          : report_power -file design_1_wrapper_power_routed.rpt -pb design_1_wrapper_power_summary_routed.pb -rpx design_1_wrapper_power_routed.rpx
| Design           : design_1_wrapper
| Device           : xc7z020clg484-1
| Design State     : routed
| Grade            : commercial
| Process          : typical
| Characterization : Production
----------------------------------------------------------------------------------------------------------------------------------------------------------------------

Power Report

Table of Contents
-----------------
1. Summary
1.1 On-Chip Components
1.2 Power Supply Summary
1.3 Confidence Level
2. Settings
2.1 Environment
2.2 Clock Constraints
3. Detailed Reports
3.1 By Hierarchy

1. Summary
----------

+--------------------------+--------------+
| Total On-Chip Power (W)  | 2.394        |
| Design Power Budget (W)  | Unspecified* |
| Power Budget Margin (W)  | NA           |
| Dynamic (W)              | 2.218        |
| Device Static (W)        | 0.176        |
| Effective TJA (C/W)      | 11.5         |
| Max Ambient (C)          | 57.4         |
| Junction Temperature (C) | 52.6         |
| Confidence Level         | Low          |
| Setting File             | ---          |
| Simulation Activity File | ---          |
| Design Nets Matched      | NA           |
+--------------------------+--------------+
* Specify Design Power Budget using, set_operating_conditions -design_power_budget <value in Watts>


1.1 On-Chip Components
----------------------

+--------------------------+-----------+----------+-----------+-----------------+
| On-Chip                  | Power (W) | Used     | Available | Utilization (%) |
+--------------------------+-----------+----------+-----------+-----------------+
| Clocks                   |     0.142 |       11 |       --- |             --- |
| Slice Logic              |     0.057 |    71889 |       --- |             --- |
|   LUT as Logic           |     0.047 |    23704 |     53200 |           44.56 |
|   CARRY4                 |     0.004 |     1590 |     13300 |           11.95 |
|   Register               |     0.003 |    35401 |    106400 |           33.27 |
|   LUT as Distributed RAM |     0.003 |      862 |     17400 |            4.95 |
|   LUT as Shift Register  |    <0.001 |      420 |     17400 |            2.41 |
|   F7/F8 Muxes            |    <0.001 |      358 |     53200 |            0.67 |
|   Others                 |    <0.001 |     2598 |       --- |             --- |
| Signals                  |     0.090 |    55115 |       --- |             --- |
| Block RAM                |     0.098 |     86.5 |       140 |           61.79 |
| MMCM                     |     0.123 |        1 |         4 |           25.00 |
| DSPs                     |     0.088 |       94 |       220 |           42.73 |
| I/O                      |     0.085 |       59 |       200 |           29.50 |
| PS7                      |     1.535 |        1 |       --- |             --- |
| Static Power             |     0.176 |          |           |                 |
| Total                    |     2.394 |          |           |                 |
+--------------------------+-----------+----------+-----------+-----------------+


1.2 Power Supply Summary
------------------------

+-----------+-------------+-----------+-------------+------------+-------------+-------------+------------+
| Source    | Voltage (V) | Total (A) | Dynamic (A) | Static (A) | Powerup (A) | Budget (A)  | Margin (A) |
+-----------+-------------+-----------+-------------+------------+-------------+-------------+------------+
| Vccint    |       1.000 |     0.499 |       0.474 |      0.025 |       NA    | Unspecified | NA         |
| Vccaux    |       1.800 |     0.114 |       0.096 |      0.018 |       NA    | Unspecified | NA         |
| Vcco33    |       3.300 |     0.000 |       0.000 |      0.000 |       NA    | Unspecified | NA         |
| Vcco25    |       2.500 |     0.013 |       0.012 |      0.001 |       NA    | Unspecified | NA         |
| Vcco18    |       1.800 |     0.000 |       0.000 |      0.000 |       NA    | Unspecified | NA         |
| Vcco15    |       1.500 |     0.000 |       0.000 |      0.000 |       NA    | Unspecified | NA         |
| Vcco135   |       1.350 |     0.000 |       0.000 |      0.000 |       NA    | Unspecified | NA         |
| Vcco12    |       1.200 |     0.000 |       0.000 |      0.000 |       NA    | Unspecified | NA         |
| Vccaux_io |       1.800 |     0.000 |       0.000 |      0.000 |       NA    | Unspecified | NA         |
| Vccbram   |       1.000 |     0.016 |       0.008 |      0.009 |       NA    | Unspecified | NA         |
| MGTAVcc   |       1.000 |     0.000 |       0.000 |      0.000 |       NA    | Unspecified | NA         |
| MGTAVtt   |       1.200 |     0.000 |       0.000 |      0.000 |       NA    | Unspecified | NA         |
| MGTVccaux |       1.800 |     0.000 |       0.000 |      0.000 |       NA    | Unspecified | NA         |
| Vccpint   |       1.000 |     0.763 |       0.723 |      0.040 |       NA    | Unspecified | NA         |
| Vccpaux   |       1.800 |     0.061 |       0.051 |      0.010 |       NA    | Unspecified | NA         |
| Vccpll    |       1.800 |     0.017 |       0.014 |      0.003 |       NA    | Unspecified | NA         |
| Vcco_ddr  |       1.500 |     0.459 |       0.457 |      0.002 |       NA    | Unspecified | NA         |
| Vcco_mio0 |       3.300 |     0.003 |       0.002 |      0.001 |       NA    | Unspecified | NA         |
| Vcco_mio1 |       1.800 |     0.003 |       0.002 |      0.001 |       NA    | Unspecified | NA         |
| Vccadc    |       1.800 |     0.020 |       0.000 |      0.020 |       NA    | Unspecified | NA         |
+-----------+-------------+-----------+-------------+------------+-------------+-------------+------------+


1.3 Confidence Level
--------------------

+-----------------------------+------------+--------------------------------------------------------+------------------------------------------------------------------------------------------------------------+
| User Input Data             | Confidence | Details                                                | Action                                                                                                     |
+-----------------------------+------------+--------------------------------------------------------+------------------------------------------------------------------------------------------------------------+
| Design implementation state | High       | Design is routed                                       |                                                                                                            |
| Clock nodes activity        | High       | User specified more than 95% of clocks                 |                                                                                                            |
| I/O nodes activity          | Low        | More than 75% of inputs are missing user specification | Provide missing input activity with simulation results or by editing the "By Resource Type -> I/Os" view   |
| Internal nodes activity     | Medium     | User specified less than 25% of internal nodes         | Provide missing internal nodes activity with simulation results or by editing the "By Resource Type" views |
| Device models               | High       | Device models are Production                           |                                                                                                            |
|                             |            |                                                        |                                                                                                            |
| Overall confidence level    | Low        |                                                        |                                                                                                            |
+-----------------------------+------------+--------------------------------------------------------+------------------------------------------------------------------------------------------------------------+


2. Settings
-----------

2.1 Environment
---------------

+-----------------------+------------------------+
| Ambient Temp (C)      | 25.0                   |
| ThetaJA (C/W)         | 11.5                   |
| Airflow (LFM)         | 250                    |
| Heat Sink             | none                   |
| ThetaSA (C/W)         | 0.0                    |
| Board Selection       | medium (10"x10")       |
| # of Board Layers     | 8to11 (8 to 11 Layers) |
| Board Temperature (C) | 25.0                   |
+-----------------------+------------------------+


2.2 Clock Constraints
---------------------

+---------------------------------+----------------------------------------------------------------------------------------------------------------------------------------------------------+-----------------+
| Clock                           | Domain                                                                                                                                                   | Constraint (ns) |
+---------------------------------+----------------------------------------------------------------------------------------------------------------------------------------------------------+-----------------+
| CLKDIV_c_0                      | design_1_i/onsemi_vita_cam_0/U0/onsemi_vita_cam_v3_1_S00_AXI_inst/onsemi_vita_cam_core_inst/vita_iserdes_v5.vita_iserdes/serdesclockgen[0].ic/CLKDIV_c_0 |            13.5 |
| clk_fpga_0                      | design_1_i/processing_system7_0/inst/FCLK_CLK_unbuffered[0]                                                                                              |            13.0 |
| clk_fpga_1                      | design_1_i/processing_system7_0/inst/FCLK_CLK_unbuffered[1]                                                                                              |             7.0 |
| clk_fpga_2                      | design_1_i/processing_system7_0/inst/FCLK_CLK_unbuffered[2]                                                                                              |             5.0 |
| clk_out1_design_1_clk_wiz_0_0_1 | design_1_i/clk_wiz_0/inst/clk_out1_design_1_clk_wiz_0_0                                                                                                  |             6.7 |
| clkfbout_design_1_clk_wiz_0_0_1 | design_1_i/clk_wiz_0/inst/clkfbout_design_1_clk_wiz_0_0                                                                                                  |             6.7 |
| video_clk                       | fmc_imageon_vclk                                                                                                                                         |             6.7 |
| vita_clk_1                      | design_1_i/onsemi_vita_cam_0/U0/onsemi_vita_cam_v3_1_S00_AXI_inst/vita_clk                                                                               |            26.9 |
| vita_ser_clk                    | IO_VITA_CAM_clk_out_p                                                                                                                                    |             2.7 |
+---------------------------------+----------------------------------------------------------------------------------------------------------------------------------------------------------+-----------------+


3. Detailed Reports
-------------------

3.1 By Hierarchy
----------------

+--------------------------+-----------+
| Name                     | Power (W) |
+--------------------------+-----------+
| design_1_wrapper         |     2.218 |
|   design_1_i             |     2.218 |
|     avnet_hdmi_out_0     |     0.013 |
|       U0                 |     0.013 |
|     axi_smc              |     0.031 |
|       inst               |     0.031 |
|     axi_vdma_0           |     0.031 |
|       U0                 |     0.031 |
|     clk_wiz_0            |     0.124 |
|       inst               |     0.124 |
|     fmc_imageon_iic_0    |     0.001 |
|       U0                 |     0.001 |
|     fmc_ipmi_id_eeprom_0 |     0.001 |
|       U0                 |     0.001 |
|     onsemi_vita_cam_0    |     0.094 |
|       U0                 |     0.094 |
|     onsemi_vita_spi_0    |     0.004 |
|       U0                 |     0.004 |
|     processing_system7_0 |     1.537 |
|       inst               |     1.537 |
|     ps7_0_axi_periph     |     0.008 |
|       m07_couplers       |     0.001 |
|       m08_couplers       |     0.001 |
|       m11_couplers       |     0.001 |
|       s00_couplers       |     0.003 |
|     v_axi4s_vid_out_0    |     0.012 |
|       inst               |     0.012 |
|     v_demosaic_0         |     0.059 |
|       inst               |     0.059 |
|     v_proc_ss_0          |     0.136 |
|       U0                 |     0.136 |
|     v_proc_ss_1          |     0.013 |
|       U0                 |     0.013 |
|     v_proc_ss_2          |     0.138 |
|       U0                 |     0.138 |
|     v_tc_0               |     0.011 |
|       U0                 |     0.011 |
|     v_vid_in_axi4s_0     |     0.003 |
|       inst               |     0.003 |
+--------------------------+-----------+


