Copyright 1986-2020 Xilinx, Inc. All Rights Reserved.
------------------------------------------------------------------------------------------------------------------------------------------
| Tool Version : Vivado v.2020.1 (win64) Build 2902540 Wed May 27 19:54:49 MDT 2020
| Date         : Mon Mar 10 00:13:00 2025
| Host         : CO2041-04 running 64-bit major release  (build 9200)
| Command      : report_drc -file design_1_wrapper_drc_routed.rpt -pb design_1_wrapper_drc_routed.pb -rpx design_1_wrapper_drc_routed.rpx
| Design       : design_1_wrapper
| Device       : xc7z020clg484-1
| Speed File   : -1
| Design State : Fully Routed
------------------------------------------------------------------------------------------------------------------------------------------

Report DRC

Table of Contents
-----------------
1. REPORT SUMMARY
2. REPORT DETAILS

1. REPORT SUMMARY
-----------------
            Netlist: netlist
          Floorplan: design_1
      Design limits: <entire design considered>
           Ruledeck: default
             Max violations: <unlimited>
             Violations found: 87
+-----------+----------+----------------------------+------------+
| Rule      | Severity | Description                | Violations |
+-----------+----------+----------------------------+------------+
| DPIP-1    | Warning  | Input pipelining           | 26         |
| DPOP-1    | Warning  | PREG Output pipelining     | 7          |
| DPOP-2    | Warning  | MREG Output pipelining     | 37         |
| REQP-1839 | Warning  | RAMB36 async control check | 12         |
| RTSTAT-10 | Warning  | No routable loads          | 1          |
| REQP-165  | Advisory | writefirst                 | 2          |
| REQP-181  | Advisory | writefirst                 | 2          |
+-----------+----------+----------------------------+------------+

2. REPORT DETAILS
-----------------
DPIP-1#1 Warning
Input pipelining  
DSP design_1_i/v_demosaic_0/inst/Debayer_U0/DebayerG_U0/mul_ln568_1_reg_2723_reg input design_1_i/v_demosaic_0/inst/Debayer_U0/DebayerG_U0/mul_ln568_1_reg_2723_reg/A[29:0] is not pipelined. Pipelining DSP48 input will improve performance.
Related violations: <none>

DPIP-1#2 Warning
Input pipelining  
DSP design_1_i/v_demosaic_0/inst/Debayer_U0/DebayerG_U0/v_demosaic_mac_muibs_U19/design_1_v_demosaic_0_0_v_demosaic_mac_muibs_DSP48_2_U/p input design_1_i/v_demosaic_0/inst/Debayer_U0/DebayerG_U0/v_demosaic_mac_muibs_U19/design_1_v_demosaic_0_0_v_demosaic_mac_muibs_DSP48_2_U/p/C[47:0] is not pipelined. Pipelining DSP48 input will improve performance.
Related violations: <none>

DPIP-1#3 Warning
Input pipelining  
DSP design_1_i/v_proc_ss_0/U0/csc/inst/v_csc_core_U0/add_ln362_1_reg_849_reg input design_1_i/v_proc_ss_0/U0/csc/inst/v_csc_core_U0/add_ln362_1_reg_849_reg/C[47:0] is not pipelined. Pipelining DSP48 input will improve performance.
Related violations: <none>

DPIP-1#4 Warning
Input pipelining  
DSP design_1_i/v_proc_ss_0/U0/csc/inst/v_csc_core_U0/add_ln362_reg_843_reg input design_1_i/v_proc_ss_0/U0/csc/inst/v_csc_core_U0/add_ln362_reg_843_reg/C[47:0] is not pipelined. Pipelining DSP48 input will improve performance.
Related violations: <none>

DPIP-1#5 Warning
Input pipelining  
DSP design_1_i/v_proc_ss_0/U0/csc/inst/v_csc_core_U0/add_ln363_1_reg_861_reg input design_1_i/v_proc_ss_0/U0/csc/inst/v_csc_core_U0/add_ln363_1_reg_861_reg/C[47:0] is not pipelined. Pipelining DSP48 input will improve performance.
Related violations: <none>

DPIP-1#6 Warning
Input pipelining  
DSP design_1_i/v_proc_ss_0/U0/csc/inst/v_csc_core_U0/add_ln363_reg_855_reg input design_1_i/v_proc_ss_0/U0/csc/inst/v_csc_core_U0/add_ln363_reg_855_reg/C[47:0] is not pipelined. Pipelining DSP48 input will improve performance.
Related violations: <none>

DPIP-1#7 Warning
Input pipelining  
DSP design_1_i/v_proc_ss_0/U0/csc/inst/v_csc_core_U0/add_ln364_1_reg_873_reg input design_1_i/v_proc_ss_0/U0/csc/inst/v_csc_core_U0/add_ln364_1_reg_873_reg/C[47:0] is not pipelined. Pipelining DSP48 input will improve performance.
Related violations: <none>

DPIP-1#8 Warning
Input pipelining  
DSP design_1_i/v_proc_ss_0/U0/csc/inst/v_csc_core_U0/add_ln364_reg_867_reg input design_1_i/v_proc_ss_0/U0/csc/inst/v_csc_core_U0/add_ln364_reg_867_reg/C[47:0] is not pipelined. Pipelining DSP48 input will improve performance.
Related violations: <none>

DPIP-1#9 Warning
Input pipelining  
DSP design_1_i/v_proc_ss_0/U0/hsc/inst/hscale_core_polyphas_U0/grp_hscale_polyphase_fu_658/add_ln827_10_reg_1470_reg input design_1_i/v_proc_ss_0/U0/hsc/inst/hscale_core_polyphas_U0/grp_hscale_polyphase_fu_658/add_ln827_10_reg_1470_reg/C[47:0] is not pipelined. Pipelining DSP48 input will improve performance.
Related violations: <none>

DPIP-1#10 Warning
Input pipelining  
DSP design_1_i/v_proc_ss_0/U0/hsc/inst/hscale_core_polyphas_U0/grp_hscale_polyphase_fu_658/add_ln827_13_reg_1405_reg input design_1_i/v_proc_ss_0/U0/hsc/inst/hscale_core_polyphas_U0/grp_hscale_polyphase_fu_658/add_ln827_13_reg_1405_reg/C[47:0] is not pipelined. Pipelining DSP48 input will improve performance.
Related violations: <none>

DPIP-1#11 Warning
Input pipelining  
DSP design_1_i/v_proc_ss_0/U0/hsc/inst/hscale_core_polyphas_U0/grp_hscale_polyphase_fu_658/add_ln827_14_reg_1430_reg input design_1_i/v_proc_ss_0/U0/hsc/inst/hscale_core_polyphas_U0/grp_hscale_polyphase_fu_658/add_ln827_14_reg_1430_reg/C[47:0] is not pipelined. Pipelining DSP48 input will improve performance.
Related violations: <none>

DPIP-1#12 Warning
Input pipelining  
DSP design_1_i/v_proc_ss_0/U0/hsc/inst/hscale_core_polyphas_U0/grp_hscale_polyphase_fu_658/add_ln827_16_reg_1475_reg input design_1_i/v_proc_ss_0/U0/hsc/inst/hscale_core_polyphas_U0/grp_hscale_polyphase_fu_658/add_ln827_16_reg_1475_reg/C[47:0] is not pipelined. Pipelining DSP48 input will improve performance.
Related violations: <none>

DPIP-1#13 Warning
Input pipelining  
DSP design_1_i/v_proc_ss_0/U0/hsc/inst/hscale_core_polyphas_U0/grp_hscale_polyphase_fu_658/add_ln827_1_reg_1395_reg input design_1_i/v_proc_ss_0/U0/hsc/inst/hscale_core_polyphas_U0/grp_hscale_polyphase_fu_658/add_ln827_1_reg_1395_reg/C[47:0] is not pipelined. Pipelining DSP48 input will improve performance.
Related violations: <none>

DPIP-1#14 Warning
Input pipelining  
DSP design_1_i/v_proc_ss_0/U0/hsc/inst/hscale_core_polyphas_U0/grp_hscale_polyphase_fu_658/add_ln827_2_reg_1420_reg input design_1_i/v_proc_ss_0/U0/hsc/inst/hscale_core_polyphas_U0/grp_hscale_polyphase_fu_658/add_ln827_2_reg_1420_reg/C[47:0] is not pipelined. Pipelining DSP48 input will improve performance.
Related violations: <none>

DPIP-1#15 Warning
Input pipelining  
DSP design_1_i/v_proc_ss_0/U0/hsc/inst/hscale_core_polyphas_U0/grp_hscale_polyphase_fu_658/add_ln827_4_reg_1465_reg input design_1_i/v_proc_ss_0/U0/hsc/inst/hscale_core_polyphas_U0/grp_hscale_polyphase_fu_658/add_ln827_4_reg_1465_reg/C[47:0] is not pipelined. Pipelining DSP48 input will improve performance.
Related violations: <none>

DPIP-1#16 Warning
Input pipelining  
DSP design_1_i/v_proc_ss_0/U0/hsc/inst/hscale_core_polyphas_U0/grp_hscale_polyphase_fu_658/add_ln827_7_reg_1400_reg input design_1_i/v_proc_ss_0/U0/hsc/inst/hscale_core_polyphas_U0/grp_hscale_polyphase_fu_658/add_ln827_7_reg_1400_reg/C[47:0] is not pipelined. Pipelining DSP48 input will improve performance.
Related violations: <none>

DPIP-1#17 Warning
Input pipelining  
DSP design_1_i/v_proc_ss_0/U0/hsc/inst/hscale_core_polyphas_U0/grp_hscale_polyphase_fu_658/add_ln827_8_reg_1425_reg input design_1_i/v_proc_ss_0/U0/hsc/inst/hscale_core_polyphas_U0/grp_hscale_polyphase_fu_658/add_ln827_8_reg_1425_reg/C[47:0] is not pipelined. Pipelining DSP48 input will improve performance.
Related violations: <none>

DPIP-1#18 Warning
Input pipelining  
DSP design_1_i/v_proc_ss_0/U0/vsc/inst/vscale_core_polyphas_U0/add_ln367_10_reg_2615_reg input design_1_i/v_proc_ss_0/U0/vsc/inst/vscale_core_polyphas_U0/add_ln367_10_reg_2615_reg/C[47:0] is not pipelined. Pipelining DSP48 input will improve performance.
Related violations: <none>

DPIP-1#19 Warning
Input pipelining  
DSP design_1_i/v_proc_ss_0/U0/vsc/inst/vscale_core_polyphas_U0/add_ln367_13_reg_2560_reg input design_1_i/v_proc_ss_0/U0/vsc/inst/vscale_core_polyphas_U0/add_ln367_13_reg_2560_reg/C[47:0] is not pipelined. Pipelining DSP48 input will improve performance.
Related violations: <none>

DPIP-1#20 Warning
Input pipelining  
DSP design_1_i/v_proc_ss_0/U0/vsc/inst/vscale_core_polyphas_U0/add_ln367_14_reg_2580_reg input design_1_i/v_proc_ss_0/U0/vsc/inst/vscale_core_polyphas_U0/add_ln367_14_reg_2580_reg/C[47:0] is not pipelined. Pipelining DSP48 input will improve performance.
Related violations: <none>

DPIP-1#21 Warning
Input pipelining  
DSP design_1_i/v_proc_ss_0/U0/vsc/inst/vscale_core_polyphas_U0/add_ln367_16_reg_2620_reg input design_1_i/v_proc_ss_0/U0/vsc/inst/vscale_core_polyphas_U0/add_ln367_16_reg_2620_reg/C[47:0] is not pipelined. Pipelining DSP48 input will improve performance.
Related violations: <none>

DPIP-1#22 Warning
Input pipelining  
DSP design_1_i/v_proc_ss_0/U0/vsc/inst/vscale_core_polyphas_U0/add_ln367_1_reg_2545_reg input design_1_i/v_proc_ss_0/U0/vsc/inst/vscale_core_polyphas_U0/add_ln367_1_reg_2545_reg/C[47:0] is not pipelined. Pipelining DSP48 input will improve performance.
Related violations: <none>

DPIP-1#23 Warning
Input pipelining  
DSP design_1_i/v_proc_ss_0/U0/vsc/inst/vscale_core_polyphas_U0/add_ln367_2_reg_2565_reg input design_1_i/v_proc_ss_0/U0/vsc/inst/vscale_core_polyphas_U0/add_ln367_2_reg_2565_reg/C[47:0] is not pipelined. Pipelining DSP48 input will improve performance.
Related violations: <none>

DPIP-1#24 Warning
Input pipelining  
DSP design_1_i/v_proc_ss_0/U0/vsc/inst/vscale_core_polyphas_U0/add_ln367_4_reg_2605_reg input design_1_i/v_proc_ss_0/U0/vsc/inst/vscale_core_polyphas_U0/add_ln367_4_reg_2605_reg/C[47:0] is not pipelined. Pipelining DSP48 input will improve performance.
Related violations: <none>

DPIP-1#25 Warning
Input pipelining  
DSP design_1_i/v_proc_ss_0/U0/vsc/inst/vscale_core_polyphas_U0/add_ln367_7_reg_2555_reg input design_1_i/v_proc_ss_0/U0/vsc/inst/vscale_core_polyphas_U0/add_ln367_7_reg_2555_reg/C[47:0] is not pipelined. Pipelining DSP48 input will improve performance.
Related violations: <none>

DPIP-1#26 Warning
Input pipelining  
DSP design_1_i/v_proc_ss_0/U0/vsc/inst/vscale_core_polyphas_U0/add_ln367_8_reg_2575_reg input design_1_i/v_proc_ss_0/U0/vsc/inst/vscale_core_polyphas_U0/add_ln367_8_reg_2575_reg/C[47:0] is not pipelined. Pipelining DSP48 input will improve performance.
Related violations: <none>

DPOP-1#1 Warning
PREG Output pipelining  
DSP design_1_i/v_demosaic_0/inst/Debayer_U0/DebayerG_U0/v_demosaic_mac_muibs_U19/design_1_v_demosaic_0_0_v_demosaic_mac_muibs_DSP48_2_U/p output design_1_i/v_demosaic_0/inst/Debayer_U0/DebayerG_U0/v_demosaic_mac_muibs_U19/design_1_v_demosaic_0_0_v_demosaic_mac_muibs_DSP48_2_U/p/P[47:0] is not pipelined (PREG=0). Pipelining the DSP48 output will improve performance and often saves power so it is suggested whenever possible to fully pipeline this function.  If this DSP48 function was inferred, it is suggested to describe an additional register stage after this function.  If the DSP48 was instantiated in the design, it is suggested to set the PREG attribute to 1.
Related violations: <none>

DPOP-1#2 Warning
PREG Output pipelining  
DSP design_1_i/v_proc_ss_0/U0/hsc/inst/hscale_core_polyphas_U0/grp_hscale_polyphase_fu_658/v_hscaler_mac_mulmb6_U40/bd_d86b_hsc_0_v_hscaler_mac_mulmb6_DSP48_10_U/p output design_1_i/v_proc_ss_0/U0/hsc/inst/hscale_core_polyphas_U0/grp_hscale_polyphase_fu_658/v_hscaler_mac_mulmb6_U40/bd_d86b_hsc_0_v_hscaler_mac_mulmb6_DSP48_10_U/p/P[47:0] is not pipelined (PREG=0). Pipelining the DSP48 output will improve performance and often saves power so it is suggested whenever possible to fully pipeline this function.  If this DSP48 function was inferred, it is suggested to describe an additional register stage after this function.  If the DSP48 was instantiated in the design, it is suggested to set the PREG attribute to 1.
Related violations: <none>

DPOP-1#3 Warning
PREG Output pipelining  
DSP design_1_i/v_proc_ss_0/U0/hsc/inst/hscale_core_polyphas_U0/grp_hscale_polyphase_fu_658/v_hscaler_mac_mulmb6_U41/bd_d86b_hsc_0_v_hscaler_mac_mulmb6_DSP48_10_U/p output design_1_i/v_proc_ss_0/U0/hsc/inst/hscale_core_polyphas_U0/grp_hscale_polyphase_fu_658/v_hscaler_mac_mulmb6_U41/bd_d86b_hsc_0_v_hscaler_mac_mulmb6_DSP48_10_U/p/P[47:0] is not pipelined (PREG=0). Pipelining the DSP48 output will improve performance and often saves power so it is suggested whenever possible to fully pipeline this function.  If this DSP48 function was inferred, it is suggested to describe an additional register stage after this function.  If the DSP48 was instantiated in the design, it is suggested to set the PREG attribute to 1.
Related violations: <none>

DPOP-1#4 Warning
PREG Output pipelining  
DSP design_1_i/v_proc_ss_0/U0/hsc/inst/hscale_core_polyphas_U0/grp_hscale_polyphase_fu_658/v_hscaler_mac_mulmb6_U42/bd_d86b_hsc_0_v_hscaler_mac_mulmb6_DSP48_10_U/p output design_1_i/v_proc_ss_0/U0/hsc/inst/hscale_core_polyphas_U0/grp_hscale_polyphase_fu_658/v_hscaler_mac_mulmb6_U42/bd_d86b_hsc_0_v_hscaler_mac_mulmb6_DSP48_10_U/p/P[47:0] is not pipelined (PREG=0). Pipelining the DSP48 output will improve performance and often saves power so it is suggested whenever possible to fully pipeline this function.  If this DSP48 function was inferred, it is suggested to describe an additional register stage after this function.  If the DSP48 was instantiated in the design, it is suggested to set the PREG attribute to 1.
Related violations: <none>

DPOP-1#5 Warning
PREG Output pipelining  
DSP design_1_i/v_proc_ss_0/U0/vsc/inst/vscale_core_polyphas_U0/v_vscaler_mac_muludo_U37/bd_18aa_vsc_0_v_vscaler_mac_muludo_DSP48_5_U/p output design_1_i/v_proc_ss_0/U0/vsc/inst/vscale_core_polyphas_U0/v_vscaler_mac_muludo_U37/bd_18aa_vsc_0_v_vscaler_mac_muludo_DSP48_5_U/p/P[47:0] is not pipelined (PREG=0). Pipelining the DSP48 output will improve performance and often saves power so it is suggested whenever possible to fully pipeline this function.  If this DSP48 function was inferred, it is suggested to describe an additional register stage after this function.  If the DSP48 was instantiated in the design, it is suggested to set the PREG attribute to 1.
Related violations: <none>

DPOP-1#6 Warning
PREG Output pipelining  
DSP design_1_i/v_proc_ss_0/U0/vsc/inst/vscale_core_polyphas_U0/v_vscaler_mac_muludo_U38/bd_18aa_vsc_0_v_vscaler_mac_muludo_DSP48_5_U/p output design_1_i/v_proc_ss_0/U0/vsc/inst/vscale_core_polyphas_U0/v_vscaler_mac_muludo_U38/bd_18aa_vsc_0_v_vscaler_mac_muludo_DSP48_5_U/p/P[47:0] is not pipelined (PREG=0). Pipelining the DSP48 output will improve performance and often saves power so it is suggested whenever possible to fully pipeline this function.  If this DSP48 function was inferred, it is suggested to describe an additional register stage after this function.  If the DSP48 was instantiated in the design, it is suggested to set the PREG attribute to 1.
Related violations: <none>

DPOP-1#7 Warning
PREG Output pipelining  
DSP design_1_i/v_proc_ss_0/U0/vsc/inst/vscale_core_polyphas_U0/v_vscaler_mac_muludo_U39/bd_18aa_vsc_0_v_vscaler_mac_muludo_DSP48_5_U/p output design_1_i/v_proc_ss_0/U0/vsc/inst/vscale_core_polyphas_U0/v_vscaler_mac_muludo_U39/bd_18aa_vsc_0_v_vscaler_mac_muludo_DSP48_5_U/p/P[47:0] is not pipelined (PREG=0). Pipelining the DSP48 output will improve performance and often saves power so it is suggested whenever possible to fully pipeline this function.  If this DSP48 function was inferred, it is suggested to describe an additional register stage after this function.  If the DSP48 was instantiated in the design, it is suggested to set the PREG attribute to 1.
Related violations: <none>

DPOP-2#1 Warning
MREG Output pipelining  
DSP design_1_i/v_demosaic_0/inst/Debayer_U0/DebayerG_U0/mul_ln567_1_reg_2713_reg multiplier stage design_1_i/v_demosaic_0/inst/Debayer_U0/DebayerG_U0/mul_ln567_1_reg_2713_reg/P[47:0] is not pipelined (MREG=0). Pipelining the multiplier function will improve performance and will save significant power so it is suggested whenever possible to fully pipeline this function.  If this multiplier was inferred, it is suggested to describe an additional register stage after this function.  If there is no registered adder/accumulator following the multiply function, two pipeline stages are suggested to allow both the MREG and PREG registers to be used.  If the DSP48 was instantiated in the design, it is suggested to set both the MREG and PREG attributes to 1 when performing multiply functions.
Related violations: <none>

DPOP-2#2 Warning
MREG Output pipelining  
DSP design_1_i/v_demosaic_0/inst/Debayer_U0/DebayerG_U0/mul_ln567_reg_2708_reg multiplier stage design_1_i/v_demosaic_0/inst/Debayer_U0/DebayerG_U0/mul_ln567_reg_2708_reg/P[47:0] is not pipelined (MREG=0). Pipelining the multiplier function will improve performance and will save significant power so it is suggested whenever possible to fully pipeline this function.  If this multiplier was inferred, it is suggested to describe an additional register stage after this function.  If there is no registered adder/accumulator following the multiply function, two pipeline stages are suggested to allow both the MREG and PREG registers to be used.  If the DSP48 was instantiated in the design, it is suggested to set both the MREG and PREG attributes to 1 when performing multiply functions.
Related violations: <none>

DPOP-2#3 Warning
MREG Output pipelining  
DSP design_1_i/v_demosaic_0/inst/Debayer_U0/DebayerG_U0/mul_ln568_1_reg_2723_reg multiplier stage design_1_i/v_demosaic_0/inst/Debayer_U0/DebayerG_U0/mul_ln568_1_reg_2723_reg/P[47:0] is not pipelined (MREG=0). Pipelining the multiplier function will improve performance and will save significant power so it is suggested whenever possible to fully pipeline this function.  If this multiplier was inferred, it is suggested to describe an additional register stage after this function.  If there is no registered adder/accumulator following the multiply function, two pipeline stages are suggested to allow both the MREG and PREG registers to be used.  If the DSP48 was instantiated in the design, it is suggested to set both the MREG and PREG attributes to 1 when performing multiply functions.
Related violations: <none>

DPOP-2#4 Warning
MREG Output pipelining  
DSP design_1_i/v_demosaic_0/inst/Debayer_U0/DebayerG_U0/v_demosaic_mac_muibs_U19/design_1_v_demosaic_0_0_v_demosaic_mac_muibs_DSP48_2_U/p multiplier stage design_1_i/v_demosaic_0/inst/Debayer_U0/DebayerG_U0/v_demosaic_mac_muibs_U19/design_1_v_demosaic_0_0_v_demosaic_mac_muibs_DSP48_2_U/p/P[47:0] is not pipelined (MREG=0). Pipelining the multiplier function will improve performance and will save significant power so it is suggested whenever possible to fully pipeline this function.  If this multiplier was inferred, it is suggested to describe an additional register stage after this function.  If there is no registered adder/accumulator following the multiply function, two pipeline stages are suggested to allow both the MREG and PREG registers to be used.  If the DSP48 was instantiated in the design, it is suggested to set both the MREG and PREG attributes to 1 when performing multiply functions.
Related violations: <none>

DPOP-2#5 Warning
MREG Output pipelining  
DSP design_1_i/v_proc_ss_0/U0/csc/inst/v_csc_core_U0/add_ln362_1_reg_849_reg multiplier stage design_1_i/v_proc_ss_0/U0/csc/inst/v_csc_core_U0/add_ln362_1_reg_849_reg/P[47:0] is not pipelined (MREG=0). Pipelining the multiplier function will improve performance and will save significant power so it is suggested whenever possible to fully pipeline this function.  If this multiplier was inferred, it is suggested to describe an additional register stage after this function.  If there is no registered adder/accumulator following the multiply function, two pipeline stages are suggested to allow both the MREG and PREG registers to be used.  If the DSP48 was instantiated in the design, it is suggested to set both the MREG and PREG attributes to 1 when performing multiply functions.
Related violations: <none>

DPOP-2#6 Warning
MREG Output pipelining  
DSP design_1_i/v_proc_ss_0/U0/csc/inst/v_csc_core_U0/add_ln362_reg_843_reg multiplier stage design_1_i/v_proc_ss_0/U0/csc/inst/v_csc_core_U0/add_ln362_reg_843_reg/P[47:0] is not pipelined (MREG=0). Pipelining the multiplier function will improve performance and will save significant power so it is suggested whenever possible to fully pipeline this function.  If this multiplier was inferred, it is suggested to describe an additional register stage after this function.  If there is no registered adder/accumulator following the multiply function, two pipeline stages are suggested to allow both the MREG and PREG registers to be used.  If the DSP48 was instantiated in the design, it is suggested to set both the MREG and PREG attributes to 1 when performing multiply functions.
Related violations: <none>

DPOP-2#7 Warning
MREG Output pipelining  
DSP design_1_i/v_proc_ss_0/U0/csc/inst/v_csc_core_U0/add_ln363_1_reg_861_reg multiplier stage design_1_i/v_proc_ss_0/U0/csc/inst/v_csc_core_U0/add_ln363_1_reg_861_reg/P[47:0] is not pipelined (MREG=0). Pipelining the multiplier function will improve performance and will save significant power so it is suggested whenever possible to fully pipeline this function.  If this multiplier was inferred, it is suggested to describe an additional register stage after this function.  If there is no registered adder/accumulator following the multiply function, two pipeline stages are suggested to allow both the MREG and PREG registers to be used.  If the DSP48 was instantiated in the design, it is suggested to set both the MREG and PREG attributes to 1 when performing multiply functions.
Related violations: <none>

DPOP-2#8 Warning
MREG Output pipelining  
DSP design_1_i/v_proc_ss_0/U0/csc/inst/v_csc_core_U0/add_ln363_reg_855_reg multiplier stage design_1_i/v_proc_ss_0/U0/csc/inst/v_csc_core_U0/add_ln363_reg_855_reg/P[47:0] is not pipelined (MREG=0). Pipelining the multiplier function will improve performance and will save significant power so it is suggested whenever possible to fully pipeline this function.  If this multiplier was inferred, it is suggested to describe an additional register stage after this function.  If there is no registered adder/accumulator following the multiply function, two pipeline stages are suggested to allow both the MREG and PREG registers to be used.  If the DSP48 was instantiated in the design, it is suggested to set both the MREG and PREG attributes to 1 when performing multiply functions.
Related violations: <none>

DPOP-2#9 Warning
MREG Output pipelining  
DSP design_1_i/v_proc_ss_0/U0/csc/inst/v_csc_core_U0/add_ln364_1_reg_873_reg multiplier stage design_1_i/v_proc_ss_0/U0/csc/inst/v_csc_core_U0/add_ln364_1_reg_873_reg/P[47:0] is not pipelined (MREG=0). Pipelining the multiplier function will improve performance and will save significant power so it is suggested whenever possible to fully pipeline this function.  If this multiplier was inferred, it is suggested to describe an additional register stage after this function.  If there is no registered adder/accumulator following the multiply function, two pipeline stages are suggested to allow both the MREG and PREG registers to be used.  If the DSP48 was instantiated in the design, it is suggested to set both the MREG and PREG attributes to 1 when performing multiply functions.
Related violations: <none>

DPOP-2#10 Warning
MREG Output pipelining  
DSP design_1_i/v_proc_ss_0/U0/csc/inst/v_csc_core_U0/add_ln364_reg_867_reg multiplier stage design_1_i/v_proc_ss_0/U0/csc/inst/v_csc_core_U0/add_ln364_reg_867_reg/P[47:0] is not pipelined (MREG=0). Pipelining the multiplier function will improve performance and will save significant power so it is suggested whenever possible to fully pipeline this function.  If this multiplier was inferred, it is suggested to describe an additional register stage after this function.  If there is no registered adder/accumulator following the multiply function, two pipeline stages are suggested to allow both the MREG and PREG registers to be used.  If the DSP48 was instantiated in the design, it is suggested to set both the MREG and PREG attributes to 1 when performing multiply functions.
Related violations: <none>

DPOP-2#11 Warning
MREG Output pipelining  
DSP design_1_i/v_proc_ss_0/U0/csc/inst/v_csc_core_U0/mul_ln362_2_reg_828_reg multiplier stage design_1_i/v_proc_ss_0/U0/csc/inst/v_csc_core_U0/mul_ln362_2_reg_828_reg/P[47:0] is not pipelined (MREG=0). Pipelining the multiplier function will improve performance and will save significant power so it is suggested whenever possible to fully pipeline this function.  If this multiplier was inferred, it is suggested to describe an additional register stage after this function.  If there is no registered adder/accumulator following the multiply function, two pipeline stages are suggested to allow both the MREG and PREG registers to be used.  If the DSP48 was instantiated in the design, it is suggested to set both the MREG and PREG attributes to 1 when performing multiply functions.
Related violations: <none>

DPOP-2#12 Warning
MREG Output pipelining  
DSP design_1_i/v_proc_ss_0/U0/csc/inst/v_csc_core_U0/mul_ln363_2_reg_833_reg multiplier stage design_1_i/v_proc_ss_0/U0/csc/inst/v_csc_core_U0/mul_ln363_2_reg_833_reg/P[47:0] is not pipelined (MREG=0). Pipelining the multiplier function will improve performance and will save significant power so it is suggested whenever possible to fully pipeline this function.  If this multiplier was inferred, it is suggested to describe an additional register stage after this function.  If there is no registered adder/accumulator following the multiply function, two pipeline stages are suggested to allow both the MREG and PREG registers to be used.  If the DSP48 was instantiated in the design, it is suggested to set both the MREG and PREG attributes to 1 when performing multiply functions.
Related violations: <none>

DPOP-2#13 Warning
MREG Output pipelining  
DSP design_1_i/v_proc_ss_0/U0/csc/inst/v_csc_core_U0/mul_ln364_2_reg_838_reg multiplier stage design_1_i/v_proc_ss_0/U0/csc/inst/v_csc_core_U0/mul_ln364_2_reg_838_reg/P[47:0] is not pipelined (MREG=0). Pipelining the multiplier function will improve performance and will save significant power so it is suggested whenever possible to fully pipeline this function.  If this multiplier was inferred, it is suggested to describe an additional register stage after this function.  If there is no registered adder/accumulator following the multiply function, two pipeline stages are suggested to allow both the MREG and PREG registers to be used.  If the DSP48 was instantiated in the design, it is suggested to set both the MREG and PREG attributes to 1 when performing multiply functions.
Related violations: <none>

DPOP-2#14 Warning
MREG Output pipelining  
DSP design_1_i/v_proc_ss_0/U0/hsc/inst/hscale_core_polyphas_U0/grp_hscale_polyphase_fu_658/add_ln827_12_reg_1380_reg multiplier stage design_1_i/v_proc_ss_0/U0/hsc/inst/hscale_core_polyphas_U0/grp_hscale_polyphase_fu_658/add_ln827_12_reg_1380_reg/P[47:0] is not pipelined (MREG=0). Pipelining the multiplier function will improve performance and will save significant power so it is suggested whenever possible to fully pipeline this function.  If this multiplier was inferred, it is suggested to describe an additional register stage after this function.  If there is no registered adder/accumulator following the multiply function, two pipeline stages are suggested to allow both the MREG and PREG registers to be used.  If the DSP48 was instantiated in the design, it is suggested to set both the MREG and PREG attributes to 1 when performing multiply functions.
Related violations: <none>

DPOP-2#15 Warning
MREG Output pipelining  
DSP design_1_i/v_proc_ss_0/U0/hsc/inst/hscale_core_polyphas_U0/grp_hscale_polyphase_fu_658/add_ln827_13_reg_1405_reg multiplier stage design_1_i/v_proc_ss_0/U0/hsc/inst/hscale_core_polyphas_U0/grp_hscale_polyphase_fu_658/add_ln827_13_reg_1405_reg/P[47:0] is not pipelined (MREG=0). Pipelining the multiplier function will improve performance and will save significant power so it is suggested whenever possible to fully pipeline this function.  If this multiplier was inferred, it is suggested to describe an additional register stage after this function.  If there is no registered adder/accumulator following the multiply function, two pipeline stages are suggested to allow both the MREG and PREG registers to be used.  If the DSP48 was instantiated in the design, it is suggested to set both the MREG and PREG attributes to 1 when performing multiply functions.
Related violations: <none>

DPOP-2#16 Warning
MREG Output pipelining  
DSP design_1_i/v_proc_ss_0/U0/hsc/inst/hscale_core_polyphas_U0/grp_hscale_polyphase_fu_658/add_ln827_15_reg_1455_reg multiplier stage design_1_i/v_proc_ss_0/U0/hsc/inst/hscale_core_polyphas_U0/grp_hscale_polyphase_fu_658/add_ln827_15_reg_1455_reg/P[47:0] is not pipelined (MREG=0). Pipelining the multiplier function will improve performance and will save significant power so it is suggested whenever possible to fully pipeline this function.  If this multiplier was inferred, it is suggested to describe an additional register stage after this function.  If there is no registered adder/accumulator following the multiply function, two pipeline stages are suggested to allow both the MREG and PREG registers to be used.  If the DSP48 was instantiated in the design, it is suggested to set both the MREG and PREG attributes to 1 when performing multiply functions.
Related violations: <none>

DPOP-2#17 Warning
MREG Output pipelining  
DSP design_1_i/v_proc_ss_0/U0/hsc/inst/hscale_core_polyphas_U0/grp_hscale_polyphase_fu_658/add_ln827_1_reg_1395_reg multiplier stage design_1_i/v_proc_ss_0/U0/hsc/inst/hscale_core_polyphas_U0/grp_hscale_polyphase_fu_658/add_ln827_1_reg_1395_reg/P[47:0] is not pipelined (MREG=0). Pipelining the multiplier function will improve performance and will save significant power so it is suggested whenever possible to fully pipeline this function.  If this multiplier was inferred, it is suggested to describe an additional register stage after this function.  If there is no registered adder/accumulator following the multiply function, two pipeline stages are suggested to allow both the MREG and PREG registers to be used.  If the DSP48 was instantiated in the design, it is suggested to set both the MREG and PREG attributes to 1 when performing multiply functions.
Related violations: <none>

DPOP-2#18 Warning
MREG Output pipelining  
DSP design_1_i/v_proc_ss_0/U0/hsc/inst/hscale_core_polyphas_U0/grp_hscale_polyphase_fu_658/add_ln827_3_reg_1445_reg multiplier stage design_1_i/v_proc_ss_0/U0/hsc/inst/hscale_core_polyphas_U0/grp_hscale_polyphase_fu_658/add_ln827_3_reg_1445_reg/P[47:0] is not pipelined (MREG=0). Pipelining the multiplier function will improve performance and will save significant power so it is suggested whenever possible to fully pipeline this function.  If this multiplier was inferred, it is suggested to describe an additional register stage after this function.  If there is no registered adder/accumulator following the multiply function, two pipeline stages are suggested to allow both the MREG and PREG registers to be used.  If the DSP48 was instantiated in the design, it is suggested to set both the MREG and PREG attributes to 1 when performing multiply functions.
Related violations: <none>

DPOP-2#19 Warning
MREG Output pipelining  
DSP design_1_i/v_proc_ss_0/U0/hsc/inst/hscale_core_polyphas_U0/grp_hscale_polyphase_fu_658/add_ln827_6_reg_1375_reg multiplier stage design_1_i/v_proc_ss_0/U0/hsc/inst/hscale_core_polyphas_U0/grp_hscale_polyphase_fu_658/add_ln827_6_reg_1375_reg/P[47:0] is not pipelined (MREG=0). Pipelining the multiplier function will improve performance and will save significant power so it is suggested whenever possible to fully pipeline this function.  If this multiplier was inferred, it is suggested to describe an additional register stage after this function.  If there is no registered adder/accumulator following the multiply function, two pipeline stages are suggested to allow both the MREG and PREG registers to be used.  If the DSP48 was instantiated in the design, it is suggested to set both the MREG and PREG attributes to 1 when performing multiply functions.
Related violations: <none>

DPOP-2#20 Warning
MREG Output pipelining  
DSP design_1_i/v_proc_ss_0/U0/hsc/inst/hscale_core_polyphas_U0/grp_hscale_polyphase_fu_658/add_ln827_7_reg_1400_reg multiplier stage design_1_i/v_proc_ss_0/U0/hsc/inst/hscale_core_polyphas_U0/grp_hscale_polyphase_fu_658/add_ln827_7_reg_1400_reg/P[47:0] is not pipelined (MREG=0). Pipelining the multiplier function will improve performance and will save significant power so it is suggested whenever possible to fully pipeline this function.  If this multiplier was inferred, it is suggested to describe an additional register stage after this function.  If there is no registered adder/accumulator following the multiply function, two pipeline stages are suggested to allow both the MREG and PREG registers to be used.  If the DSP48 was instantiated in the design, it is suggested to set both the MREG and PREG attributes to 1 when performing multiply functions.
Related violations: <none>

DPOP-2#21 Warning
MREG Output pipelining  
DSP design_1_i/v_proc_ss_0/U0/hsc/inst/hscale_core_polyphas_U0/grp_hscale_polyphase_fu_658/add_ln827_9_reg_1450_reg multiplier stage design_1_i/v_proc_ss_0/U0/hsc/inst/hscale_core_polyphas_U0/grp_hscale_polyphase_fu_658/add_ln827_9_reg_1450_reg/P[47:0] is not pipelined (MREG=0). Pipelining the multiplier function will improve performance and will save significant power so it is suggested whenever possible to fully pipeline this function.  If this multiplier was inferred, it is suggested to describe an additional register stage after this function.  If there is no registered adder/accumulator following the multiply function, two pipeline stages are suggested to allow both the MREG and PREG registers to be used.  If the DSP48 was instantiated in the design, it is suggested to set both the MREG and PREG attributes to 1 when performing multiply functions.
Related violations: <none>

DPOP-2#22 Warning
MREG Output pipelining  
DSP design_1_i/v_proc_ss_0/U0/hsc/inst/hscale_core_polyphas_U0/grp_hscale_polyphase_fu_658/add_ln827_reg_1370_reg multiplier stage design_1_i/v_proc_ss_0/U0/hsc/inst/hscale_core_polyphas_U0/grp_hscale_polyphase_fu_658/add_ln827_reg_1370_reg/P[47:0] is not pipelined (MREG=0). Pipelining the multiplier function will improve performance and will save significant power so it is suggested whenever possible to fully pipeline this function.  If this multiplier was inferred, it is suggested to describe an additional register stage after this function.  If there is no registered adder/accumulator following the multiply function, two pipeline stages are suggested to allow both the MREG and PREG registers to be used.  If the DSP48 was instantiated in the design, it is suggested to set both the MREG and PREG attributes to 1 when performing multiply functions.
Related violations: <none>

DPOP-2#23 Warning
MREG Output pipelining  
DSP design_1_i/v_proc_ss_0/U0/hsc/inst/hscale_core_polyphas_U0/grp_hscale_polyphase_fu_658/v_hscaler_mac_mulmb6_U40/bd_d86b_hsc_0_v_hscaler_mac_mulmb6_DSP48_10_U/p multiplier stage design_1_i/v_proc_ss_0/U0/hsc/inst/hscale_core_polyphas_U0/grp_hscale_polyphase_fu_658/v_hscaler_mac_mulmb6_U40/bd_d86b_hsc_0_v_hscaler_mac_mulmb6_DSP48_10_U/p/P[47:0] is not pipelined (MREG=0). Pipelining the multiplier function will improve performance and will save significant power so it is suggested whenever possible to fully pipeline this function.  If this multiplier was inferred, it is suggested to describe an additional register stage after this function.  If there is no registered adder/accumulator following the multiply function, two pipeline stages are suggested to allow both the MREG and PREG registers to be used.  If the DSP48 was instantiated in the design, it is suggested to set both the MREG and PREG attributes to 1 when performing multiply functions.
Related violations: <none>

DPOP-2#24 Warning
MREG Output pipelining  
DSP design_1_i/v_proc_ss_0/U0/hsc/inst/hscale_core_polyphas_U0/grp_hscale_polyphase_fu_658/v_hscaler_mac_mulmb6_U41/bd_d86b_hsc_0_v_hscaler_mac_mulmb6_DSP48_10_U/p multiplier stage design_1_i/v_proc_ss_0/U0/hsc/inst/hscale_core_polyphas_U0/grp_hscale_polyphase_fu_658/v_hscaler_mac_mulmb6_U41/bd_d86b_hsc_0_v_hscaler_mac_mulmb6_DSP48_10_U/p/P[47:0] is not pipelined (MREG=0). Pipelining the multiplier function will improve performance and will save significant power so it is suggested whenever possible to fully pipeline this function.  If this multiplier was inferred, it is suggested to describe an additional register stage after this function.  If there is no registered adder/accumulator following the multiply function, two pipeline stages are suggested to allow both the MREG and PREG registers to be used.  If the DSP48 was instantiated in the design, it is suggested to set both the MREG and PREG attributes to 1 when performing multiply functions.
Related violations: <none>

DPOP-2#25 Warning
MREG Output pipelining  
DSP design_1_i/v_proc_ss_0/U0/hsc/inst/hscale_core_polyphas_U0/grp_hscale_polyphase_fu_658/v_hscaler_mac_mulmb6_U42/bd_d86b_hsc_0_v_hscaler_mac_mulmb6_DSP48_10_U/p multiplier stage design_1_i/v_proc_ss_0/U0/hsc/inst/hscale_core_polyphas_U0/grp_hscale_polyphase_fu_658/v_hscaler_mac_mulmb6_U42/bd_d86b_hsc_0_v_hscaler_mac_mulmb6_DSP48_10_U/p/P[47:0] is not pipelined (MREG=0). Pipelining the multiplier function will improve performance and will save significant power so it is suggested whenever possible to fully pipeline this function.  If this multiplier was inferred, it is suggested to describe an additional register stage after this function.  If there is no registered adder/accumulator following the multiply function, two pipeline stages are suggested to allow both the MREG and PREG registers to be used.  If the DSP48 was instantiated in the design, it is suggested to set both the MREG and PREG attributes to 1 when performing multiply functions.
Related violations: <none>

DPOP-2#26 Warning
MREG Output pipelining  
DSP design_1_i/v_proc_ss_0/U0/vsc/inst/vscale_core_polyphas_U0/add_ln367_12_reg_2540_reg multiplier stage design_1_i/v_proc_ss_0/U0/vsc/inst/vscale_core_polyphas_U0/add_ln367_12_reg_2540_reg/P[47:0] is not pipelined (MREG=0). Pipelining the multiplier function will improve performance and will save significant power so it is suggested whenever possible to fully pipeline this function.  If this multiplier was inferred, it is suggested to describe an additional register stage after this function.  If there is no registered adder/accumulator following the multiply function, two pipeline stages are suggested to allow both the MREG and PREG registers to be used.  If the DSP48 was instantiated in the design, it is suggested to set both the MREG and PREG attributes to 1 when performing multiply functions.
Related violations: <none>

DPOP-2#27 Warning
MREG Output pipelining  
DSP design_1_i/v_proc_ss_0/U0/vsc/inst/vscale_core_polyphas_U0/add_ln367_13_reg_2560_reg multiplier stage design_1_i/v_proc_ss_0/U0/vsc/inst/vscale_core_polyphas_U0/add_ln367_13_reg_2560_reg/P[47:0] is not pipelined (MREG=0). Pipelining the multiplier function will improve performance and will save significant power so it is suggested whenever possible to fully pipeline this function.  If this multiplier was inferred, it is suggested to describe an additional register stage after this function.  If there is no registered adder/accumulator following the multiply function, two pipeline stages are suggested to allow both the MREG and PREG registers to be used.  If the DSP48 was instantiated in the design, it is suggested to set both the MREG and PREG attributes to 1 when performing multiply functions.
Related violations: <none>

DPOP-2#28 Warning
MREG Output pipelining  
DSP design_1_i/v_proc_ss_0/U0/vsc/inst/vscale_core_polyphas_U0/add_ln367_15_reg_2600_reg multiplier stage design_1_i/v_proc_ss_0/U0/vsc/inst/vscale_core_polyphas_U0/add_ln367_15_reg_2600_reg/P[47:0] is not pipelined (MREG=0). Pipelining the multiplier function will improve performance and will save significant power so it is suggested whenever possible to fully pipeline this function.  If this multiplier was inferred, it is suggested to describe an additional register stage after this function.  If there is no registered adder/accumulator following the multiply function, two pipeline stages are suggested to allow both the MREG and PREG registers to be used.  If the DSP48 was instantiated in the design, it is suggested to set both the MREG and PREG attributes to 1 when performing multiply functions.
Related violations: <none>

DPOP-2#29 Warning
MREG Output pipelining  
DSP design_1_i/v_proc_ss_0/U0/vsc/inst/vscale_core_polyphas_U0/add_ln367_1_reg_2545_reg multiplier stage design_1_i/v_proc_ss_0/U0/vsc/inst/vscale_core_polyphas_U0/add_ln367_1_reg_2545_reg/P[47:0] is not pipelined (MREG=0). Pipelining the multiplier function will improve performance and will save significant power so it is suggested whenever possible to fully pipeline this function.  If this multiplier was inferred, it is suggested to describe an additional register stage after this function.  If there is no registered adder/accumulator following the multiply function, two pipeline stages are suggested to allow both the MREG and PREG registers to be used.  If the DSP48 was instantiated in the design, it is suggested to set both the MREG and PREG attributes to 1 when performing multiply functions.
Related violations: <none>

DPOP-2#30 Warning
MREG Output pipelining  
DSP design_1_i/v_proc_ss_0/U0/vsc/inst/vscale_core_polyphas_U0/add_ln367_3_reg_2585_reg multiplier stage design_1_i/v_proc_ss_0/U0/vsc/inst/vscale_core_polyphas_U0/add_ln367_3_reg_2585_reg/P[47:0] is not pipelined (MREG=0). Pipelining the multiplier function will improve performance and will save significant power so it is suggested whenever possible to fully pipeline this function.  If this multiplier was inferred, it is suggested to describe an additional register stage after this function.  If there is no registered adder/accumulator following the multiply function, two pipeline stages are suggested to allow both the MREG and PREG registers to be used.  If the DSP48 was instantiated in the design, it is suggested to set both the MREG and PREG attributes to 1 when performing multiply functions.
Related violations: <none>

DPOP-2#31 Warning
MREG Output pipelining  
DSP design_1_i/v_proc_ss_0/U0/vsc/inst/vscale_core_polyphas_U0/add_ln367_6_reg_2535_reg multiplier stage design_1_i/v_proc_ss_0/U0/vsc/inst/vscale_core_polyphas_U0/add_ln367_6_reg_2535_reg/P[47:0] is not pipelined (MREG=0). Pipelining the multiplier function will improve performance and will save significant power so it is suggested whenever possible to fully pipeline this function.  If this multiplier was inferred, it is suggested to describe an additional register stage after this function.  If there is no registered adder/accumulator following the multiply function, two pipeline stages are suggested to allow both the MREG and PREG registers to be used.  If the DSP48 was instantiated in the design, it is suggested to set both the MREG and PREG attributes to 1 when performing multiply functions.
Related violations: <none>

DPOP-2#32 Warning
MREG Output pipelining  
DSP design_1_i/v_proc_ss_0/U0/vsc/inst/vscale_core_polyphas_U0/add_ln367_7_reg_2555_reg multiplier stage design_1_i/v_proc_ss_0/U0/vsc/inst/vscale_core_polyphas_U0/add_ln367_7_reg_2555_reg/P[47:0] is not pipelined (MREG=0). Pipelining the multiplier function will improve performance and will save significant power so it is suggested whenever possible to fully pipeline this function.  If this multiplier was inferred, it is suggested to describe an additional register stage after this function.  If there is no registered adder/accumulator following the multiply function, two pipeline stages are suggested to allow both the MREG and PREG registers to be used.  If the DSP48 was instantiated in the design, it is suggested to set both the MREG and PREG attributes to 1 when performing multiply functions.
Related violations: <none>

DPOP-2#33 Warning
MREG Output pipelining  
DSP design_1_i/v_proc_ss_0/U0/vsc/inst/vscale_core_polyphas_U0/add_ln367_9_reg_2595_reg multiplier stage design_1_i/v_proc_ss_0/U0/vsc/inst/vscale_core_polyphas_U0/add_ln367_9_reg_2595_reg/P[47:0] is not pipelined (MREG=0). Pipelining the multiplier function will improve performance and will save significant power so it is suggested whenever possible to fully pipeline this function.  If this multiplier was inferred, it is suggested to describe an additional register stage after this function.  If there is no registered adder/accumulator following the multiply function, two pipeline stages are suggested to allow both the MREG and PREG registers to be used.  If the DSP48 was instantiated in the design, it is suggested to set both the MREG and PREG attributes to 1 when performing multiply functions.
Related violations: <none>

DPOP-2#34 Warning
MREG Output pipelining  
DSP design_1_i/v_proc_ss_0/U0/vsc/inst/vscale_core_polyphas_U0/add_ln367_reg_2525_reg multiplier stage design_1_i/v_proc_ss_0/U0/vsc/inst/vscale_core_polyphas_U0/add_ln367_reg_2525_reg/P[47:0] is not pipelined (MREG=0). Pipelining the multiplier function will improve performance and will save significant power so it is suggested whenever possible to fully pipeline this function.  If this multiplier was inferred, it is suggested to describe an additional register stage after this function.  If there is no registered adder/accumulator following the multiply function, two pipeline stages are suggested to allow both the MREG and PREG registers to be used.  If the DSP48 was instantiated in the design, it is suggested to set both the MREG and PREG attributes to 1 when performing multiply functions.
Related violations: <none>

DPOP-2#35 Warning
MREG Output pipelining  
DSP design_1_i/v_proc_ss_0/U0/vsc/inst/vscale_core_polyphas_U0/v_vscaler_mac_muludo_U37/bd_18aa_vsc_0_v_vscaler_mac_muludo_DSP48_5_U/p multiplier stage design_1_i/v_proc_ss_0/U0/vsc/inst/vscale_core_polyphas_U0/v_vscaler_mac_muludo_U37/bd_18aa_vsc_0_v_vscaler_mac_muludo_DSP48_5_U/p/P[47:0] is not pipelined (MREG=0). Pipelining the multiplier function will improve performance and will save significant power so it is suggested whenever possible to fully pipeline this function.  If this multiplier was inferred, it is suggested to describe an additional register stage after this function.  If there is no registered adder/accumulator following the multiply function, two pipeline stages are suggested to allow both the MREG and PREG registers to be used.  If the DSP48 was instantiated in the design, it is suggested to set both the MREG and PREG attributes to 1 when performing multiply functions.
Related violations: <none>

DPOP-2#36 Warning
MREG Output pipelining  
DSP design_1_i/v_proc_ss_0/U0/vsc/inst/vscale_core_polyphas_U0/v_vscaler_mac_muludo_U38/bd_18aa_vsc_0_v_vscaler_mac_muludo_DSP48_5_U/p multiplier stage design_1_i/v_proc_ss_0/U0/vsc/inst/vscale_core_polyphas_U0/v_vscaler_mac_muludo_U38/bd_18aa_vsc_0_v_vscaler_mac_muludo_DSP48_5_U/p/P[47:0] is not pipelined (MREG=0). Pipelining the multiplier function will improve performance and will save significant power so it is suggested whenever possible to fully pipeline this function.  If this multiplier was inferred, it is suggested to describe an additional register stage after this function.  If there is no registered adder/accumulator following the multiply function, two pipeline stages are suggested to allow both the MREG and PREG registers to be used.  If the DSP48 was instantiated in the design, it is suggested to set both the MREG and PREG attributes to 1 when performing multiply functions.
Related violations: <none>

DPOP-2#37 Warning
MREG Output pipelining  
DSP design_1_i/v_proc_ss_0/U0/vsc/inst/vscale_core_polyphas_U0/v_vscaler_mac_muludo_U39/bd_18aa_vsc_0_v_vscaler_mac_muludo_DSP48_5_U/p multiplier stage design_1_i/v_proc_ss_0/U0/vsc/inst/vscale_core_polyphas_U0/v_vscaler_mac_muludo_U39/bd_18aa_vsc_0_v_vscaler_mac_muludo_DSP48_5_U/p/P[47:0] is not pipelined (MREG=0). Pipelining the multiplier function will improve performance and will save significant power so it is suggested whenever possible to fully pipeline this function.  If this multiplier was inferred, it is suggested to describe an additional register stage after this function.  If there is no registered adder/accumulator following the multiply function, two pipeline stages are suggested to allow both the MREG and PREG registers to be used.  If the DSP48 was instantiated in the design, it is suggested to set both the MREG and PREG attributes to 1 when performing multiply functions.
Related violations: <none>

REQP-1839#1 Warning
RAMB36 async control check  
The RAMB36E1 design_1_i/onsemi_vita_cam_0/U0/onsemi_vita_cam_v3_1_S00_AXI_inst/onsemi_vita_cam_core_inst/DEMUX_GEN.demux_fifo_l/afifo_64i_16o_l/gnuram_async_fifo.xpm_fifo_base_inst/gen_sdpram.xpm_memory_base_inst/gen_wr_a.gen_word_wide.mem_reg_1 has an input control pin design_1_i/onsemi_vita_cam_0/U0/onsemi_vita_cam_v3_1_S00_AXI_inst/onsemi_vita_cam_core_inst/DEMUX_GEN.demux_fifo_l/afifo_64i_16o_l/gnuram_async_fifo.xpm_fifo_base_inst/gen_sdpram.xpm_memory_base_inst/gen_wr_a.gen_word_wide.mem_reg_1/ENARDEN (net: design_1_i/onsemi_vita_cam_0/U0/onsemi_vita_cam_v3_1_S00_AXI_inst/onsemi_vita_cam_core_inst/DEMUX_GEN.demux_fifo_l/afifo_64i_16o_l/gnuram_async_fifo.xpm_fifo_base_inst/gen_sdpram.xpm_memory_base_inst/ena) which is driven by a register (design_1_i/onsemi_vita_cam_0/U0/onsemi_vita_cam_v3_1_S00_AXI_inst/onsemi_vita_cam_core_inst/vita_remapper/VIDEO_SYNC_OUT_reg[0]) that has an active asychronous set or reset. This may cause corruption of the memory contents and/or read values when the set/reset is asserted and is not analyzed by the default static timing analysis. It is suggested to eliminate the use of a set/reset to registers driving this RAMB pin or else use a synchronous reset in which the assertion of the reset is timed by default.
Related violations: <none>

REQP-1839#2 Warning
RAMB36 async control check  
The RAMB36E1 design_1_i/onsemi_vita_cam_0/U0/onsemi_vita_cam_v3_1_S00_AXI_inst/onsemi_vita_cam_core_inst/DEMUX_GEN.demux_fifo_l/afifo_64i_16o_l/gnuram_async_fifo.xpm_fifo_base_inst/gen_sdpram.xpm_memory_base_inst/gen_wr_a.gen_word_wide.mem_reg_1 has an input control pin design_1_i/onsemi_vita_cam_0/U0/onsemi_vita_cam_v3_1_S00_AXI_inst/onsemi_vita_cam_core_inst/DEMUX_GEN.demux_fifo_l/afifo_64i_16o_l/gnuram_async_fifo.xpm_fifo_base_inst/gen_sdpram.xpm_memory_base_inst/gen_wr_a.gen_word_wide.mem_reg_1/ENBWREN (net: design_1_i/onsemi_vita_cam_0/U0/onsemi_vita_cam_v3_1_S00_AXI_inst/onsemi_vita_cam_core_inst/DEMUX_GEN.demux_fifo_l/afifo_64i_16o_l/gnuram_async_fifo.xpm_fifo_base_inst/gen_sdpram.xpm_memory_base_inst/enb) which is driven by a register (design_1_i/onsemi_vita_cam_0/U0/onsemi_vita_cam_v3_1_S00_AXI_inst/onsemi_vita_cam_core_inst/syncgen_l/De_s_reg) that has an active asychronous set or reset. This may cause corruption of the memory contents and/or read values when the set/reset is asserted and is not analyzed by the default static timing analysis. It is suggested to eliminate the use of a set/reset to registers driving this RAMB pin or else use a synchronous reset in which the assertion of the reset is timed by default.
Related violations: <none>

REQP-1839#3 Warning
RAMB36 async control check  
The RAMB36E1 design_1_i/onsemi_vita_cam_0/U0/onsemi_vita_cam_v3_1_S00_AXI_inst/onsemi_vita_cam_core_inst/DEMUX_GEN.demux_fifo_l/afifo_64i_16o_l/gnuram_async_fifo.xpm_fifo_base_inst/gen_sdpram.xpm_memory_base_inst/gen_wr_a.gen_word_wide.mem_reg_1 has an input control pin design_1_i/onsemi_vita_cam_0/U0/onsemi_vita_cam_v3_1_S00_AXI_inst/onsemi_vita_cam_core_inst/DEMUX_GEN.demux_fifo_l/afifo_64i_16o_l/gnuram_async_fifo.xpm_fifo_base_inst/gen_sdpram.xpm_memory_base_inst/gen_wr_a.gen_word_wide.mem_reg_1/WEA[0] (net: design_1_i/onsemi_vita_cam_0/U0/onsemi_vita_cam_v3_1_S00_AXI_inst/onsemi_vita_cam_core_inst/DEMUX_GEN.demux_fifo_l/afifo_64i_16o_l/gnuram_async_fifo.xpm_fifo_base_inst/gen_sdpram.xpm_memory_base_inst/ena) which is driven by a register (design_1_i/onsemi_vita_cam_0/U0/onsemi_vita_cam_v3_1_S00_AXI_inst/onsemi_vita_cam_core_inst/vita_remapper/VIDEO_SYNC_OUT_reg[0]) that has an active asychronous set or reset. This may cause corruption of the memory contents and/or read values when the set/reset is asserted and is not analyzed by the default static timing analysis. It is suggested to eliminate the use of a set/reset to registers driving this RAMB pin or else use a synchronous reset in which the assertion of the reset is timed by default.
Related violations: <none>

REQP-1839#4 Warning
RAMB36 async control check  
The RAMB36E1 design_1_i/onsemi_vita_cam_0/U0/onsemi_vita_cam_v3_1_S00_AXI_inst/onsemi_vita_cam_core_inst/DEMUX_GEN.demux_fifo_l/afifo_64i_16o_l/gnuram_async_fifo.xpm_fifo_base_inst/gen_sdpram.xpm_memory_base_inst/gen_wr_a.gen_word_wide.mem_reg_2 has an input control pin design_1_i/onsemi_vita_cam_0/U0/onsemi_vita_cam_v3_1_S00_AXI_inst/onsemi_vita_cam_core_inst/DEMUX_GEN.demux_fifo_l/afifo_64i_16o_l/gnuram_async_fifo.xpm_fifo_base_inst/gen_sdpram.xpm_memory_base_inst/gen_wr_a.gen_word_wide.mem_reg_2/ENARDEN (net: design_1_i/onsemi_vita_cam_0/U0/onsemi_vita_cam_v3_1_S00_AXI_inst/onsemi_vita_cam_core_inst/DEMUX_GEN.demux_fifo_l/afifo_64i_16o_l/gnuram_async_fifo.xpm_fifo_base_inst/gen_sdpram.xpm_memory_base_inst/ena) which is driven by a register (design_1_i/onsemi_vita_cam_0/U0/onsemi_vita_cam_v3_1_S00_AXI_inst/onsemi_vita_cam_core_inst/vita_remapper/VIDEO_SYNC_OUT_reg[0]) that has an active asychronous set or reset. This may cause corruption of the memory contents and/or read values when the set/reset is asserted and is not analyzed by the default static timing analysis. It is suggested to eliminate the use of a set/reset to registers driving this RAMB pin or else use a synchronous reset in which the assertion of the reset is timed by default.
Related violations: <none>

REQP-1839#5 Warning
RAMB36 async control check  
The RAMB36E1 design_1_i/onsemi_vita_cam_0/U0/onsemi_vita_cam_v3_1_S00_AXI_inst/onsemi_vita_cam_core_inst/DEMUX_GEN.demux_fifo_l/afifo_64i_16o_l/gnuram_async_fifo.xpm_fifo_base_inst/gen_sdpram.xpm_memory_base_inst/gen_wr_a.gen_word_wide.mem_reg_2 has an input control pin design_1_i/onsemi_vita_cam_0/U0/onsemi_vita_cam_v3_1_S00_AXI_inst/onsemi_vita_cam_core_inst/DEMUX_GEN.demux_fifo_l/afifo_64i_16o_l/gnuram_async_fifo.xpm_fifo_base_inst/gen_sdpram.xpm_memory_base_inst/gen_wr_a.gen_word_wide.mem_reg_2/ENBWREN (net: design_1_i/onsemi_vita_cam_0/U0/onsemi_vita_cam_v3_1_S00_AXI_inst/onsemi_vita_cam_core_inst/DEMUX_GEN.demux_fifo_l/afifo_64i_16o_l/gnuram_async_fifo.xpm_fifo_base_inst/gen_sdpram.xpm_memory_base_inst/enb) which is driven by a register (design_1_i/onsemi_vita_cam_0/U0/onsemi_vita_cam_v3_1_S00_AXI_inst/onsemi_vita_cam_core_inst/syncgen_l/De_s_reg) that has an active asychronous set or reset. This may cause corruption of the memory contents and/or read values when the set/reset is asserted and is not analyzed by the default static timing analysis. It is suggested to eliminate the use of a set/reset to registers driving this RAMB pin or else use a synchronous reset in which the assertion of the reset is timed by default.
Related violations: <none>

REQP-1839#6 Warning
RAMB36 async control check  
The RAMB36E1 design_1_i/onsemi_vita_cam_0/U0/onsemi_vita_cam_v3_1_S00_AXI_inst/onsemi_vita_cam_core_inst/DEMUX_GEN.demux_fifo_l/afifo_64i_16o_l/gnuram_async_fifo.xpm_fifo_base_inst/gen_sdpram.xpm_memory_base_inst/gen_wr_a.gen_word_wide.mem_reg_2 has an input control pin design_1_i/onsemi_vita_cam_0/U0/onsemi_vita_cam_v3_1_S00_AXI_inst/onsemi_vita_cam_core_inst/DEMUX_GEN.demux_fifo_l/afifo_64i_16o_l/gnuram_async_fifo.xpm_fifo_base_inst/gen_sdpram.xpm_memory_base_inst/gen_wr_a.gen_word_wide.mem_reg_2/WEA[0] (net: design_1_i/onsemi_vita_cam_0/U0/onsemi_vita_cam_v3_1_S00_AXI_inst/onsemi_vita_cam_core_inst/DEMUX_GEN.demux_fifo_l/afifo_64i_16o_l/gnuram_async_fifo.xpm_fifo_base_inst/gen_sdpram.xpm_memory_base_inst/ena) which is driven by a register (design_1_i/onsemi_vita_cam_0/U0/onsemi_vita_cam_v3_1_S00_AXI_inst/onsemi_vita_cam_core_inst/vita_remapper/VIDEO_SYNC_OUT_reg[0]) that has an active asychronous set or reset. This may cause corruption of the memory contents and/or read values when the set/reset is asserted and is not analyzed by the default static timing analysis. It is suggested to eliminate the use of a set/reset to registers driving this RAMB pin or else use a synchronous reset in which the assertion of the reset is timed by default.
Related violations: <none>

REQP-1839#7 Warning
RAMB36 async control check  
The RAMB36E1 design_1_i/onsemi_vita_cam_0/U0/onsemi_vita_cam_v3_1_S00_AXI_inst/onsemi_vita_cam_core_inst/DEMUX_GEN.demux_fifo_l/afifo_64i_16o_l/gnuram_async_fifo.xpm_fifo_base_inst/gen_sdpram.xpm_memory_base_inst/gen_wr_a.gen_word_wide.mem_reg_3 has an input control pin design_1_i/onsemi_vita_cam_0/U0/onsemi_vita_cam_v3_1_S00_AXI_inst/onsemi_vita_cam_core_inst/DEMUX_GEN.demux_fifo_l/afifo_64i_16o_l/gnuram_async_fifo.xpm_fifo_base_inst/gen_sdpram.xpm_memory_base_inst/gen_wr_a.gen_word_wide.mem_reg_3/ENARDEN (net: design_1_i/onsemi_vita_cam_0/U0/onsemi_vita_cam_v3_1_S00_AXI_inst/onsemi_vita_cam_core_inst/DEMUX_GEN.demux_fifo_l/afifo_64i_16o_l/gnuram_async_fifo.xpm_fifo_base_inst/gen_sdpram.xpm_memory_base_inst/ena) which is driven by a register (design_1_i/onsemi_vita_cam_0/U0/onsemi_vita_cam_v3_1_S00_AXI_inst/onsemi_vita_cam_core_inst/vita_remapper/VIDEO_SYNC_OUT_reg[0]) that has an active asychronous set or reset. This may cause corruption of the memory contents and/or read values when the set/reset is asserted and is not analyzed by the default static timing analysis. It is suggested to eliminate the use of a set/reset to registers driving this RAMB pin or else use a synchronous reset in which the assertion of the reset is timed by default.
Related violations: <none>

REQP-1839#8 Warning
RAMB36 async control check  
The RAMB36E1 design_1_i/onsemi_vita_cam_0/U0/onsemi_vita_cam_v3_1_S00_AXI_inst/onsemi_vita_cam_core_inst/DEMUX_GEN.demux_fifo_l/afifo_64i_16o_l/gnuram_async_fifo.xpm_fifo_base_inst/gen_sdpram.xpm_memory_base_inst/gen_wr_a.gen_word_wide.mem_reg_3 has an input control pin design_1_i/onsemi_vita_cam_0/U0/onsemi_vita_cam_v3_1_S00_AXI_inst/onsemi_vita_cam_core_inst/DEMUX_GEN.demux_fifo_l/afifo_64i_16o_l/gnuram_async_fifo.xpm_fifo_base_inst/gen_sdpram.xpm_memory_base_inst/gen_wr_a.gen_word_wide.mem_reg_3/ENBWREN (net: design_1_i/onsemi_vita_cam_0/U0/onsemi_vita_cam_v3_1_S00_AXI_inst/onsemi_vita_cam_core_inst/DEMUX_GEN.demux_fifo_l/afifo_64i_16o_l/gnuram_async_fifo.xpm_fifo_base_inst/gen_sdpram.xpm_memory_base_inst/enb) which is driven by a register (design_1_i/onsemi_vita_cam_0/U0/onsemi_vita_cam_v3_1_S00_AXI_inst/onsemi_vita_cam_core_inst/syncgen_l/De_s_reg) that has an active asychronous set or reset. This may cause corruption of the memory contents and/or read values when the set/reset is asserted and is not analyzed by the default static timing analysis. It is suggested to eliminate the use of a set/reset to registers driving this RAMB pin or else use a synchronous reset in which the assertion of the reset is timed by default.
Related violations: <none>

REQP-1839#9 Warning
RAMB36 async control check  
The RAMB36E1 design_1_i/onsemi_vita_cam_0/U0/onsemi_vita_cam_v3_1_S00_AXI_inst/onsemi_vita_cam_core_inst/DEMUX_GEN.demux_fifo_l/afifo_64i_16o_l/gnuram_async_fifo.xpm_fifo_base_inst/gen_sdpram.xpm_memory_base_inst/gen_wr_a.gen_word_wide.mem_reg_3 has an input control pin design_1_i/onsemi_vita_cam_0/U0/onsemi_vita_cam_v3_1_S00_AXI_inst/onsemi_vita_cam_core_inst/DEMUX_GEN.demux_fifo_l/afifo_64i_16o_l/gnuram_async_fifo.xpm_fifo_base_inst/gen_sdpram.xpm_memory_base_inst/gen_wr_a.gen_word_wide.mem_reg_3/WEA[0] (net: design_1_i/onsemi_vita_cam_0/U0/onsemi_vita_cam_v3_1_S00_AXI_inst/onsemi_vita_cam_core_inst/DEMUX_GEN.demux_fifo_l/afifo_64i_16o_l/gnuram_async_fifo.xpm_fifo_base_inst/gen_sdpram.xpm_memory_base_inst/ena) which is driven by a register (design_1_i/onsemi_vita_cam_0/U0/onsemi_vita_cam_v3_1_S00_AXI_inst/onsemi_vita_cam_core_inst/vita_remapper/VIDEO_SYNC_OUT_reg[0]) that has an active asychronous set or reset. This may cause corruption of the memory contents and/or read values when the set/reset is asserted and is not analyzed by the default static timing analysis. It is suggested to eliminate the use of a set/reset to registers driving this RAMB pin or else use a synchronous reset in which the assertion of the reset is timed by default.
Related violations: <none>

REQP-1839#10 Warning
RAMB36 async control check  
The RAMB36E1 design_1_i/onsemi_vita_cam_0/U0/onsemi_vita_cam_v3_1_S00_AXI_inst/onsemi_vita_cam_core_inst/DEMUX_GEN.demux_fifo_l/afifo_64i_16o_l/gnuram_async_fifo.xpm_fifo_base_inst/gen_sdpram.xpm_memory_base_inst/gen_wr_a.gen_word_wide.mem_reg_4 has an input control pin design_1_i/onsemi_vita_cam_0/U0/onsemi_vita_cam_v3_1_S00_AXI_inst/onsemi_vita_cam_core_inst/DEMUX_GEN.demux_fifo_l/afifo_64i_16o_l/gnuram_async_fifo.xpm_fifo_base_inst/gen_sdpram.xpm_memory_base_inst/gen_wr_a.gen_word_wide.mem_reg_4/ENARDEN (net: design_1_i/onsemi_vita_cam_0/U0/onsemi_vita_cam_v3_1_S00_AXI_inst/onsemi_vita_cam_core_inst/DEMUX_GEN.demux_fifo_l/afifo_64i_16o_l/gnuram_async_fifo.xpm_fifo_base_inst/gen_sdpram.xpm_memory_base_inst/ena) which is driven by a register (design_1_i/onsemi_vita_cam_0/U0/onsemi_vita_cam_v3_1_S00_AXI_inst/onsemi_vita_cam_core_inst/vita_remapper/VIDEO_SYNC_OUT_reg[0]) that has an active asychronous set or reset. This may cause corruption of the memory contents and/or read values when the set/reset is asserted and is not analyzed by the default static timing analysis. It is suggested to eliminate the use of a set/reset to registers driving this RAMB pin or else use a synchronous reset in which the assertion of the reset is timed by default.
Related violations: <none>

REQP-1839#11 Warning
RAMB36 async control check  
The RAMB36E1 design_1_i/onsemi_vita_cam_0/U0/onsemi_vita_cam_v3_1_S00_AXI_inst/onsemi_vita_cam_core_inst/DEMUX_GEN.demux_fifo_l/afifo_64i_16o_l/gnuram_async_fifo.xpm_fifo_base_inst/gen_sdpram.xpm_memory_base_inst/gen_wr_a.gen_word_wide.mem_reg_4 has an input control pin design_1_i/onsemi_vita_cam_0/U0/onsemi_vita_cam_v3_1_S00_AXI_inst/onsemi_vita_cam_core_inst/DEMUX_GEN.demux_fifo_l/afifo_64i_16o_l/gnuram_async_fifo.xpm_fifo_base_inst/gen_sdpram.xpm_memory_base_inst/gen_wr_a.gen_word_wide.mem_reg_4/ENBWREN (net: design_1_i/onsemi_vita_cam_0/U0/onsemi_vita_cam_v3_1_S00_AXI_inst/onsemi_vita_cam_core_inst/DEMUX_GEN.demux_fifo_l/afifo_64i_16o_l/gnuram_async_fifo.xpm_fifo_base_inst/gen_sdpram.xpm_memory_base_inst/enb) which is driven by a register (design_1_i/onsemi_vita_cam_0/U0/onsemi_vita_cam_v3_1_S00_AXI_inst/onsemi_vita_cam_core_inst/syncgen_l/De_s_reg) that has an active asychronous set or reset. This may cause corruption of the memory contents and/or read values when the set/reset is asserted and is not analyzed by the default static timing analysis. It is suggested to eliminate the use of a set/reset to registers driving this RAMB pin or else use a synchronous reset in which the assertion of the reset is timed by default.
Related violations: <none>

REQP-1839#12 Warning
RAMB36 async control check  
The RAMB36E1 design_1_i/onsemi_vita_cam_0/U0/onsemi_vita_cam_v3_1_S00_AXI_inst/onsemi_vita_cam_core_inst/DEMUX_GEN.demux_fifo_l/afifo_64i_16o_l/gnuram_async_fifo.xpm_fifo_base_inst/gen_sdpram.xpm_memory_base_inst/gen_wr_a.gen_word_wide.mem_reg_4 has an input control pin design_1_i/onsemi_vita_cam_0/U0/onsemi_vita_cam_v3_1_S00_AXI_inst/onsemi_vita_cam_core_inst/DEMUX_GEN.demux_fifo_l/afifo_64i_16o_l/gnuram_async_fifo.xpm_fifo_base_inst/gen_sdpram.xpm_memory_base_inst/gen_wr_a.gen_word_wide.mem_reg_4/WEA[0] (net: design_1_i/onsemi_vita_cam_0/U0/onsemi_vita_cam_v3_1_S00_AXI_inst/onsemi_vita_cam_core_inst/DEMUX_GEN.demux_fifo_l/afifo_64i_16o_l/gnuram_async_fifo.xpm_fifo_base_inst/gen_sdpram.xpm_memory_base_inst/ena) which is driven by a register (design_1_i/onsemi_vita_cam_0/U0/onsemi_vita_cam_v3_1_S00_AXI_inst/onsemi_vita_cam_core_inst/vita_remapper/VIDEO_SYNC_OUT_reg[0]) that has an active asychronous set or reset. This may cause corruption of the memory contents and/or read values when the set/reset is asserted and is not analyzed by the default static timing analysis. It is suggested to eliminate the use of a set/reset to registers driving this RAMB pin or else use a synchronous reset in which the assertion of the reset is timed by default.
Related violations: <none>

RTSTAT-10#1 Warning
No routable loads  
40 net(s) have no routable loads. The problem bus(es) and/or net(s) are design_1_i/onsemi_vita_cam_0/U0/onsemi_vita_cam_v3_1_S00_AXI_inst/onsemi_vita_cam_core_inst/vita_iserdes_v5.vita_iserdes/generate_datagen.datagen[0].db/iserdesgen[0].ic/FIFO_FULL,
design_1_i/onsemi_vita_cam_0/U0/onsemi_vita_cam_v3_1_S00_AXI_inst/onsemi_vita_cam_core_inst/vita_iserdes_v5.vita_iserdes/generate_datagen.datagen[4].db/iserdesgen[0].ic/FIFO_FULL,
design_1_i/onsemi_vita_cam_0/U0/onsemi_vita_cam_v3_1_S00_AXI_inst/onsemi_vita_cam_core_inst/vita_iserdes_v5.vita_iserdes/generate_datagen.datagen[3].db/iserdesgen[0].ic/FIFO_FULL,
design_1_i/onsemi_vita_cam_0/U0/onsemi_vita_cam_v3_1_S00_AXI_inst/onsemi_vita_cam_core_inst/vita_iserdes_v5.vita_iserdes/generate_datagen.datagen[1].db/iserdesgen[0].ic/FIFO_FULL,
design_1_i/onsemi_vita_cam_0/U0/onsemi_vita_cam_v3_1_S00_AXI_inst/onsemi_vita_cam_core_inst/vita_iserdes_v5.vita_iserdes/generate_datagen.datagen[2].db/iserdesgen[0].ic/FIFO_FULL,
design_1_i/v_proc_ss_0/U0/smartconnect_0/inst/m08_nodes/m08_b_node/inst/mi_handler_m_sc_areset_pipe,
design_1_i/v_proc_ss_0/U0/smartconnect_0/inst/m04_nodes/m04_ar_node/inst/mi_handler_m_sc_areset_pipe,
design_1_i/v_proc_ss_0/U0/smartconnect_0/inst/m02_nodes/m02_ar_node/inst/mi_handler_m_sc_areset_pipe,
design_1_i/v_proc_ss_0/U0/smartconnect_0/inst/s00_nodes/s00_aw_node/inst/mi_handler_m_sc_areset_pipe,
design_1_i/v_proc_ss_0/U0/smartconnect_0/inst/m08_nodes/m08_aw_node/inst/mi_handler_m_sc_areset_pipe,
design_1_i/v_proc_ss_0/U0/smartconnect_0/inst/m00_nodes/m00_b_node/inst/mi_handler_m_sc_areset_pipe,
design_1_i/v_proc_ss_0/U0/smartconnect_0/inst/m00_nodes/m00_w_node/inst/mi_handler_m_sc_areset_pipe,
design_1_i/v_proc_ss_0/U0/smartconnect_0/inst/m03_nodes/m03_ar_node/inst/mi_handler_m_sc_areset_pipe,
design_1_i/v_proc_ss_0/U0/smartconnect_0/inst/m02_nodes/m02_w_node/inst/mi_handler_m_sc_areset_pipe,
design_1_i/v_proc_ss_0/U0/smartconnect_0/inst/m00_nodes/m00_ar_node/inst/mi_handler_m_sc_areset_pipe (the first 15 of 40 listed).
Related violations: <none>

REQP-165#1 Advisory
writefirst  
Synchronous clocking is detected for BRAM (design_1_i/axi_vdma_0/U0/I_PRMRY_DATAMOVER/GEN_MM2S_FULL.I_MM2S_FULL_WRAPPER/GEN_INCLUDE_MM2S_SF.I_RD_SF/I_DATA_FIFO/BLK_MEM.I_SYNC_FIFOGEN_FIFO/xpm_fifo_instance.xpm_fifo_sync_inst/xpm_fifo_base_inst/gen_sdpram.xpm_memory_base_inst/gen_wr_a.gen_word_narrow.mem_reg_1) in SDP mode with WRITE_FIRST write-mode. This is the preferred mode for best power characteristics, however it may exhibit address collisions if the same address appears on both read and write ports resulting in unknown or corrupted read data. It is suggested to confirm via simulation that an address collision never occurs and if so it is suggested to try and avoid this situation. If address collisions cannot be avoided, the write-mode may be set to READ_FIRST which guarantees that the read data is the prior contents of the memory at the cost of additional power in the design. See the FPGA Memory Resources User Guide for additional information.
Related violations: <none>

REQP-165#2 Advisory
writefirst  
Synchronous clocking is detected for BRAM (design_1_i/axi_vdma_0/U0/I_PRMRY_DATAMOVER/GEN_S2MM_FULL.I_S2MM_FULL_WRAPPER/GEN_ENABLE_INDET_BTT_SF.I_INDET_BTT/I_DATA_FIFO/BLK_MEM.I_SYNC_FIFOGEN_FIFO/xpm_fifo_instance.xpm_fifo_sync_inst/xpm_fifo_base_inst/gen_sdpram.xpm_memory_base_inst/gen_wr_a.gen_word_narrow.mem_reg_1) in SDP mode with WRITE_FIRST write-mode. This is the preferred mode for best power characteristics, however it may exhibit address collisions if the same address appears on both read and write ports resulting in unknown or corrupted read data. It is suggested to confirm via simulation that an address collision never occurs and if so it is suggested to try and avoid this situation. If address collisions cannot be avoided, the write-mode may be set to READ_FIRST which guarantees that the read data is the prior contents of the memory at the cost of additional power in the design. See the FPGA Memory Resources User Guide for additional information.
Related violations: <none>

REQP-181#1 Advisory
writefirst  
Synchronous clocking is detected for BRAM (design_1_i/axi_vdma_0/U0/I_PRMRY_DATAMOVER/GEN_MM2S_FULL.I_MM2S_FULL_WRAPPER/GEN_INCLUDE_MM2S_SF.I_RD_SF/I_DATA_FIFO/BLK_MEM.I_SYNC_FIFOGEN_FIFO/xpm_fifo_instance.xpm_fifo_sync_inst/xpm_fifo_base_inst/gen_sdpram.xpm_memory_base_inst/gen_wr_a.gen_word_narrow.mem_reg_0) in SDP mode with WRITE_FIRST write-mode. This is the preferred mode for best power characteristics, however it may exhibit address collisions if the same address appears on both read and write ports resulting in unknown or corrupted read data. It is suggested to confirm via simulation that an address collision never occurs and if so it is suggested to try and avoid this situation. If address collisions cannot be avoided, the write-mode may be set to READ_FIRST which guarantees that the read data is the prior contents of the memory at the cost of additional power in the design. See the FPGA Memory Resources User Guide for additional information.
Related violations: <none>

REQP-181#2 Advisory
writefirst  
Synchronous clocking is detected for BRAM (design_1_i/axi_vdma_0/U0/I_PRMRY_DATAMOVER/GEN_S2MM_FULL.I_S2MM_FULL_WRAPPER/GEN_ENABLE_INDET_BTT_SF.I_INDET_BTT/I_DATA_FIFO/BLK_MEM.I_SYNC_FIFOGEN_FIFO/xpm_fifo_instance.xpm_fifo_sync_inst/xpm_fifo_base_inst/gen_sdpram.xpm_memory_base_inst/gen_wr_a.gen_word_narrow.mem_reg_0) in SDP mode with WRITE_FIRST write-mode. This is the preferred mode for best power characteristics, however it may exhibit address collisions if the same address appears on both read and write ports resulting in unknown or corrupted read data. It is suggested to confirm via simulation that an address collision never occurs and if so it is suggested to try and avoid this situation. If address collisions cannot be avoided, the write-mode may be set to READ_FIRST which guarantees that the read data is the prior contents of the memory at the cost of additional power in the design. See the FPGA Memory Resources User Guide for additional information.
Related violations: <none>


