
*** Running vivado
    with args -log design_1_v_proc_ss_1_0.vds -m64 -product Vivado -mode batch -messageDb vivado.pb -notrace -source design_1_v_proc_ss_1_0.tcl



****** Vivado v2020.1 (64-bit)
  **** SW Build 2902540 on Wed May 27 19:54:49 MDT 2020
  **** IP Build 2902112 on Wed May 27 22:43:36 MDT 2020
    ** Copyright 1986-2020 Xilinx, Inc. All Rights Reserved.

source design_1_v_proc_ss_1_0.tcl -notrace
INFO: [IP_Flow 19-234] Refreshing IP repositories
INFO: [IP_Flow 19-1700] Loaded user IP repository 'z:/Vivado/CPRE488_git/cpre488-mp2/project_1/project_1.ipdefs/IP_0_0'.
INFO: [IP_Flow 19-1700] Loaded user IP repository 'z:/Vivado/CPRE488_git/cpre488-mp2/hw/IP'.
INFO: [IP_Flow 19-2313] Loaded Vivado IP repository 'Z:/Vivado/Xilinx/Vivado/2020.1/data/ip'.
WARNING: [IP_Flow 19-1663] Duplicate IP found for 'avnet:avnet_hdmi:avnet_hdmi_out:3.1'. The one found in IP location 'z:/Vivado/CPRE488_git/cpre488-mp2/project_1/project_1.ipdefs/IP_0_0/avnet_hdmi_out' will take precedence over the same IP in location z:/Vivado/CPRE488_git/cpre488-mp2/hw/IP/avnet_hdmi_out
WARNING: [IP_Flow 19-4830] Duplicate Interface found for 'avnet.com:interface:avnet_ali3:1.0'. The one found in location 'z:/Vivado/CPRE488_git/cpre488-mp2/project_1/project_1.ipdefs/IP_0_0/interfaces/avnet_ali3.xml' will take precedence over the same Interface in location 'z:/Vivado/CPRE488_git/cpre488-mp2/hw/IP/interfaces/avnet_ali3.xml'
WARNING: [IP_Flow 19-4830] Duplicate Interface found for 'avnet.com:interface:avnet_hdmi:2.0'. The one found in location 'z:/Vivado/CPRE488_git/cpre488-mp2/project_1/project_1.ipdefs/IP_0_0/interfaces/avnet_hdmi.xml' will take precedence over the same Interface in location 'z:/Vivado/CPRE488_git/cpre488-mp2/hw/IP/interfaces/avnet_hdmi.xml'
WARNING: [IP_Flow 19-4830] Duplicate Interface found for 'avnet.com:interface:onsemi_vita_cam:1.0'. The one found in location 'z:/Vivado/CPRE488_git/cpre488-mp2/project_1/project_1.ipdefs/IP_0_0/interfaces/onsemi_vita_cam.xml' will take precedence over the same Interface in location 'z:/Vivado/CPRE488_git/cpre488-mp2/hw/IP/interfaces/onsemi_vita_cam.xml'
WARNING: [IP_Flow 19-4830] Duplicate Interface found for 'avnet.com:interface:onsemi_vita_spi:1.0'. The one found in location 'z:/Vivado/CPRE488_git/cpre488-mp2/project_1/project_1.ipdefs/IP_0_0/interfaces/onsemi_vita_spi.xml' will take precedence over the same Interface in location 'z:/Vivado/CPRE488_git/cpre488-mp2/hw/IP/interfaces/onsemi_vita_spi.xml'
WARNING: [IP_Flow 19-4830] Duplicate Interface found for 'avnet.com:user:SF_SM_Master_Bus:1.0'. The one found in location 'z:/Vivado/CPRE488_git/cpre488-mp2/project_1/project_1.ipdefs/IP_0_0/interfaces/SF_SM_Master_Bus.xml' will take precedence over the same Interface in location 'z:/Vivado/CPRE488_git/cpre488-mp2/hw/IP/interfaces/SF_SM_Master_Bus.xml'
Command: synth_design -top design_1_v_proc_ss_1_0 -part xc7z020clg484-1 -mode out_of_context
Starting synth_design
Attempting to get a license for feature 'Synthesis' and/or device 'xc7z020'
INFO: [Common 17-349] Got license for feature 'Synthesis' and/or device 'xc7z020'
INFO: [Device 21-403] Loading part xc7z020clg484-1
INFO: [Synth 8-7079] Multithreading enabled for synth_design using a maximum of 2 processes.
INFO: [Synth 8-7078] Launching helper process for spawning children vivado processes
INFO: [Synth 8-7075] Helper process launched with PID 23032
---------------------------------------------------------------------------------
Starting RTL Elaboration : Time (s): cpu = 00:00:04 ; elapsed = 00:00:04 . Memory (MB): peak = 1074.582 ; gain = 39.363
---------------------------------------------------------------------------------
INFO: [Synth 8-638] synthesizing module 'design_1_v_proc_ss_1_0' [z:/Vivado/CPRE488_git/cpre488-mp2/project_1/project_1.srcs/sources_1/bd/design_1/ip/design_1_v_proc_ss_1_0/synth/design_1_v_proc_ss_1_0.vhd:102]
INFO: [Synth 8-3491] module 'bd_197a' declared at 'z:/Vivado/CPRE488_git/cpre488-mp2/project_1/project_1.srcs/sources_1/bd/design_1/ip/design_1_v_proc_ss_1_0/bd_0/synth/bd_197a.vhd:3698' bound to instance 'U0' of component 'bd_197a' [z:/Vivado/CPRE488_git/cpre488-mp2/project_1/project_1.srcs/sources_1/bd/design_1/ip/design_1_v_proc_ss_1_0/synth/design_1_v_proc_ss_1_0.vhd:209]
INFO: [Synth 8-638] synthesizing module 'bd_197a' [z:/Vivado/CPRE488_git/cpre488-mp2/project_1/project_1.srcs/sources_1/bd/design_1/ip/design_1_v_proc_ss_1_0/bd_0/synth/bd_197a.vhd:3748]
INFO: [Synth 8-3491] module 'bd_197a_csc_0' declared at 'Z:/Vivado/CPRE488_git/cpre488-mp2/project_1/project_1.runs/design_1_v_proc_ss_1_0_synth_1/.Xil/Vivado-25048-DESKTOP-V4CC4PR/realtime/bd_197a_csc_0_stub.vhdl:5' bound to instance 'csc' of component 'bd_197a_csc_0' [z:/Vivado/CPRE488_git/cpre488-mp2/project_1/project_1.srcs/sources_1/bd/design_1/ip/design_1_v_proc_ss_1_0/bd_0/synth/bd_197a.vhd:4974]
INFO: [Synth 8-638] synthesizing module 'bd_197a_csc_0' [Z:/Vivado/CPRE488_git/cpre488-mp2/project_1/project_1.runs/design_1_v_proc_ss_1_0_synth_1/.Xil/Vivado-25048-DESKTOP-V4CC4PR/realtime/bd_197a_csc_0_stub.vhdl:49]
INFO: [Synth 8-3491] module 'bd_197a_hcr_0' declared at 'Z:/Vivado/CPRE488_git/cpre488-mp2/project_1/project_1.runs/design_1_v_proc_ss_1_0_synth_1/.Xil/Vivado-25048-DESKTOP-V4CC4PR/realtime/bd_197a_hcr_0_stub.vhdl:5' bound to instance 'hcr' of component 'bd_197a_hcr_0' [z:/Vivado/CPRE488_git/cpre488-mp2/project_1/project_1.srcs/sources_1/bd/design_1/ip/design_1_v_proc_ss_1_0/bd_0/synth/bd_197a.vhd:5015]
INFO: [Synth 8-638] synthesizing module 'bd_197a_hcr_0' [Z:/Vivado/CPRE488_git/cpre488-mp2/project_1/project_1.runs/design_1_v_proc_ss_1_0_synth_1/.Xil/Vivado-25048-DESKTOP-V4CC4PR/realtime/bd_197a_hcr_0_stub.vhdl:49]
INFO: [Synth 8-3491] module 'bd_197a_hsc_0' declared at 'Z:/Vivado/CPRE488_git/cpre488-mp2/project_1/project_1.runs/design_1_v_proc_ss_1_0_synth_1/.Xil/Vivado-25048-DESKTOP-V4CC4PR/realtime/bd_197a_hsc_0_stub.vhdl:5' bound to instance 'hsc' of component 'bd_197a_hsc_0' [z:/Vivado/CPRE488_git/cpre488-mp2/project_1/project_1.srcs/sources_1/bd/design_1/ip/design_1_v_proc_ss_1_0/bd_0/synth/bd_197a.vhd:5056]
INFO: [Synth 8-638] synthesizing module 'bd_197a_hsc_0' [Z:/Vivado/CPRE488_git/cpre488-mp2/project_1/project_1.runs/design_1_v_proc_ss_1_0_synth_1/.Xil/Vivado-25048-DESKTOP-V4CC4PR/realtime/bd_197a_hsc_0_stub.vhdl:49]
INFO: [Synth 8-3491] module 'bd_197a_input_size_set_0' declared at 'Z:/Vivado/CPRE488_git/cpre488-mp2/project_1/project_1.runs/design_1_v_proc_ss_1_0_synth_1/.Xil/Vivado-25048-DESKTOP-V4CC4PR/realtime/bd_197a_input_size_set_0_stub.vhdl:5' bound to instance 'input_size_set' of component 'bd_197a_input_size_set_0' [z:/Vivado/CPRE488_git/cpre488-mp2/project_1/project_1.srcs/sources_1/bd/design_1/ip/design_1_v_proc_ss_1_0/bd_0/synth/bd_197a.vhd:5097]
INFO: [Synth 8-638] synthesizing module 'bd_197a_input_size_set_0' [Z:/Vivado/CPRE488_git/cpre488-mp2/project_1/project_1.runs/design_1_v_proc_ss_1_0_synth_1/.Xil/Vivado-25048-DESKTOP-V4CC4PR/realtime/bd_197a_input_size_set_0_stub.vhdl:31]
INFO: [Synth 8-3491] module 'bd_197a_ltr_0' declared at 'Z:/Vivado/CPRE488_git/cpre488-mp2/project_1/project_1.runs/design_1_v_proc_ss_1_0_synth_1/.Xil/Vivado-25048-DESKTOP-V4CC4PR/realtime/bd_197a_ltr_0_stub.vhdl:5' bound to instance 'ltr' of component 'bd_197a_ltr_0' [z:/Vivado/CPRE488_git/cpre488-mp2/project_1/project_1.srcs/sources_1/bd/design_1/ip/design_1_v_proc_ss_1_0/bd_0/synth/bd_197a.vhd:5120]
INFO: [Synth 8-638] synthesizing module 'bd_197a_ltr_0' [Z:/Vivado/CPRE488_git/cpre488-mp2/project_1/project_1.runs/design_1_v_proc_ss_1_0_synth_1/.Xil/Vivado-25048-DESKTOP-V4CC4PR/realtime/bd_197a_ltr_0_stub.vhdl:49]
INFO: [Synth 8-3491] module 'bd_197a_proc_ss_ip_aresetn_0' declared at 'z:/Vivado/CPRE488_git/cpre488-mp2/project_1/project_1.srcs/sources_1/bd/design_1/ip/design_1_v_proc_ss_1_0/bd_0/ip/ip_6/synth/bd_197a_proc_ss_ip_aresetn_0.v:57' bound to instance 'proc_ss_ip_aresetn' of component 'bd_197a_proc_ss_ip_aresetn_0' [z:/Vivado/CPRE488_git/cpre488-mp2/project_1/project_1.srcs/sources_1/bd/design_1/ip/design_1_v_proc_ss_1_0/bd_0/synth/bd_197a.vhd:5161]
INFO: [Synth 8-6157] synthesizing module 'bd_197a_proc_ss_ip_aresetn_0' [z:/Vivado/CPRE488_git/cpre488-mp2/project_1/project_1.srcs/sources_1/bd/design_1/ip/design_1_v_proc_ss_1_0/bd_0/ip/ip_6/synth/bd_197a_proc_ss_ip_aresetn_0.v:57]
INFO: [Synth 8-6157] synthesizing module 'xlslice_v1_0_2_xlslice' [z:/Vivado/CPRE488_git/cpre488-mp2/project_1/project_1.srcs/sources_1/bd/design_1/ipshared/11d0/hdl/xlslice_v1_0_vl_rfs.v:13]
	Parameter DIN_WIDTH bound to: 2 - type: integer 
	Parameter DIN_FROM bound to: 1 - type: integer 
	Parameter DIN_TO bound to: 1 - type: integer 
INFO: [Synth 8-6155] done synthesizing module 'xlslice_v1_0_2_xlslice' (1#1) [z:/Vivado/CPRE488_git/cpre488-mp2/project_1/project_1.srcs/sources_1/bd/design_1/ipshared/11d0/hdl/xlslice_v1_0_vl_rfs.v:13]
INFO: [Synth 8-6155] done synthesizing module 'bd_197a_proc_ss_ip_aresetn_0' (2#1) [z:/Vivado/CPRE488_git/cpre488-mp2/project_1/project_1.srcs/sources_1/bd/design_1/ip/design_1_v_proc_ss_1_0/bd_0/ip/ip_6/synth/bd_197a_proc_ss_ip_aresetn_0.v:57]
INFO: [Synth 8-3491] module 'bd_197a_reset_sel_axis_0' declared at 'Z:/Vivado/CPRE488_git/cpre488-mp2/project_1/project_1.runs/design_1_v_proc_ss_1_0_synth_1/.Xil/Vivado-25048-DESKTOP-V4CC4PR/realtime/bd_197a_reset_sel_axis_0_stub.vhdl:5' bound to instance 'reset_sel_axis' of component 'bd_197a_reset_sel_axis_0' [z:/Vivado/CPRE488_git/cpre488-mp2/project_1/project_1.srcs/sources_1/bd/design_1/ip/design_1_v_proc_ss_1_0/bd_0/synth/bd_197a.vhd:5166]
INFO: [Synth 8-638] synthesizing module 'bd_197a_reset_sel_axis_0' [Z:/Vivado/CPRE488_git/cpre488-mp2/project_1/project_1.runs/design_1_v_proc_ss_1_0_synth_1/.Xil/Vivado-25048-DESKTOP-V4CC4PR/realtime/bd_197a_reset_sel_axis_0_stub.vhdl:33]
INFO: [Synth 8-3491] module 'bd_197a_rst_axis_0' declared at 'Z:/Vivado/CPRE488_git/cpre488-mp2/project_1/project_1.runs/design_1_v_proc_ss_1_0_synth_1/.Xil/Vivado-25048-DESKTOP-V4CC4PR/realtime/bd_197a_rst_axis_0_stub.vhdl:5' bound to instance 'rst_axis' of component 'bd_197a_rst_axis_0' [z:/Vivado/CPRE488_git/cpre488-mp2/project_1/project_1.srcs/sources_1/bd/design_1/ip/design_1_v_proc_ss_1_0/bd_0/synth/bd_197a.vhd:5191]
INFO: [Synth 8-638] synthesizing module 'bd_197a_rst_axis_0' [Z:/Vivado/CPRE488_git/cpre488-mp2/project_1/project_1.runs/design_1_v_proc_ss_1_0_synth_1/.Xil/Vivado-25048-DESKTOP-V4CC4PR/realtime/bd_197a_rst_axis_0_stub.vhdl:21]
INFO: [Synth 8-3491] module 'bd_197a_smartconnect_0_0' declared at 'Z:/Vivado/CPRE488_git/cpre488-mp2/project_1/project_1.runs/design_1_v_proc_ss_1_0_synth_1/.Xil/Vivado-25048-DESKTOP-V4CC4PR/realtime/bd_197a_smartconnect_0_0_stub.vhdl:5' bound to instance 'smartconnect_0' of component 'bd_197a_smartconnect_0_0' [z:/Vivado/CPRE488_git/cpre488-mp2/project_1/project_1.srcs/sources_1/bd/design_1/ip/design_1_v_proc_ss_1_0/bd_0/synth/bd_197a.vhd:5204]
INFO: [Synth 8-638] synthesizing module 'bd_197a_smartconnect_0_0' [Z:/Vivado/CPRE488_git/cpre488-mp2/project_1/project_1.runs/design_1_v_proc_ss_1_0_synth_1/.Xil/Vivado-25048-DESKTOP-V4CC4PR/realtime/bd_197a_smartconnect_0_0_stub.vhdl:394]
INFO: [Synth 8-3491] module 'bd_197a_vid_in_aresetn_0' declared at 'z:/Vivado/CPRE488_git/cpre488-mp2/project_1/project_1.srcs/sources_1/bd/design_1/ip/design_1_v_proc_ss_1_0/bd_0/ip/ip_7/synth/bd_197a_vid_in_aresetn_0.v:57' bound to instance 'vid_in_aresetn' of component 'bd_197a_vid_in_aresetn_0' [z:/Vivado/CPRE488_git/cpre488-mp2/project_1/project_1.srcs/sources_1/bd/design_1/ip/design_1_v_proc_ss_1_0/bd_0/synth/bd_197a.vhd:5590]
INFO: [Synth 8-6157] synthesizing module 'bd_197a_vid_in_aresetn_0' [z:/Vivado/CPRE488_git/cpre488-mp2/project_1/project_1.srcs/sources_1/bd/design_1/ip/design_1_v_proc_ss_1_0/bd_0/ip/ip_7/synth/bd_197a_vid_in_aresetn_0.v:57]
INFO: [Synth 8-6157] synthesizing module 'xlslice_v1_0_2_xlslice__parameterized0' [z:/Vivado/CPRE488_git/cpre488-mp2/project_1/project_1.srcs/sources_1/bd/design_1/ipshared/11d0/hdl/xlslice_v1_0_vl_rfs.v:13]
	Parameter DIN_WIDTH bound to: 2 - type: integer 
	Parameter DIN_FROM bound to: 0 - type: integer 
	Parameter DIN_TO bound to: 0 - type: integer 
INFO: [Synth 8-6155] done synthesizing module 'xlslice_v1_0_2_xlslice__parameterized0' (2#1) [z:/Vivado/CPRE488_git/cpre488-mp2/project_1/project_1.srcs/sources_1/bd/design_1/ipshared/11d0/hdl/xlslice_v1_0_vl_rfs.v:13]
INFO: [Synth 8-6155] done synthesizing module 'bd_197a_vid_in_aresetn_0' (3#1) [z:/Vivado/CPRE488_git/cpre488-mp2/project_1/project_1.srcs/sources_1/bd/design_1/ip/design_1_v_proc_ss_1_0/bd_0/ip/ip_7/synth/bd_197a_vid_in_aresetn_0.v:57]
INFO: [Synth 8-638] synthesizing module 'bd_197a_video_router_0' [z:/Vivado/CPRE488_git/cpre488-mp2/project_1/project_1.srcs/sources_1/bd/design_1/ip/design_1_v_proc_ss_1_0/bd_0/synth/bd_197a.vhd:2368]
INFO: [Synth 8-638] synthesizing module 'm00_couplers_imp_WZ0PRL' [z:/Vivado/CPRE488_git/cpre488-mp2/project_1/project_1.srcs/sources_1/bd/design_1/ip/design_1_v_proc_ss_1_0/bd_0/synth/bd_197a.vhd:38]
INFO: [Synth 8-3491] module 'bd_197a_m00_regslice_0' declared at 'Z:/Vivado/CPRE488_git/cpre488-mp2/project_1/project_1.runs/design_1_v_proc_ss_1_0_synth_1/.Xil/Vivado-25048-DESKTOP-V4CC4PR/realtime/bd_197a_m00_regslice_0_stub.vhdl:5' bound to instance 'm00_regslice' of component 'bd_197a_m00_regslice_0' [z:/Vivado/CPRE488_git/cpre488-mp2/project_1/project_1.srcs/sources_1/bd/design_1/ip/design_1_v_proc_ss_1_0/bd_0/synth/bd_197a.vhd:100]
INFO: [Synth 8-638] synthesizing module 'bd_197a_m00_regslice_0' [Z:/Vivado/CPRE488_git/cpre488-mp2/project_1/project_1.runs/design_1_v_proc_ss_1_0_synth_1/.Xil/Vivado-25048-DESKTOP-V4CC4PR/realtime/bd_197a_m00_regslice_0_stub.vhdl:31]
INFO: [Synth 8-256] done synthesizing module 'm00_couplers_imp_WZ0PRL' (4#1) [z:/Vivado/CPRE488_git/cpre488-mp2/project_1/project_1.srcs/sources_1/bd/design_1/ip/design_1_v_proc_ss_1_0/bd_0/synth/bd_197a.vhd:38]
INFO: [Synth 8-638] synthesizing module 'm01_couplers_imp_1UZOLKI' [z:/Vivado/CPRE488_git/cpre488-mp2/project_1/project_1.srcs/sources_1/bd/design_1/ip/design_1_v_proc_ss_1_0/bd_0/synth/bd_197a.vhd:155]
INFO: [Synth 8-3491] module 'bd_197a_auto_ss_slidr_0' declared at 'Z:/Vivado/CPRE488_git/cpre488-mp2/project_1/project_1.runs/design_1_v_proc_ss_1_0_synth_1/.Xil/Vivado-25048-DESKTOP-V4CC4PR/realtime/bd_197a_auto_ss_slidr_0_stub.vhdl:5' bound to instance 'auto_ss_slidr' of component 'bd_197a_auto_ss_slidr_0' [z:/Vivado/CPRE488_git/cpre488-mp2/project_1/project_1.srcs/sources_1/bd/design_1/ip/design_1_v_proc_ss_1_0/bd_0/synth/bd_197a.vhd:254]
INFO: [Synth 8-638] synthesizing module 'bd_197a_auto_ss_slidr_0' [Z:/Vivado/CPRE488_git/cpre488-mp2/project_1/project_1.runs/design_1_v_proc_ss_1_0_synth_1/.Xil/Vivado-25048-DESKTOP-V4CC4PR/realtime/bd_197a_auto_ss_slidr_0_stub.vhdl:31]
INFO: [Synth 8-3491] module 'bd_197a_m01_regslice_0' declared at 'Z:/Vivado/CPRE488_git/cpre488-mp2/project_1/project_1.runs/design_1_v_proc_ss_1_0_synth_1/.Xil/Vivado-25048-DESKTOP-V4CC4PR/realtime/bd_197a_m01_regslice_0_stub.vhdl:5' bound to instance 'm01_regslice' of component 'bd_197a_m01_regslice_0' [z:/Vivado/CPRE488_git/cpre488-mp2/project_1/project_1.srcs/sources_1/bd/design_1/ip/design_1_v_proc_ss_1_0/bd_0/synth/bd_197a.vhd:277]
INFO: [Synth 8-638] synthesizing module 'bd_197a_m01_regslice_0' [Z:/Vivado/CPRE488_git/cpre488-mp2/project_1/project_1.runs/design_1_v_proc_ss_1_0_synth_1/.Xil/Vivado-25048-DESKTOP-V4CC4PR/realtime/bd_197a_m01_regslice_0_stub.vhdl:31]
INFO: [Synth 8-256] done synthesizing module 'm01_couplers_imp_1UZOLKI' (5#1) [z:/Vivado/CPRE488_git/cpre488-mp2/project_1/project_1.srcs/sources_1/bd/design_1/ip/design_1_v_proc_ss_1_0/bd_0/synth/bd_197a.vhd:155]
INFO: [Synth 8-638] synthesizing module 'm02_couplers_imp_197BQGM' [z:/Vivado/CPRE488_git/cpre488-mp2/project_1/project_1.srcs/sources_1/bd/design_1/ip/design_1_v_proc_ss_1_0/bd_0/synth/bd_197a.vhd:332]
INFO: [Synth 8-3491] module 'bd_197a_auto_ss_slidr_1' declared at 'Z:/Vivado/CPRE488_git/cpre488-mp2/project_1/project_1.runs/design_1_v_proc_ss_1_0_synth_1/.Xil/Vivado-25048-DESKTOP-V4CC4PR/realtime/bd_197a_auto_ss_slidr_1_stub.vhdl:5' bound to instance 'auto_ss_slidr' of component 'bd_197a_auto_ss_slidr_1' [z:/Vivado/CPRE488_git/cpre488-mp2/project_1/project_1.srcs/sources_1/bd/design_1/ip/design_1_v_proc_ss_1_0/bd_0/synth/bd_197a.vhd:431]
INFO: [Synth 8-638] synthesizing module 'bd_197a_auto_ss_slidr_1' [Z:/Vivado/CPRE488_git/cpre488-mp2/project_1/project_1.runs/design_1_v_proc_ss_1_0_synth_1/.Xil/Vivado-25048-DESKTOP-V4CC4PR/realtime/bd_197a_auto_ss_slidr_1_stub.vhdl:31]
INFO: [Synth 8-3491] module 'bd_197a_m02_regslice_0' declared at 'Z:/Vivado/CPRE488_git/cpre488-mp2/project_1/project_1.runs/design_1_v_proc_ss_1_0_synth_1/.Xil/Vivado-25048-DESKTOP-V4CC4PR/realtime/bd_197a_m02_regslice_0_stub.vhdl:5' bound to instance 'm02_regslice' of component 'bd_197a_m02_regslice_0' [z:/Vivado/CPRE488_git/cpre488-mp2/project_1/project_1.srcs/sources_1/bd/design_1/ip/design_1_v_proc_ss_1_0/bd_0/synth/bd_197a.vhd:454]
INFO: [Synth 8-638] synthesizing module 'bd_197a_m02_regslice_0' [Z:/Vivado/CPRE488_git/cpre488-mp2/project_1/project_1.runs/design_1_v_proc_ss_1_0_synth_1/.Xil/Vivado-25048-DESKTOP-V4CC4PR/realtime/bd_197a_m02_regslice_0_stub.vhdl:31]
INFO: [Synth 8-256] done synthesizing module 'm02_couplers_imp_197BQGM' (6#1) [z:/Vivado/CPRE488_git/cpre488-mp2/project_1/project_1.srcs/sources_1/bd/design_1/ip/design_1_v_proc_ss_1_0/bd_0/synth/bd_197a.vhd:332]
INFO: [Synth 8-638] synthesizing module 'm03_couplers_imp_ACK92T' [z:/Vivado/CPRE488_git/cpre488-mp2/project_1/project_1.srcs/sources_1/bd/design_1/ip/design_1_v_proc_ss_1_0/bd_0/synth/bd_197a.vhd:499]
INFO: [Synth 8-256] done synthesizing module 'm03_couplers_imp_ACK92T' (7#1) [z:/Vivado/CPRE488_git/cpre488-mp2/project_1/project_1.srcs/sources_1/bd/design_1/ip/design_1_v_proc_ss_1_0/bd_0/synth/bd_197a.vhd:499]
INFO: [Synth 8-638] synthesizing module 'm04_couplers_imp_1MLZUM' [z:/Vivado/CPRE488_git/cpre488-mp2/project_1/project_1.srcs/sources_1/bd/design_1/ip/design_1_v_proc_ss_1_0/bd_0/synth/bd_197a.vhd:545]
INFO: [Synth 8-3491] module 'bd_197a_auto_ss_slidr_2' declared at 'Z:/Vivado/CPRE488_git/cpre488-mp2/project_1/project_1.runs/design_1_v_proc_ss_1_0_synth_1/.Xil/Vivado-25048-DESKTOP-V4CC4PR/realtime/bd_197a_auto_ss_slidr_2_stub.vhdl:5' bound to instance 'auto_ss_slidr' of component 'bd_197a_auto_ss_slidr_2' [z:/Vivado/CPRE488_git/cpre488-mp2/project_1/project_1.srcs/sources_1/bd/design_1/ip/design_1_v_proc_ss_1_0/bd_0/synth/bd_197a.vhd:644]
INFO: [Synth 8-638] synthesizing module 'bd_197a_auto_ss_slidr_2' [Z:/Vivado/CPRE488_git/cpre488-mp2/project_1/project_1.runs/design_1_v_proc_ss_1_0_synth_1/.Xil/Vivado-25048-DESKTOP-V4CC4PR/realtime/bd_197a_auto_ss_slidr_2_stub.vhdl:31]
INFO: [Synth 8-3491] module 'bd_197a_m04_regslice_0' declared at 'Z:/Vivado/CPRE488_git/cpre488-mp2/project_1/project_1.runs/design_1_v_proc_ss_1_0_synth_1/.Xil/Vivado-25048-DESKTOP-V4CC4PR/realtime/bd_197a_m04_regslice_0_stub.vhdl:5' bound to instance 'm04_regslice' of component 'bd_197a_m04_regslice_0' [z:/Vivado/CPRE488_git/cpre488-mp2/project_1/project_1.srcs/sources_1/bd/design_1/ip/design_1_v_proc_ss_1_0/bd_0/synth/bd_197a.vhd:667]
INFO: [Synth 8-638] synthesizing module 'bd_197a_m04_regslice_0' [Z:/Vivado/CPRE488_git/cpre488-mp2/project_1/project_1.runs/design_1_v_proc_ss_1_0_synth_1/.Xil/Vivado-25048-DESKTOP-V4CC4PR/realtime/bd_197a_m04_regslice_0_stub.vhdl:31]
INFO: [Synth 8-256] done synthesizing module 'm04_couplers_imp_1MLZUM' (8#1) [z:/Vivado/CPRE488_git/cpre488-mp2/project_1/project_1.srcs/sources_1/bd/design_1/ip/design_1_v_proc_ss_1_0/bd_0/synth/bd_197a.vhd:545]
INFO: [Synth 8-638] synthesizing module 'm05_couplers_imp_107924D' [z:/Vivado/CPRE488_git/cpre488-mp2/project_1/project_1.srcs/sources_1/bd/design_1/ip/design_1_v_proc_ss_1_0/bd_0/synth/bd_197a.vhd:722]
INFO: [Synth 8-3491] module 'bd_197a_auto_ss_slidr_3' declared at 'Z:/Vivado/CPRE488_git/cpre488-mp2/project_1/project_1.runs/design_1_v_proc_ss_1_0_synth_1/.Xil/Vivado-25048-DESKTOP-V4CC4PR/realtime/bd_197a_auto_ss_slidr_3_stub.vhdl:5' bound to instance 'auto_ss_slidr' of component 'bd_197a_auto_ss_slidr_3' [z:/Vivado/CPRE488_git/cpre488-mp2/project_1/project_1.srcs/sources_1/bd/design_1/ip/design_1_v_proc_ss_1_0/bd_0/synth/bd_197a.vhd:821]
INFO: [Synth 8-638] synthesizing module 'bd_197a_auto_ss_slidr_3' [Z:/Vivado/CPRE488_git/cpre488-mp2/project_1/project_1.runs/design_1_v_proc_ss_1_0_synth_1/.Xil/Vivado-25048-DESKTOP-V4CC4PR/realtime/bd_197a_auto_ss_slidr_3_stub.vhdl:31]
INFO: [Synth 8-3491] module 'bd_197a_m05_regslice_0' declared at 'Z:/Vivado/CPRE488_git/cpre488-mp2/project_1/project_1.runs/design_1_v_proc_ss_1_0_synth_1/.Xil/Vivado-25048-DESKTOP-V4CC4PR/realtime/bd_197a_m05_regslice_0_stub.vhdl:5' bound to instance 'm05_regslice' of component 'bd_197a_m05_regslice_0' [z:/Vivado/CPRE488_git/cpre488-mp2/project_1/project_1.srcs/sources_1/bd/design_1/ip/design_1_v_proc_ss_1_0/bd_0/synth/bd_197a.vhd:844]
INFO: [Synth 8-638] synthesizing module 'bd_197a_m05_regslice_0' [Z:/Vivado/CPRE488_git/cpre488-mp2/project_1/project_1.runs/design_1_v_proc_ss_1_0_synth_1/.Xil/Vivado-25048-DESKTOP-V4CC4PR/realtime/bd_197a_m05_regslice_0_stub.vhdl:31]
INFO: [Synth 8-256] done synthesizing module 'm05_couplers_imp_107924D' (9#1) [z:/Vivado/CPRE488_git/cpre488-mp2/project_1/project_1.srcs/sources_1/bd/design_1/ip/design_1_v_proc_ss_1_0/bd_0/synth/bd_197a.vhd:722]
INFO: [Synth 8-638] synthesizing module 'm06_couplers_imp_1M8HKL5' [z:/Vivado/CPRE488_git/cpre488-mp2/project_1/project_1.srcs/sources_1/bd/design_1/ip/design_1_v_proc_ss_1_0/bd_0/synth/bd_197a.vhd:893]
INFO: [Synth 8-3491] module 'bd_197a_m06_regslice_0' declared at 'Z:/Vivado/CPRE488_git/cpre488-mp2/project_1/project_1.runs/design_1_v_proc_ss_1_0_synth_1/.Xil/Vivado-25048-DESKTOP-V4CC4PR/realtime/bd_197a_m06_regslice_0_stub.vhdl:5' bound to instance 'm06_regslice' of component 'bd_197a_m06_regslice_0' [z:/Vivado/CPRE488_git/cpre488-mp2/project_1/project_1.srcs/sources_1/bd/design_1/ip/design_1_v_proc_ss_1_0/bd_0/synth/bd_197a.vhd:949]
INFO: [Synth 8-638] synthesizing module 'bd_197a_m06_regslice_0' [Z:/Vivado/CPRE488_git/cpre488-mp2/project_1/project_1.runs/design_1_v_proc_ss_1_0_synth_1/.Xil/Vivado-25048-DESKTOP-V4CC4PR/realtime/bd_197a_m06_regslice_0_stub.vhdl:31]
INFO: [Synth 8-256] done synthesizing module 'm06_couplers_imp_1M8HKL5' (10#1) [z:/Vivado/CPRE488_git/cpre488-mp2/project_1/project_1.srcs/sources_1/bd/design_1/ip/design_1_v_proc_ss_1_0/bd_0/synth/bd_197a.vhd:893]
INFO: [Synth 8-638] synthesizing module 'm07_couplers_imp_NXP9H6' [z:/Vivado/CPRE488_git/cpre488-mp2/project_1/project_1.srcs/sources_1/bd/design_1/ip/design_1_v_proc_ss_1_0/bd_0/synth/bd_197a.vhd:998]
INFO: [Synth 8-3491] module 'bd_197a_m07_regslice_0' declared at 'Z:/Vivado/CPRE488_git/cpre488-mp2/project_1/project_1.runs/design_1_v_proc_ss_1_0_synth_1/.Xil/Vivado-25048-DESKTOP-V4CC4PR/realtime/bd_197a_m07_regslice_0_stub.vhdl:5' bound to instance 'm07_regslice' of component 'bd_197a_m07_regslice_0' [z:/Vivado/CPRE488_git/cpre488-mp2/project_1/project_1.srcs/sources_1/bd/design_1/ip/design_1_v_proc_ss_1_0/bd_0/synth/bd_197a.vhd:1054]
INFO: [Synth 8-638] synthesizing module 'bd_197a_m07_regslice_0' [Z:/Vivado/CPRE488_git/cpre488-mp2/project_1/project_1.runs/design_1_v_proc_ss_1_0_synth_1/.Xil/Vivado-25048-DESKTOP-V4CC4PR/realtime/bd_197a_m07_regslice_0_stub.vhdl:31]
INFO: [Synth 8-256] done synthesizing module 'm07_couplers_imp_NXP9H6' (11#1) [z:/Vivado/CPRE488_git/cpre488-mp2/project_1/project_1.srcs/sources_1/bd/design_1/ip/design_1_v_proc_ss_1_0/bd_0/synth/bd_197a.vhd:998]
INFO: [Synth 8-638] synthesizing module 'm08_couplers_imp_14642CV' [z:/Vivado/CPRE488_git/cpre488-mp2/project_1/project_1.srcs/sources_1/bd/design_1/ip/design_1_v_proc_ss_1_0/bd_0/synth/bd_197a.vhd:1109]
INFO: [Synth 8-3491] module 'bd_197a_auto_ss_slidr_4' declared at 'Z:/Vivado/CPRE488_git/cpre488-mp2/project_1/project_1.runs/design_1_v_proc_ss_1_0_synth_1/.Xil/Vivado-25048-DESKTOP-V4CC4PR/realtime/bd_197a_auto_ss_slidr_4_stub.vhdl:5' bound to instance 'auto_ss_slidr' of component 'bd_197a_auto_ss_slidr_4' [z:/Vivado/CPRE488_git/cpre488-mp2/project_1/project_1.srcs/sources_1/bd/design_1/ip/design_1_v_proc_ss_1_0/bd_0/synth/bd_197a.vhd:1208]
INFO: [Synth 8-638] synthesizing module 'bd_197a_auto_ss_slidr_4' [Z:/Vivado/CPRE488_git/cpre488-mp2/project_1/project_1.runs/design_1_v_proc_ss_1_0_synth_1/.Xil/Vivado-25048-DESKTOP-V4CC4PR/realtime/bd_197a_auto_ss_slidr_4_stub.vhdl:31]
INFO: [Synth 8-3491] module 'bd_197a_m08_regslice_0' declared at 'Z:/Vivado/CPRE488_git/cpre488-mp2/project_1/project_1.runs/design_1_v_proc_ss_1_0_synth_1/.Xil/Vivado-25048-DESKTOP-V4CC4PR/realtime/bd_197a_m08_regslice_0_stub.vhdl:5' bound to instance 'm08_regslice' of component 'bd_197a_m08_regslice_0' [z:/Vivado/CPRE488_git/cpre488-mp2/project_1/project_1.srcs/sources_1/bd/design_1/ip/design_1_v_proc_ss_1_0/bd_0/synth/bd_197a.vhd:1231]
INFO: [Synth 8-638] synthesizing module 'bd_197a_m08_regslice_0' [Z:/Vivado/CPRE488_git/cpre488-mp2/project_1/project_1.runs/design_1_v_proc_ss_1_0_synth_1/.Xil/Vivado-25048-DESKTOP-V4CC4PR/realtime/bd_197a_m08_regslice_0_stub.vhdl:31]
INFO: [Synth 8-256] done synthesizing module 'm08_couplers_imp_14642CV' (12#1) [z:/Vivado/CPRE488_git/cpre488-mp2/project_1/project_1.srcs/sources_1/bd/design_1/ip/design_1_v_proc_ss_1_0/bd_0/synth/bd_197a.vhd:1109]
INFO: [Synth 8-638] synthesizing module 'm09_couplers_imp_6HI7XO' [z:/Vivado/CPRE488_git/cpre488-mp2/project_1/project_1.srcs/sources_1/bd/design_1/ip/design_1_v_proc_ss_1_0/bd_0/synth/bd_197a.vhd:1276]
INFO: [Synth 8-256] done synthesizing module 'm09_couplers_imp_6HI7XO' (13#1) [z:/Vivado/CPRE488_git/cpre488-mp2/project_1/project_1.srcs/sources_1/bd/design_1/ip/design_1_v_proc_ss_1_0/bd_0/synth/bd_197a.vhd:1276]
INFO: [Synth 8-638] synthesizing module 's00_couplers_imp_1V4DNN1' [z:/Vivado/CPRE488_git/cpre488-mp2/project_1/project_1.srcs/sources_1/bd/design_1/ip/design_1_v_proc_ss_1_0/bd_0/synth/bd_197a.vhd:1322]
INFO: [Synth 8-3491] module 'bd_197a_auto_ss_slid_0' declared at 'Z:/Vivado/CPRE488_git/cpre488-mp2/project_1/project_1.runs/design_1_v_proc_ss_1_0_synth_1/.Xil/Vivado-25048-DESKTOP-V4CC4PR/realtime/bd_197a_auto_ss_slid_0_stub.vhdl:5' bound to instance 'auto_ss_slid' of component 'bd_197a_auto_ss_slid_0' [z:/Vivado/CPRE488_git/cpre488-mp2/project_1/project_1.srcs/sources_1/bd/design_1/ip/design_1_v_proc_ss_1_0/bd_0/synth/bd_197a.vhd:1388]
INFO: [Synth 8-638] synthesizing module 'bd_197a_auto_ss_slid_0' [Z:/Vivado/CPRE488_git/cpre488-mp2/project_1/project_1.runs/design_1_v_proc_ss_1_0_synth_1/.Xil/Vivado-25048-DESKTOP-V4CC4PR/realtime/bd_197a_auto_ss_slid_0_stub.vhdl:31]
INFO: [Synth 8-256] done synthesizing module 's00_couplers_imp_1V4DNN1' (14#1) [z:/Vivado/CPRE488_git/cpre488-mp2/project_1/project_1.srcs/sources_1/bd/design_1/ip/design_1_v_proc_ss_1_0/bd_0/synth/bd_197a.vhd:1322]
INFO: [Synth 8-638] synthesizing module 's01_couplers_imp_WTSAZY' [z:/Vivado/CPRE488_git/cpre488-mp2/project_1/project_1.srcs/sources_1/bd/design_1/ip/design_1_v_proc_ss_1_0/bd_0/synth/bd_197a.vhd:1443]
INFO: [Synth 8-3491] module 'bd_197a_auto_ss_slid_1' declared at 'Z:/Vivado/CPRE488_git/cpre488-mp2/project_1/project_1.runs/design_1_v_proc_ss_1_0_synth_1/.Xil/Vivado-25048-DESKTOP-V4CC4PR/realtime/bd_197a_auto_ss_slid_1_stub.vhdl:5' bound to instance 'auto_ss_slid' of component 'bd_197a_auto_ss_slid_1' [z:/Vivado/CPRE488_git/cpre488-mp2/project_1/project_1.srcs/sources_1/bd/design_1/ip/design_1_v_proc_ss_1_0/bd_0/synth/bd_197a.vhd:1509]
INFO: [Synth 8-638] synthesizing module 'bd_197a_auto_ss_slid_1' [Z:/Vivado/CPRE488_git/cpre488-mp2/project_1/project_1.runs/design_1_v_proc_ss_1_0_synth_1/.Xil/Vivado-25048-DESKTOP-V4CC4PR/realtime/bd_197a_auto_ss_slid_1_stub.vhdl:31]
INFO: [Synth 8-256] done synthesizing module 's01_couplers_imp_WTSAZY' (15#1) [z:/Vivado/CPRE488_git/cpre488-mp2/project_1/project_1.srcs/sources_1/bd/design_1/ip/design_1_v_proc_ss_1_0/bd_0/synth/bd_197a.vhd:1443]
INFO: [Synth 8-638] synthesizing module 's02_couplers_imp_AHX6I2' [z:/Vivado/CPRE488_git/cpre488-mp2/project_1/project_1.srcs/sources_1/bd/design_1/ip/design_1_v_proc_ss_1_0/bd_0/synth/bd_197a.vhd:1564]
INFO: [Synth 8-3491] module 'bd_197a_auto_ss_slid_2' declared at 'Z:/Vivado/CPRE488_git/cpre488-mp2/project_1/project_1.runs/design_1_v_proc_ss_1_0_synth_1/.Xil/Vivado-25048-DESKTOP-V4CC4PR/realtime/bd_197a_auto_ss_slid_2_stub.vhdl:5' bound to instance 'auto_ss_slid' of component 'bd_197a_auto_ss_slid_2' [z:/Vivado/CPRE488_git/cpre488-mp2/project_1/project_1.srcs/sources_1/bd/design_1/ip/design_1_v_proc_ss_1_0/bd_0/synth/bd_197a.vhd:1630]
INFO: [Synth 8-638] synthesizing module 'bd_197a_auto_ss_slid_2' [Z:/Vivado/CPRE488_git/cpre488-mp2/project_1/project_1.runs/design_1_v_proc_ss_1_0_synth_1/.Xil/Vivado-25048-DESKTOP-V4CC4PR/realtime/bd_197a_auto_ss_slid_2_stub.vhdl:31]
INFO: [Synth 8-256] done synthesizing module 's02_couplers_imp_AHX6I2' (16#1) [z:/Vivado/CPRE488_git/cpre488-mp2/project_1/project_1.srcs/sources_1/bd/design_1/ip/design_1_v_proc_ss_1_0/bd_0/synth/bd_197a.vhd:1564]
INFO: [Synth 8-638] synthesizing module 's03_couplers_imp_192OE3T' [z:/Vivado/CPRE488_git/cpre488-mp2/project_1/project_1.srcs/sources_1/bd/design_1/ip/design_1_v_proc_ss_1_0/bd_0/synth/bd_197a.vhd:1675]
INFO: [Synth 8-256] done synthesizing module 's03_couplers_imp_192OE3T' (17#1) [z:/Vivado/CPRE488_git/cpre488-mp2/project_1/project_1.srcs/sources_1/bd/design_1/ip/design_1_v_proc_ss_1_0/bd_0/synth/bd_197a.vhd:1675]
INFO: [Synth 8-638] synthesizing module 's04_couplers_imp_10BBCIQ' [z:/Vivado/CPRE488_git/cpre488-mp2/project_1/project_1.srcs/sources_1/bd/design_1/ip/design_1_v_proc_ss_1_0/bd_0/synth/bd_197a.vhd:1721]
INFO: [Synth 8-3491] module 'bd_197a_auto_ss_slid_3' declared at 'Z:/Vivado/CPRE488_git/cpre488-mp2/project_1/project_1.runs/design_1_v_proc_ss_1_0_synth_1/.Xil/Vivado-25048-DESKTOP-V4CC4PR/realtime/bd_197a_auto_ss_slid_3_stub.vhdl:5' bound to instance 'auto_ss_slid' of component 'bd_197a_auto_ss_slid_3' [z:/Vivado/CPRE488_git/cpre488-mp2/project_1/project_1.srcs/sources_1/bd/design_1/ip/design_1_v_proc_ss_1_0/bd_0/synth/bd_197a.vhd:1787]
INFO: [Synth 8-638] synthesizing module 'bd_197a_auto_ss_slid_3' [Z:/Vivado/CPRE488_git/cpre488-mp2/project_1/project_1.runs/design_1_v_proc_ss_1_0_synth_1/.Xil/Vivado-25048-DESKTOP-V4CC4PR/realtime/bd_197a_auto_ss_slid_3_stub.vhdl:31]
INFO: [Synth 8-256] done synthesizing module 's04_couplers_imp_10BBCIQ' (18#1) [z:/Vivado/CPRE488_git/cpre488-mp2/project_1/project_1.srcs/sources_1/bd/design_1/ip/design_1_v_proc_ss_1_0/bd_0/synth/bd_197a.vhd:1721]
INFO: [Synth 8-638] synthesizing module 's05_couplers_imp_1GQS0X' [z:/Vivado/CPRE488_git/cpre488-mp2/project_1/project_1.srcs/sources_1/bd/design_1/ip/design_1_v_proc_ss_1_0/bd_0/synth/bd_197a.vhd:1842]
INFO: [Synth 8-3491] module 'bd_197a_auto_ss_slid_4' declared at 'Z:/Vivado/CPRE488_git/cpre488-mp2/project_1/project_1.runs/design_1_v_proc_ss_1_0_synth_1/.Xil/Vivado-25048-DESKTOP-V4CC4PR/realtime/bd_197a_auto_ss_slid_4_stub.vhdl:5' bound to instance 'auto_ss_slid' of component 'bd_197a_auto_ss_slid_4' [z:/Vivado/CPRE488_git/cpre488-mp2/project_1/project_1.srcs/sources_1/bd/design_1/ip/design_1_v_proc_ss_1_0/bd_0/synth/bd_197a.vhd:1908]
INFO: [Synth 8-638] synthesizing module 'bd_197a_auto_ss_slid_4' [Z:/Vivado/CPRE488_git/cpre488-mp2/project_1/project_1.runs/design_1_v_proc_ss_1_0_synth_1/.Xil/Vivado-25048-DESKTOP-V4CC4PR/realtime/bd_197a_auto_ss_slid_4_stub.vhdl:31]
INFO: [Synth 8-256] done synthesizing module 's05_couplers_imp_1GQS0X' (19#1) [z:/Vivado/CPRE488_git/cpre488-mp2/project_1/project_1.srcs/sources_1/bd/design_1/ip/design_1_v_proc_ss_1_0/bd_0/synth/bd_197a.vhd:1842]
INFO: [Synth 8-638] synthesizing module 's06_couplers_imp_O3OE05' [z:/Vivado/CPRE488_git/cpre488-mp2/project_1/project_1.srcs/sources_1/bd/design_1/ip/design_1_v_proc_ss_1_0/bd_0/synth/bd_197a.vhd:1953]
INFO: [Synth 8-256] done synthesizing module 's06_couplers_imp_O3OE05' (20#1) [z:/Vivado/CPRE488_git/cpre488-mp2/project_1/project_1.srcs/sources_1/bd/design_1/ip/design_1_v_proc_ss_1_0/bd_0/synth/bd_197a.vhd:1953]
INFO: [Synth 8-638] synthesizing module 's07_couplers_imp_1M4GDK6' [z:/Vivado/CPRE488_git/cpre488-mp2/project_1/project_1.srcs/sources_1/bd/design_1/ip/design_1_v_proc_ss_1_0/bd_0/synth/bd_197a.vhd:1989]
INFO: [Synth 8-256] done synthesizing module 's07_couplers_imp_1M4GDK6' (21#1) [z:/Vivado/CPRE488_git/cpre488-mp2/project_1/project_1.srcs/sources_1/bd/design_1/ip/design_1_v_proc_ss_1_0/bd_0/synth/bd_197a.vhd:1989]
INFO: [Synth 8-638] synthesizing module 's08_couplers_imp_6NGZN7' [z:/Vivado/CPRE488_git/cpre488-mp2/project_1/project_1.srcs/sources_1/bd/design_1/ip/design_1_v_proc_ss_1_0/bd_0/synth/bd_197a.vhd:2035]
INFO: [Synth 8-3491] module 'bd_197a_auto_ss_slid_5' declared at 'Z:/Vivado/CPRE488_git/cpre488-mp2/project_1/project_1.runs/design_1_v_proc_ss_1_0_synth_1/.Xil/Vivado-25048-DESKTOP-V4CC4PR/realtime/bd_197a_auto_ss_slid_5_stub.vhdl:5' bound to instance 'auto_ss_slid' of component 'bd_197a_auto_ss_slid_5' [z:/Vivado/CPRE488_git/cpre488-mp2/project_1/project_1.srcs/sources_1/bd/design_1/ip/design_1_v_proc_ss_1_0/bd_0/synth/bd_197a.vhd:2101]
INFO: [Synth 8-638] synthesizing module 'bd_197a_auto_ss_slid_5' [Z:/Vivado/CPRE488_git/cpre488-mp2/project_1/project_1.runs/design_1_v_proc_ss_1_0_synth_1/.Xil/Vivado-25048-DESKTOP-V4CC4PR/realtime/bd_197a_auto_ss_slid_5_stub.vhdl:31]
INFO: [Synth 8-256] done synthesizing module 's08_couplers_imp_6NGZN7' (22#1) [z:/Vivado/CPRE488_git/cpre488-mp2/project_1/project_1.srcs/sources_1/bd/design_1/ip/design_1_v_proc_ss_1_0/bd_0/synth/bd_197a.vhd:2035]
INFO: [Synth 8-638] synthesizing module 's09_couplers_imp_1423X2O' [z:/Vivado/CPRE488_git/cpre488-mp2/project_1/project_1.srcs/sources_1/bd/design_1/ip/design_1_v_proc_ss_1_0/bd_0/synth/bd_197a.vhd:2146]
INFO: [Synth 8-256] done synthesizing module 's09_couplers_imp_1423X2O' (23#1) [z:/Vivado/CPRE488_git/cpre488-mp2/project_1/project_1.srcs/sources_1/bd/design_1/ip/design_1_v_proc_ss_1_0/bd_0/synth/bd_197a.vhd:2146]
INFO: [Synth 8-3491] module 'bd_197a_xbar_0' declared at 'Z:/Vivado/CPRE488_git/cpre488-mp2/project_1/project_1.runs/design_1_v_proc_ss_1_0_synth_1/.Xil/Vivado-25048-DESKTOP-V4CC4PR/realtime/bd_197a_xbar_0_stub.vhdl:5' bound to instance 'xbar' of component 'bd_197a_xbar_0' [z:/Vivado/CPRE488_git/cpre488-mp2/project_1/project_1.srcs/sources_1/bd/design_1/ip/design_1_v_proc_ss_1_0/bd_0/synth/bd_197a.vhd:3391]
INFO: [Synth 8-638] synthesizing module 'bd_197a_xbar_0' [Z:/Vivado/CPRE488_git/cpre488-mp2/project_1/project_1.runs/design_1_v_proc_ss_1_0_synth_1/.Xil/Vivado-25048-DESKTOP-V4CC4PR/realtime/bd_197a_xbar_0_stub.vhdl:49]
INFO: [Synth 8-256] done synthesizing module 'bd_197a_video_router_0' (24#1) [z:/Vivado/CPRE488_git/cpre488-mp2/project_1/project_1.srcs/sources_1/bd/design_1/ip/design_1_v_proc_ss_1_0/bd_0/synth/bd_197a.vhd:2368]
INFO: [Synth 8-3491] module 'bd_197a_vsc_0' declared at 'Z:/Vivado/CPRE488_git/cpre488-mp2/project_1/project_1.runs/design_1_v_proc_ss_1_0_synth_1/.Xil/Vivado-25048-DESKTOP-V4CC4PR/realtime/bd_197a_vsc_0_stub.vhdl:5' bound to instance 'vsc' of component 'bd_197a_vsc_0' [z:/Vivado/CPRE488_git/cpre488-mp2/project_1/project_1.srcs/sources_1/bd/design_1/ip/design_1_v_proc_ss_1_0/bd_0/synth/bd_197a.vhd:5796]
INFO: [Synth 8-638] synthesizing module 'bd_197a_vsc_0' [Z:/Vivado/CPRE488_git/cpre488-mp2/project_1/project_1.runs/design_1_v_proc_ss_1_0_synth_1/.Xil/Vivado-25048-DESKTOP-V4CC4PR/realtime/bd_197a_vsc_0_stub.vhdl:49]
INFO: [Synth 8-256] done synthesizing module 'bd_197a' (25#1) [z:/Vivado/CPRE488_git/cpre488-mp2/project_1/project_1.srcs/sources_1/bd/design_1/ip/design_1_v_proc_ss_1_0/bd_0/synth/bd_197a.vhd:3748]
INFO: [Synth 8-256] done synthesizing module 'design_1_v_proc_ss_1_0' (26#1) [z:/Vivado/CPRE488_git/cpre488-mp2/project_1/project_1.srcs/sources_1/bd/design_1/ip/design_1_v_proc_ss_1_0/synth/design_1_v_proc_ss_1_0.vhd:102]
---------------------------------------------------------------------------------
Finished RTL Elaboration : Time (s): cpu = 00:00:05 ; elapsed = 00:00:06 . Memory (MB): peak = 1143.520 ; gain = 108.301
---------------------------------------------------------------------------------
---------------------------------------------------------------------------------
Start Handling Custom Attributes
---------------------------------------------------------------------------------
---------------------------------------------------------------------------------
Finished Handling Custom Attributes : Time (s): cpu = 00:00:06 ; elapsed = 00:00:06 . Memory (MB): peak = 1143.520 ; gain = 108.301
---------------------------------------------------------------------------------
---------------------------------------------------------------------------------
Finished RTL Optimization Phase 1 : Time (s): cpu = 00:00:06 ; elapsed = 00:00:06 . Memory (MB): peak = 1143.520 ; gain = 108.301
---------------------------------------------------------------------------------
Netlist sorting complete. Time (s): cpu = 00:00:00 ; elapsed = 00:00:00.037 . Memory (MB): peak = 1143.520 ; gain = 0.000
INFO: [Project 1-570] Preparing netlist for logic optimization

Processing XDC Constraints
Initializing timing engine
Parsing XDC File [z:/Vivado/CPRE488_git/cpre488-mp2/project_1/project_1.srcs/sources_1/bd/design_1/ip/design_1_v_proc_ss_1_0/bd_0/ip/ip_0/bd_197a_smartconnect_0_0/bd_197a_smartconnect_0_0_in_context.xdc] for cell 'U0/smartconnect_0'
Finished Parsing XDC File [z:/Vivado/CPRE488_git/cpre488-mp2/project_1/project_1.srcs/sources_1/bd/design_1/ip/design_1_v_proc_ss_1_0/bd_0/ip/ip_0/bd_197a_smartconnect_0_0/bd_197a_smartconnect_0_0_in_context.xdc] for cell 'U0/smartconnect_0'
Parsing XDC File [z:/Vivado/CPRE488_git/cpre488-mp2/project_1/project_1.srcs/sources_1/bd/design_1/ip/design_1_v_proc_ss_1_0/bd_0/ip/ip_1/bd_197a_vsc_0/bd_18aa_vsc_0_in_context.xdc] for cell 'U0/vsc'
Finished Parsing XDC File [z:/Vivado/CPRE488_git/cpre488-mp2/project_1/project_1.srcs/sources_1/bd/design_1/ip/design_1_v_proc_ss_1_0/bd_0/ip/ip_1/bd_197a_vsc_0/bd_18aa_vsc_0_in_context.xdc] for cell 'U0/vsc'
Parsing XDC File [z:/Vivado/CPRE488_git/cpre488-mp2/project_1/project_1.srcs/sources_1/bd/design_1/ip/design_1_v_proc_ss_1_0/bd_0/ip/ip_2/bd_197a_hsc_0/bd_197a_hsc_0_in_context.xdc] for cell 'U0/hsc'
Finished Parsing XDC File [z:/Vivado/CPRE488_git/cpre488-mp2/project_1/project_1.srcs/sources_1/bd/design_1/ip/design_1_v_proc_ss_1_0/bd_0/ip/ip_2/bd_197a_hsc_0/bd_197a_hsc_0_in_context.xdc] for cell 'U0/hsc'
Parsing XDC File [z:/Vivado/CPRE488_git/cpre488-mp2/project_1/project_1.srcs/sources_1/bd/design_1/ip/design_1_v_proc_ss_1_0/bd_0/ip/ip_3/bd_197a_input_size_set_0/bd_197a_input_size_set_0_in_context.xdc] for cell 'U0/input_size_set'
Finished Parsing XDC File [z:/Vivado/CPRE488_git/cpre488-mp2/project_1/project_1.srcs/sources_1/bd/design_1/ip/design_1_v_proc_ss_1_0/bd_0/ip/ip_3/bd_197a_input_size_set_0/bd_197a_input_size_set_0_in_context.xdc] for cell 'U0/input_size_set'
Parsing XDC File [z:/Vivado/CPRE488_git/cpre488-mp2/project_1/project_1.srcs/sources_1/bd/design_1/ip/design_1_v_proc_ss_1_0/bd_0/ip/ip_4/bd_197a_ltr_0/bd_d86b_ltr_0_in_context.xdc] for cell 'U0/ltr'
Finished Parsing XDC File [z:/Vivado/CPRE488_git/cpre488-mp2/project_1/project_1.srcs/sources_1/bd/design_1/ip/design_1_v_proc_ss_1_0/bd_0/ip/ip_4/bd_197a_ltr_0/bd_d86b_ltr_0_in_context.xdc] for cell 'U0/ltr'
Parsing XDC File [z:/Vivado/CPRE488_git/cpre488-mp2/project_1/project_1.srcs/sources_1/bd/design_1/ip/design_1_v_proc_ss_1_0/bd_0/ip/ip_5/bd_197a_csc_0/bd_197a_csc_0_in_context.xdc] for cell 'U0/csc'
Finished Parsing XDC File [z:/Vivado/CPRE488_git/cpre488-mp2/project_1/project_1.srcs/sources_1/bd/design_1/ip/design_1_v_proc_ss_1_0/bd_0/ip/ip_5/bd_197a_csc_0/bd_197a_csc_0_in_context.xdc] for cell 'U0/csc'
Parsing XDC File [z:/Vivado/CPRE488_git/cpre488-mp2/project_1/project_1.srcs/sources_1/bd/design_1/ip/design_1_v_proc_ss_1_0/bd_0/ip/ip_9/bd_197a_xbar_0/bd_d86b_xbar_0_in_context.xdc] for cell 'U0/video_router/xbar'
Finished Parsing XDC File [z:/Vivado/CPRE488_git/cpre488-mp2/project_1/project_1.srcs/sources_1/bd/design_1/ip/design_1_v_proc_ss_1_0/bd_0/ip/ip_9/bd_197a_xbar_0/bd_d86b_xbar_0_in_context.xdc] for cell 'U0/video_router/xbar'
Parsing XDC File [z:/Vivado/CPRE488_git/cpre488-mp2/project_1/project_1.srcs/sources_1/bd/design_1/ip/design_1_v_proc_ss_1_0/bd_0/ip/ip_10/bd_197a_reset_sel_axis_0/bd_18aa_reset_sel_axis_0_in_context.xdc] for cell 'U0/reset_sel_axis'
Finished Parsing XDC File [z:/Vivado/CPRE488_git/cpre488-mp2/project_1/project_1.srcs/sources_1/bd/design_1/ip/design_1_v_proc_ss_1_0/bd_0/ip/ip_10/bd_197a_reset_sel_axis_0/bd_18aa_reset_sel_axis_0_in_context.xdc] for cell 'U0/reset_sel_axis'
Parsing XDC File [z:/Vivado/CPRE488_git/cpre488-mp2/project_1/project_1.srcs/sources_1/bd/design_1/ip/design_1_v_proc_ss_1_0/bd_0/ip/ip_11/bd_197a_rst_axis_0/design_1_rst_clk_wiz_0_148M_0_in_context.xdc] for cell 'U0/rst_axis'
Finished Parsing XDC File [z:/Vivado/CPRE488_git/cpre488-mp2/project_1/project_1.srcs/sources_1/bd/design_1/ip/design_1_v_proc_ss_1_0/bd_0/ip/ip_11/bd_197a_rst_axis_0/design_1_rst_clk_wiz_0_148M_0_in_context.xdc] for cell 'U0/rst_axis'
Parsing XDC File [z:/Vivado/CPRE488_git/cpre488-mp2/project_1/project_1.srcs/sources_1/bd/design_1/ip/design_1_v_proc_ss_1_0/bd_0/ip/ip_12/bd_197a_hcr_0/bd_19ea_hcr_0_in_context.xdc] for cell 'U0/hcr'
Finished Parsing XDC File [z:/Vivado/CPRE488_git/cpre488-mp2/project_1/project_1.srcs/sources_1/bd/design_1/ip/design_1_v_proc_ss_1_0/bd_0/ip/ip_12/bd_197a_hcr_0/bd_19ea_hcr_0_in_context.xdc] for cell 'U0/hcr'
Parsing XDC File [z:/Vivado/CPRE488_git/cpre488-mp2/project_1/project_1.srcs/sources_1/bd/design_1/ip/design_1_v_proc_ss_1_0/bd_0/ip/ip_26/bd_197a_auto_ss_slid_0/bd_197a_auto_ss_slid_0_in_context.xdc] for cell 'U0/video_router/s00_couplers/auto_ss_slid'
Finished Parsing XDC File [z:/Vivado/CPRE488_git/cpre488-mp2/project_1/project_1.srcs/sources_1/bd/design_1/ip/design_1_v_proc_ss_1_0/bd_0/ip/ip_26/bd_197a_auto_ss_slid_0/bd_197a_auto_ss_slid_0_in_context.xdc] for cell 'U0/video_router/s00_couplers/auto_ss_slid'
Parsing XDC File [z:/Vivado/CPRE488_git/cpre488-mp2/project_1/project_1.srcs/sources_1/bd/design_1/ip/design_1_v_proc_ss_1_0/bd_0/ip/ip_27/bd_197a_auto_ss_slid_1/bd_197a_auto_ss_slid_1_in_context.xdc] for cell 'U0/video_router/s01_couplers/auto_ss_slid'
Finished Parsing XDC File [z:/Vivado/CPRE488_git/cpre488-mp2/project_1/project_1.srcs/sources_1/bd/design_1/ip/design_1_v_proc_ss_1_0/bd_0/ip/ip_27/bd_197a_auto_ss_slid_1/bd_197a_auto_ss_slid_1_in_context.xdc] for cell 'U0/video_router/s01_couplers/auto_ss_slid'
Parsing XDC File [z:/Vivado/CPRE488_git/cpre488-mp2/project_1/project_1.srcs/sources_1/bd/design_1/ip/design_1_v_proc_ss_1_0/bd_0/ip/ip_28/bd_197a_auto_ss_slid_2/bd_197a_auto_ss_slid_2_in_context.xdc] for cell 'U0/video_router/s02_couplers/auto_ss_slid'
Finished Parsing XDC File [z:/Vivado/CPRE488_git/cpre488-mp2/project_1/project_1.srcs/sources_1/bd/design_1/ip/design_1_v_proc_ss_1_0/bd_0/ip/ip_28/bd_197a_auto_ss_slid_2/bd_197a_auto_ss_slid_2_in_context.xdc] for cell 'U0/video_router/s02_couplers/auto_ss_slid'
Parsing XDC File [z:/Vivado/CPRE488_git/cpre488-mp2/project_1/project_1.srcs/sources_1/bd/design_1/ip/design_1_v_proc_ss_1_0/bd_0/ip/ip_29/bd_197a_auto_ss_slid_3/bd_197a_auto_ss_slid_3_in_context.xdc] for cell 'U0/video_router/s04_couplers/auto_ss_slid'
Finished Parsing XDC File [z:/Vivado/CPRE488_git/cpre488-mp2/project_1/project_1.srcs/sources_1/bd/design_1/ip/design_1_v_proc_ss_1_0/bd_0/ip/ip_29/bd_197a_auto_ss_slid_3/bd_197a_auto_ss_slid_3_in_context.xdc] for cell 'U0/video_router/s04_couplers/auto_ss_slid'
Parsing XDC File [z:/Vivado/CPRE488_git/cpre488-mp2/project_1/project_1.srcs/sources_1/bd/design_1/ip/design_1_v_proc_ss_1_0/bd_0/ip/ip_30/bd_197a_auto_ss_slid_4/bd_197a_auto_ss_slid_4_in_context.xdc] for cell 'U0/video_router/s05_couplers/auto_ss_slid'
Finished Parsing XDC File [z:/Vivado/CPRE488_git/cpre488-mp2/project_1/project_1.srcs/sources_1/bd/design_1/ip/design_1_v_proc_ss_1_0/bd_0/ip/ip_30/bd_197a_auto_ss_slid_4/bd_197a_auto_ss_slid_4_in_context.xdc] for cell 'U0/video_router/s05_couplers/auto_ss_slid'
Parsing XDC File [z:/Vivado/CPRE488_git/cpre488-mp2/project_1/project_1.srcs/sources_1/bd/design_1/ip/design_1_v_proc_ss_1_0/bd_0/ip/ip_31/bd_197a_auto_ss_slid_5/bd_197a_auto_ss_slid_5_in_context.xdc] for cell 'U0/video_router/s08_couplers/auto_ss_slid'
Finished Parsing XDC File [z:/Vivado/CPRE488_git/cpre488-mp2/project_1/project_1.srcs/sources_1/bd/design_1/ip/design_1_v_proc_ss_1_0/bd_0/ip/ip_31/bd_197a_auto_ss_slid_5/bd_197a_auto_ss_slid_5_in_context.xdc] for cell 'U0/video_router/s08_couplers/auto_ss_slid'
Parsing XDC File [z:/Vivado/CPRE488_git/cpre488-mp2/project_1/project_1.srcs/sources_1/bd/design_1/ip/design_1_v_proc_ss_1_0/bd_0/ip/ip_13/bd_197a_m00_regslice_0/bd_d86b_m07_regslice_0_in_context.xdc] for cell 'U0/video_router/m00_couplers/m00_regslice'
Finished Parsing XDC File [z:/Vivado/CPRE488_git/cpre488-mp2/project_1/project_1.srcs/sources_1/bd/design_1/ip/design_1_v_proc_ss_1_0/bd_0/ip/ip_13/bd_197a_m00_regslice_0/bd_d86b_m07_regslice_0_in_context.xdc] for cell 'U0/video_router/m00_couplers/m00_regslice'
Parsing XDC File [z:/Vivado/CPRE488_git/cpre488-mp2/project_1/project_1.srcs/sources_1/bd/design_1/ip/design_1_v_proc_ss_1_0/bd_0/ip/ip_14/bd_197a_m01_regslice_0/bd_18aa_axis_register_slice_0_0_in_context.xdc] for cell 'U0/video_router/m01_couplers/m01_regslice'
Finished Parsing XDC File [z:/Vivado/CPRE488_git/cpre488-mp2/project_1/project_1.srcs/sources_1/bd/design_1/ip/design_1_v_proc_ss_1_0/bd_0/ip/ip_14/bd_197a_m01_regslice_0/bd_18aa_axis_register_slice_0_0_in_context.xdc] for cell 'U0/video_router/m01_couplers/m01_regslice'
Parsing XDC File [z:/Vivado/CPRE488_git/cpre488-mp2/project_1/project_1.srcs/sources_1/bd/design_1/ip/design_1_v_proc_ss_1_0/bd_0/ip/ip_21/bd_197a_auto_ss_slidr_0/bd_197a_auto_ss_slidr_0_in_context.xdc] for cell 'U0/video_router/m01_couplers/auto_ss_slidr'
Finished Parsing XDC File [z:/Vivado/CPRE488_git/cpre488-mp2/project_1/project_1.srcs/sources_1/bd/design_1/ip/design_1_v_proc_ss_1_0/bd_0/ip/ip_21/bd_197a_auto_ss_slidr_0/bd_197a_auto_ss_slidr_0_in_context.xdc] for cell 'U0/video_router/m01_couplers/auto_ss_slidr'
Parsing XDC File [z:/Vivado/CPRE488_git/cpre488-mp2/project_1/project_1.srcs/sources_1/bd/design_1/ip/design_1_v_proc_ss_1_0/bd_0/ip/ip_15/bd_197a_m02_regslice_0/bd_18aa_axis_register_slice_0_0_in_context.xdc] for cell 'U0/video_router/m02_couplers/m02_regslice'
Finished Parsing XDC File [z:/Vivado/CPRE488_git/cpre488-mp2/project_1/project_1.srcs/sources_1/bd/design_1/ip/design_1_v_proc_ss_1_0/bd_0/ip/ip_15/bd_197a_m02_regslice_0/bd_18aa_axis_register_slice_0_0_in_context.xdc] for cell 'U0/video_router/m02_couplers/m02_regslice'
Parsing XDC File [z:/Vivado/CPRE488_git/cpre488-mp2/project_1/project_1.srcs/sources_1/bd/design_1/ip/design_1_v_proc_ss_1_0/bd_0/ip/ip_22/bd_197a_auto_ss_slidr_1/bd_197a_auto_ss_slidr_1_in_context.xdc] for cell 'U0/video_router/m02_couplers/auto_ss_slidr'
Finished Parsing XDC File [z:/Vivado/CPRE488_git/cpre488-mp2/project_1/project_1.srcs/sources_1/bd/design_1/ip/design_1_v_proc_ss_1_0/bd_0/ip/ip_22/bd_197a_auto_ss_slidr_1/bd_197a_auto_ss_slidr_1_in_context.xdc] for cell 'U0/video_router/m02_couplers/auto_ss_slidr'
Parsing XDC File [z:/Vivado/CPRE488_git/cpre488-mp2/project_1/project_1.srcs/sources_1/bd/design_1/ip/design_1_v_proc_ss_1_0/bd_0/ip/ip_16/bd_197a_m04_regslice_0/bd_18aa_axis_register_slice_0_0_in_context.xdc] for cell 'U0/video_router/m04_couplers/m04_regslice'
Finished Parsing XDC File [z:/Vivado/CPRE488_git/cpre488-mp2/project_1/project_1.srcs/sources_1/bd/design_1/ip/design_1_v_proc_ss_1_0/bd_0/ip/ip_16/bd_197a_m04_regslice_0/bd_18aa_axis_register_slice_0_0_in_context.xdc] for cell 'U0/video_router/m04_couplers/m04_regslice'
Parsing XDC File [z:/Vivado/CPRE488_git/cpre488-mp2/project_1/project_1.srcs/sources_1/bd/design_1/ip/design_1_v_proc_ss_1_0/bd_0/ip/ip_23/bd_197a_auto_ss_slidr_2/bd_197a_auto_ss_slidr_2_in_context.xdc] for cell 'U0/video_router/m04_couplers/auto_ss_slidr'
Finished Parsing XDC File [z:/Vivado/CPRE488_git/cpre488-mp2/project_1/project_1.srcs/sources_1/bd/design_1/ip/design_1_v_proc_ss_1_0/bd_0/ip/ip_23/bd_197a_auto_ss_slidr_2/bd_197a_auto_ss_slidr_2_in_context.xdc] for cell 'U0/video_router/m04_couplers/auto_ss_slidr'
Parsing XDC File [z:/Vivado/CPRE488_git/cpre488-mp2/project_1/project_1.srcs/sources_1/bd/design_1/ip/design_1_v_proc_ss_1_0/bd_0/ip/ip_17/bd_197a_m05_regslice_0/bd_18aa_axis_register_slice_0_0_in_context.xdc] for cell 'U0/video_router/m05_couplers/m05_regslice'
Finished Parsing XDC File [z:/Vivado/CPRE488_git/cpre488-mp2/project_1/project_1.srcs/sources_1/bd/design_1/ip/design_1_v_proc_ss_1_0/bd_0/ip/ip_17/bd_197a_m05_regslice_0/bd_18aa_axis_register_slice_0_0_in_context.xdc] for cell 'U0/video_router/m05_couplers/m05_regslice'
Parsing XDC File [z:/Vivado/CPRE488_git/cpre488-mp2/project_1/project_1.srcs/sources_1/bd/design_1/ip/design_1_v_proc_ss_1_0/bd_0/ip/ip_24/bd_197a_auto_ss_slidr_3/bd_197a_auto_ss_slidr_3_in_context.xdc] for cell 'U0/video_router/m05_couplers/auto_ss_slidr'
Finished Parsing XDC File [z:/Vivado/CPRE488_git/cpre488-mp2/project_1/project_1.srcs/sources_1/bd/design_1/ip/design_1_v_proc_ss_1_0/bd_0/ip/ip_24/bd_197a_auto_ss_slidr_3/bd_197a_auto_ss_slidr_3_in_context.xdc] for cell 'U0/video_router/m05_couplers/auto_ss_slidr'
Parsing XDC File [z:/Vivado/CPRE488_git/cpre488-mp2/project_1/project_1.srcs/sources_1/bd/design_1/ip/design_1_v_proc_ss_1_0/bd_0/ip/ip_18/bd_197a_m06_regslice_0/bd_d86b_m07_regslice_0_in_context.xdc] for cell 'U0/video_router/m06_couplers/m06_regslice'
Finished Parsing XDC File [z:/Vivado/CPRE488_git/cpre488-mp2/project_1/project_1.srcs/sources_1/bd/design_1/ip/design_1_v_proc_ss_1_0/bd_0/ip/ip_18/bd_197a_m06_regslice_0/bd_d86b_m07_regslice_0_in_context.xdc] for cell 'U0/video_router/m06_couplers/m06_regslice'
Parsing XDC File [z:/Vivado/CPRE488_git/cpre488-mp2/project_1/project_1.srcs/sources_1/bd/design_1/ip/design_1_v_proc_ss_1_0/bd_0/ip/ip_19/bd_197a_m07_regslice_0/bd_d86b_m07_regslice_0_in_context.xdc] for cell 'U0/video_router/m07_couplers/m07_regslice'
Finished Parsing XDC File [z:/Vivado/CPRE488_git/cpre488-mp2/project_1/project_1.srcs/sources_1/bd/design_1/ip/design_1_v_proc_ss_1_0/bd_0/ip/ip_19/bd_197a_m07_regslice_0/bd_d86b_m07_regslice_0_in_context.xdc] for cell 'U0/video_router/m07_couplers/m07_regslice'
Parsing XDC File [z:/Vivado/CPRE488_git/cpre488-mp2/project_1/project_1.srcs/sources_1/bd/design_1/ip/design_1_v_proc_ss_1_0/bd_0/ip/ip_20/bd_197a_m08_regslice_0/bd_18aa_axis_register_slice_0_0_in_context.xdc] for cell 'U0/video_router/m08_couplers/m08_regslice'
Finished Parsing XDC File [z:/Vivado/CPRE488_git/cpre488-mp2/project_1/project_1.srcs/sources_1/bd/design_1/ip/design_1_v_proc_ss_1_0/bd_0/ip/ip_20/bd_197a_m08_regslice_0/bd_18aa_axis_register_slice_0_0_in_context.xdc] for cell 'U0/video_router/m08_couplers/m08_regslice'
Parsing XDC File [z:/Vivado/CPRE488_git/cpre488-mp2/project_1/project_1.srcs/sources_1/bd/design_1/ip/design_1_v_proc_ss_1_0/bd_0/ip/ip_25/bd_197a_auto_ss_slidr_4/bd_197a_auto_ss_slidr_4_in_context.xdc] for cell 'U0/video_router/m08_couplers/auto_ss_slidr'
Finished Parsing XDC File [z:/Vivado/CPRE488_git/cpre488-mp2/project_1/project_1.srcs/sources_1/bd/design_1/ip/design_1_v_proc_ss_1_0/bd_0/ip/ip_25/bd_197a_auto_ss_slidr_4/bd_197a_auto_ss_slidr_4_in_context.xdc] for cell 'U0/video_router/m08_couplers/auto_ss_slidr'
Parsing XDC File [z:/Vivado/CPRE488_git/cpre488-mp2/project_1/project_1.srcs/sources_1/bd/design_1/ip/design_1_v_proc_ss_1_0/design_1_v_proc_ss_1_0_ooc.xdc] for cell 'U0'
Finished Parsing XDC File [z:/Vivado/CPRE488_git/cpre488-mp2/project_1/project_1.srcs/sources_1/bd/design_1/ip/design_1_v_proc_ss_1_0/design_1_v_proc_ss_1_0_ooc.xdc] for cell 'U0'
Parsing XDC File [Z:/Vivado/CPRE488_git/cpre488-mp2/project_1/project_1.runs/design_1_v_proc_ss_1_0_synth_1/dont_touch.xdc]
Finished Parsing XDC File [Z:/Vivado/CPRE488_git/cpre488-mp2/project_1/project_1.runs/design_1_v_proc_ss_1_0_synth_1/dont_touch.xdc]
Completed Processing XDC Constraints

Netlist sorting complete. Time (s): cpu = 00:00:00 ; elapsed = 00:00:00.001 . Memory (MB): peak = 1215.656 ; gain = 0.000
INFO: [Project 1-111] Unisim Transformation Summary:
No Unisim elements were transformed.

Constraint Validation Runtime : Time (s): cpu = 00:00:00 ; elapsed = 00:00:00.121 . Memory (MB): peak = 1226.359 ; gain = 10.703
---------------------------------------------------------------------------------
Finished Constraint Validation : Time (s): cpu = 00:00:12 ; elapsed = 00:00:13 . Memory (MB): peak = 1226.359 ; gain = 191.141
---------------------------------------------------------------------------------
---------------------------------------------------------------------------------
Start Loading Part and Timing Information
---------------------------------------------------------------------------------
Loading part: xc7z020clg484-1
---------------------------------------------------------------------------------
Finished Loading Part and Timing Information : Time (s): cpu = 00:00:12 ; elapsed = 00:00:13 . Memory (MB): peak = 1226.359 ; gain = 191.141
---------------------------------------------------------------------------------
---------------------------------------------------------------------------------
Start Applying 'set_property' XDC Constraints
---------------------------------------------------------------------------------
Applied set_property DONT_TOUCH = true for U0. (constraint file  auto generated constraint, line ).
Applied set_property DONT_TOUCH = true for U0/smartconnect_0. (constraint file  auto generated constraint, line ).
Applied set_property DONT_TOUCH = true for U0/vsc. (constraint file  auto generated constraint, line ).
Applied set_property DONT_TOUCH = true for U0/hsc. (constraint file  auto generated constraint, line ).
Applied set_property DONT_TOUCH = true for U0/input_size_set. (constraint file  auto generated constraint, line ).
Applied set_property DONT_TOUCH = true for U0/ltr. (constraint file  auto generated constraint, line ).
Applied set_property DONT_TOUCH = true for U0/csc. (constraint file  auto generated constraint, line ).
Applied set_property DONT_TOUCH = true for U0/proc_ss_ip_aresetn. (constraint file  auto generated constraint, line ).
Applied set_property DONT_TOUCH = true for U0/vid_in_aresetn. (constraint file  auto generated constraint, line ).
Applied set_property DONT_TOUCH = true for U0/video_router/xbar. (constraint file  auto generated constraint, line ).
Applied set_property DONT_TOUCH = true for U0/video_router. (constraint file  auto generated constraint, line ).
Applied set_property DONT_TOUCH = true for U0/reset_sel_axis. (constraint file  auto generated constraint, line ).
Applied set_property DONT_TOUCH = true for U0/rst_axis. (constraint file  auto generated constraint, line ).
Applied set_property DONT_TOUCH = true for U0/hcr. (constraint file  auto generated constraint, line ).
Applied set_property DONT_TOUCH = true for U0/video_router/s00_couplers/auto_ss_slid. (constraint file  auto generated constraint, line ).
Applied set_property DONT_TOUCH = true for U0/video_router/s01_couplers/auto_ss_slid. (constraint file  auto generated constraint, line ).
Applied set_property DONT_TOUCH = true for U0/video_router/s02_couplers/auto_ss_slid. (constraint file  auto generated constraint, line ).
Applied set_property DONT_TOUCH = true for U0/video_router/s04_couplers/auto_ss_slid. (constraint file  auto generated constraint, line ).
Applied set_property DONT_TOUCH = true for U0/video_router/s05_couplers/auto_ss_slid. (constraint file  auto generated constraint, line ).
Applied set_property DONT_TOUCH = true for U0/video_router/s08_couplers/auto_ss_slid. (constraint file  auto generated constraint, line ).
Applied set_property DONT_TOUCH = true for U0/video_router/m00_couplers/m00_regslice. (constraint file  auto generated constraint, line ).
Applied set_property DONT_TOUCH = true for U0/video_router/m01_couplers/m01_regslice. (constraint file  auto generated constraint, line ).
Applied set_property DONT_TOUCH = true for U0/video_router/m01_couplers/auto_ss_slidr. (constraint file  auto generated constraint, line ).
Applied set_property DONT_TOUCH = true for U0/video_router/m02_couplers/m02_regslice. (constraint file  auto generated constraint, line ).
Applied set_property DONT_TOUCH = true for U0/video_router/m02_couplers/auto_ss_slidr. (constraint file  auto generated constraint, line ).
Applied set_property DONT_TOUCH = true for U0/video_router/m04_couplers/m04_regslice. (constraint file  auto generated constraint, line ).
Applied set_property DONT_TOUCH = true for U0/video_router/m04_couplers/auto_ss_slidr. (constraint file  auto generated constraint, line ).
Applied set_property DONT_TOUCH = true for U0/video_router/m05_couplers/m05_regslice. (constraint file  auto generated constraint, line ).
Applied set_property DONT_TOUCH = true for U0/video_router/m05_couplers/auto_ss_slidr. (constraint file  auto generated constraint, line ).
Applied set_property DONT_TOUCH = true for U0/video_router/m06_couplers/m06_regslice. (constraint file  auto generated constraint, line ).
Applied set_property DONT_TOUCH = true for U0/video_router/m07_couplers/m07_regslice. (constraint file  auto generated constraint, line ).
Applied set_property DONT_TOUCH = true for U0/video_router/m08_couplers/m08_regslice. (constraint file  auto generated constraint, line ).
Applied set_property DONT_TOUCH = true for U0/video_router/m08_couplers/auto_ss_slidr. (constraint file  auto generated constraint, line ).
---------------------------------------------------------------------------------
Finished applying 'set_property' XDC Constraints : Time (s): cpu = 00:00:12 ; elapsed = 00:00:13 . Memory (MB): peak = 1226.359 ; gain = 191.141
---------------------------------------------------------------------------------
---------------------------------------------------------------------------------
Finished RTL Optimization Phase 2 : Time (s): cpu = 00:00:12 ; elapsed = 00:00:13 . Memory (MB): peak = 1226.359 ; gain = 191.141
---------------------------------------------------------------------------------
---------------------------------------------------------------------------------
Start RTL Component Statistics 
---------------------------------------------------------------------------------
Detailed RTL Component Info : 
---------------------------------------------------------------------------------
Finished RTL Component Statistics 
---------------------------------------------------------------------------------
---------------------------------------------------------------------------------
Start Part Resource Summary
---------------------------------------------------------------------------------
Part Resources:
DSPs: 220 (col length:60)
BRAMs: 280 (col length: RAMB18 60 RAMB36 30)
---------------------------------------------------------------------------------
Finished Part Resource Summary
---------------------------------------------------------------------------------
---------------------------------------------------------------------------------
Start Cross Boundary and Area Optimization
---------------------------------------------------------------------------------
---------------------------------------------------------------------------------
Finished Cross Boundary and Area Optimization : Time (s): cpu = 00:00:14 ; elapsed = 00:00:14 . Memory (MB): peak = 1226.359 ; gain = 191.141
---------------------------------------------------------------------------------
---------------------------------------------------------------------------------
Start Applying XDC Timing Constraints
---------------------------------------------------------------------------------
---------------------------------------------------------------------------------
Finished Applying XDC Timing Constraints : Time (s): cpu = 00:00:20 ; elapsed = 00:00:21 . Memory (MB): peak = 1226.359 ; gain = 191.141
---------------------------------------------------------------------------------
---------------------------------------------------------------------------------
Start Timing Optimization
---------------------------------------------------------------------------------
---------------------------------------------------------------------------------
Finished Timing Optimization : Time (s): cpu = 00:00:20 ; elapsed = 00:00:21 . Memory (MB): peak = 1226.359 ; gain = 191.141
---------------------------------------------------------------------------------
---------------------------------------------------------------------------------
Start Technology Mapping
---------------------------------------------------------------------------------
---------------------------------------------------------------------------------
Finished Technology Mapping : Time (s): cpu = 00:00:20 ; elapsed = 00:00:21 . Memory (MB): peak = 1230.770 ; gain = 195.551
---------------------------------------------------------------------------------
---------------------------------------------------------------------------------
Start IO Insertion
---------------------------------------------------------------------------------
---------------------------------------------------------------------------------
Start Flattening Before IO Insertion
---------------------------------------------------------------------------------
---------------------------------------------------------------------------------
Finished Flattening Before IO Insertion
---------------------------------------------------------------------------------
---------------------------------------------------------------------------------
Start Final Netlist Cleanup
---------------------------------------------------------------------------------
---------------------------------------------------------------------------------
Finished Final Netlist Cleanup
---------------------------------------------------------------------------------
---------------------------------------------------------------------------------
Finished IO Insertion : Time (s): cpu = 00:00:23 ; elapsed = 00:00:24 . Memory (MB): peak = 1237.539 ; gain = 202.320
---------------------------------------------------------------------------------
---------------------------------------------------------------------------------
Start Renaming Generated Instances
---------------------------------------------------------------------------------
---------------------------------------------------------------------------------
Finished Renaming Generated Instances : Time (s): cpu = 00:00:23 ; elapsed = 00:00:24 . Memory (MB): peak = 1237.539 ; gain = 202.320
---------------------------------------------------------------------------------
---------------------------------------------------------------------------------
Start Rebuilding User Hierarchy
---------------------------------------------------------------------------------
---------------------------------------------------------------------------------
Finished Rebuilding User Hierarchy : Time (s): cpu = 00:00:23 ; elapsed = 00:00:24 . Memory (MB): peak = 1237.539 ; gain = 202.320
---------------------------------------------------------------------------------
---------------------------------------------------------------------------------
Start Renaming Generated Ports
---------------------------------------------------------------------------------
---------------------------------------------------------------------------------
Finished Renaming Generated Ports : Time (s): cpu = 00:00:23 ; elapsed = 00:00:25 . Memory (MB): peak = 1237.539 ; gain = 202.320
---------------------------------------------------------------------------------
---------------------------------------------------------------------------------
Start Handling Custom Attributes
---------------------------------------------------------------------------------
---------------------------------------------------------------------------------
Finished Handling Custom Attributes : Time (s): cpu = 00:00:23 ; elapsed = 00:00:25 . Memory (MB): peak = 1237.539 ; gain = 202.320
---------------------------------------------------------------------------------
---------------------------------------------------------------------------------
Start Renaming Generated Nets
---------------------------------------------------------------------------------
---------------------------------------------------------------------------------
Finished Renaming Generated Nets : Time (s): cpu = 00:00:23 ; elapsed = 00:00:25 . Memory (MB): peak = 1237.539 ; gain = 202.320
---------------------------------------------------------------------------------
---------------------------------------------------------------------------------
Start Writing Synthesis Report
---------------------------------------------------------------------------------

Report BlackBoxes: 
+------+-------------------------+----------+
|      |BlackBox name            |Instances |
+------+-------------------------+----------+
|1     |bd_197a_xbar_0           |         1|
|2     |bd_197a_m00_regslice_0   |         1|
|3     |bd_197a_auto_ss_slidr_0  |         1|
|4     |bd_197a_m01_regslice_0   |         1|
|5     |bd_197a_auto_ss_slidr_1  |         1|
|6     |bd_197a_m02_regslice_0   |         1|
|7     |bd_197a_auto_ss_slidr_2  |         1|
|8     |bd_197a_m04_regslice_0   |         1|
|9     |bd_197a_auto_ss_slidr_3  |         1|
|10    |bd_197a_m05_regslice_0   |         1|
|11    |bd_197a_m06_regslice_0   |         1|
|12    |bd_197a_m07_regslice_0   |         1|
|13    |bd_197a_auto_ss_slidr_4  |         1|
|14    |bd_197a_m08_regslice_0   |         1|
|15    |bd_197a_auto_ss_slid_0   |         1|
|16    |bd_197a_auto_ss_slid_1   |         1|
|17    |bd_197a_auto_ss_slid_2   |         1|
|18    |bd_197a_auto_ss_slid_3   |         1|
|19    |bd_197a_auto_ss_slid_4   |         1|
|20    |bd_197a_auto_ss_slid_5   |         1|
|21    |bd_197a_csc_0            |         1|
|22    |bd_197a_hcr_0            |         1|
|23    |bd_197a_hsc_0            |         1|
|24    |bd_197a_input_size_set_0 |         1|
|25    |bd_197a_ltr_0            |         1|
|26    |bd_197a_reset_sel_axis_0 |         1|
|27    |bd_197a_rst_axis_0       |         1|
|28    |bd_197a_smartconnect_0_0 |         1|
|29    |bd_197a_vsc_0            |         1|
+------+-------------------------+----------+

Report Cell Usage: 
+------+------------------------------+------+
|      |Cell                          |Count |
+------+------------------------------+------+
|1     |bd_197a_auto_ss_slid_0_bbox   |     1|
|2     |bd_197a_auto_ss_slid_1_bbox   |     1|
|3     |bd_197a_auto_ss_slid_2_bbox   |     1|
|4     |bd_197a_auto_ss_slid_3_bbox   |     1|
|5     |bd_197a_auto_ss_slid_4_bbox   |     1|
|6     |bd_197a_auto_ss_slid_5_bbox   |     1|
|7     |bd_197a_auto_ss_slidr_0_bbox  |     1|
|8     |bd_197a_auto_ss_slidr_1_bbox  |     1|
|9     |bd_197a_auto_ss_slidr_2_bbox  |     1|
|10    |bd_197a_auto_ss_slidr_3_bbox  |     1|
|11    |bd_197a_auto_ss_slidr_4_bbox  |     1|
|12    |bd_197a_csc_0_bbox            |     1|
|13    |bd_197a_hcr_0_bbox            |     1|
|14    |bd_197a_hsc_0_bbox            |     1|
|15    |bd_197a_input_size_set_0_bbox |     1|
|16    |bd_197a_ltr_0_bbox            |     1|
|17    |bd_197a_m00_regslice_0_bbox   |     1|
|18    |bd_197a_m01_regslice_0_bbox   |     1|
|19    |bd_197a_m02_regslice_0_bbox   |     1|
|20    |bd_197a_m04_regslice_0_bbox   |     1|
|21    |bd_197a_m05_regslice_0_bbox   |     1|
|22    |bd_197a_m06_regslice_0_bbox   |     1|
|23    |bd_197a_m07_regslice_0_bbox   |     1|
|24    |bd_197a_m08_regslice_0_bbox   |     1|
|25    |bd_197a_reset_sel_axis_0_bbox |     1|
|26    |bd_197a_rst_axis_0_bbox       |     1|
|27    |bd_197a_smartconnect_0_0_bbox |     1|
|28    |bd_197a_vsc_0_bbox            |     1|
|29    |bd_197a_xbar_0_bbox           |     1|
+------+------------------------------+------+
---------------------------------------------------------------------------------
Finished Writing Synthesis Report : Time (s): cpu = 00:00:23 ; elapsed = 00:00:25 . Memory (MB): peak = 1237.539 ; gain = 202.320
---------------------------------------------------------------------------------
Synthesis finished with 0 errors, 0 critical warnings and 0 warnings.
Synthesis Optimization Runtime : Time (s): cpu = 00:00:16 ; elapsed = 00:00:22 . Memory (MB): peak = 1237.539 ; gain = 119.480
Synthesis Optimization Complete : Time (s): cpu = 00:00:24 ; elapsed = 00:00:25 . Memory (MB): peak = 1237.539 ; gain = 202.320
INFO: [Project 1-571] Translating synthesized netlist
Netlist sorting complete. Time (s): cpu = 00:00:00 ; elapsed = 00:00:00.037 . Memory (MB): peak = 1237.539 ; gain = 0.000
INFO: [Project 1-570] Preparing netlist for logic optimization
INFO: [Opt 31-138] Pushed 0 inverter(s) to 0 load pin(s).
Netlist sorting complete. Time (s): cpu = 00:00:00 ; elapsed = 00:00:00 . Memory (MB): peak = 1256.230 ; gain = 0.000
INFO: [Project 1-111] Unisim Transformation Summary:
No Unisim elements were transformed.

INFO: [Common 17-83] Releasing license: Synthesis
131 Infos, 6 Warnings, 0 Critical Warnings and 0 Errors encountered.
synth_design completed successfully
synth_design: Time (s): cpu = 00:00:30 ; elapsed = 00:00:32 . Memory (MB): peak = 1262.234 ; gain = 227.016
INFO: [Common 17-1381] The checkpoint 'Z:/Vivado/CPRE488_git/cpre488-mp2/project_1/project_1.runs/design_1_v_proc_ss_1_0_synth_1/design_1_v_proc_ss_1_0.dcp' has been generated.
WARNING: [Common 17-576] 'use_project_ipc' is deprecated. This option is deprecated and no longer used.
INFO: [Coretcl 2-1648] Added synthesis output to IP cache for IP design_1_v_proc_ss_1_0, cache-ID = 79aecfaa56d385c5
INFO: [Coretcl 2-1174] Renamed 47 cell refs.
INFO: [Common 17-1381] The checkpoint 'Z:/Vivado/CPRE488_git/cpre488-mp2/project_1/project_1.runs/design_1_v_proc_ss_1_0_synth_1/design_1_v_proc_ss_1_0.dcp' has been generated.
INFO: [runtcl-4] Executing : report_utilization -file design_1_v_proc_ss_1_0_utilization_synth.rpt -pb design_1_v_proc_ss_1_0_utilization_synth.pb
INFO: [Common 17-206] Exiting Vivado at Mon Mar 10 07:08:15 2025...
