
****** Vivado(TM) HLS - High-Level Synthesis from C, C++ and SystemC v2020.1 (64-bit)
  **** SW Build 2902540 on Wed May 27 19:54:49 MDT 2020
  **** IP Build 2902112 on Wed May 27 22:43:36 MDT 2020
    ** Copyright 1986-2020 Xilinx, Inc. All Rights Reserved.

source C:/Xilinx/Vivado/2020.1/scripts/vivado_hls/hls.tcl -notrace
INFO: Applying HLS Y2K22 patch v1.2 for IP revision
INFO: [HLS 200-10] Running 'C:/Xilinx/Vivado/2020.1/bin/unwrapped/win64.o/vivado_hls.exe'
INFO: [HLS 200-10] For user 'jaxie963' on host 'co2041-04' (Windows NT_amd64 version 6.2) on Sun Mar 09 22:33:30 -0500 2025
INFO: [HLS 200-10] In directory 'C:/Users/jaxie963/Temp/cpre488-mp2/project_1/project_1.runs/bd_18aa_vsc_0_synth_1'
Sourcing Tcl script 'C:/Users/jaxie963/Temp/cpre488-mp2/project_1/project_1.runs/bd_18aa_vsc_0_synth_1/runhls.tcl'
INFO: [HLS 200-10] Creating and opening project 'C:/Users/jaxie963/Temp/cpre488-mp2/project_1/project_1.runs/bd_18aa_vsc_0_synth_1/bd_18aa_vsc_0'.
INFO: [HLS 200-10] Adding design file 'c:/Users/jaxie963/Temp/cpre488-mp2/project_1/project_1.srcs/sources_1/bd/design_1/ip/design_1_v_proc_ss_0_2/bd_0/ip/ip_1/src/v_vscaler_config.h' to the project
INFO: [HLS 200-10] Adding design file 'c:/Users/jaxie963/Temp/cpre488-mp2/project_1/project_1.srcs/sources_1/bd/design_1/ip/design_1_v_proc_ss_0_2/bd_0/ip/ip_1/src/v_vscaler.cpp' to the project
INFO: [HLS 200-10] Adding design file 'c:/Users/jaxie963/Temp/cpre488-mp2/project_1/project_1.srcs/sources_1/bd/design_1/ip/design_1_v_proc_ss_0_2/bd_0/ip/ip_1/src/v_vscaler.h' to the project
INFO: [HLS 200-10] Adding design file 'c:/Users/jaxie963/Temp/cpre488-mp2/project_1/project_1.srcs/sources_1/bd/design_1/ip/design_1_v_proc_ss_0_2/bd_0/ip/ip_1/src/hls_video.h' to the project
INFO: [HLS 200-10] Adding design file 'c:/Users/jaxie963/Temp/cpre488-mp2/project_1/project_1.srcs/sources_1/bd/design_1/ip/design_1_v_proc_ss_0_2/bd_0/ip/ip_1/src/hls_opencv.h' to the project
INFO: [HLS 200-10] Adding design file 'c:/Users/jaxie963/Temp/cpre488-mp2/project_1/project_1.srcs/sources_1/bd/design_1/ip/design_1_v_proc_ss_0_2/bd_0/ip/ip_1/src/hls/hls_axi_io.h' to the project
INFO: [HLS 200-10] Adding design file 'c:/Users/jaxie963/Temp/cpre488-mp2/project_1/project_1.srcs/sources_1/bd/design_1/ip/design_1_v_proc_ss_0_2/bd_0/ip/ip_1/src/hls/hls_video_arithm.h' to the project
INFO: [HLS 200-10] Adding design file 'c:/Users/jaxie963/Temp/cpre488-mp2/project_1/project_1.srcs/sources_1/bd/design_1/ip/design_1_v_proc_ss_0_2/bd_0/ip/ip_1/src/hls/hls_video_core.h' to the project
INFO: [HLS 200-10] Adding design file 'c:/Users/jaxie963/Temp/cpre488-mp2/project_1/project_1.srcs/sources_1/bd/design_1/ip/design_1_v_proc_ss_0_2/bd_0/ip/ip_1/src/hls/hls_video_fast.h' to the project
INFO: [HLS 200-10] Adding design file 'c:/Users/jaxie963/Temp/cpre488-mp2/project_1/project_1.srcs/sources_1/bd/design_1/ip/design_1_v_proc_ss_0_2/bd_0/ip/ip_1/src/hls/hls_video_haar.h' to the project
INFO: [HLS 200-10] Adding design file 'c:/Users/jaxie963/Temp/cpre488-mp2/project_1/project_1.srcs/sources_1/bd/design_1/ip/design_1_v_proc_ss_0_2/bd_0/ip/ip_1/src/hls/hls_video_harris.h' to the project
INFO: [HLS 200-10] Adding design file 'c:/Users/jaxie963/Temp/cpre488-mp2/project_1/project_1.srcs/sources_1/bd/design_1/ip/design_1_v_proc_ss_0_2/bd_0/ip/ip_1/src/hls/hls_video_histogram.h' to the project
INFO: [HLS 200-10] Adding design file 'c:/Users/jaxie963/Temp/cpre488-mp2/project_1/project_1.srcs/sources_1/bd/design_1/ip/design_1_v_proc_ss_0_2/bd_0/ip/ip_1/src/hls/hls_video_hough.h' to the project
INFO: [HLS 200-10] Adding design file 'c:/Users/jaxie963/Temp/cpre488-mp2/project_1/project_1.srcs/sources_1/bd/design_1/ip/design_1_v_proc_ss_0_2/bd_0/ip/ip_1/src/hls/hls_video_imgbase.h' to the project
INFO: [HLS 200-10] Adding design file 'c:/Users/jaxie963/Temp/cpre488-mp2/project_1/project_1.srcs/sources_1/bd/design_1/ip/design_1_v_proc_ss_0_2/bd_0/ip/ip_1/src/hls/hls_video_imgproc.h' to the project
INFO: [HLS 200-10] Adding design file 'c:/Users/jaxie963/Temp/cpre488-mp2/project_1/project_1.srcs/sources_1/bd/design_1/ip/design_1_v_proc_ss_0_2/bd_0/ip/ip_1/src/hls/hls_video_io.h' to the project
INFO: [HLS 200-10] Adding design file 'c:/Users/jaxie963/Temp/cpre488-mp2/project_1/project_1.srcs/sources_1/bd/design_1/ip/design_1_v_proc_ss_0_2/bd_0/ip/ip_1/src/hls/hls_video_mem.h' to the project
INFO: [HLS 200-10] Adding design file 'c:/Users/jaxie963/Temp/cpre488-mp2/project_1/project_1.srcs/sources_1/bd/design_1/ip/design_1_v_proc_ss_0_2/bd_0/ip/ip_1/src/hls/hls_video_stereobm.h' to the project
INFO: [HLS 200-10] Adding design file 'c:/Users/jaxie963/Temp/cpre488-mp2/project_1/project_1.srcs/sources_1/bd/design_1/ip/design_1_v_proc_ss_0_2/bd_0/ip/ip_1/src/hls/hls_video_types.h' to the project
INFO: [HLS 200-10] Adding design file 'c:/Users/jaxie963/Temp/cpre488-mp2/project_1/project_1.srcs/sources_1/bd/design_1/ip/design_1_v_proc_ss_0_2/bd_0/ip/ip_1/src/hls/hls_video_undistort.h' to the project
INFO: [HLS 200-10] Creating and opening solution 'C:/Users/jaxie963/Temp/cpre488-mp2/project_1/project_1.runs/bd_18aa_vsc_0_synth_1/bd_18aa_vsc_0/prj'.
INFO: [HLS 200-10] Setting target device to 'xc7z020-clg484-1'
INFO: [SYN 201-201] Setting up clock 'ap_clk' with a period of 6.734ns.
INFO: [XFORM 203-701] Set the default channel type in dataflow to FIFO.
INFO: [SCHED 204-61] Option 'relax_ii_for_timing' is enabled, will increase II to preserve clock frequency constraints.
INFO: [HLS 200-10] Analyzing design file 'c:/Users/jaxie963/Temp/cpre488-mp2/project_1/project_1.srcs/sources_1/bd/design_1/ip/design_1_v_proc_ss_0_2/bd_0/ip/ip_1/src/v_vscaler.cpp' ... 
INFO: [HLS 200-111] Finished Linking Time (s): cpu = 00:00:02 ; elapsed = 00:00:23 . Memory (MB): peak = 887.055 ; gain = 790.637
INFO: [HLS 200-111] Finished Checking Pragmas Time (s): cpu = 00:00:02 ; elapsed = 00:00:23 . Memory (MB): peak = 887.055 ; gain = 790.637
INFO: [HLS 200-10] Starting code transformations ...
INFO: [XFORM 203-603] Inlining function 'hls::AXIGetBitFields<24, ap_uint<8> >.1' into 'hls::AXIGetBitFields<24, ap_uint<8> >' (c:/Users/jaxie963/Temp/cpre488-mp2/project_1/project_1.srcs/sources_1/bd/design_1/ip/design_1_v_proc_ss_0_2/bd_0/ip/ip_1/src/hls/hls_axi_io.h:71).
INFO: [XFORM 203-603] Inlining function 'hls::AXIGetBitFields<24, ap_uint<8> >' into 'AXIvideo2MultiPixStream' (c:/Users/jaxie963/Temp/cpre488-mp2/project_1/project_1.srcs/sources_1/bd/design_1/ip/design_1_v_proc_ss_0_2/bd_0/ip/ip_1/src/v_vscaler.cpp:816).
INFO: [XFORM 203-603] Inlining function 'hls::AXIGetBitFields<24, ap_uint<8> >' into 'AXIvideo2MultiPixStream' (c:/Users/jaxie963/Temp/cpre488-mp2/project_1/project_1.srcs/sources_1/bd/design_1/ip/design_1_v_proc_ss_0_2/bd_0/ip/ip_1/src/v_vscaler.cpp:820).
INFO: [XFORM 203-603] Inlining function 'hls::AXIGetBitFields<24, ap_uint<8> >' into 'AXIvideo2MultiPixStream' (c:/Users/jaxie963/Temp/cpre488-mp2/project_1/project_1.srcs/sources_1/bd/design_1/ip/design_1_v_proc_ss_0_2/bd_0/ip/ip_1/src/v_vscaler.cpp:824).
INFO: [XFORM 203-603] Inlining function 'hls::LineBuffer<6, 3840, ap_uint<24>, 0>::getval' into 'vscale_core_polyphase' (c:/Users/jaxie963/Temp/cpre488-mp2/project_1/project_1.srcs/sources_1/bd/design_1/ip/design_1_v_proc_ss_0_2/bd_0/ip/ip_1/src/v_vscaler.cpp:285).
INFO: [XFORM 203-603] Inlining function 'hls::LineBuffer<6, 3840, ap_uint<24>, 0>::insert_top_row' into 'hls::LineBuffer<6, 3840, ap_uint<24>, 0>::insert_bottom' (c:/Users/jaxie963/Temp/cpre488-mp2/project_1/project_1.srcs/sources_1/bd/design_1/ip/design_1_v_proc_ss_0_2/bd_0/ip/ip_1/src/hls/hls_video_mem.h:873).
INFO: [XFORM 203-603] Inlining function 'hls::LineBuffer<6, 3840, ap_uint<24>, 0>::insert_bottom' into 'vscale_core_polyphase' (c:/Users/jaxie963/Temp/cpre488-mp2/project_1/project_1.srcs/sources_1/bd/design_1/ip/design_1_v_proc_ss_0_2/bd_0/ip/ip_1/src/v_vscaler.cpp:313).
INFO: [XFORM 203-603] Inlining function 'vscale_polyphase' into 'vscale_core_polyphase' (c:/Users/jaxie963/Temp/cpre488-mp2/project_1/project_1.srcs/sources_1/bd/design_1/ip/design_1_v_proc_ss_0_2/bd_0/ip/ip_1/src/v_vscaler.cpp:340).
INFO: [HLS 200-111] Finished Standard Transforms Time (s): cpu = 00:00:02 ; elapsed = 00:00:25 . Memory (MB): peak = 887.055 ; gain = 790.637
INFO: [HLS 200-10] Checking synthesizability ...
WARNING: [SYNCHK 200-23] c:/Users/jaxie963/Temp/cpre488-mp2/project_1/project_1.srcs/sources_1/bd/design_1/ip/design_1_v_proc_ss_0_2/bd_0/ip/ip_1/src/v_vscaler.cpp:291: variable-indexed range selection may cause suboptimal QoR.
INFO: [SYNCHK 200-10] 0 error(s), 1 warning(s).
INFO: [HLS 200-111] Finished Checking Synthesizability Time (s): cpu = 00:00:02 ; elapsed = 00:00:25 . Memory (MB): peak = 887.055 ; gain = 790.637
INFO: [XFORM 203-502] Unrolling all sub-loops inside loop 'loop_width_for_procpix' in function 'vscale_core_polyphase' for pipelining.
INFO: [XFORM 203-502] Unrolling all sub-loops inside loop 'Loop-1.1' in function 'MultiPixStream2AXIvideo' for pipelining.
INFO: [XFORM 203-502] Unrolling all sub-loops inside loop 'loop_width' in function 'AXIvideo2MultiPixStream' for pipelining.
INFO: [HLS 200-489] Unrolling loop 'Loop-3.1.1' in function 'vscale_core_polyphase' completely with a factor of 6.
INFO: [HLS 200-489] Unrolling loop 'Loop-3.1.1.1' in function 'vscale_core_polyphase' completely with a factor of 1.
INFO: [HLS 200-489] Unrolling loop 'Loop-3.1.1.1.1' in function 'vscale_core_polyphase' completely with a factor of 3.
INFO: [HLS 200-489] Unrolling loop 'Loop-3.1.2' in function 'vscale_core_polyphase' completely with a factor of 5.
INFO: [HLS 200-489] Unrolling loop 'Loop-3.1.2.1' in function 'vscale_core_polyphase' completely with a factor of 3.
INFO: [HLS 200-489] Unrolling loop 'Loop-3.1.3' in function 'vscale_core_polyphase' completely with a factor of 3.
INFO: [HLS 200-489] Unrolling loop 'Loop-3.1.4' in function 'vscale_core_polyphase' completely with a factor of 1.
INFO: [HLS 200-489] Unrolling loop 'Loop-3.1.4.1' in function 'vscale_core_polyphase' completely with a factor of 3.
INFO: [HLS 200-489] Unrolling loop 'Loop-3.1.5' in function 'vscale_core_polyphase' completely with a factor of 3.
INFO: [HLS 200-489] Unrolling loop 'Loop-3.1.6' in function 'vscale_core_polyphase' completely with a factor of 5.
INFO: [HLS 200-489] Unrolling loop 'Loop-3.1.6.1' in function 'vscale_core_polyphase' completely with a factor of 1.
INFO: [HLS 200-489] Unrolling loop 'Loop-3.1.6.1.1' in function 'vscale_core_polyphase' completely with a factor of 3.
INFO: [HLS 200-489] Unrolling loop 'Loop-3.1.7' in function 'vscale_core_polyphase' completely with a factor of 1.
INFO: [HLS 200-489] Unrolling loop 'Loop-3.1.7.1' in function 'vscale_core_polyphase' completely with a factor of 3.
INFO: [HLS 200-489] Unrolling loop 'Loop-3.1.7.1.1' in function 'vscale_core_polyphase' completely with a factor of 6.
INFO: [HLS 200-489] Unrolling loop 'Loop-1.1.1' in function 'MultiPixStream2AXIvideo' completely with a factor of 3.
INFO: [HLS 200-489] Unrolling loop 'Loop-1.1.2' in function 'MultiPixStream2AXIvideo' completely with a factor of 1.
INFO: [HLS 200-489] Unrolling loop 'Loop-1.1.2.1' in function 'MultiPixStream2AXIvideo' completely with a factor of 3.
INFO: [HLS 200-489] Unrolling loop 'Loop-2.1.1' in function 'AXIvideo2MultiPixStream' completely with a factor of 1.
INFO: [HLS 200-489] Unrolling loop 'Loop-2.1.1.1' in function 'AXIvideo2MultiPixStream' completely with a factor of 3.
INFO: [XFORM 203-102] Partitioning array 'PixArrayVal.val.V' automatically.
INFO: [XFORM 203-102] Automatically partitioning streamed array 'SrcYUV.V.val.V' .
INFO: [XFORM 203-102] Automatically partitioning streamed array 'OutYUV.V.val.V' .
INFO: [XFORM 203-101] Partitioning array 'map' in dimension 1 completely.
INFO: [XFORM 203-712] Applying dataflow to function 'v_vscaler' , detected/extracted 4 process function(s): 
	 'AXIvideo2MultiPixStream'
	 'vscale_core_polyphase'
	 'Block_._crit_edge858_proc'
	 'MultiPixStream2AXIvideo'.
INFO: [XFORM 203-401] Performing if-conversion on hyperblock in function 'vscale_core_polyphase'... converting 7 basic blocks.
INFO: [XFORM 203-401] Performing if-conversion on hyperblock in function 'vscale_core_polyphase'... converting 6 basic blocks.
INFO: [XFORM 203-401] Performing if-conversion on hyperblock in function 'AXIvideo2MultiPixStream'... converting 13 basic blocks.
INFO: [HLS 200-111] Finished Pre-synthesis Time (s): cpu = 00:00:03 ; elapsed = 00:00:27 . Memory (MB): peak = 887.055 ; gain = 790.637
WARNING: [XFORM 203-631] Renaming function 'vscale_core_polyphase' to 'vscale_core_polyphas' 
WARNING: [XFORM 203-631] Renaming function 'MultiPixStream2AXIvideo' to 'MultiPixStream2AXIvi' 
WARNING: [XFORM 203-631] Renaming function 'Block_._crit_edge858_proc' to 'Block_._crit_edge858' 
WARNING: [XFORM 203-631] Renaming function 'AXIvideo2MultiPixStream' to 'AXIvideo2MultiPixStr' 
WARNING: [ANALYSIS 214-52] Found false inter dependency for variable 'LineBuf.val[0].V'.
WARNING: [ANALYSIS 214-52] Found false inter dependency for variable 'LineBuf.val[2].V'.
WARNING: [ANALYSIS 214-52] Found false inter dependency for variable 'LineBuf.val[1].V'.
WARNING: [ANALYSIS 214-52] Found false inter dependency for variable 'LineBuf.val[3].V'.
WARNING: [ANALYSIS 214-52] Found false inter dependency for variable 'LineBuf.val[5].V'.
WARNING: [ANALYSIS 214-52] Found false inter dependency for variable 'LineBuf.val[4].V'.
WARNING: [ANALYSIS 214-52] Found false intra dependency for variable 'LineBuf.val[0].V'.
WARNING: [ANALYSIS 214-52] Found false intra dependency for variable 'LineBuf.val[2].V'.
WARNING: [ANALYSIS 214-52] Found false intra dependency for variable 'LineBuf.val[1].V'.
WARNING: [ANALYSIS 214-52] Found false intra dependency for variable 'LineBuf.val[3].V'.
WARNING: [ANALYSIS 214-52] Found false intra dependency for variable 'LineBuf.val[5].V'.
WARNING: [ANALYSIS 214-52] Found false intra dependency for variable 'LineBuf.val[4].V'.
INFO: [HLS 200-472] Inferring partial write operation for 'LineBuf.val[0].V' 
INFO: [HLS 200-472] Inferring partial write operation for 'LineBuf.val[5].V' 
INFO: [HLS 200-472] Inferring partial write operation for 'FiltCoeff[0]' 
INFO: [HLS 200-111] Finished Architecture Synthesis Time (s): cpu = 00:00:04 ; elapsed = 00:00:29 . Memory (MB): peak = 887.055 ; gain = 790.637
INFO: [HLS 200-10] Starting hardware synthesis ...
INFO: [HLS 200-10] Synthesizing 'v_vscaler' ...
WARNING: [SYN 201-103] Legalizing function name 'reg<unsigned short>' to 'reg_unsigned_short_s'.
WARNING: [SYN 201-103] Legalizing function name 'Block_._crit_edge858' to 'Block_crit_edge858'.
INFO: [HLS 200-10] ----------------------------------------------------------------
INFO: [HLS 200-42] -- Implementing module 'reg_unsigned_short_s' 
INFO: [HLS 200-10] ----------------------------------------------------------------
INFO: [SCHED 204-11] Starting scheduling ...
###	 Num	NTree	NLUT	EssAll	EssLUT	Size	MSize	Lev	MLev	Sel	Phy 
####	 0	0	0	2	0	-nan(ind)	0	-nan(ind)	0	0	0
INFO: [SCHED 204-11] Generating True dependence constraints ... 
INFO: [SCHED 204-11] Generating Auxiliary dependence constraints ... 
INFO: [SCHED 204-11] Generating Ternary mapping constraints ... 
INFO: [SCHED 204-11] Generating Lut Grouping constraints ... 
INFO: [SCHED 204-11] Generating Node latency constraints ... 
INFO: [SCHED 204-11] Generating Relative time constraints ... 
INFO: [SCHED 204-11] Generating Protocol constraints ... 
INFO: [SCHED 204-11] Generating Precedence constraints ... 
INFO: [SCHED 204-11] Generating Supporting dependence constraints ... 
INFO: [SCHED 204-11] Generating Pipeline constraints ... 
INFO: [SCHED 204-11] Generating DSP mapping constraints ... 
INFO: [SCHED 204-11] Generating Supporting dependence constraints ... 
INFO: [SCHED 204-11] Generating Resource constraints ... 
INFO: [SCHED 204-11] Generating Latency constraints ... 
INFO: [SCHED 204-11] Generating Latency constraints ... 
INFO: [SCHED 204-11] Generating Cycle time constraints ... 
INFO: [SCHED 204-11] Generating Blocking node constraints ... 
INFO: [SCHED 204-11] Generating Chaining constraints ... 
INFO: [SCHED 204-11] Generating Operation gating constraints ... 
INFO: [SCHED 204-11] Generating Variable bound constraints ... 
INFO: [SCHED 204-11] Generating PHI node constraints ... 
INFO: [SCHED 204-11] Start checking consistency (resolving sdc graph) ...
INFO: [SCHED 204-11] Finished checking consistency.
INFO: [SCHED 204-11] Start scheduling optimization (solving LP) ...
INFO: [SCHED 204-11] Finished scheduling optimization.
INFO: [SCHED 204-11] Start constructing STG ...
INFO: [SCHED 204-11] Finished constructing STG.
INFO: [SCHED 204-11] Finished scheduling.
INFO: [HLS 200-111]  Elapsed time: 29.784 seconds; current allocated memory: 302.177 MB.
INFO: [BIND 205-100] Starting micro-architecture generation ...
INFO: [BIND 205-101] Performing variable lifetime analysis.
INFO: [BIND 205-101] Exploring resource sharing.
INFO: [BIND 205-101] Binding ...
INFO: [BIND 205-100] Finished micro-architecture generation.
INFO: [HLS 200-111]  Elapsed time: 0.103 seconds; current allocated memory: 302.224 MB.
INFO: [HLS 200-10] ----------------------------------------------------------------
INFO: [HLS 200-42] -- Implementing module 'AXIvideo2MultiPixStr' 
INFO: [HLS 200-10] ----------------------------------------------------------------
INFO: [SCHED 204-11] Starting scheduling ...
###	 Num	NTree	NLUT	EssAll	EssLUT	Size	MSize	Lev	MLev	Sel	Phy 
####	 0	0	0	54	0	-nan(ind)	0	-nan(ind)	0	0	0
INFO: [SCHED 204-11] Generating True dependence constraints ... 
INFO: [SCHED 204-11] Generating Auxiliary dependence constraints ... 
INFO: [SCHED 204-11] Generating Ternary mapping constraints ... 
INFO: [SCHED 204-11] Generating Lut Grouping constraints ... 
INFO: [SCHED 204-11] Generating Node latency constraints ... 
INFO: [SCHED 204-11] Generating Relative time constraints ... 
INFO: [SCHED 204-11] Generating Protocol constraints ... 
INFO: [SCHED 204-11] Generating Precedence constraints ... 
INFO: [SCHED 204-11] Generating Supporting dependence constraints ... 
INFO: [SCHED 204-11] Generating Pipeline constraints ... 
INFO: [SCHED 204-61] Pipelining loop 'loop_wait_for_start'.
INFO: [SCHED 204-61] Pipelining result : Target II = 1, Final II = 1, Depth = 1.
INFO: [SCHED 204-61] Pipelining loop 'loop_width'.
INFO: [SCHED 204-61] Pipelining result : Target II = 1, Final II = 1, Depth = 2.
INFO: [SCHED 204-61] Pipelining loop 'loop_wait_for_eol'.
INFO: [SCHED 204-61] Pipelining result : Target II = 1, Final II = 1, Depth = 1.
INFO: [SCHED 204-11] Generating DSP mapping constraints ... 
INFO: [SCHED 204-11] Generating Supporting dependence constraints ... 
INFO: [SCHED 204-11] Generating Resource constraints ... 
INFO: [SCHED 204-11] Generating Latency constraints ... 
INFO: [SCHED 204-11] Generating Latency constraints ... 
INFO: [SCHED 204-11] Generating Cycle time constraints ... 
INFO: [SCHED 204-11] Generating Blocking node constraints ... 
INFO: [SCHED 204-11] Generating Chaining constraints ... 
INFO: [SCHED 204-11] Generating Operation gating constraints ... 
INFO: [SCHED 204-11] Generating Variable bound constraints ... 
INFO: [SCHED 204-11] Generating PHI node constraints ... 
INFO: [SCHED 204-11] Start checking consistency (resolving sdc graph) ...
INFO: [SCHED 204-11] Finished checking consistency.
INFO: [SCHED 204-11] Start scheduling optimization (solving LP) ...
INFO: [SCHED 204-11] Finished scheduling optimization.
INFO: [SCHED 204-11] Start constructing STG ...
INFO: [SCHED 204-11] Finished constructing STG.
INFO: [SCHED 204-11] Finished scheduling.
INFO: [HLS 200-111]  Elapsed time: 0.414 seconds; current allocated memory: 302.677 MB.
INFO: [BIND 205-100] Starting micro-architecture generation ...
INFO: [BIND 205-101] Performing variable lifetime analysis.
INFO: [BIND 205-101] Exploring resource sharing.
INFO: [BIND 205-101] Binding ...
INFO: [BIND 205-100] Finished micro-architecture generation.
INFO: [HLS 200-111]  Elapsed time: 0.474 seconds; current allocated memory: 302.973 MB.
INFO: [HLS 200-10] ----------------------------------------------------------------
INFO: [HLS 200-42] -- Implementing module 'vscale_core_polyphas' 
INFO: [HLS 200-10] ----------------------------------------------------------------
INFO: [SCHED 204-11] Starting scheduling ...
INFO: [SYN 201-351] The following objects are mapped to a DSP.
   a  'load' operation ('FiltCoeff_5_load', c:/Users/jaxie963/Temp/cpre488-mp2/project_1/project_1.srcs/sources_1/bd/design_1/ip/design_1_v_proc_ss_0_2/bd_0/ip/ip_1/src/v_vscaler.cpp:367->c:/Users/jaxie963/Temp/cpre488-mp2/project_1/project_1.srcs/sources_1/bd/design_1/ip/design_1_v_proc_ss_0_2/bd_0/ip/ip_1/src/v_vscaler.cpp:340) on array 'FiltCoeff[5]', c:/Users/jaxie963/Temp/cpre488-mp2/project_1/project_1.srcs/sources_1/bd/design_1/ip/design_1_v_proc_ss_0_2/bd_0/ip/ip_1/src/v_vscaler.cpp:184
   b  'phi' operation ('PixArray[5].val[2].V') with incoming values : ('PixArray[5].val[2].V', c:/Users/jaxie963/Temp/cpre488-mp2/project_1/project_1.srcs/sources_1/bd/design_1/ip/design_1_v_proc_ss_0_2/bd_0/ip/ip_1/src/v_vscaler.cpp:291) ('tmp.val[2].V', c:/Users/jaxie963/Temp/cpre488-mp2/project_1/project_1.srcs/sources_1/bd/design_1/ip/design_1_v_proc_ss_0_2/bd_0/ip/ip_1/src/v_vscaler.cpp:304)
   c  'add' operation ('add_ln367_16', c:/Users/jaxie963/Temp/cpre488-mp2/project_1/project_1.srcs/sources_1/bd/design_1/ip/design_1_v_proc_ss_0_2/bd_0/ip/ip_1/src/v_vscaler.cpp:367->c:/Users/jaxie963/Temp/cpre488-mp2/project_1/project_1.srcs/sources_1/bd/design_1/ip/design_1_v_proc_ss_0_2/bd_0/ip/ip_1/src/v_vscaler.cpp:340)
  DSP Expression: add_ln367_17 = add_ln367_16 + sext_ln215_5 * zext_ln215_17
INFO: [SYN 201-351] The following objects are mapped to a DSP.
   a  'load' operation ('FiltCoeff_4_load', c:/Users/jaxie963/Temp/cpre488-mp2/project_1/project_1.srcs/sources_1/bd/design_1/ip/design_1_v_proc_ss_0_2/bd_0/ip/ip_1/src/v_vscaler.cpp:367->c:/Users/jaxie963/Temp/cpre488-mp2/project_1/project_1.srcs/sources_1/bd/design_1/ip/design_1_v_proc_ss_0_2/bd_0/ip/ip_1/src/v_vscaler.cpp:340) on array 'FiltCoeff[4]', c:/Users/jaxie963/Temp/cpre488-mp2/project_1/project_1.srcs/sources_1/bd/design_1/ip/design_1_v_proc_ss_0_2/bd_0/ip/ip_1/src/v_vscaler.cpp:184
   b  'phi' operation ('PixArray[4].val[2].V') with incoming values : ('PixArray[5].val[2].V', c:/Users/jaxie963/Temp/cpre488-mp2/project_1/project_1.srcs/sources_1/bd/design_1/ip/design_1_v_proc_ss_0_2/bd_0/ip/ip_1/src/v_vscaler.cpp:291) ('PixArray[4].val[2].V', c:/Users/jaxie963/Temp/cpre488-mp2/project_1/project_1.srcs/sources_1/bd/design_1/ip/design_1_v_proc_ss_0_2/bd_0/ip/ip_1/src/v_vscaler.cpp:291)
   c  'add' operation ('add_ln367_15', c:/Users/jaxie963/Temp/cpre488-mp2/project_1/project_1.srcs/sources_1/bd/design_1/ip/design_1_v_proc_ss_0_2/bd_0/ip/ip_1/src/v_vscaler.cpp:367->c:/Users/jaxie963/Temp/cpre488-mp2/project_1/project_1.srcs/sources_1/bd/design_1/ip/design_1_v_proc_ss_0_2/bd_0/ip/ip_1/src/v_vscaler.cpp:340)
  DSP Expression: add_ln367_16 = sext_ln367_21 + sext_ln215_4 * zext_ln215_16
INFO: [SYN 201-351] The following objects are mapped to a DSP.
   a  'load' operation ('FiltCoeff_3_load', c:/Users/jaxie963/Temp/cpre488-mp2/project_1/project_1.srcs/sources_1/bd/design_1/ip/design_1_v_proc_ss_0_2/bd_0/ip/ip_1/src/v_vscaler.cpp:367->c:/Users/jaxie963/Temp/cpre488-mp2/project_1/project_1.srcs/sources_1/bd/design_1/ip/design_1_v_proc_ss_0_2/bd_0/ip/ip_1/src/v_vscaler.cpp:340) on array 'FiltCoeff[3]', c:/Users/jaxie963/Temp/cpre488-mp2/project_1/project_1.srcs/sources_1/bd/design_1/ip/design_1_v_proc_ss_0_2/bd_0/ip/ip_1/src/v_vscaler.cpp:184
   b  'phi' operation ('PixArray[3].val[2].V') with incoming values : ('PixArray[4].val[2].V', c:/Users/jaxie963/Temp/cpre488-mp2/project_1/project_1.srcs/sources_1/bd/design_1/ip/design_1_v_proc_ss_0_2/bd_0/ip/ip_1/src/v_vscaler.cpp:291) ('PixArray[3].val[2].V', c:/Users/jaxie963/Temp/cpre488-mp2/project_1/project_1.srcs/sources_1/bd/design_1/ip/design_1_v_proc_ss_0_2/bd_0/ip/ip_1/src/v_vscaler.cpp:291)
   c  'add' operation ('add_ln367_14', c:/Users/jaxie963/Temp/cpre488-mp2/project_1/project_1.srcs/sources_1/bd/design_1/ip/design_1_v_proc_ss_0_2/bd_0/ip/ip_1/src/v_vscaler.cpp:367->c:/Users/jaxie963/Temp/cpre488-mp2/project_1/project_1.srcs/sources_1/bd/design_1/ip/design_1_v_proc_ss_0_2/bd_0/ip/ip_1/src/v_vscaler.cpp:340)
  DSP Expression: add_ln367_15 = add_ln367_14 + sext_ln215_3 * zext_ln215_15
INFO: [SYN 201-351] The following objects are mapped to a DSP.
   a  'load' operation ('FiltCoeff_2_load', c:/Users/jaxie963/Temp/cpre488-mp2/project_1/project_1.srcs/sources_1/bd/design_1/ip/design_1_v_proc_ss_0_2/bd_0/ip/ip_1/src/v_vscaler.cpp:367->c:/Users/jaxie963/Temp/cpre488-mp2/project_1/project_1.srcs/sources_1/bd/design_1/ip/design_1_v_proc_ss_0_2/bd_0/ip/ip_1/src/v_vscaler.cpp:340) on array 'FiltCoeff[2]', c:/Users/jaxie963/Temp/cpre488-mp2/project_1/project_1.srcs/sources_1/bd/design_1/ip/design_1_v_proc_ss_0_2/bd_0/ip/ip_1/src/v_vscaler.cpp:184
   b  'phi' operation ('PixArray[2].val[2].V') with incoming values : ('PixArray[3].val[2].V', c:/Users/jaxie963/Temp/cpre488-mp2/project_1/project_1.srcs/sources_1/bd/design_1/ip/design_1_v_proc_ss_0_2/bd_0/ip/ip_1/src/v_vscaler.cpp:291) ('PixArray[2].val[2].V', c:/Users/jaxie963/Temp/cpre488-mp2/project_1/project_1.srcs/sources_1/bd/design_1/ip/design_1_v_proc_ss_0_2/bd_0/ip/ip_1/src/v_vscaler.cpp:291)
   c  'add' operation ('add_ln367_13', c:/Users/jaxie963/Temp/cpre488-mp2/project_1/project_1.srcs/sources_1/bd/design_1/ip/design_1_v_proc_ss_0_2/bd_0/ip/ip_1/src/v_vscaler.cpp:367->c:/Users/jaxie963/Temp/cpre488-mp2/project_1/project_1.srcs/sources_1/bd/design_1/ip/design_1_v_proc_ss_0_2/bd_0/ip/ip_1/src/v_vscaler.cpp:340)
  DSP Expression: add_ln367_14 = sext_ln367_18 + sext_ln215_2 * zext_ln215_14
INFO: [SYN 201-351] The following objects are mapped to a DSP.
   a  'load' operation ('FiltCoeff_1_load', c:/Users/jaxie963/Temp/cpre488-mp2/project_1/project_1.srcs/sources_1/bd/design_1/ip/design_1_v_proc_ss_0_2/bd_0/ip/ip_1/src/v_vscaler.cpp:367->c:/Users/jaxie963/Temp/cpre488-mp2/project_1/project_1.srcs/sources_1/bd/design_1/ip/design_1_v_proc_ss_0_2/bd_0/ip/ip_1/src/v_vscaler.cpp:340) on array 'FiltCoeff[1]', c:/Users/jaxie963/Temp/cpre488-mp2/project_1/project_1.srcs/sources_1/bd/design_1/ip/design_1_v_proc_ss_0_2/bd_0/ip/ip_1/src/v_vscaler.cpp:184
   b  'phi' operation ('PixArray[1].val[2].V') with incoming values : ('PixArray[2].val[2].V', c:/Users/jaxie963/Temp/cpre488-mp2/project_1/project_1.srcs/sources_1/bd/design_1/ip/design_1_v_proc_ss_0_2/bd_0/ip/ip_1/src/v_vscaler.cpp:291) ('PixArray[1].val[2].V', c:/Users/jaxie963/Temp/cpre488-mp2/project_1/project_1.srcs/sources_1/bd/design_1/ip/design_1_v_proc_ss_0_2/bd_0/ip/ip_1/src/v_vscaler.cpp:291)
   c  'add' operation ('add_ln367_12', c:/Users/jaxie963/Temp/cpre488-mp2/project_1/project_1.srcs/sources_1/bd/design_1/ip/design_1_v_proc_ss_0_2/bd_0/ip/ip_1/src/v_vscaler.cpp:367->c:/Users/jaxie963/Temp/cpre488-mp2/project_1/project_1.srcs/sources_1/bd/design_1/ip/design_1_v_proc_ss_0_2/bd_0/ip/ip_1/src/v_vscaler.cpp:340)
  DSP Expression: add_ln367_13 = sext_ln367_16 + sext_ln215_1 * zext_ln215_13
INFO: [SYN 201-351] The following objects are mapped to a DSP.
   a  'load' operation ('FiltCoeff_0_load', c:/Users/jaxie963/Temp/cpre488-mp2/project_1/project_1.srcs/sources_1/bd/design_1/ip/design_1_v_proc_ss_0_2/bd_0/ip/ip_1/src/v_vscaler.cpp:367->c:/Users/jaxie963/Temp/cpre488-mp2/project_1/project_1.srcs/sources_1/bd/design_1/ip/design_1_v_proc_ss_0_2/bd_0/ip/ip_1/src/v_vscaler.cpp:340) on array 'FiltCoeff[0]', c:/Users/jaxie963/Temp/cpre488-mp2/project_1/project_1.srcs/sources_1/bd/design_1/ip/design_1_v_proc_ss_0_2/bd_0/ip/ip_1/src/v_vscaler.cpp:184
   b  'phi' operation ('PixArray[0].val[2].V') with incoming values : ('PixArray[1].val[2].V', c:/Users/jaxie963/Temp/cpre488-mp2/project_1/project_1.srcs/sources_1/bd/design_1/ip/design_1_v_proc_ss_0_2/bd_0/ip/ip_1/src/v_vscaler.cpp:291) ('PixArray[0].val[2].V', c:/Users/jaxie963/Temp/cpre488-mp2/project_1/project_1.srcs/sources_1/bd/design_1/ip/design_1_v_proc_ss_0_2/bd_0/ip/ip_1/src/v_vscaler.cpp:291)
   c  constant 2048
  DSP Expression: add_ln367_12 = 2048 + sext_ln215 * zext_ln215_12
INFO: [SYN 201-351] The following objects are mapped to a DSP.
   a  'load' operation ('FiltCoeff_5_load', c:/Users/jaxie963/Temp/cpre488-mp2/project_1/project_1.srcs/sources_1/bd/design_1/ip/design_1_v_proc_ss_0_2/bd_0/ip/ip_1/src/v_vscaler.cpp:367->c:/Users/jaxie963/Temp/cpre488-mp2/project_1/project_1.srcs/sources_1/bd/design_1/ip/design_1_v_proc_ss_0_2/bd_0/ip/ip_1/src/v_vscaler.cpp:340) on array 'FiltCoeff[5]', c:/Users/jaxie963/Temp/cpre488-mp2/project_1/project_1.srcs/sources_1/bd/design_1/ip/design_1_v_proc_ss_0_2/bd_0/ip/ip_1/src/v_vscaler.cpp:184
   b  'phi' operation ('PixArray[5].val[1].V') with incoming values : ('PixArray[5].val[1].V', c:/Users/jaxie963/Temp/cpre488-mp2/project_1/project_1.srcs/sources_1/bd/design_1/ip/design_1_v_proc_ss_0_2/bd_0/ip/ip_1/src/v_vscaler.cpp:291) ('tmp.val[1].V', c:/Users/jaxie963/Temp/cpre488-mp2/project_1/project_1.srcs/sources_1/bd/design_1/ip/design_1_v_proc_ss_0_2/bd_0/ip/ip_1/src/v_vscaler.cpp:304)
   c  'add' operation ('add_ln367_10', c:/Users/jaxie963/Temp/cpre488-mp2/project_1/project_1.srcs/sources_1/bd/design_1/ip/design_1_v_proc_ss_0_2/bd_0/ip/ip_1/src/v_vscaler.cpp:367->c:/Users/jaxie963/Temp/cpre488-mp2/project_1/project_1.srcs/sources_1/bd/design_1/ip/design_1_v_proc_ss_0_2/bd_0/ip/ip_1/src/v_vscaler.cpp:340)
  DSP Expression: add_ln367_11 = add_ln367_10 + sext_ln215_5 * zext_ln215_11
INFO: [SYN 201-351] The following objects are mapped to a DSP.
   a  'load' operation ('FiltCoeff_4_load', c:/Users/jaxie963/Temp/cpre488-mp2/project_1/project_1.srcs/sources_1/bd/design_1/ip/design_1_v_proc_ss_0_2/bd_0/ip/ip_1/src/v_vscaler.cpp:367->c:/Users/jaxie963/Temp/cpre488-mp2/project_1/project_1.srcs/sources_1/bd/design_1/ip/design_1_v_proc_ss_0_2/bd_0/ip/ip_1/src/v_vscaler.cpp:340) on array 'FiltCoeff[4]', c:/Users/jaxie963/Temp/cpre488-mp2/project_1/project_1.srcs/sources_1/bd/design_1/ip/design_1_v_proc_ss_0_2/bd_0/ip/ip_1/src/v_vscaler.cpp:184
   b  'phi' operation ('PixArray[4].val[1].V') with incoming values : ('PixArray[5].val[1].V', c:/Users/jaxie963/Temp/cpre488-mp2/project_1/project_1.srcs/sources_1/bd/design_1/ip/design_1_v_proc_ss_0_2/bd_0/ip/ip_1/src/v_vscaler.cpp:291) ('PixArray[4].val[1].V', c:/Users/jaxie963/Temp/cpre488-mp2/project_1/project_1.srcs/sources_1/bd/design_1/ip/design_1_v_proc_ss_0_2/bd_0/ip/ip_1/src/v_vscaler.cpp:291)
   c  'add' operation ('add_ln367_9', c:/Users/jaxie963/Temp/cpre488-mp2/project_1/project_1.srcs/sources_1/bd/design_1/ip/design_1_v_proc_ss_0_2/bd_0/ip/ip_1/src/v_vscaler.cpp:367->c:/Users/jaxie963/Temp/cpre488-mp2/project_1/project_1.srcs/sources_1/bd/design_1/ip/design_1_v_proc_ss_0_2/bd_0/ip/ip_1/src/v_vscaler.cpp:340)
  DSP Expression: add_ln367_10 = sext_ln367_13 + sext_ln215_4 * zext_ln215_10
INFO: [SYN 201-351] The following objects are mapped to a DSP.
   a  'load' operation ('FiltCoeff_3_load', c:/Users/jaxie963/Temp/cpre488-mp2/project_1/project_1.srcs/sources_1/bd/design_1/ip/design_1_v_proc_ss_0_2/bd_0/ip/ip_1/src/v_vscaler.cpp:367->c:/Users/jaxie963/Temp/cpre488-mp2/project_1/project_1.srcs/sources_1/bd/design_1/ip/design_1_v_proc_ss_0_2/bd_0/ip/ip_1/src/v_vscaler.cpp:340) on array 'FiltCoeff[3]', c:/Users/jaxie963/Temp/cpre488-mp2/project_1/project_1.srcs/sources_1/bd/design_1/ip/design_1_v_proc_ss_0_2/bd_0/ip/ip_1/src/v_vscaler.cpp:184
   b  'phi' operation ('PixArray[3].val[1].V') with incoming values : ('PixArray[4].val[1].V', c:/Users/jaxie963/Temp/cpre488-mp2/project_1/project_1.srcs/sources_1/bd/design_1/ip/design_1_v_proc_ss_0_2/bd_0/ip/ip_1/src/v_vscaler.cpp:291) ('PixArray[3].val[1].V', c:/Users/jaxie963/Temp/cpre488-mp2/project_1/project_1.srcs/sources_1/bd/design_1/ip/design_1_v_proc_ss_0_2/bd_0/ip/ip_1/src/v_vscaler.cpp:291)
   c  'add' operation ('add_ln367_8', c:/Users/jaxie963/Temp/cpre488-mp2/project_1/project_1.srcs/sources_1/bd/design_1/ip/design_1_v_proc_ss_0_2/bd_0/ip/ip_1/src/v_vscaler.cpp:367->c:/Users/jaxie963/Temp/cpre488-mp2/project_1/project_1.srcs/sources_1/bd/design_1/ip/design_1_v_proc_ss_0_2/bd_0/ip/ip_1/src/v_vscaler.cpp:340)
  DSP Expression: add_ln367_9 = add_ln367_8 + sext_ln215_3 * zext_ln215_9
INFO: [SYN 201-351] The following objects are mapped to a DSP.
   a  'load' operation ('FiltCoeff_2_load', c:/Users/jaxie963/Temp/cpre488-mp2/project_1/project_1.srcs/sources_1/bd/design_1/ip/design_1_v_proc_ss_0_2/bd_0/ip/ip_1/src/v_vscaler.cpp:367->c:/Users/jaxie963/Temp/cpre488-mp2/project_1/project_1.srcs/sources_1/bd/design_1/ip/design_1_v_proc_ss_0_2/bd_0/ip/ip_1/src/v_vscaler.cpp:340) on array 'FiltCoeff[2]', c:/Users/jaxie963/Temp/cpre488-mp2/project_1/project_1.srcs/sources_1/bd/design_1/ip/design_1_v_proc_ss_0_2/bd_0/ip/ip_1/src/v_vscaler.cpp:184
   b  'phi' operation ('PixArray[2].val[1].V') with incoming values : ('PixArray[3].val[1].V', c:/Users/jaxie963/Temp/cpre488-mp2/project_1/project_1.srcs/sources_1/bd/design_1/ip/design_1_v_proc_ss_0_2/bd_0/ip/ip_1/src/v_vscaler.cpp:291) ('PixArray[2].val[1].V', c:/Users/jaxie963/Temp/cpre488-mp2/project_1/project_1.srcs/sources_1/bd/design_1/ip/design_1_v_proc_ss_0_2/bd_0/ip/ip_1/src/v_vscaler.cpp:291)
   c  'add' operation ('add_ln367_7', c:/Users/jaxie963/Temp/cpre488-mp2/project_1/project_1.srcs/sources_1/bd/design_1/ip/design_1_v_proc_ss_0_2/bd_0/ip/ip_1/src/v_vscaler.cpp:367->c:/Users/jaxie963/Temp/cpre488-mp2/project_1/project_1.srcs/sources_1/bd/design_1/ip/design_1_v_proc_ss_0_2/bd_0/ip/ip_1/src/v_vscaler.cpp:340)
  DSP Expression: add_ln367_8 = sext_ln367_10 + sext_ln215_2 * zext_ln215_8
INFO: [SYN 201-351] The following objects are mapped to a DSP.
   a  'load' operation ('FiltCoeff_1_load', c:/Users/jaxie963/Temp/cpre488-mp2/project_1/project_1.srcs/sources_1/bd/design_1/ip/design_1_v_proc_ss_0_2/bd_0/ip/ip_1/src/v_vscaler.cpp:367->c:/Users/jaxie963/Temp/cpre488-mp2/project_1/project_1.srcs/sources_1/bd/design_1/ip/design_1_v_proc_ss_0_2/bd_0/ip/ip_1/src/v_vscaler.cpp:340) on array 'FiltCoeff[1]', c:/Users/jaxie963/Temp/cpre488-mp2/project_1/project_1.srcs/sources_1/bd/design_1/ip/design_1_v_proc_ss_0_2/bd_0/ip/ip_1/src/v_vscaler.cpp:184
   b  'phi' operation ('PixArray[1].val[1].V') with incoming values : ('PixArray[2].val[1].V', c:/Users/jaxie963/Temp/cpre488-mp2/project_1/project_1.srcs/sources_1/bd/design_1/ip/design_1_v_proc_ss_0_2/bd_0/ip/ip_1/src/v_vscaler.cpp:291) ('PixArray[1].val[1].V', c:/Users/jaxie963/Temp/cpre488-mp2/project_1/project_1.srcs/sources_1/bd/design_1/ip/design_1_v_proc_ss_0_2/bd_0/ip/ip_1/src/v_vscaler.cpp:291)
   c  'add' operation ('add_ln367_6', c:/Users/jaxie963/Temp/cpre488-mp2/project_1/project_1.srcs/sources_1/bd/design_1/ip/design_1_v_proc_ss_0_2/bd_0/ip/ip_1/src/v_vscaler.cpp:367->c:/Users/jaxie963/Temp/cpre488-mp2/project_1/project_1.srcs/sources_1/bd/design_1/ip/design_1_v_proc_ss_0_2/bd_0/ip/ip_1/src/v_vscaler.cpp:340)
  DSP Expression: add_ln367_7 = sext_ln367_8 + sext_ln215_1 * zext_ln215_7
INFO: [SYN 201-351] The following objects are mapped to a DSP.
   a  'load' operation ('FiltCoeff_0_load', c:/Users/jaxie963/Temp/cpre488-mp2/project_1/project_1.srcs/sources_1/bd/design_1/ip/design_1_v_proc_ss_0_2/bd_0/ip/ip_1/src/v_vscaler.cpp:367->c:/Users/jaxie963/Temp/cpre488-mp2/project_1/project_1.srcs/sources_1/bd/design_1/ip/design_1_v_proc_ss_0_2/bd_0/ip/ip_1/src/v_vscaler.cpp:340) on array 'FiltCoeff[0]', c:/Users/jaxie963/Temp/cpre488-mp2/project_1/project_1.srcs/sources_1/bd/design_1/ip/design_1_v_proc_ss_0_2/bd_0/ip/ip_1/src/v_vscaler.cpp:184
   b  'phi' operation ('PixArray[0].val[1].V') with incoming values : ('PixArray[1].val[1].V', c:/Users/jaxie963/Temp/cpre488-mp2/project_1/project_1.srcs/sources_1/bd/design_1/ip/design_1_v_proc_ss_0_2/bd_0/ip/ip_1/src/v_vscaler.cpp:291) ('PixArray[0].val[1].V', c:/Users/jaxie963/Temp/cpre488-mp2/project_1/project_1.srcs/sources_1/bd/design_1/ip/design_1_v_proc_ss_0_2/bd_0/ip/ip_1/src/v_vscaler.cpp:291)
   c  constant 2048
  DSP Expression: add_ln367_6 = 2048 + sext_ln215 * zext_ln215_6
INFO: [SYN 201-351] The following objects are mapped to a DSP.
   a  'load' operation ('FiltCoeff_5_load', c:/Users/jaxie963/Temp/cpre488-mp2/project_1/project_1.srcs/sources_1/bd/design_1/ip/design_1_v_proc_ss_0_2/bd_0/ip/ip_1/src/v_vscaler.cpp:367->c:/Users/jaxie963/Temp/cpre488-mp2/project_1/project_1.srcs/sources_1/bd/design_1/ip/design_1_v_proc_ss_0_2/bd_0/ip/ip_1/src/v_vscaler.cpp:340) on array 'FiltCoeff[5]', c:/Users/jaxie963/Temp/cpre488-mp2/project_1/project_1.srcs/sources_1/bd/design_1/ip/design_1_v_proc_ss_0_2/bd_0/ip/ip_1/src/v_vscaler.cpp:184
   b  'phi' operation ('PixArray[5].val[0].V') with incoming values : ('PixArray[5].val[0].V', c:/Users/jaxie963/Temp/cpre488-mp2/project_1/project_1.srcs/sources_1/bd/design_1/ip/design_1_v_proc_ss_0_2/bd_0/ip/ip_1/src/v_vscaler.cpp:291) ('tmp.val[0].V', c:/Users/jaxie963/Temp/cpre488-mp2/project_1/project_1.srcs/sources_1/bd/design_1/ip/design_1_v_proc_ss_0_2/bd_0/ip/ip_1/src/v_vscaler.cpp:304)
   c  'add' operation ('add_ln367_4', c:/Users/jaxie963/Temp/cpre488-mp2/project_1/project_1.srcs/sources_1/bd/design_1/ip/design_1_v_proc_ss_0_2/bd_0/ip/ip_1/src/v_vscaler.cpp:367->c:/Users/jaxie963/Temp/cpre488-mp2/project_1/project_1.srcs/sources_1/bd/design_1/ip/design_1_v_proc_ss_0_2/bd_0/ip/ip_1/src/v_vscaler.cpp:340)
  DSP Expression: add_ln367_5 = add_ln367_4 + sext_ln215_5 * zext_ln215_5
INFO: [SYN 201-351] The following objects are mapped to a DSP.
   a  'load' operation ('FiltCoeff_4_load', c:/Users/jaxie963/Temp/cpre488-mp2/project_1/project_1.srcs/sources_1/bd/design_1/ip/design_1_v_proc_ss_0_2/bd_0/ip/ip_1/src/v_vscaler.cpp:367->c:/Users/jaxie963/Temp/cpre488-mp2/project_1/project_1.srcs/sources_1/bd/design_1/ip/design_1_v_proc_ss_0_2/bd_0/ip/ip_1/src/v_vscaler.cpp:340) on array 'FiltCoeff[4]', c:/Users/jaxie963/Temp/cpre488-mp2/project_1/project_1.srcs/sources_1/bd/design_1/ip/design_1_v_proc_ss_0_2/bd_0/ip/ip_1/src/v_vscaler.cpp:184
   b  'phi' operation ('PixArray[4].val[0].V') with incoming values : ('PixArray[5].val[0].V', c:/Users/jaxie963/Temp/cpre488-mp2/project_1/project_1.srcs/sources_1/bd/design_1/ip/design_1_v_proc_ss_0_2/bd_0/ip/ip_1/src/v_vscaler.cpp:291) ('PixArray[4].val[0].V', c:/Users/jaxie963/Temp/cpre488-mp2/project_1/project_1.srcs/sources_1/bd/design_1/ip/design_1_v_proc_ss_0_2/bd_0/ip/ip_1/src/v_vscaler.cpp:291)
   c  'add' operation ('add_ln367_3', c:/Users/jaxie963/Temp/cpre488-mp2/project_1/project_1.srcs/sources_1/bd/design_1/ip/design_1_v_proc_ss_0_2/bd_0/ip/ip_1/src/v_vscaler.cpp:367->c:/Users/jaxie963/Temp/cpre488-mp2/project_1/project_1.srcs/sources_1/bd/design_1/ip/design_1_v_proc_ss_0_2/bd_0/ip/ip_1/src/v_vscaler.cpp:340)
  DSP Expression: add_ln367_4 = sext_ln367_5 + sext_ln215_4 * zext_ln215_4
INFO: [SYN 201-351] The following objects are mapped to a DSP.
   a  'load' operation ('FiltCoeff_3_load', c:/Users/jaxie963/Temp/cpre488-mp2/project_1/project_1.srcs/sources_1/bd/design_1/ip/design_1_v_proc_ss_0_2/bd_0/ip/ip_1/src/v_vscaler.cpp:367->c:/Users/jaxie963/Temp/cpre488-mp2/project_1/project_1.srcs/sources_1/bd/design_1/ip/design_1_v_proc_ss_0_2/bd_0/ip/ip_1/src/v_vscaler.cpp:340) on array 'FiltCoeff[3]', c:/Users/jaxie963/Temp/cpre488-mp2/project_1/project_1.srcs/sources_1/bd/design_1/ip/design_1_v_proc_ss_0_2/bd_0/ip/ip_1/src/v_vscaler.cpp:184
   b  'phi' operation ('PixArray[3].val[0].V') with incoming values : ('PixArray[4].val[0].V', c:/Users/jaxie963/Temp/cpre488-mp2/project_1/project_1.srcs/sources_1/bd/design_1/ip/design_1_v_proc_ss_0_2/bd_0/ip/ip_1/src/v_vscaler.cpp:291) ('PixArray[3].val[0].V', c:/Users/jaxie963/Temp/cpre488-mp2/project_1/project_1.srcs/sources_1/bd/design_1/ip/design_1_v_proc_ss_0_2/bd_0/ip/ip_1/src/v_vscaler.cpp:291)
   c  'add' operation ('add_ln367_2', c:/Users/jaxie963/Temp/cpre488-mp2/project_1/project_1.srcs/sources_1/bd/design_1/ip/design_1_v_proc_ss_0_2/bd_0/ip/ip_1/src/v_vscaler.cpp:367->c:/Users/jaxie963/Temp/cpre488-mp2/project_1/project_1.srcs/sources_1/bd/design_1/ip/design_1_v_proc_ss_0_2/bd_0/ip/ip_1/src/v_vscaler.cpp:340)
  DSP Expression: add_ln367_3 = add_ln367_2 + sext_ln215_3 * zext_ln215_3
INFO: [SYN 201-351] The following objects are mapped to a DSP.
   a  'load' operation ('FiltCoeff_2_load', c:/Users/jaxie963/Temp/cpre488-mp2/project_1/project_1.srcs/sources_1/bd/design_1/ip/design_1_v_proc_ss_0_2/bd_0/ip/ip_1/src/v_vscaler.cpp:367->c:/Users/jaxie963/Temp/cpre488-mp2/project_1/project_1.srcs/sources_1/bd/design_1/ip/design_1_v_proc_ss_0_2/bd_0/ip/ip_1/src/v_vscaler.cpp:340) on array 'FiltCoeff[2]', c:/Users/jaxie963/Temp/cpre488-mp2/project_1/project_1.srcs/sources_1/bd/design_1/ip/design_1_v_proc_ss_0_2/bd_0/ip/ip_1/src/v_vscaler.cpp:184
   b  'phi' operation ('PixArray[2].val[0].V') with incoming values : ('PixArray[3].val[0].V', c:/Users/jaxie963/Temp/cpre488-mp2/project_1/project_1.srcs/sources_1/bd/design_1/ip/design_1_v_proc_ss_0_2/bd_0/ip/ip_1/src/v_vscaler.cpp:291) ('PixArray[2].val[0].V', c:/Users/jaxie963/Temp/cpre488-mp2/project_1/project_1.srcs/sources_1/bd/design_1/ip/design_1_v_proc_ss_0_2/bd_0/ip/ip_1/src/v_vscaler.cpp:291)
   c  'add' operation ('add_ln367_1', c:/Users/jaxie963/Temp/cpre488-mp2/project_1/project_1.srcs/sources_1/bd/design_1/ip/design_1_v_proc_ss_0_2/bd_0/ip/ip_1/src/v_vscaler.cpp:367->c:/Users/jaxie963/Temp/cpre488-mp2/project_1/project_1.srcs/sources_1/bd/design_1/ip/design_1_v_proc_ss_0_2/bd_0/ip/ip_1/src/v_vscaler.cpp:340)
  DSP Expression: add_ln367_2 = sext_ln367_2 + sext_ln215_2 * zext_ln215_2
INFO: [SYN 201-351] The following objects are mapped to a DSP.
   a  'load' operation ('FiltCoeff_1_load', c:/Users/jaxie963/Temp/cpre488-mp2/project_1/project_1.srcs/sources_1/bd/design_1/ip/design_1_v_proc_ss_0_2/bd_0/ip/ip_1/src/v_vscaler.cpp:367->c:/Users/jaxie963/Temp/cpre488-mp2/project_1/project_1.srcs/sources_1/bd/design_1/ip/design_1_v_proc_ss_0_2/bd_0/ip/ip_1/src/v_vscaler.cpp:340) on array 'FiltCoeff[1]', c:/Users/jaxie963/Temp/cpre488-mp2/project_1/project_1.srcs/sources_1/bd/design_1/ip/design_1_v_proc_ss_0_2/bd_0/ip/ip_1/src/v_vscaler.cpp:184
   b  'phi' operation ('PixArray[1].val[0].V') with incoming values : ('PixArray[2].val[0].V', c:/Users/jaxie963/Temp/cpre488-mp2/project_1/project_1.srcs/sources_1/bd/design_1/ip/design_1_v_proc_ss_0_2/bd_0/ip/ip_1/src/v_vscaler.cpp:291) ('PixArray[1].val[0].V', c:/Users/jaxie963/Temp/cpre488-mp2/project_1/project_1.srcs/sources_1/bd/design_1/ip/design_1_v_proc_ss_0_2/bd_0/ip/ip_1/src/v_vscaler.cpp:291)
   c  'add' operation ('add_ln367', c:/Users/jaxie963/Temp/cpre488-mp2/project_1/project_1.srcs/sources_1/bd/design_1/ip/design_1_v_proc_ss_0_2/bd_0/ip/ip_1/src/v_vscaler.cpp:367->c:/Users/jaxie963/Temp/cpre488-mp2/project_1/project_1.srcs/sources_1/bd/design_1/ip/design_1_v_proc_ss_0_2/bd_0/ip/ip_1/src/v_vscaler.cpp:340)
  DSP Expression: add_ln367_1 = sext_ln367 + sext_ln215_1 * zext_ln215_1
INFO: [SYN 201-351] The following objects are mapped to a DSP.
   a  'load' operation ('FiltCoeff_0_load', c:/Users/jaxie963/Temp/cpre488-mp2/project_1/project_1.srcs/sources_1/bd/design_1/ip/design_1_v_proc_ss_0_2/bd_0/ip/ip_1/src/v_vscaler.cpp:367->c:/Users/jaxie963/Temp/cpre488-mp2/project_1/project_1.srcs/sources_1/bd/design_1/ip/design_1_v_proc_ss_0_2/bd_0/ip/ip_1/src/v_vscaler.cpp:340) on array 'FiltCoeff[0]', c:/Users/jaxie963/Temp/cpre488-mp2/project_1/project_1.srcs/sources_1/bd/design_1/ip/design_1_v_proc_ss_0_2/bd_0/ip/ip_1/src/v_vscaler.cpp:184
   b  'phi' operation ('PixArray[0].val[0].V') with incoming values : ('PixArray[1].val[0].V', c:/Users/jaxie963/Temp/cpre488-mp2/project_1/project_1.srcs/sources_1/bd/design_1/ip/design_1_v_proc_ss_0_2/bd_0/ip/ip_1/src/v_vscaler.cpp:291) ('PixArray[0].val[0].V', c:/Users/jaxie963/Temp/cpre488-mp2/project_1/project_1.srcs/sources_1/bd/design_1/ip/design_1_v_proc_ss_0_2/bd_0/ip/ip_1/src/v_vscaler.cpp:291)
   c  constant 2048
  DSP Expression: add_ln367 = 2048 + sext_ln215 * zext_ln215
###	 Num	NTree	NLUT	EssAll	EssLUT	Size	MSize	Lev	MLev	Sel	Phy 
####	 18	0	8	219	22	2.8	4	2.4	3	13	0
INFO: [SCHED 204-11] Generating True dependence constraints ... 
INFO: [SCHED 204-11] Generating Auxiliary dependence constraints ... 
INFO: [SCHED 204-11] Generating Ternary mapping constraints ... 
INFO: [SCHED 204-11] Generating Lut Grouping constraints ... 
INFO: [SCHED 204-11] Generating Node latency constraints ... 
INFO: [SCHED 204-11] Generating Relative time constraints ... 
INFO: [SCHED 204-11] Generating Protocol constraints ... 
INFO: [SCHED 204-11] Generating Precedence constraints ... 
INFO: [SCHED 204-11] Generating Supporting dependence constraints ... 
INFO: [SCHED 204-11] Generating Pipeline constraints ... 
INFO: [SCHED 204-61] Pipelining loop 'loop_width_for_procpix'.
INFO: [SCHED 204-61]  rescheduled in stage scheduling from 0 to 6 with current asap = 0, alap = 6
INFO: [SCHED 204-61]  rescheduled in stage scheduling from 0 to 5 with current asap = 0, alap = 5
INFO: [SCHED 204-61]  rescheduled in stage scheduling from 0 to 4 with current asap = 0, alap = 4
INFO: [SCHED 204-61]  rescheduled in stage scheduling from 0 to 3 with current asap = 0, alap = 3
INFO: [SCHED 204-61]  rescheduled in stage scheduling from 0 to 2 with current asap = 0, alap = 2
INFO: [SCHED 204-61]  rescheduled in stage scheduling from 0 to 1 with current asap = 0, alap = 1
INFO: [SCHED 204-61]  rescheduled in stage scheduling from 0 to 1 with current asap = 0, alap = 1
INFO: [SCHED 204-61] Pipelining result : Target II = 1, Final II = 1, Depth = 10.
INFO: [SCHED 204-11] Generating DSP mapping constraints ... 
INFO: [SCHED 204-11] Generating Supporting dependence constraints ... 
INFO: [SCHED 204-11] Generating Resource constraints ... 
INFO: [SCHED 204-11] Generating Latency constraints ... 
INFO: [SCHED 204-11] Generating Latency constraints ... 
INFO: [SCHED 204-11] Generating Cycle time constraints ... 
INFO: [SCHED 204-11] Generating Blocking node constraints ... 
INFO: [SCHED 204-11] Generating Chaining constraints ... 
INFO: [SCHED 204-11] Generating Operation gating constraints ... 
INFO: [SCHED 204-11] Generating Variable bound constraints ... 
INFO: [SCHED 204-11] Generating PHI node constraints ... 
INFO: [SCHED 204-11] Start checking consistency (resolving sdc graph) ...
INFO: [SCHED 204-11] Finished checking consistency.
INFO: [SCHED 204-11] Start scheduling optimization (solving LP) ...
INFO: [SCHED 204-11] Finished scheduling optimization.
INFO: [SCHED 204-11] Start constructing STG ...
WARNING: [SCHED 204-21] Estimated clock period (7.86875ns) exceeds the target (target clock period: 6.734ns, clock uncertainty: 0.84175ns, effective delay budget: 5.89225ns).
WARNING: [SCHED 204-21] The critical path in module 'vscale_core_polyphas' consists of the following:
	'mul' operation of DSP[310] ('mul_ln1352_5', c:/Users/jaxie963/Temp/cpre488-mp2/project_1/project_1.srcs/sources_1/bd/design_1/ip/design_1_v_proc_ss_0_2/bd_0/ip/ip_1/src/v_vscaler.cpp:367->c:/Users/jaxie963/Temp/cpre488-mp2/project_1/project_1.srcs/sources_1/bd/design_1/ip/design_1_v_proc_ss_0_2/bd_0/ip/ip_1/src/v_vscaler.cpp:340) [308]  (3.36 ns)
	'add' operation of DSP[310] ('add_ln367_5', c:/Users/jaxie963/Temp/cpre488-mp2/project_1/project_1.srcs/sources_1/bd/design_1/ip/design_1_v_proc_ss_0_2/bd_0/ip/ip_1/src/v_vscaler.cpp:367->c:/Users/jaxie963/Temp/cpre488-mp2/project_1/project_1.srcs/sources_1/bd/design_1/ip/design_1_v_proc_ss_0_2/bd_0/ip/ip_1/src/v_vscaler.cpp:340) [310]  (3.02 ns)
	'icmp' operation ('icmp_ln370', c:/Users/jaxie963/Temp/cpre488-mp2/project_1/project_1.srcs/sources_1/bd/design_1/ip/design_1_v_proc_ss_0_2/bd_0/ip/ip_1/src/v_vscaler.cpp:370->c:/Users/jaxie963/Temp/cpre488-mp2/project_1/project_1.srcs/sources_1/bd/design_1/ip/design_1_v_proc_ss_0_2/bd_0/ip/ip_1/src/v_vscaler.cpp:340) [313]  (1.49 ns)
INFO: [SCHED 204-11] Finished constructing STG.
INFO: [SCHED 204-11] Finished scheduling.
INFO: [HLS 200-111]  Elapsed time: 5.732 seconds; current allocated memory: 304.128 MB.
INFO: [BIND 205-100] Starting micro-architecture generation ...
INFO: [BIND 205-101] Performing variable lifetime analysis.
INFO: [BIND 205-101] Exploring resource sharing.
WARNING: [BIND 205-102] The specified resource core for memory 'FiltCoeff_0' will be ignored if a simpler one can be used.
WARNING: [BIND 205-102] The specified resource core for memory 'FiltCoeff_1' will be ignored if a simpler one can be used.
WARNING: [BIND 205-102] The specified resource core for memory 'FiltCoeff_2' will be ignored if a simpler one can be used.
WARNING: [BIND 205-102] The specified resource core for memory 'FiltCoeff_3' will be ignored if a simpler one can be used.
WARNING: [BIND 205-102] The specified resource core for memory 'FiltCoeff_4' will be ignored if a simpler one can be used.
WARNING: [BIND 205-102] The specified resource core for memory 'FiltCoeff_5' will be ignored if a simpler one can be used.
INFO: [BIND 205-101] Binding ...
INFO: [BIND 205-100] Finished micro-architecture generation.
INFO: [HLS 200-111]  Elapsed time: 1.89 seconds; current allocated memory: 305.440 MB.
INFO: [HLS 200-10] ----------------------------------------------------------------
INFO: [HLS 200-42] -- Implementing module 'Block_crit_edge858' 
INFO: [HLS 200-10] ----------------------------------------------------------------
INFO: [SCHED 204-11] Starting scheduling ...
###	 Num	NTree	NLUT	EssAll	EssLUT	Size	MSize	Lev	MLev	Sel	Phy 
####	 0	0	0	5	0	-nan(ind)	0	-nan(ind)	0	0	0
INFO: [SCHED 204-11] Generating True dependence constraints ... 
INFO: [SCHED 204-11] Generating Auxiliary dependence constraints ... 
INFO: [SCHED 204-11] Generating Ternary mapping constraints ... 
INFO: [SCHED 204-11] Generating Lut Grouping constraints ... 
INFO: [SCHED 204-11] Generating Node latency constraints ... 
INFO: [SCHED 204-11] Generating Relative time constraints ... 
INFO: [SCHED 204-11] Generating Protocol constraints ... 
INFO: [SCHED 204-11] Generating Precedence constraints ... 
INFO: [SCHED 204-11] Generating Supporting dependence constraints ... 
INFO: [SCHED 204-11] Generating Pipeline constraints ... 
INFO: [SCHED 204-11] Generating DSP mapping constraints ... 
INFO: [SCHED 204-11] Generating Supporting dependence constraints ... 
INFO: [SCHED 204-11] Generating Resource constraints ... 
INFO: [SCHED 204-11] Generating Latency constraints ... 
INFO: [SCHED 204-11] Generating Latency constraints ... 
INFO: [SCHED 204-11] Generating Cycle time constraints ... 
INFO: [SCHED 204-11] Generating Blocking node constraints ... 
INFO: [SCHED 204-11] Generating Chaining constraints ... 
INFO: [SCHED 204-11] Generating Operation gating constraints ... 
INFO: [SCHED 204-11] Generating Variable bound constraints ... 
INFO: [SCHED 204-11] Generating PHI node constraints ... 
INFO: [SCHED 204-11] Start checking consistency (resolving sdc graph) ...
INFO: [SCHED 204-11] Finished checking consistency.
INFO: [SCHED 204-11] Start scheduling optimization (solving LP) ...
INFO: [SCHED 204-11] Finished scheduling optimization.
INFO: [SCHED 204-11] Start constructing STG ...
INFO: [SCHED 204-11] Finished constructing STG.
INFO: [SCHED 204-11] Finished scheduling.
INFO: [HLS 200-111]  Elapsed time: 1.984 seconds; current allocated memory: 305.485 MB.
INFO: [BIND 205-100] Starting micro-architecture generation ...
INFO: [BIND 205-101] Performing variable lifetime analysis.
INFO: [BIND 205-101] Exploring resource sharing.
INFO: [BIND 205-101] Binding ...
INFO: [BIND 205-100] Finished micro-architecture generation.
INFO: [HLS 200-111]  Elapsed time: 0.085 seconds; current allocated memory: 305.527 MB.
INFO: [HLS 200-10] ----------------------------------------------------------------
INFO: [HLS 200-42] -- Implementing module 'MultiPixStream2AXIvi' 
INFO: [HLS 200-10] ----------------------------------------------------------------
INFO: [SCHED 204-11] Starting scheduling ...
###	 Num	NTree	NLUT	EssAll	EssLUT	Size	MSize	Lev	MLev	Sel	Phy 
####	 1	0	0	43	0	-nan(ind)	0	-nan(ind)	0	0	0
INFO: [SCHED 204-11] Generating True dependence constraints ... 
INFO: [SCHED 204-11] Generating Auxiliary dependence constraints ... 
INFO: [SCHED 204-11] Generating Ternary mapping constraints ... 
INFO: [SCHED 204-11] Generating Lut Grouping constraints ... 
INFO: [SCHED 204-11] Generating Node latency constraints ... 
INFO: [SCHED 204-11] Generating Relative time constraints ... 
INFO: [SCHED 204-11] Generating Protocol constraints ... 
INFO: [SCHED 204-11] Generating Precedence constraints ... 
INFO: [SCHED 204-11] Generating Supporting dependence constraints ... 
INFO: [SCHED 204-11] Generating Pipeline constraints ... 
INFO: [SCHED 204-61] Pipelining loop 'Loop 1.1'.
INFO: [SCHED 204-61] Pipelining result : Target II = 1, Final II = 1, Depth = 4.
INFO: [SCHED 204-11] Generating DSP mapping constraints ... 
INFO: [SCHED 204-11] Generating Supporting dependence constraints ... 
INFO: [SCHED 204-11] Generating Resource constraints ... 
INFO: [SCHED 204-11] Generating Latency constraints ... 
INFO: [SCHED 204-11] Generating Latency constraints ... 
INFO: [SCHED 204-11] Generating Cycle time constraints ... 
INFO: [SCHED 204-11] Generating Blocking node constraints ... 
INFO: [SCHED 204-11] Generating Chaining constraints ... 
INFO: [SCHED 204-11] Generating Operation gating constraints ... 
INFO: [SCHED 204-11] Generating Variable bound constraints ... 
INFO: [SCHED 204-11] Generating PHI node constraints ... 
INFO: [SCHED 204-11] Start checking consistency (resolving sdc graph) ...
INFO: [SCHED 204-11] Finished checking consistency.
INFO: [SCHED 204-11] Start scheduling optimization (solving LP) ...
INFO: [SCHED 204-11] Finished scheduling optimization.
INFO: [SCHED 204-11] Start constructing STG ...
INFO: [SCHED 204-11] Finished constructing STG.
INFO: [SCHED 204-11] Finished scheduling.
INFO: [HLS 200-111]  Elapsed time: 0.399 seconds; current allocated memory: 305.743 MB.
INFO: [BIND 205-100] Starting micro-architecture generation ...
INFO: [BIND 205-101] Performing variable lifetime analysis.
INFO: [BIND 205-101] Exploring resource sharing.
INFO: [BIND 205-101] Binding ...
INFO: [BIND 205-100] Finished micro-architecture generation.
INFO: [HLS 200-111]  Elapsed time: 0.418 seconds; current allocated memory: 315.120 MB.
INFO: [HLS 200-10] ----------------------------------------------------------------
INFO: [HLS 200-42] -- Implementing module 'v_vscaler' 
INFO: [HLS 200-10] ----------------------------------------------------------------
INFO: [SCHED 204-11] Starting scheduling ...
###	 Num	NTree	NLUT	EssAll	EssLUT	Size	MSize	Lev	MLev	Sel	Phy 
####	 0	0	0	10	0	-nan(ind)	0	-nan(ind)	0	0	0
INFO: [SCHED 204-11] Generating True dependence constraints ... 
INFO: [SCHED 204-11] Generating Auxiliary dependence constraints ... 
INFO: [SCHED 204-11] Generating Ternary mapping constraints ... 
INFO: [SCHED 204-11] Generating Lut Grouping constraints ... 
INFO: [SCHED 204-11] Generating Node latency constraints ... 
INFO: [SCHED 204-11] Generating Relative time constraints ... 
INFO: [SCHED 204-11] Generating Protocol constraints ... 
INFO: [SCHED 204-11] Generating Precedence constraints ... 
INFO: [SCHED 204-11] Generating Supporting dependence constraints ... 
INFO: [SCHED 204-11] Generating Pipeline constraints ... 
INFO: [SCHED 204-11] Generating DSP mapping constraints ... 
INFO: [SCHED 204-11] Generating Supporting dependence constraints ... 
INFO: [SCHED 204-11] Generating Resource constraints ... 
INFO: [SCHED 204-11] Generating Latency constraints ... 
INFO: [SCHED 204-11] Generating Latency constraints ... 
INFO: [SCHED 204-11] Generating Cycle time constraints ... 
INFO: [SCHED 204-11] Generating Blocking node constraints ... 
INFO: [SCHED 204-11] Generating Chaining constraints ... 
INFO: [SCHED 204-11] Generating Operation gating constraints ... 
INFO: [SCHED 204-11] Generating Variable bound constraints ... 
INFO: [SCHED 204-11] Generating PHI node constraints ... 
INFO: [SCHED 204-11] Start checking consistency (resolving sdc graph) ...
INFO: [SCHED 204-11] Finished checking consistency.
INFO: [SCHED 204-11] Start scheduling optimization (solving LP) ...
INFO: [SCHED 204-11] Finished scheduling optimization.
INFO: [SCHED 204-11] Start constructing STG ...
WARNING: [SCHED 204-21] Estimated clock period (6.74513ns) exceeds the target (target clock period: 6.734ns, clock uncertainty: 0.84175ns, effective delay budget: 5.89225ns).
WARNING: [SCHED 204-21] The critical path in module 'v_vscaler' consists of the following:
	wire read on port 'HwReg_ColorMode' [21]  (1 ns)
	'call' operation ('_ln0') to 'Block_._crit_edge858' [86]  (5.75 ns)
INFO: [SCHED 204-11] Finished constructing STG.
INFO: [SCHED 204-11] Finished scheduling.
INFO: [HLS 200-111]  Elapsed time: 0.666 seconds; current allocated memory: 315.278 MB.
INFO: [BIND 205-100] Starting micro-architecture generation ...
INFO: [BIND 205-101] Performing variable lifetime analysis.
INFO: [BIND 205-101] Exploring resource sharing.
INFO: [BIND 205-101] Binding ...
INFO: [BIND 205-100] Finished micro-architecture generation.
INFO: [HLS 200-111]  Elapsed time: 0.508 seconds; current allocated memory: 315.728 MB.
INFO: [HLS 200-10] ----------------------------------------------------------------
INFO: [HLS 200-10] -- Generating RTL for module 'reg_unsigned_short_s' 
INFO: [HLS 200-10] ----------------------------------------------------------------
INFO: [RTGEN 206-100] Finished creating RTL model for 'reg_unsigned_short_s'.
INFO: [HLS 200-111]  Elapsed time: 0.479 seconds; current allocated memory: 315.892 MB.
INFO: [HLS 200-10] ----------------------------------------------------------------
INFO: [HLS 200-10] -- Generating RTL for module 'AXIvideo2MultiPixStr' 
INFO: [HLS 200-10] ----------------------------------------------------------------
INFO: [RTGEN 206-100] Finished creating RTL model for 'AXIvideo2MultiPixStr'.
INFO: [HLS 200-111]  Elapsed time: 0.125 seconds; current allocated memory: 316.786 MB.
INFO: [WVHDL 200-304] Encrypting RTL VHDL done.
INFO: [WVHDL 200-304] Encrypting RTL Verilog done.
INFO: [HLS 200-10] ----------------------------------------------------------------
INFO: [HLS 200-10] -- Generating RTL for module 'vscale_core_polyphas' 
INFO: [HLS 200-10] ----------------------------------------------------------------
INFO: [SYN 201-210] Renamed object name 'vscale_core_polyphas_FiltCoeff_0' to 'vscale_core_polypbkb' due to the length limit 20
INFO: [SYN 201-210] Renamed object name 'vscale_core_polyphas_FiltCoeff_1' to 'vscale_core_polypcud' due to the length limit 20
INFO: [SYN 201-210] Renamed object name 'vscale_core_polyphas_FiltCoeff_2' to 'vscale_core_polypdEe' due to the length limit 20
INFO: [SYN 201-210] Renamed object name 'vscale_core_polyphas_FiltCoeff_3' to 'vscale_core_polypeOg' due to the length limit 20
INFO: [SYN 201-210] Renamed object name 'vscale_core_polyphas_FiltCoeff_4' to 'vscale_core_polypfYi' due to the length limit 20
INFO: [SYN 201-210] Renamed object name 'vscale_core_polyphas_FiltCoeff_5' to 'vscale_core_polypg8j' due to the length limit 20
INFO: [SYN 201-210] Renamed object name 'vscale_core_polyphas_LineBuf_val_0_V' to 'vscale_core_polyphbi' due to the length limit 20
INFO: [SYN 201-210] Renamed object name 'vscale_core_polyphas_LineBuf_val_1_V' to 'vscale_core_polypibs' due to the length limit 20
INFO: [SYN 201-210] Renamed object name 'vscale_core_polyphas_LineBuf_val_2_V' to 'vscale_core_polypjbC' due to the length limit 20
INFO: [SYN 201-210] Renamed object name 'vscale_core_polyphas_LineBuf_val_3_V' to 'vscale_core_polypkbM' due to the length limit 20
INFO: [SYN 201-210] Renamed object name 'vscale_core_polyphas_LineBuf_val_4_V' to 'vscale_core_polyplbW' due to the length limit 20
INFO: [SYN 201-210] Renamed object name 'vscale_core_polyphas_LineBuf_val_5_V' to 'vscale_core_polypmb6' due to the length limit 20
INFO: [SYN 201-210] Renamed object name 'v_vscaler_mux_63_8_1_1' to 'v_vscaler_mux_63_ncg' due to the length limit 20
INFO: [SYN 201-210] Renamed object name 'v_vscaler_mux_83_8_1_1' to 'v_vscaler_mux_83_ocq' due to the length limit 20
INFO: [SYN 201-210] Renamed object name 'v_vscaler_mac_muladd_16s_8ns_13ns_24_1_1' to 'v_vscaler_mac_mulpcA' due to the length limit 20
INFO: [SYN 201-210] Renamed object name 'v_vscaler_mac_muladd_16s_8ns_24s_25_1_1' to 'v_vscaler_mac_mulqcK' due to the length limit 20
INFO: [SYN 201-210] Renamed object name 'v_vscaler_mac_muladd_16s_8ns_25s_26_1_1' to 'v_vscaler_mac_mulrcU' due to the length limit 20
INFO: [SYN 201-210] Renamed object name 'v_vscaler_mac_muladd_16s_8ns_26s_26_1_1' to 'v_vscaler_mac_mulsc4' due to the length limit 20
INFO: [SYN 201-210] Renamed object name 'v_vscaler_mac_muladd_16s_8ns_26s_27_1_1' to 'v_vscaler_mac_multde' due to the length limit 20
INFO: [SYN 201-210] Renamed object name 'v_vscaler_mac_muladd_16s_8ns_27s_27_1_1' to 'v_vscaler_mac_muludo' due to the length limit 20
INFO: [RTGEN 206-100] Generating core module 'v_vscaler_mac_mulpcA': 3 instance(s).
INFO: [RTGEN 206-100] Generating core module 'v_vscaler_mac_mulqcK': 3 instance(s).
INFO: [RTGEN 206-100] Generating core module 'v_vscaler_mac_mulrcU': 3 instance(s).
INFO: [RTGEN 206-100] Generating core module 'v_vscaler_mac_mulsc4': 3 instance(s).
INFO: [RTGEN 206-100] Generating core module 'v_vscaler_mac_multde': 3 instance(s).
INFO: [RTGEN 206-100] Generating core module 'v_vscaler_mac_muludo': 3 instance(s).
INFO: [RTGEN 206-100] Generating core module 'v_vscaler_mux_63_ncg': 3 instance(s).
INFO: [RTGEN 206-100] Generating core module 'v_vscaler_mux_83_ocq': 3 instance(s).
INFO: [RTGEN 206-100] Finished creating RTL model for 'vscale_core_polyphas'.
INFO: [HLS 200-111]  Elapsed time: 0.874 seconds; current allocated memory: 319.371 MB.
INFO: [WVHDL 200-304] Encrypting RTL VHDL done.
INFO: [WVHDL 200-304] Encrypting RTL Verilog done.
INFO: [HLS 200-10] ----------------------------------------------------------------
INFO: [HLS 200-10] -- Generating RTL for module 'Block_crit_edge858' 
INFO: [HLS 200-10] ----------------------------------------------------------------
INFO: [RTGEN 206-100] Finished creating RTL model for 'Block_crit_edge858'.
INFO: [HLS 200-111]  Elapsed time: 1.903 seconds; current allocated memory: 319.544 MB.
INFO: [WVHDL 200-304] Encrypting RTL VHDL done.
INFO: [WVHDL 200-304] Encrypting RTL Verilog done.
INFO: [HLS 200-10] ----------------------------------------------------------------
INFO: [HLS 200-10] -- Generating RTL for module 'MultiPixStream2AXIvi' 
INFO: [HLS 200-10] ----------------------------------------------------------------
INFO: [RTGEN 206-100] Finished creating RTL model for 'MultiPixStream2AXIvi'.
INFO: [HLS 200-111]  Elapsed time: 0.119 seconds; current allocated memory: 320.228 MB.
INFO: [WVHDL 200-304] Encrypting RTL VHDL done.
INFO: [WVHDL 200-304] Encrypting RTL Verilog done.
INFO: [HLS 200-10] ----------------------------------------------------------------
INFO: [HLS 200-10] -- Generating RTL for module 'v_vscaler' 
INFO: [HLS 200-10] ----------------------------------------------------------------
INFO: [RTGEN 206-500] Setting interface mode on port 'v_vscaler/s_axis_video_V_data_V' to 'axis' (register, both mode).
INFO: [RTGEN 206-500] Setting interface mode on port 'v_vscaler/s_axis_video_V_keep_V' to 'axis' (register, both mode).
INFO: [RTGEN 206-500] Setting interface mode on port 'v_vscaler/s_axis_video_V_strb_V' to 'axis' (register, both mode).
INFO: [RTGEN 206-500] Setting interface mode on port 'v_vscaler/s_axis_video_V_user_V' to 'axis' (register, both mode).
INFO: [RTGEN 206-500] Setting interface mode on port 'v_vscaler/s_axis_video_V_last_V' to 'axis' (register, both mode).
INFO: [RTGEN 206-500] Setting interface mode on port 'v_vscaler/s_axis_video_V_id_V' to 'axis' (register, both mode).
INFO: [RTGEN 206-500] Setting interface mode on port 'v_vscaler/s_axis_video_V_dest_V' to 'axis' (register, both mode).
INFO: [RTGEN 206-500] Setting interface mode on port 'v_vscaler/HwReg_HeightIn' to 's_axilite & ap_stable'.
INFO: [RTGEN 206-500] Setting interface mode on port 'v_vscaler/HwReg_Width' to 's_axilite & ap_stable'.
INFO: [RTGEN 206-500] Setting interface mode on port 'v_vscaler/HwReg_HeightOut' to 's_axilite & ap_stable'.
INFO: [RTGEN 206-500] Setting interface mode on port 'v_vscaler/HwReg_LineRate' to 's_axilite & ap_stable'.
INFO: [RTGEN 206-500] Setting interface mode on port 'v_vscaler/HwReg_ColorMode' to 's_axilite & ap_stable'.
INFO: [RTGEN 206-500] Setting interface mode on port 'v_vscaler/HwReg_vfltCoeff' to 's_axilite & ap_memory'.
INFO: [RTGEN 206-500] Setting interface mode on port 'v_vscaler/m_axis_video_V_data_V' to 'axis' (register, both mode).
INFO: [RTGEN 206-500] Setting interface mode on port 'v_vscaler/m_axis_video_V_keep_V' to 'axis' (register, both mode).
INFO: [RTGEN 206-500] Setting interface mode on port 'v_vscaler/m_axis_video_V_strb_V' to 'axis' (register, both mode).
INFO: [RTGEN 206-500] Setting interface mode on port 'v_vscaler/m_axis_video_V_user_V' to 'axis' (register, both mode).
INFO: [RTGEN 206-500] Setting interface mode on port 'v_vscaler/m_axis_video_V_last_V' to 'axis' (register, both mode).
INFO: [RTGEN 206-500] Setting interface mode on port 'v_vscaler/m_axis_video_V_id_V' to 'axis' (register, both mode).
INFO: [RTGEN 206-500] Setting interface mode on port 'v_vscaler/m_axis_video_V_dest_V' to 'axis' (register, both mode).
INFO: [RTGEN 206-500] Setting interface mode on function 'v_vscaler' to 's_axilite & ap_ctrl_hs'.
INFO: [RTGEN 206-100] Bundling port 'HwReg_vfltCoeff', 'return', 'HwReg_HeightIn', 'HwReg_Width', 'HwReg_HeightOut', 'HwReg_LineRate' and 'HwReg_ColorMode' to AXI-Lite port CTRL.
INFO: [SYN 201-210] Renamed object name 'start_for_MultiPixStream2AXIvi_U0' to 'start_for_MultiPivdy' due to the length limit 20
INFO: [RTGEN 206-100] Finished creating RTL model for 'v_vscaler'.
INFO: [HLS 200-111]  Elapsed time: 0.688 seconds; current allocated memory: 320.955 MB.
INFO: [WVHDL 200-304] Encrypting RTL VHDL done.
INFO: [WVHDL 200-304] Encrypting RTL Verilog done.
INFO: [RTMG 210-278] Implementing memory 'bd_18aa_vsc_0_vscale_core_polypbkb_ram (RAM_1P_LUTRAM)' using distributed RAMs.
INFO: [RTMG 210-278] Implementing memory 'bd_18aa_vsc_0_vscale_core_polyphbi_ram (RAM)' using block RAMs.
INFO: [RTMG 210-285] Implementing FIFO 'SrcYUV_V_val_0_V_U(bd_18aa_vsc_0_fifo_w8_d2_A)' using Shift Registers.
INFO: [RTMG 210-285] Implementing FIFO 'SrcYUV_V_val_1_V_U(bd_18aa_vsc_0_fifo_w8_d2_A)' using Shift Registers.
INFO: [RTMG 210-285] Implementing FIFO 'SrcYUV_V_val_2_V_U(bd_18aa_vsc_0_fifo_w8_d2_A)' using Shift Registers.
INFO: [RTMG 210-285] Implementing FIFO 'OutYUV_V_val_0_V_U(bd_18aa_vsc_0_fifo_w8_d2_A)' using Shift Registers.
INFO: [RTMG 210-285] Implementing FIFO 'OutYUV_V_val_1_V_U(bd_18aa_vsc_0_fifo_w8_d2_A)' using Shift Registers.
INFO: [RTMG 210-285] Implementing FIFO 'OutYUV_V_val_2_V_U(bd_18aa_vsc_0_fifo_w8_d2_A)' using Shift Registers.
INFO: [RTMG 210-285] Implementing FIFO 'select_ln151_loc_c_U(bd_18aa_vsc_0_fifo_w8_d3_A)' using Shift Registers.
INFO: [RTMG 210-285] Implementing FIFO 'start_for_MultiPivdy_U(bd_18aa_vsc_0_start_for_MultiPivdy)' using Shift Registers.
INFO: [HLS 200-111] Finished generating all RTL models Time (s): cpu = 00:00:11 ; elapsed = 00:00:49 . Memory (MB): peak = 887.055 ; gain = 790.637
INFO: [VHDL 208-304] Generating VHDL RTL for v_vscaler with prefix bd_18aa_vsc_0_.
INFO: [VLOG 209-307] Generating Verilog RTL for v_vscaler with prefix bd_18aa_vsc_0_.
INFO: [IMPL 213-8] Exporting RTL as a Vivado IP.

****** Vivado v2020.1 (64-bit)
  **** SW Build 2902540 on Wed May 27 19:54:49 MDT 2020
  **** IP Build 2902112 on Wed May 27 22:43:36 MDT 2020
    ** Copyright 1986-2020 Xilinx, Inc. All Rights Reserved.

source run_ippack.tcl -notrace
INFO: [IP_Flow 19-234] Refreshing IP repositories
INFO: [IP_Flow 19-1704] No user IP repositories specified
INFO: [IP_Flow 19-2313] Loaded Vivado IP repository 'C:/Xilinx/Vivado/2020.1/data/ip'.
INFO: [Common 17-206] Exiting Vivado at Sun Mar  9 22:34:27 2025...
INFO: [HLS 200-112] Total elapsed time: 56.608 seconds; peak allocated memory: 320.955 MB.
INFO: [Common 17-206] Exiting vivado_hls at Sun Mar  9 22:34:27 2025...
