
*** Running vivado
    with args -log design_1_v_proc_ss_0_3.vds -m64 -product Vivado -mode batch -messageDb vivado.pb -notrace -source design_1_v_proc_ss_0_3.tcl



****** Vivado v2020.1 (64-bit)
  **** SW Build 2902540 on Wed May 27 19:54:49 MDT 2020
  **** IP Build 2902112 on Wed May 27 22:43:36 MDT 2020
    ** Copyright 1986-2020 Xilinx, Inc. All Rights Reserved.

source design_1_v_proc_ss_0_3.tcl -notrace
INFO: [IP_Flow 19-234] Refreshing IP repositories
INFO: [IP_Flow 19-1700] Loaded user IP repository 'c:/Users/jaxie963/Temp/cpre488-mp2/project_1/project_1.ipdefs/IP_0_0'.
INFO: [IP_Flow 19-1700] Loaded user IP repository 'c:/Users/jaxie963/Temp/cpre488-mp2/hw/IP'.
INFO: [IP_Flow 19-2313] Loaded Vivado IP repository 'C:/Xilinx/Vivado/2020.1/data/ip'.
WARNING: [IP_Flow 19-1663] Duplicate IP found for 'avnet:avnet_hdmi:avnet_hdmi_out:3.1'. The one found in IP location 'c:/Users/jaxie963/Temp/cpre488-mp2/project_1/project_1.ipdefs/IP_0_0/avnet_hdmi_out' will take precedence over the same IP in location c:/Users/jaxie963/Temp/cpre488-mp2/hw/IP/avnet_hdmi_out
WARNING: [IP_Flow 19-4830] Duplicate Interface found for 'avnet.com:interface:avnet_ali3:1.0'. The one found in location 'c:/Users/jaxie963/Temp/cpre488-mp2/project_1/project_1.ipdefs/IP_0_0/interfaces/avnet_ali3.xml' will take precedence over the same Interface in location 'c:/Users/jaxie963/Temp/cpre488-mp2/hw/IP/interfaces/avnet_ali3.xml'
WARNING: [IP_Flow 19-4830] Duplicate Interface found for 'avnet.com:interface:avnet_hdmi:2.0'. The one found in location 'c:/Users/jaxie963/Temp/cpre488-mp2/project_1/project_1.ipdefs/IP_0_0/interfaces/avnet_hdmi.xml' will take precedence over the same Interface in location 'c:/Users/jaxie963/Temp/cpre488-mp2/hw/IP/interfaces/avnet_hdmi.xml'
WARNING: [IP_Flow 19-4830] Duplicate Interface found for 'avnet.com:interface:onsemi_vita_cam:1.0'. The one found in location 'c:/Users/jaxie963/Temp/cpre488-mp2/project_1/project_1.ipdefs/IP_0_0/interfaces/onsemi_vita_cam.xml' will take precedence over the same Interface in location 'c:/Users/jaxie963/Temp/cpre488-mp2/hw/IP/interfaces/onsemi_vita_cam.xml'
WARNING: [IP_Flow 19-4830] Duplicate Interface found for 'avnet.com:interface:onsemi_vita_spi:1.0'. The one found in location 'c:/Users/jaxie963/Temp/cpre488-mp2/project_1/project_1.ipdefs/IP_0_0/interfaces/onsemi_vita_spi.xml' will take precedence over the same Interface in location 'c:/Users/jaxie963/Temp/cpre488-mp2/hw/IP/interfaces/onsemi_vita_spi.xml'
WARNING: [IP_Flow 19-4830] Duplicate Interface found for 'avnet.com:user:SF_SM_Master_Bus:1.0'. The one found in location 'c:/Users/jaxie963/Temp/cpre488-mp2/project_1/project_1.ipdefs/IP_0_0/interfaces/SF_SM_Master_Bus.xml' will take precedence over the same Interface in location 'c:/Users/jaxie963/Temp/cpre488-mp2/hw/IP/interfaces/SF_SM_Master_Bus.xml'
Command: synth_design -top design_1_v_proc_ss_0_3 -part xc7z020clg484-1 -mode out_of_context
Starting synth_design
Attempting to get a license for feature 'Synthesis' and/or device 'xc7z020'
INFO: [Common 17-349] Got license for feature 'Synthesis' and/or device 'xc7z020'
INFO: [Device 21-403] Loading part xc7z020clg484-1
INFO: [Synth 8-7079] Multithreading enabled for synth_design using a maximum of 2 processes.
INFO: [Synth 8-7078] Launching helper process for spawning children vivado processes
INFO: [Synth 8-7075] Helper process launched with PID 18812
---------------------------------------------------------------------------------
Starting RTL Elaboration : Time (s): cpu = 00:00:01 ; elapsed = 00:00:02 . Memory (MB): peak = 1013.129 ; gain = 0.000
---------------------------------------------------------------------------------
INFO: [Synth 8-638] synthesizing module 'design_1_v_proc_ss_0_3' [c:/Users/jaxie963/Temp/cpre488-mp2/project_1/project_1.srcs/sources_1/bd/design_1/ip/design_1_v_proc_ss_0_3/synth/design_1_v_proc_ss_0_3.vhd:102]
INFO: [Synth 8-3491] module 'bd_d86b' declared at 'c:/Users/jaxie963/Temp/cpre488-mp2/project_1/project_1.srcs/sources_1/bd/design_1/ip/design_1_v_proc_ss_0_3/bd_0/synth/bd_d86b.vhd:3508' bound to instance 'U0' of component 'bd_d86b' [c:/Users/jaxie963/Temp/cpre488-mp2/project_1/project_1.srcs/sources_1/bd/design_1/ip/design_1_v_proc_ss_0_3/synth/design_1_v_proc_ss_0_3.vhd:209]
INFO: [Synth 8-638] synthesizing module 'bd_d86b' [c:/Users/jaxie963/Temp/cpre488-mp2/project_1/project_1.srcs/sources_1/bd/design_1/ip/design_1_v_proc_ss_0_3/bd_0/synth/bd_d86b.vhd:3558]
INFO: [Synth 8-3491] module 'bd_d86b_csc_0' declared at 'C:/Users/jaxie963/Temp/cpre488-mp2/project_1/project_1.runs/design_1_v_proc_ss_0_3_synth_1/.Xil/Vivado-15780-CO2041-04/realtime/bd_d86b_csc_0_stub.vhdl:5' bound to instance 'csc' of component 'bd_d86b_csc_0' [c:/Users/jaxie963/Temp/cpre488-mp2/project_1/project_1.srcs/sources_1/bd/design_1/ip/design_1_v_proc_ss_0_3/bd_0/synth/bd_d86b.vhd:4765]
INFO: [Synth 8-638] synthesizing module 'bd_d86b_csc_0' [C:/Users/jaxie963/Temp/cpre488-mp2/project_1/project_1.runs/design_1_v_proc_ss_0_3_synth_1/.Xil/Vivado-15780-CO2041-04/realtime/bd_d86b_csc_0_stub.vhdl:49]
INFO: [Synth 8-3491] module 'bd_d86b_hsc_0' declared at 'C:/Users/jaxie963/Temp/cpre488-mp2/project_1/project_1.runs/design_1_v_proc_ss_0_3_synth_1/.Xil/Vivado-15780-CO2041-04/realtime/bd_d86b_hsc_0_stub.vhdl:5' bound to instance 'hsc' of component 'bd_d86b_hsc_0' [c:/Users/jaxie963/Temp/cpre488-mp2/project_1/project_1.srcs/sources_1/bd/design_1/ip/design_1_v_proc_ss_0_3/bd_0/synth/bd_d86b.vhd:4806]
INFO: [Synth 8-638] synthesizing module 'bd_d86b_hsc_0' [C:/Users/jaxie963/Temp/cpre488-mp2/project_1/project_1.runs/design_1_v_proc_ss_0_3_synth_1/.Xil/Vivado-15780-CO2041-04/realtime/bd_d86b_hsc_0_stub.vhdl:49]
INFO: [Synth 8-3491] module 'bd_d86b_input_size_set_0' declared at 'C:/Users/jaxie963/Temp/cpre488-mp2/project_1/project_1.runs/design_1_v_proc_ss_0_3_synth_1/.Xil/Vivado-15780-CO2041-04/realtime/bd_d86b_input_size_set_0_stub.vhdl:5' bound to instance 'input_size_set' of component 'bd_d86b_input_size_set_0' [c:/Users/jaxie963/Temp/cpre488-mp2/project_1/project_1.srcs/sources_1/bd/design_1/ip/design_1_v_proc_ss_0_3/bd_0/synth/bd_d86b.vhd:4847]
INFO: [Synth 8-638] synthesizing module 'bd_d86b_input_size_set_0' [C:/Users/jaxie963/Temp/cpre488-mp2/project_1/project_1.runs/design_1_v_proc_ss_0_3_synth_1/.Xil/Vivado-15780-CO2041-04/realtime/bd_d86b_input_size_set_0_stub.vhdl:31]
INFO: [Synth 8-3491] module 'bd_d86b_ltr_0' declared at 'C:/Users/jaxie963/Temp/cpre488-mp2/project_1/project_1.runs/design_1_v_proc_ss_0_3_synth_1/.Xil/Vivado-15780-CO2041-04/realtime/bd_d86b_ltr_0_stub.vhdl:5' bound to instance 'ltr' of component 'bd_d86b_ltr_0' [c:/Users/jaxie963/Temp/cpre488-mp2/project_1/project_1.srcs/sources_1/bd/design_1/ip/design_1_v_proc_ss_0_3/bd_0/synth/bd_d86b.vhd:4870]
INFO: [Synth 8-638] synthesizing module 'bd_d86b_ltr_0' [C:/Users/jaxie963/Temp/cpre488-mp2/project_1/project_1.runs/design_1_v_proc_ss_0_3_synth_1/.Xil/Vivado-15780-CO2041-04/realtime/bd_d86b_ltr_0_stub.vhdl:49]
INFO: [Synth 8-3491] module 'bd_d86b_proc_ss_ip_aresetn_0' declared at 'c:/Users/jaxie963/Temp/cpre488-mp2/project_1/project_1.srcs/sources_1/bd/design_1/ip/design_1_v_proc_ss_0_3/bd_0/ip/ip_6/synth/bd_d86b_proc_ss_ip_aresetn_0.v:57' bound to instance 'proc_ss_ip_aresetn' of component 'bd_d86b_proc_ss_ip_aresetn_0' [c:/Users/jaxie963/Temp/cpre488-mp2/project_1/project_1.srcs/sources_1/bd/design_1/ip/design_1_v_proc_ss_0_3/bd_0/synth/bd_d86b.vhd:4911]
INFO: [Synth 8-6157] synthesizing module 'bd_d86b_proc_ss_ip_aresetn_0' [c:/Users/jaxie963/Temp/cpre488-mp2/project_1/project_1.srcs/sources_1/bd/design_1/ip/design_1_v_proc_ss_0_3/bd_0/ip/ip_6/synth/bd_d86b_proc_ss_ip_aresetn_0.v:57]
INFO: [Synth 8-6157] synthesizing module 'xlslice_v1_0_2_xlslice' [c:/Users/jaxie963/Temp/cpre488-mp2/project_1/project_1.srcs/sources_1/bd/design_1/ipshared/11d0/hdl/xlslice_v1_0_vl_rfs.v:13]
	Parameter DIN_WIDTH bound to: 2 - type: integer 
	Parameter DIN_FROM bound to: 1 - type: integer 
	Parameter DIN_TO bound to: 1 - type: integer 
INFO: [Synth 8-6155] done synthesizing module 'xlslice_v1_0_2_xlslice' (1#1) [c:/Users/jaxie963/Temp/cpre488-mp2/project_1/project_1.srcs/sources_1/bd/design_1/ipshared/11d0/hdl/xlslice_v1_0_vl_rfs.v:13]
INFO: [Synth 8-6155] done synthesizing module 'bd_d86b_proc_ss_ip_aresetn_0' (2#1) [c:/Users/jaxie963/Temp/cpre488-mp2/project_1/project_1.srcs/sources_1/bd/design_1/ip/design_1_v_proc_ss_0_3/bd_0/ip/ip_6/synth/bd_d86b_proc_ss_ip_aresetn_0.v:57]
INFO: [Synth 8-3491] module 'bd_d86b_reset_sel_axis_0' declared at 'C:/Users/jaxie963/Temp/cpre488-mp2/project_1/project_1.runs/design_1_v_proc_ss_0_3_synth_1/.Xil/Vivado-15780-CO2041-04/realtime/bd_d86b_reset_sel_axis_0_stub.vhdl:5' bound to instance 'reset_sel_axis' of component 'bd_d86b_reset_sel_axis_0' [c:/Users/jaxie963/Temp/cpre488-mp2/project_1/project_1.srcs/sources_1/bd/design_1/ip/design_1_v_proc_ss_0_3/bd_0/synth/bd_d86b.vhd:4916]
INFO: [Synth 8-638] synthesizing module 'bd_d86b_reset_sel_axis_0' [C:/Users/jaxie963/Temp/cpre488-mp2/project_1/project_1.runs/design_1_v_proc_ss_0_3_synth_1/.Xil/Vivado-15780-CO2041-04/realtime/bd_d86b_reset_sel_axis_0_stub.vhdl:33]
INFO: [Synth 8-3491] module 'bd_d86b_rst_axis_0' declared at 'C:/Users/jaxie963/Temp/cpre488-mp2/project_1/project_1.runs/design_1_v_proc_ss_0_3_synth_1/.Xil/Vivado-15780-CO2041-04/realtime/bd_d86b_rst_axis_0_stub.vhdl:5' bound to instance 'rst_axis' of component 'bd_d86b_rst_axis_0' [c:/Users/jaxie963/Temp/cpre488-mp2/project_1/project_1.srcs/sources_1/bd/design_1/ip/design_1_v_proc_ss_0_3/bd_0/synth/bd_d86b.vhd:4941]
INFO: [Synth 8-638] synthesizing module 'bd_d86b_rst_axis_0' [C:/Users/jaxie963/Temp/cpre488-mp2/project_1/project_1.runs/design_1_v_proc_ss_0_3_synth_1/.Xil/Vivado-15780-CO2041-04/realtime/bd_d86b_rst_axis_0_stub.vhdl:21]
INFO: [Synth 8-3491] module 'bd_d86b_smartconnect_0_0' declared at 'C:/Users/jaxie963/Temp/cpre488-mp2/project_1/project_1.runs/design_1_v_proc_ss_0_3_synth_1/.Xil/Vivado-15780-CO2041-04/realtime/bd_d86b_smartconnect_0_0_stub.vhdl:5' bound to instance 'smartconnect_0' of component 'bd_d86b_smartconnect_0_0' [c:/Users/jaxie963/Temp/cpre488-mp2/project_1/project_1.srcs/sources_1/bd/design_1/ip/design_1_v_proc_ss_0_3/bd_0/synth/bd_d86b.vhd:4954]
INFO: [Synth 8-638] synthesizing module 'bd_d86b_smartconnect_0_0' [C:/Users/jaxie963/Temp/cpre488-mp2/project_1/project_1.runs/design_1_v_proc_ss_0_3_synth_1/.Xil/Vivado-15780-CO2041-04/realtime/bd_d86b_smartconnect_0_0_stub.vhdl:420]
INFO: [Synth 8-3491] module 'bd_d86b_vid_in_aresetn_0' declared at 'c:/Users/jaxie963/Temp/cpre488-mp2/project_1/project_1.srcs/sources_1/bd/design_1/ip/design_1_v_proc_ss_0_3/bd_0/ip/ip_7/synth/bd_d86b_vid_in_aresetn_0.v:57' bound to instance 'vid_in_aresetn' of component 'bd_d86b_vid_in_aresetn_0' [c:/Users/jaxie963/Temp/cpre488-mp2/project_1/project_1.srcs/sources_1/bd/design_1/ip/design_1_v_proc_ss_0_3/bd_0/synth/bd_d86b.vhd:5366]
INFO: [Synth 8-6157] synthesizing module 'bd_d86b_vid_in_aresetn_0' [c:/Users/jaxie963/Temp/cpre488-mp2/project_1/project_1.srcs/sources_1/bd/design_1/ip/design_1_v_proc_ss_0_3/bd_0/ip/ip_7/synth/bd_d86b_vid_in_aresetn_0.v:57]
INFO: [Synth 8-6157] synthesizing module 'xlslice_v1_0_2_xlslice__parameterized0' [c:/Users/jaxie963/Temp/cpre488-mp2/project_1/project_1.srcs/sources_1/bd/design_1/ipshared/11d0/hdl/xlslice_v1_0_vl_rfs.v:13]
	Parameter DIN_WIDTH bound to: 2 - type: integer 
	Parameter DIN_FROM bound to: 0 - type: integer 
	Parameter DIN_TO bound to: 0 - type: integer 
INFO: [Synth 8-6155] done synthesizing module 'xlslice_v1_0_2_xlslice__parameterized0' (2#1) [c:/Users/jaxie963/Temp/cpre488-mp2/project_1/project_1.srcs/sources_1/bd/design_1/ipshared/11d0/hdl/xlslice_v1_0_vl_rfs.v:13]
INFO: [Synth 8-6155] done synthesizing module 'bd_d86b_vid_in_aresetn_0' (3#1) [c:/Users/jaxie963/Temp/cpre488-mp2/project_1/project_1.srcs/sources_1/bd/design_1/ip/design_1_v_proc_ss_0_3/bd_0/ip/ip_7/synth/bd_d86b_vid_in_aresetn_0.v:57]
INFO: [Synth 8-638] synthesizing module 'bd_d86b_video_router_0' [c:/Users/jaxie963/Temp/cpre488-mp2/project_1/project_1.srcs/sources_1/bd/design_1/ip/design_1_v_proc_ss_0_3/bd_0/synth/bd_d86b.vhd:2200]
INFO: [Synth 8-638] synthesizing module 'm00_couplers_imp_3A81M5' [c:/Users/jaxie963/Temp/cpre488-mp2/project_1/project_1.srcs/sources_1/bd/design_1/ip/design_1_v_proc_ss_0_3/bd_0/synth/bd_d86b.vhd:38]
INFO: [Synth 8-3491] module 'bd_d86b_m00_regslice_0' declared at 'C:/Users/jaxie963/Temp/cpre488-mp2/project_1/project_1.runs/design_1_v_proc_ss_0_3_synth_1/.Xil/Vivado-15780-CO2041-04/realtime/bd_d86b_m00_regslice_0_stub.vhdl:5' bound to instance 'm00_regslice' of component 'bd_d86b_m00_regslice_0' [c:/Users/jaxie963/Temp/cpre488-mp2/project_1/project_1.srcs/sources_1/bd/design_1/ip/design_1_v_proc_ss_0_3/bd_0/synth/bd_d86b.vhd:100]
INFO: [Synth 8-638] synthesizing module 'bd_d86b_m00_regslice_0' [C:/Users/jaxie963/Temp/cpre488-mp2/project_1/project_1.runs/design_1_v_proc_ss_0_3_synth_1/.Xil/Vivado-15780-CO2041-04/realtime/bd_d86b_m00_regslice_0_stub.vhdl:31]
INFO: [Synth 8-256] done synthesizing module 'm00_couplers_imp_3A81M5' (4#1) [c:/Users/jaxie963/Temp/cpre488-mp2/project_1/project_1.srcs/sources_1/bd/design_1/ip/design_1_v_proc_ss_0_3/bd_0/synth/bd_d86b.vhd:38]
INFO: [Synth 8-638] synthesizing module 'm01_couplers_imp_12YX0MM' [c:/Users/jaxie963/Temp/cpre488-mp2/project_1/project_1.srcs/sources_1/bd/design_1/ip/design_1_v_proc_ss_0_3/bd_0/synth/bd_d86b.vhd:155]
INFO: [Synth 8-3491] module 'bd_d86b_auto_ss_slidr_0' declared at 'C:/Users/jaxie963/Temp/cpre488-mp2/project_1/project_1.runs/design_1_v_proc_ss_0_3_synth_1/.Xil/Vivado-15780-CO2041-04/realtime/bd_d86b_auto_ss_slidr_0_stub.vhdl:5' bound to instance 'auto_ss_slidr' of component 'bd_d86b_auto_ss_slidr_0' [c:/Users/jaxie963/Temp/cpre488-mp2/project_1/project_1.srcs/sources_1/bd/design_1/ip/design_1_v_proc_ss_0_3/bd_0/synth/bd_d86b.vhd:254]
INFO: [Synth 8-638] synthesizing module 'bd_d86b_auto_ss_slidr_0' [C:/Users/jaxie963/Temp/cpre488-mp2/project_1/project_1.runs/design_1_v_proc_ss_0_3_synth_1/.Xil/Vivado-15780-CO2041-04/realtime/bd_d86b_auto_ss_slidr_0_stub.vhdl:31]
INFO: [Synth 8-3491] module 'bd_d86b_m01_regslice_0' declared at 'C:/Users/jaxie963/Temp/cpre488-mp2/project_1/project_1.runs/design_1_v_proc_ss_0_3_synth_1/.Xil/Vivado-15780-CO2041-04/realtime/bd_d86b_m01_regslice_0_stub.vhdl:5' bound to instance 'm01_regslice' of component 'bd_d86b_m01_regslice_0' [c:/Users/jaxie963/Temp/cpre488-mp2/project_1/project_1.srcs/sources_1/bd/design_1/ip/design_1_v_proc_ss_0_3/bd_0/synth/bd_d86b.vhd:277]
INFO: [Synth 8-638] synthesizing module 'bd_d86b_m01_regslice_0' [C:/Users/jaxie963/Temp/cpre488-mp2/project_1/project_1.runs/design_1_v_proc_ss_0_3_synth_1/.Xil/Vivado-15780-CO2041-04/realtime/bd_d86b_m01_regslice_0_stub.vhdl:31]
INFO: [Synth 8-256] done synthesizing module 'm01_couplers_imp_12YX0MM' (5#1) [c:/Users/jaxie963/Temp/cpre488-mp2/project_1/project_1.srcs/sources_1/bd/design_1/ip/design_1_v_proc_ss_0_3/bd_0/synth/bd_d86b.vhd:155]
INFO: [Synth 8-638] synthesizing module 'm02_couplers_imp_1Q4L9T6' [c:/Users/jaxie963/Temp/cpre488-mp2/project_1/project_1.srcs/sources_1/bd/design_1/ip/design_1_v_proc_ss_0_3/bd_0/synth/bd_d86b.vhd:332]
INFO: [Synth 8-3491] module 'bd_d86b_auto_ss_slidr_1' declared at 'C:/Users/jaxie963/Temp/cpre488-mp2/project_1/project_1.runs/design_1_v_proc_ss_0_3_synth_1/.Xil/Vivado-15780-CO2041-04/realtime/bd_d86b_auto_ss_slidr_1_stub.vhdl:5' bound to instance 'auto_ss_slidr' of component 'bd_d86b_auto_ss_slidr_1' [c:/Users/jaxie963/Temp/cpre488-mp2/project_1/project_1.srcs/sources_1/bd/design_1/ip/design_1_v_proc_ss_0_3/bd_0/synth/bd_d86b.vhd:431]
INFO: [Synth 8-638] synthesizing module 'bd_d86b_auto_ss_slidr_1' [C:/Users/jaxie963/Temp/cpre488-mp2/project_1/project_1.runs/design_1_v_proc_ss_0_3_synth_1/.Xil/Vivado-15780-CO2041-04/realtime/bd_d86b_auto_ss_slidr_1_stub.vhdl:31]
INFO: [Synth 8-3491] module 'bd_d86b_m02_regslice_0' declared at 'C:/Users/jaxie963/Temp/cpre488-mp2/project_1/project_1.runs/design_1_v_proc_ss_0_3_synth_1/.Xil/Vivado-15780-CO2041-04/realtime/bd_d86b_m02_regslice_0_stub.vhdl:5' bound to instance 'm02_regslice' of component 'bd_d86b_m02_regslice_0' [c:/Users/jaxie963/Temp/cpre488-mp2/project_1/project_1.srcs/sources_1/bd/design_1/ip/design_1_v_proc_ss_0_3/bd_0/synth/bd_d86b.vhd:454]
INFO: [Synth 8-638] synthesizing module 'bd_d86b_m02_regslice_0' [C:/Users/jaxie963/Temp/cpre488-mp2/project_1/project_1.runs/design_1_v_proc_ss_0_3_synth_1/.Xil/Vivado-15780-CO2041-04/realtime/bd_d86b_m02_regslice_0_stub.vhdl:31]
INFO: [Synth 8-256] done synthesizing module 'm02_couplers_imp_1Q4L9T6' (6#1) [c:/Users/jaxie963/Temp/cpre488-mp2/project_1/project_1.srcs/sources_1/bd/design_1/ip/design_1_v_proc_ss_0_3/bd_0/synth/bd_d86b.vhd:332]
INFO: [Synth 8-638] synthesizing module 'm03_couplers_imp_OI46G9' [c:/Users/jaxie963/Temp/cpre488-mp2/project_1/project_1.srcs/sources_1/bd/design_1/ip/design_1_v_proc_ss_0_3/bd_0/synth/bd_d86b.vhd:499]
INFO: [Synth 8-256] done synthesizing module 'm03_couplers_imp_OI46G9' (7#1) [c:/Users/jaxie963/Temp/cpre488-mp2/project_1/project_1.srcs/sources_1/bd/design_1/ip/design_1_v_proc_ss_0_3/bd_0/synth/bd_d86b.vhd:499]
INFO: [Synth 8-638] synthesizing module 'm04_couplers_imp_XJAW2Q' [c:/Users/jaxie963/Temp/cpre488-mp2/project_1/project_1.srcs/sources_1/bd/design_1/ip/design_1_v_proc_ss_0_3/bd_0/synth/bd_d86b.vhd:545]
INFO: [Synth 8-3491] module 'bd_d86b_auto_ss_slidr_2' declared at 'C:/Users/jaxie963/Temp/cpre488-mp2/project_1/project_1.runs/design_1_v_proc_ss_0_3_synth_1/.Xil/Vivado-15780-CO2041-04/realtime/bd_d86b_auto_ss_slidr_2_stub.vhdl:5' bound to instance 'auto_ss_slidr' of component 'bd_d86b_auto_ss_slidr_2' [c:/Users/jaxie963/Temp/cpre488-mp2/project_1/project_1.srcs/sources_1/bd/design_1/ip/design_1_v_proc_ss_0_3/bd_0/synth/bd_d86b.vhd:644]
INFO: [Synth 8-638] synthesizing module 'bd_d86b_auto_ss_slidr_2' [C:/Users/jaxie963/Temp/cpre488-mp2/project_1/project_1.runs/design_1_v_proc_ss_0_3_synth_1/.Xil/Vivado-15780-CO2041-04/realtime/bd_d86b_auto_ss_slidr_2_stub.vhdl:31]
INFO: [Synth 8-3491] module 'bd_d86b_m04_regslice_0' declared at 'C:/Users/jaxie963/Temp/cpre488-mp2/project_1/project_1.runs/design_1_v_proc_ss_0_3_synth_1/.Xil/Vivado-15780-CO2041-04/realtime/bd_d86b_m04_regslice_0_stub.vhdl:5' bound to instance 'm04_regslice' of component 'bd_d86b_m04_regslice_0' [c:/Users/jaxie963/Temp/cpre488-mp2/project_1/project_1.srcs/sources_1/bd/design_1/ip/design_1_v_proc_ss_0_3/bd_0/synth/bd_d86b.vhd:667]
INFO: [Synth 8-638] synthesizing module 'bd_d86b_m04_regslice_0' [C:/Users/jaxie963/Temp/cpre488-mp2/project_1/project_1.runs/design_1_v_proc_ss_0_3_synth_1/.Xil/Vivado-15780-CO2041-04/realtime/bd_d86b_m04_regslice_0_stub.vhdl:31]
INFO: [Synth 8-256] done synthesizing module 'm04_couplers_imp_XJAW2Q' (8#1) [c:/Users/jaxie963/Temp/cpre488-mp2/project_1/project_1.srcs/sources_1/bd/design_1/ip/design_1_v_proc_ss_0_3/bd_0/synth/bd_d86b.vhd:545]
INFO: [Synth 8-638] synthesizing module 'm05_couplers_imp_1YVXE3L' [c:/Users/jaxie963/Temp/cpre488-mp2/project_1/project_1.srcs/sources_1/bd/design_1/ip/design_1_v_proc_ss_0_3/bd_0/synth/bd_d86b.vhd:716]
INFO: [Synth 8-3491] module 'bd_d86b_m05_regslice_0' declared at 'C:/Users/jaxie963/Temp/cpre488-mp2/project_1/project_1.runs/design_1_v_proc_ss_0_3_synth_1/.Xil/Vivado-15780-CO2041-04/realtime/bd_d86b_m05_regslice_0_stub.vhdl:5' bound to instance 'm05_regslice' of component 'bd_d86b_m05_regslice_0' [c:/Users/jaxie963/Temp/cpre488-mp2/project_1/project_1.srcs/sources_1/bd/design_1/ip/design_1_v_proc_ss_0_3/bd_0/synth/bd_d86b.vhd:772]
INFO: [Synth 8-638] synthesizing module 'bd_d86b_m05_regslice_0' [C:/Users/jaxie963/Temp/cpre488-mp2/project_1/project_1.runs/design_1_v_proc_ss_0_3_synth_1/.Xil/Vivado-15780-CO2041-04/realtime/bd_d86b_m05_regslice_0_stub.vhdl:31]
INFO: [Synth 8-256] done synthesizing module 'm05_couplers_imp_1YVXE3L' (9#1) [c:/Users/jaxie963/Temp/cpre488-mp2/project_1/project_1.srcs/sources_1/bd/design_1/ip/design_1_v_proc_ss_0_3/bd_0/synth/bd_d86b.vhd:716]
INFO: [Synth 8-638] synthesizing module 'm06_couplers_imp_1BYULNP' [c:/Users/jaxie963/Temp/cpre488-mp2/project_1/project_1.srcs/sources_1/bd/design_1/ip/design_1_v_proc_ss_0_3/bd_0/synth/bd_d86b.vhd:821]
INFO: [Synth 8-3491] module 'bd_d86b_m06_regslice_0' declared at 'C:/Users/jaxie963/Temp/cpre488-mp2/project_1/project_1.runs/design_1_v_proc_ss_0_3_synth_1/.Xil/Vivado-15780-CO2041-04/realtime/bd_d86b_m06_regslice_0_stub.vhdl:5' bound to instance 'm06_regslice' of component 'bd_d86b_m06_regslice_0' [c:/Users/jaxie963/Temp/cpre488-mp2/project_1/project_1.srcs/sources_1/bd/design_1/ip/design_1_v_proc_ss_0_3/bd_0/synth/bd_d86b.vhd:877]
INFO: [Synth 8-638] synthesizing module 'bd_d86b_m06_regslice_0' [C:/Users/jaxie963/Temp/cpre488-mp2/project_1/project_1.runs/design_1_v_proc_ss_0_3_synth_1/.Xil/Vivado-15780-CO2041-04/realtime/bd_d86b_m06_regslice_0_stub.vhdl:31]
INFO: [Synth 8-256] done synthesizing module 'm06_couplers_imp_1BYULNP' (10#1) [c:/Users/jaxie963/Temp/cpre488-mp2/project_1/project_1.srcs/sources_1/bd/design_1/ip/design_1_v_proc_ss_0_3/bd_0/synth/bd_d86b.vhd:821]
INFO: [Synth 8-638] synthesizing module 'm07_couplers_imp_C0B1IE' [c:/Users/jaxie963/Temp/cpre488-mp2/project_1/project_1.srcs/sources_1/bd/design_1/ip/design_1_v_proc_ss_0_3/bd_0/synth/bd_d86b.vhd:926]
INFO: [Synth 8-3491] module 'bd_d86b_m07_regslice_0' declared at 'C:/Users/jaxie963/Temp/cpre488-mp2/project_1/project_1.runs/design_1_v_proc_ss_0_3_synth_1/.Xil/Vivado-15780-CO2041-04/realtime/bd_d86b_m07_regslice_0_stub.vhdl:5' bound to instance 'm07_regslice' of component 'bd_d86b_m07_regslice_0' [c:/Users/jaxie963/Temp/cpre488-mp2/project_1/project_1.srcs/sources_1/bd/design_1/ip/design_1_v_proc_ss_0_3/bd_0/synth/bd_d86b.vhd:982]
INFO: [Synth 8-638] synthesizing module 'bd_d86b_m07_regslice_0' [C:/Users/jaxie963/Temp/cpre488-mp2/project_1/project_1.runs/design_1_v_proc_ss_0_3_synth_1/.Xil/Vivado-15780-CO2041-04/realtime/bd_d86b_m07_regslice_0_stub.vhdl:31]
INFO: [Synth 8-256] done synthesizing module 'm07_couplers_imp_C0B1IE' (11#1) [c:/Users/jaxie963/Temp/cpre488-mp2/project_1/project_1.srcs/sources_1/bd/design_1/ip/design_1_v_proc_ss_0_3/bd_0/synth/bd_d86b.vhd:926]
INFO: [Synth 8-638] synthesizing module 'm08_couplers_imp_1TZ1JG3' [c:/Users/jaxie963/Temp/cpre488-mp2/project_1/project_1.srcs/sources_1/bd/design_1/ip/design_1_v_proc_ss_0_3/bd_0/synth/bd_d86b.vhd:1037]
INFO: [Synth 8-3491] module 'bd_d86b_auto_ss_slidr_3' declared at 'C:/Users/jaxie963/Temp/cpre488-mp2/project_1/project_1.runs/design_1_v_proc_ss_0_3_synth_1/.Xil/Vivado-15780-CO2041-04/realtime/bd_d86b_auto_ss_slidr_3_stub.vhdl:5' bound to instance 'auto_ss_slidr' of component 'bd_d86b_auto_ss_slidr_3' [c:/Users/jaxie963/Temp/cpre488-mp2/project_1/project_1.srcs/sources_1/bd/design_1/ip/design_1_v_proc_ss_0_3/bd_0/synth/bd_d86b.vhd:1136]
INFO: [Synth 8-638] synthesizing module 'bd_d86b_auto_ss_slidr_3' [C:/Users/jaxie963/Temp/cpre488-mp2/project_1/project_1.runs/design_1_v_proc_ss_0_3_synth_1/.Xil/Vivado-15780-CO2041-04/realtime/bd_d86b_auto_ss_slidr_3_stub.vhdl:31]
INFO: [Synth 8-3491] module 'bd_d86b_m08_regslice_0' declared at 'C:/Users/jaxie963/Temp/cpre488-mp2/project_1/project_1.runs/design_1_v_proc_ss_0_3_synth_1/.Xil/Vivado-15780-CO2041-04/realtime/bd_d86b_m08_regslice_0_stub.vhdl:5' bound to instance 'm08_regslice' of component 'bd_d86b_m08_regslice_0' [c:/Users/jaxie963/Temp/cpre488-mp2/project_1/project_1.srcs/sources_1/bd/design_1/ip/design_1_v_proc_ss_0_3/bd_0/synth/bd_d86b.vhd:1159]
INFO: [Synth 8-638] synthesizing module 'bd_d86b_m08_regslice_0' [C:/Users/jaxie963/Temp/cpre488-mp2/project_1/project_1.runs/design_1_v_proc_ss_0_3_synth_1/.Xil/Vivado-15780-CO2041-04/realtime/bd_d86b_m08_regslice_0_stub.vhdl:31]
INFO: [Synth 8-256] done synthesizing module 'm08_couplers_imp_1TZ1JG3' (12#1) [c:/Users/jaxie963/Temp/cpre488-mp2/project_1/project_1.srcs/sources_1/bd/design_1/ip/design_1_v_proc_ss_0_3/bd_0/synth/bd_d86b.vhd:1037]
INFO: [Synth 8-638] synthesizing module 'm09_couplers_imp_TIONW0' [c:/Users/jaxie963/Temp/cpre488-mp2/project_1/project_1.srcs/sources_1/bd/design_1/ip/design_1_v_proc_ss_0_3/bd_0/synth/bd_d86b.vhd:1204]
INFO: [Synth 8-256] done synthesizing module 'm09_couplers_imp_TIONW0' (13#1) [c:/Users/jaxie963/Temp/cpre488-mp2/project_1/project_1.srcs/sources_1/bd/design_1/ip/design_1_v_proc_ss_0_3/bd_0/synth/bd_d86b.vhd:1204]
INFO: [Synth 8-638] synthesizing module 's00_couplers_imp_133L29D' [c:/Users/jaxie963/Temp/cpre488-mp2/project_1/project_1.srcs/sources_1/bd/design_1/ip/design_1_v_proc_ss_0_3/bd_0/synth/bd_d86b.vhd:1250]
INFO: [Synth 8-3491] module 'bd_d86b_auto_ss_slid_0' declared at 'C:/Users/jaxie963/Temp/cpre488-mp2/project_1/project_1.runs/design_1_v_proc_ss_0_3_synth_1/.Xil/Vivado-15780-CO2041-04/realtime/bd_d86b_auto_ss_slid_0_stub.vhdl:5' bound to instance 'auto_ss_slid' of component 'bd_d86b_auto_ss_slid_0' [c:/Users/jaxie963/Temp/cpre488-mp2/project_1/project_1.srcs/sources_1/bd/design_1/ip/design_1_v_proc_ss_0_3/bd_0/synth/bd_d86b.vhd:1316]
INFO: [Synth 8-638] synthesizing module 'bd_d86b_auto_ss_slid_0' [C:/Users/jaxie963/Temp/cpre488-mp2/project_1/project_1.runs/design_1_v_proc_ss_0_3_synth_1/.Xil/Vivado-15780-CO2041-04/realtime/bd_d86b_auto_ss_slid_0_stub.vhdl:31]
INFO: [Synth 8-256] done synthesizing module 's00_couplers_imp_133L29D' (14#1) [c:/Users/jaxie963/Temp/cpre488-mp2/project_1/project_1.srcs/sources_1/bd/design_1/ip/design_1_v_proc_ss_0_3/bd_0/synth/bd_d86b.vhd:1250]
INFO: [Synth 8-638] synthesizing module 's01_couplers_imp_34UEWI' [c:/Users/jaxie963/Temp/cpre488-mp2/project_1/project_1.srcs/sources_1/bd/design_1/ip/design_1_v_proc_ss_0_3/bd_0/synth/bd_d86b.vhd:1371]
INFO: [Synth 8-3491] module 'bd_d86b_auto_ss_slid_1' declared at 'C:/Users/jaxie963/Temp/cpre488-mp2/project_1/project_1.runs/design_1_v_proc_ss_0_3_synth_1/.Xil/Vivado-15780-CO2041-04/realtime/bd_d86b_auto_ss_slid_1_stub.vhdl:5' bound to instance 'auto_ss_slid' of component 'bd_d86b_auto_ss_slid_1' [c:/Users/jaxie963/Temp/cpre488-mp2/project_1/project_1.srcs/sources_1/bd/design_1/ip/design_1_v_proc_ss_0_3/bd_0/synth/bd_d86b.vhd:1437]
INFO: [Synth 8-638] synthesizing module 'bd_d86b_auto_ss_slid_1' [C:/Users/jaxie963/Temp/cpre488-mp2/project_1/project_1.runs/design_1_v_proc_ss_0_3_synth_1/.Xil/Vivado-15780-CO2041-04/realtime/bd_d86b_auto_ss_slid_1_stub.vhdl:31]
INFO: [Synth 8-256] done synthesizing module 's01_couplers_imp_34UEWI' (15#1) [c:/Users/jaxie963/Temp/cpre488-mp2/project_1/project_1.srcs/sources_1/bd/design_1/ip/design_1_v_proc_ss_0_3/bd_0/synth/bd_d86b.vhd:1371]
INFO: [Synth 8-638] synthesizing module 's02_couplers_imp_ONDAIE' [c:/Users/jaxie963/Temp/cpre488-mp2/project_1/project_1.srcs/sources_1/bd/design_1/ip/design_1_v_proc_ss_0_3/bd_0/synth/bd_d86b.vhd:1492]
INFO: [Synth 8-3491] module 'bd_d86b_auto_ss_slid_2' declared at 'C:/Users/jaxie963/Temp/cpre488-mp2/project_1/project_1.runs/design_1_v_proc_ss_0_3_synth_1/.Xil/Vivado-15780-CO2041-04/realtime/bd_d86b_auto_ss_slid_2_stub.vhdl:5' bound to instance 'auto_ss_slid' of component 'bd_d86b_auto_ss_slid_2' [c:/Users/jaxie963/Temp/cpre488-mp2/project_1/project_1.srcs/sources_1/bd/design_1/ip/design_1_v_proc_ss_0_3/bd_0/synth/bd_d86b.vhd:1558]
INFO: [Synth 8-638] synthesizing module 'bd_d86b_auto_ss_slid_2' [C:/Users/jaxie963/Temp/cpre488-mp2/project_1/project_1.runs/design_1_v_proc_ss_0_3_synth_1/.Xil/Vivado-15780-CO2041-04/realtime/bd_d86b_auto_ss_slid_2_stub.vhdl:31]
INFO: [Synth 8-256] done synthesizing module 's02_couplers_imp_ONDAIE' (16#1) [c:/Users/jaxie963/Temp/cpre488-mp2/project_1/project_1.srcs/sources_1/bd/design_1/ip/design_1_v_proc_ss_0_3/bd_0/synth/bd_d86b.vhd:1492]
INFO: [Synth 8-638] synthesizing module 's03_couplers_imp_1PZVIGL' [c:/Users/jaxie963/Temp/cpre488-mp2/project_1/project_1.srcs/sources_1/bd/design_1/ip/design_1_v_proc_ss_0_3/bd_0/synth/bd_d86b.vhd:1603]
INFO: [Synth 8-256] done synthesizing module 's03_couplers_imp_1PZVIGL' (17#1) [c:/Users/jaxie963/Temp/cpre488-mp2/project_1/project_1.srcs/sources_1/bd/design_1/ip/design_1_v_proc_ss_0_3/bd_0/synth/bd_d86b.vhd:1603]
INFO: [Synth 8-638] synthesizing module 's04_couplers_imp_1YZZAF2' [c:/Users/jaxie963/Temp/cpre488-mp2/project_1/project_1.srcs/sources_1/bd/design_1/ip/design_1_v_proc_ss_0_3/bd_0/synth/bd_d86b.vhd:1649]
INFO: [Synth 8-3491] module 'bd_d86b_auto_ss_slid_3' declared at 'C:/Users/jaxie963/Temp/cpre488-mp2/project_1/project_1.runs/design_1_v_proc_ss_0_3_synth_1/.Xil/Vivado-15780-CO2041-04/realtime/bd_d86b_auto_ss_slid_3_stub.vhdl:5' bound to instance 'auto_ss_slid' of component 'bd_d86b_auto_ss_slid_3' [c:/Users/jaxie963/Temp/cpre488-mp2/project_1/project_1.srcs/sources_1/bd/design_1/ip/design_1_v_proc_ss_0_3/bd_0/synth/bd_d86b.vhd:1715]
INFO: [Synth 8-638] synthesizing module 'bd_d86b_auto_ss_slid_3' [C:/Users/jaxie963/Temp/cpre488-mp2/project_1/project_1.runs/design_1_v_proc_ss_0_3_synth_1/.Xil/Vivado-15780-CO2041-04/realtime/bd_d86b_auto_ss_slid_3_stub.vhdl:31]
INFO: [Synth 8-256] done synthesizing module 's04_couplers_imp_1YZZAF2' (18#1) [c:/Users/jaxie963/Temp/cpre488-mp2/project_1/project_1.srcs/sources_1/bd/design_1/ip/design_1_v_proc_ss_0_3/bd_0/synth/bd_d86b.vhd:1649]
INFO: [Synth 8-638] synthesizing module 's05_couplers_imp_XDB29P' [c:/Users/jaxie963/Temp/cpre488-mp2/project_1/project_1.srcs/sources_1/bd/design_1/ip/design_1_v_proc_ss_0_3/bd_0/synth/bd_d86b.vhd:1760]
INFO: [Synth 8-256] done synthesizing module 's05_couplers_imp_XDB29P' (19#1) [c:/Users/jaxie963/Temp/cpre488-mp2/project_1/project_1.srcs/sources_1/bd/design_1/ip/design_1_v_proc_ss_0_3/bd_0/synth/bd_d86b.vhd:1760]
INFO: [Synth 8-638] synthesizing module 's06_couplers_imp_C66YM1' [c:/Users/jaxie963/Temp/cpre488-mp2/project_1/project_1.srcs/sources_1/bd/design_1/ip/design_1_v_proc_ss_0_3/bd_0/synth/bd_d86b.vhd:1796]
INFO: [Synth 8-256] done synthesizing module 's06_couplers_imp_C66YM1' (20#1) [c:/Users/jaxie963/Temp/cpre488-mp2/project_1/project_1.srcs/sources_1/bd/design_1/ip/design_1_v_proc_ss_0_3/bd_0/synth/bd_d86b.vhd:1796]
INFO: [Synth 8-638] synthesizing module 's07_couplers_imp_1BURLYY' [c:/Users/jaxie963/Temp/cpre488-mp2/project_1/project_1.srcs/sources_1/bd/design_1/ip/design_1_v_proc_ss_0_3/bd_0/synth/bd_d86b.vhd:1832]
INFO: [Synth 8-256] done synthesizing module 's07_couplers_imp_1BURLYY' (21#1) [c:/Users/jaxie963/Temp/cpre488-mp2/project_1/project_1.srcs/sources_1/bd/design_1/ip/design_1_v_proc_ss_0_3/bd_0/synth/bd_d86b.vhd:1832]
INFO: [Synth 8-638] synthesizing module 's08_couplers_imp_TOKXF3' [c:/Users/jaxie963/Temp/cpre488-mp2/project_1/project_1.srcs/sources_1/bd/design_1/ip/design_1_v_proc_ss_0_3/bd_0/synth/bd_d86b.vhd:1878]
INFO: [Synth 8-3491] module 'bd_d86b_auto_ss_slid_4' declared at 'C:/Users/jaxie963/Temp/cpre488-mp2/project_1/project_1.runs/design_1_v_proc_ss_0_3_synth_1/.Xil/Vivado-15780-CO2041-04/realtime/bd_d86b_auto_ss_slid_4_stub.vhdl:5' bound to instance 'auto_ss_slid' of component 'bd_d86b_auto_ss_slid_4' [c:/Users/jaxie963/Temp/cpre488-mp2/project_1/project_1.srcs/sources_1/bd/design_1/ip/design_1_v_proc_ss_0_3/bd_0/synth/bd_d86b.vhd:1944]
INFO: [Synth 8-638] synthesizing module 'bd_d86b_auto_ss_slid_4' [C:/Users/jaxie963/Temp/cpre488-mp2/project_1/project_1.runs/design_1_v_proc_ss_0_3_synth_1/.Xil/Vivado-15780-CO2041-04/realtime/bd_d86b_auto_ss_slid_4_stub.vhdl:31]
INFO: [Synth 8-256] done synthesizing module 's08_couplers_imp_TOKXF3' (22#1) [c:/Users/jaxie963/Temp/cpre488-mp2/project_1/project_1.srcs/sources_1/bd/design_1/ip/design_1_v_proc_ss_0_3/bd_0/synth/bd_d86b.vhd:1878]
INFO: [Synth 8-638] synthesizing module 's09_couplers_imp_1TUXHM4' [c:/Users/jaxie963/Temp/cpre488-mp2/project_1/project_1.srcs/sources_1/bd/design_1/ip/design_1_v_proc_ss_0_3/bd_0/synth/bd_d86b.vhd:1989]
INFO: [Synth 8-256] done synthesizing module 's09_couplers_imp_1TUXHM4' (23#1) [c:/Users/jaxie963/Temp/cpre488-mp2/project_1/project_1.srcs/sources_1/bd/design_1/ip/design_1_v_proc_ss_0_3/bd_0/synth/bd_d86b.vhd:1989]
INFO: [Synth 8-3491] module 'bd_d86b_xbar_0' declared at 'C:/Users/jaxie963/Temp/cpre488-mp2/project_1/project_1.runs/design_1_v_proc_ss_0_3_synth_1/.Xil/Vivado-15780-CO2041-04/realtime/bd_d86b_xbar_0_stub.vhdl:5' bound to instance 'xbar' of component 'bd_d86b_xbar_0' [c:/Users/jaxie963/Temp/cpre488-mp2/project_1/project_1.srcs/sources_1/bd/design_1/ip/design_1_v_proc_ss_0_3/bd_0/synth/bd_d86b.vhd:3180]
INFO: [Synth 8-638] synthesizing module 'bd_d86b_xbar_0' [C:/Users/jaxie963/Temp/cpre488-mp2/project_1/project_1.runs/design_1_v_proc_ss_0_3_synth_1/.Xil/Vivado-15780-CO2041-04/realtime/bd_d86b_xbar_0_stub.vhdl:49]
INFO: [Synth 8-256] done synthesizing module 'bd_d86b_video_router_0' (24#1) [c:/Users/jaxie963/Temp/cpre488-mp2/project_1/project_1.srcs/sources_1/bd/design_1/ip/design_1_v_proc_ss_0_3/bd_0/synth/bd_d86b.vhd:2200]
INFO: [Synth 8-3491] module 'bd_d86b_vsc_0' declared at 'C:/Users/jaxie963/Temp/cpre488-mp2/project_1/project_1.runs/design_1_v_proc_ss_0_3_synth_1/.Xil/Vivado-15780-CO2041-04/realtime/bd_d86b_vsc_0_stub.vhdl:5' bound to instance 'vsc' of component 'bd_d86b_vsc_0' [c:/Users/jaxie963/Temp/cpre488-mp2/project_1/project_1.srcs/sources_1/bd/design_1/ip/design_1_v_proc_ss_0_3/bd_0/synth/bd_d86b.vhd:5561]
INFO: [Synth 8-638] synthesizing module 'bd_d86b_vsc_0' [C:/Users/jaxie963/Temp/cpre488-mp2/project_1/project_1.runs/design_1_v_proc_ss_0_3_synth_1/.Xil/Vivado-15780-CO2041-04/realtime/bd_d86b_vsc_0_stub.vhdl:49]
INFO: [Synth 8-256] done synthesizing module 'bd_d86b' (25#1) [c:/Users/jaxie963/Temp/cpre488-mp2/project_1/project_1.srcs/sources_1/bd/design_1/ip/design_1_v_proc_ss_0_3/bd_0/synth/bd_d86b.vhd:3558]
INFO: [Synth 8-256] done synthesizing module 'design_1_v_proc_ss_0_3' (26#1) [c:/Users/jaxie963/Temp/cpre488-mp2/project_1/project_1.srcs/sources_1/bd/design_1/ip/design_1_v_proc_ss_0_3/synth/design_1_v_proc_ss_0_3.vhd:102]
---------------------------------------------------------------------------------
Finished RTL Elaboration : Time (s): cpu = 00:00:01 ; elapsed = 00:00:03 . Memory (MB): peak = 1013.129 ; gain = 0.000
---------------------------------------------------------------------------------
---------------------------------------------------------------------------------
Start Handling Custom Attributes
---------------------------------------------------------------------------------
---------------------------------------------------------------------------------
Finished Handling Custom Attributes : Time (s): cpu = 00:00:01 ; elapsed = 00:00:04 . Memory (MB): peak = 1013.129 ; gain = 0.000
---------------------------------------------------------------------------------
---------------------------------------------------------------------------------
Finished RTL Optimization Phase 1 : Time (s): cpu = 00:00:01 ; elapsed = 00:00:04 . Memory (MB): peak = 1013.129 ; gain = 0.000
---------------------------------------------------------------------------------
Netlist sorting complete. Time (s): cpu = 00:00:00 ; elapsed = 00:00:00.021 . Memory (MB): peak = 1013.129 ; gain = 0.000
INFO: [Project 1-570] Preparing netlist for logic optimization

Processing XDC Constraints
Initializing timing engine
Parsing XDC File [c:/Users/jaxie963/Temp/cpre488-mp2/project_1/project_1.srcs/sources_1/bd/design_1/ip/design_1_v_proc_ss_0_3/bd_0/ip/ip_0/bd_d86b_smartconnect_0_0/bd_d86b_smartconnect_0_0_in_context.xdc] for cell 'U0/smartconnect_0'
Finished Parsing XDC File [c:/Users/jaxie963/Temp/cpre488-mp2/project_1/project_1.srcs/sources_1/bd/design_1/ip/design_1_v_proc_ss_0_3/bd_0/ip/ip_0/bd_d86b_smartconnect_0_0/bd_d86b_smartconnect_0_0_in_context.xdc] for cell 'U0/smartconnect_0'
Parsing XDC File [c:/Users/jaxie963/Temp/cpre488-mp2/project_1/project_1.srcs/sources_1/bd/design_1/ip/design_1_v_proc_ss_0_3/bd_0/ip/ip_1/bd_d86b_vsc_0/bd_18aa_vsc_0_in_context.xdc] for cell 'U0/vsc'
Finished Parsing XDC File [c:/Users/jaxie963/Temp/cpre488-mp2/project_1/project_1.srcs/sources_1/bd/design_1/ip/design_1_v_proc_ss_0_3/bd_0/ip/ip_1/bd_d86b_vsc_0/bd_18aa_vsc_0_in_context.xdc] for cell 'U0/vsc'
Parsing XDC File [c:/Users/jaxie963/Temp/cpre488-mp2/project_1/project_1.srcs/sources_1/bd/design_1/ip/design_1_v_proc_ss_0_3/bd_0/ip/ip_2/bd_d86b_hsc_0/bd_d86b_hsc_0_in_context.xdc] for cell 'U0/hsc'
Finished Parsing XDC File [c:/Users/jaxie963/Temp/cpre488-mp2/project_1/project_1.srcs/sources_1/bd/design_1/ip/design_1_v_proc_ss_0_3/bd_0/ip/ip_2/bd_d86b_hsc_0/bd_d86b_hsc_0_in_context.xdc] for cell 'U0/hsc'
Parsing XDC File [c:/Users/jaxie963/Temp/cpre488-mp2/project_1/project_1.srcs/sources_1/bd/design_1/ip/design_1_v_proc_ss_0_3/bd_0/ip/ip_3/bd_d86b_input_size_set_0/bd_d86b_input_size_set_0_in_context.xdc] for cell 'U0/input_size_set'
Finished Parsing XDC File [c:/Users/jaxie963/Temp/cpre488-mp2/project_1/project_1.srcs/sources_1/bd/design_1/ip/design_1_v_proc_ss_0_3/bd_0/ip/ip_3/bd_d86b_input_size_set_0/bd_d86b_input_size_set_0_in_context.xdc] for cell 'U0/input_size_set'
Parsing XDC File [c:/Users/jaxie963/Temp/cpre488-mp2/project_1/project_1.srcs/sources_1/bd/design_1/ip/design_1_v_proc_ss_0_3/bd_0/ip/ip_4/bd_d86b_ltr_0/bd_d86b_ltr_0_in_context.xdc] for cell 'U0/ltr'
Finished Parsing XDC File [c:/Users/jaxie963/Temp/cpre488-mp2/project_1/project_1.srcs/sources_1/bd/design_1/ip/design_1_v_proc_ss_0_3/bd_0/ip/ip_4/bd_d86b_ltr_0/bd_d86b_ltr_0_in_context.xdc] for cell 'U0/ltr'
Parsing XDC File [c:/Users/jaxie963/Temp/cpre488-mp2/project_1/project_1.srcs/sources_1/bd/design_1/ip/design_1_v_proc_ss_0_3/bd_0/ip/ip_5/bd_d86b_csc_0/bd_d92b_csc_0_in_context.xdc] for cell 'U0/csc'
Finished Parsing XDC File [c:/Users/jaxie963/Temp/cpre488-mp2/project_1/project_1.srcs/sources_1/bd/design_1/ip/design_1_v_proc_ss_0_3/bd_0/ip/ip_5/bd_d86b_csc_0/bd_d92b_csc_0_in_context.xdc] for cell 'U0/csc'
Parsing XDC File [c:/Users/jaxie963/Temp/cpre488-mp2/project_1/project_1.srcs/sources_1/bd/design_1/ip/design_1_v_proc_ss_0_3/bd_0/ip/ip_9/bd_d86b_xbar_0/bd_d86b_xbar_0_in_context.xdc] for cell 'U0/video_router/xbar'
Finished Parsing XDC File [c:/Users/jaxie963/Temp/cpre488-mp2/project_1/project_1.srcs/sources_1/bd/design_1/ip/design_1_v_proc_ss_0_3/bd_0/ip/ip_9/bd_d86b_xbar_0/bd_d86b_xbar_0_in_context.xdc] for cell 'U0/video_router/xbar'
Parsing XDC File [c:/Users/jaxie963/Temp/cpre488-mp2/project_1/project_1.srcs/sources_1/bd/design_1/ip/design_1_v_proc_ss_0_3/bd_0/ip/ip_10/bd_d86b_reset_sel_axis_0/bd_18aa_reset_sel_axis_0_in_context.xdc] for cell 'U0/reset_sel_axis'
Finished Parsing XDC File [c:/Users/jaxie963/Temp/cpre488-mp2/project_1/project_1.srcs/sources_1/bd/design_1/ip/design_1_v_proc_ss_0_3/bd_0/ip/ip_10/bd_d86b_reset_sel_axis_0/bd_18aa_reset_sel_axis_0_in_context.xdc] for cell 'U0/reset_sel_axis'
Parsing XDC File [c:/Users/jaxie963/Temp/cpre488-mp2/project_1/project_1.srcs/sources_1/bd/design_1/ip/design_1_v_proc_ss_0_3/bd_0/ip/ip_11/bd_d86b_rst_axis_0/design_1_rst_clk_wiz_0_148M_0_in_context.xdc] for cell 'U0/rst_axis'
Finished Parsing XDC File [c:/Users/jaxie963/Temp/cpre488-mp2/project_1/project_1.srcs/sources_1/bd/design_1/ip/design_1_v_proc_ss_0_3/bd_0/ip/ip_11/bd_d86b_rst_axis_0/design_1_rst_clk_wiz_0_148M_0_in_context.xdc] for cell 'U0/rst_axis'
Parsing XDC File [c:/Users/jaxie963/Temp/cpre488-mp2/project_1/project_1.srcs/sources_1/bd/design_1/ip/design_1_v_proc_ss_0_3/bd_0/ip/ip_24/bd_d86b_auto_ss_slid_0/bd_d86b_auto_ss_slid_0_in_context.xdc] for cell 'U0/video_router/s00_couplers/auto_ss_slid'
Finished Parsing XDC File [c:/Users/jaxie963/Temp/cpre488-mp2/project_1/project_1.srcs/sources_1/bd/design_1/ip/design_1_v_proc_ss_0_3/bd_0/ip/ip_24/bd_d86b_auto_ss_slid_0/bd_d86b_auto_ss_slid_0_in_context.xdc] for cell 'U0/video_router/s00_couplers/auto_ss_slid'
Parsing XDC File [c:/Users/jaxie963/Temp/cpre488-mp2/project_1/project_1.srcs/sources_1/bd/design_1/ip/design_1_v_proc_ss_0_3/bd_0/ip/ip_25/bd_d86b_auto_ss_slid_1/bd_d86b_auto_ss_slid_1_in_context.xdc] for cell 'U0/video_router/s01_couplers/auto_ss_slid'
Finished Parsing XDC File [c:/Users/jaxie963/Temp/cpre488-mp2/project_1/project_1.srcs/sources_1/bd/design_1/ip/design_1_v_proc_ss_0_3/bd_0/ip/ip_25/bd_d86b_auto_ss_slid_1/bd_d86b_auto_ss_slid_1_in_context.xdc] for cell 'U0/video_router/s01_couplers/auto_ss_slid'
Parsing XDC File [c:/Users/jaxie963/Temp/cpre488-mp2/project_1/project_1.srcs/sources_1/bd/design_1/ip/design_1_v_proc_ss_0_3/bd_0/ip/ip_26/bd_d86b_auto_ss_slid_2/bd_d86b_auto_ss_slid_2_in_context.xdc] for cell 'U0/video_router/s02_couplers/auto_ss_slid'
Finished Parsing XDC File [c:/Users/jaxie963/Temp/cpre488-mp2/project_1/project_1.srcs/sources_1/bd/design_1/ip/design_1_v_proc_ss_0_3/bd_0/ip/ip_26/bd_d86b_auto_ss_slid_2/bd_d86b_auto_ss_slid_2_in_context.xdc] for cell 'U0/video_router/s02_couplers/auto_ss_slid'
Parsing XDC File [c:/Users/jaxie963/Temp/cpre488-mp2/project_1/project_1.srcs/sources_1/bd/design_1/ip/design_1_v_proc_ss_0_3/bd_0/ip/ip_27/bd_d86b_auto_ss_slid_3/bd_d86b_auto_ss_slid_3_in_context.xdc] for cell 'U0/video_router/s04_couplers/auto_ss_slid'
Finished Parsing XDC File [c:/Users/jaxie963/Temp/cpre488-mp2/project_1/project_1.srcs/sources_1/bd/design_1/ip/design_1_v_proc_ss_0_3/bd_0/ip/ip_27/bd_d86b_auto_ss_slid_3/bd_d86b_auto_ss_slid_3_in_context.xdc] for cell 'U0/video_router/s04_couplers/auto_ss_slid'
Parsing XDC File [c:/Users/jaxie963/Temp/cpre488-mp2/project_1/project_1.srcs/sources_1/bd/design_1/ip/design_1_v_proc_ss_0_3/bd_0/ip/ip_28/bd_d86b_auto_ss_slid_4/bd_d86b_auto_ss_slid_4_in_context.xdc] for cell 'U0/video_router/s08_couplers/auto_ss_slid'
Finished Parsing XDC File [c:/Users/jaxie963/Temp/cpre488-mp2/project_1/project_1.srcs/sources_1/bd/design_1/ip/design_1_v_proc_ss_0_3/bd_0/ip/ip_28/bd_d86b_auto_ss_slid_4/bd_d86b_auto_ss_slid_4_in_context.xdc] for cell 'U0/video_router/s08_couplers/auto_ss_slid'
Parsing XDC File [c:/Users/jaxie963/Temp/cpre488-mp2/project_1/project_1.srcs/sources_1/bd/design_1/ip/design_1_v_proc_ss_0_3/bd_0/ip/ip_12/bd_d86b_m00_regslice_0/bd_d86b_m07_regslice_0_in_context.xdc] for cell 'U0/video_router/m00_couplers/m00_regslice'
Finished Parsing XDC File [c:/Users/jaxie963/Temp/cpre488-mp2/project_1/project_1.srcs/sources_1/bd/design_1/ip/design_1_v_proc_ss_0_3/bd_0/ip/ip_12/bd_d86b_m00_regslice_0/bd_d86b_m07_regslice_0_in_context.xdc] for cell 'U0/video_router/m00_couplers/m00_regslice'
Parsing XDC File [c:/Users/jaxie963/Temp/cpre488-mp2/project_1/project_1.srcs/sources_1/bd/design_1/ip/design_1_v_proc_ss_0_3/bd_0/ip/ip_13/bd_d86b_m01_regslice_0/bd_18aa_axis_register_slice_0_0_in_context.xdc] for cell 'U0/video_router/m01_couplers/m01_regslice'
Finished Parsing XDC File [c:/Users/jaxie963/Temp/cpre488-mp2/project_1/project_1.srcs/sources_1/bd/design_1/ip/design_1_v_proc_ss_0_3/bd_0/ip/ip_13/bd_d86b_m01_regslice_0/bd_18aa_axis_register_slice_0_0_in_context.xdc] for cell 'U0/video_router/m01_couplers/m01_regslice'
Parsing XDC File [c:/Users/jaxie963/Temp/cpre488-mp2/project_1/project_1.srcs/sources_1/bd/design_1/ip/design_1_v_proc_ss_0_3/bd_0/ip/ip_20/bd_d86b_auto_ss_slidr_0/bd_d86b_auto_ss_slidr_0_in_context.xdc] for cell 'U0/video_router/m01_couplers/auto_ss_slidr'
Finished Parsing XDC File [c:/Users/jaxie963/Temp/cpre488-mp2/project_1/project_1.srcs/sources_1/bd/design_1/ip/design_1_v_proc_ss_0_3/bd_0/ip/ip_20/bd_d86b_auto_ss_slidr_0/bd_d86b_auto_ss_slidr_0_in_context.xdc] for cell 'U0/video_router/m01_couplers/auto_ss_slidr'
Parsing XDC File [c:/Users/jaxie963/Temp/cpre488-mp2/project_1/project_1.srcs/sources_1/bd/design_1/ip/design_1_v_proc_ss_0_3/bd_0/ip/ip_14/bd_d86b_m02_regslice_0/bd_18aa_axis_register_slice_0_0_in_context.xdc] for cell 'U0/video_router/m02_couplers/m02_regslice'
Finished Parsing XDC File [c:/Users/jaxie963/Temp/cpre488-mp2/project_1/project_1.srcs/sources_1/bd/design_1/ip/design_1_v_proc_ss_0_3/bd_0/ip/ip_14/bd_d86b_m02_regslice_0/bd_18aa_axis_register_slice_0_0_in_context.xdc] for cell 'U0/video_router/m02_couplers/m02_regslice'
Parsing XDC File [c:/Users/jaxie963/Temp/cpre488-mp2/project_1/project_1.srcs/sources_1/bd/design_1/ip/design_1_v_proc_ss_0_3/bd_0/ip/ip_21/bd_d86b_auto_ss_slidr_1/bd_d86b_auto_ss_slidr_1_in_context.xdc] for cell 'U0/video_router/m02_couplers/auto_ss_slidr'
Finished Parsing XDC File [c:/Users/jaxie963/Temp/cpre488-mp2/project_1/project_1.srcs/sources_1/bd/design_1/ip/design_1_v_proc_ss_0_3/bd_0/ip/ip_21/bd_d86b_auto_ss_slidr_1/bd_d86b_auto_ss_slidr_1_in_context.xdc] for cell 'U0/video_router/m02_couplers/auto_ss_slidr'
Parsing XDC File [c:/Users/jaxie963/Temp/cpre488-mp2/project_1/project_1.srcs/sources_1/bd/design_1/ip/design_1_v_proc_ss_0_3/bd_0/ip/ip_15/bd_d86b_m04_regslice_0/bd_18aa_axis_register_slice_0_0_in_context.xdc] for cell 'U0/video_router/m04_couplers/m04_regslice'
Finished Parsing XDC File [c:/Users/jaxie963/Temp/cpre488-mp2/project_1/project_1.srcs/sources_1/bd/design_1/ip/design_1_v_proc_ss_0_3/bd_0/ip/ip_15/bd_d86b_m04_regslice_0/bd_18aa_axis_register_slice_0_0_in_context.xdc] for cell 'U0/video_router/m04_couplers/m04_regslice'
Parsing XDC File [c:/Users/jaxie963/Temp/cpre488-mp2/project_1/project_1.srcs/sources_1/bd/design_1/ip/design_1_v_proc_ss_0_3/bd_0/ip/ip_22/bd_d86b_auto_ss_slidr_2/bd_d86b_auto_ss_slidr_2_in_context.xdc] for cell 'U0/video_router/m04_couplers/auto_ss_slidr'
Finished Parsing XDC File [c:/Users/jaxie963/Temp/cpre488-mp2/project_1/project_1.srcs/sources_1/bd/design_1/ip/design_1_v_proc_ss_0_3/bd_0/ip/ip_22/bd_d86b_auto_ss_slidr_2/bd_d86b_auto_ss_slidr_2_in_context.xdc] for cell 'U0/video_router/m04_couplers/auto_ss_slidr'
Parsing XDC File [c:/Users/jaxie963/Temp/cpre488-mp2/project_1/project_1.srcs/sources_1/bd/design_1/ip/design_1_v_proc_ss_0_3/bd_0/ip/ip_16/bd_d86b_m05_regslice_0/bd_d86b_m07_regslice_0_in_context.xdc] for cell 'U0/video_router/m05_couplers/m05_regslice'
Finished Parsing XDC File [c:/Users/jaxie963/Temp/cpre488-mp2/project_1/project_1.srcs/sources_1/bd/design_1/ip/design_1_v_proc_ss_0_3/bd_0/ip/ip_16/bd_d86b_m05_regslice_0/bd_d86b_m07_regslice_0_in_context.xdc] for cell 'U0/video_router/m05_couplers/m05_regslice'
Parsing XDC File [c:/Users/jaxie963/Temp/cpre488-mp2/project_1/project_1.srcs/sources_1/bd/design_1/ip/design_1_v_proc_ss_0_3/bd_0/ip/ip_17/bd_d86b_m06_regslice_0/bd_d86b_m07_regslice_0_in_context.xdc] for cell 'U0/video_router/m06_couplers/m06_regslice'
Finished Parsing XDC File [c:/Users/jaxie963/Temp/cpre488-mp2/project_1/project_1.srcs/sources_1/bd/design_1/ip/design_1_v_proc_ss_0_3/bd_0/ip/ip_17/bd_d86b_m06_regslice_0/bd_d86b_m07_regslice_0_in_context.xdc] for cell 'U0/video_router/m06_couplers/m06_regslice'
Parsing XDC File [c:/Users/jaxie963/Temp/cpre488-mp2/project_1/project_1.srcs/sources_1/bd/design_1/ip/design_1_v_proc_ss_0_3/bd_0/ip/ip_18/bd_d86b_m07_regslice_0/bd_d86b_m07_regslice_0_in_context.xdc] for cell 'U0/video_router/m07_couplers/m07_regslice'
Finished Parsing XDC File [c:/Users/jaxie963/Temp/cpre488-mp2/project_1/project_1.srcs/sources_1/bd/design_1/ip/design_1_v_proc_ss_0_3/bd_0/ip/ip_18/bd_d86b_m07_regslice_0/bd_d86b_m07_regslice_0_in_context.xdc] for cell 'U0/video_router/m07_couplers/m07_regslice'
Parsing XDC File [c:/Users/jaxie963/Temp/cpre488-mp2/project_1/project_1.srcs/sources_1/bd/design_1/ip/design_1_v_proc_ss_0_3/bd_0/ip/ip_19/bd_d86b_m08_regslice_0/bd_18aa_axis_register_slice_0_0_in_context.xdc] for cell 'U0/video_router/m08_couplers/m08_regslice'
Finished Parsing XDC File [c:/Users/jaxie963/Temp/cpre488-mp2/project_1/project_1.srcs/sources_1/bd/design_1/ip/design_1_v_proc_ss_0_3/bd_0/ip/ip_19/bd_d86b_m08_regslice_0/bd_18aa_axis_register_slice_0_0_in_context.xdc] for cell 'U0/video_router/m08_couplers/m08_regslice'
Parsing XDC File [c:/Users/jaxie963/Temp/cpre488-mp2/project_1/project_1.srcs/sources_1/bd/design_1/ip/design_1_v_proc_ss_0_3/bd_0/ip/ip_23/bd_d86b_auto_ss_slidr_3/bd_d86b_auto_ss_slidr_3_in_context.xdc] for cell 'U0/video_router/m08_couplers/auto_ss_slidr'
Finished Parsing XDC File [c:/Users/jaxie963/Temp/cpre488-mp2/project_1/project_1.srcs/sources_1/bd/design_1/ip/design_1_v_proc_ss_0_3/bd_0/ip/ip_23/bd_d86b_auto_ss_slidr_3/bd_d86b_auto_ss_slidr_3_in_context.xdc] for cell 'U0/video_router/m08_couplers/auto_ss_slidr'
Parsing XDC File [c:/Users/jaxie963/Temp/cpre488-mp2/project_1/project_1.srcs/sources_1/bd/design_1/ip/design_1_v_proc_ss_0_3/design_1_v_proc_ss_0_3_ooc.xdc] for cell 'U0'
Finished Parsing XDC File [c:/Users/jaxie963/Temp/cpre488-mp2/project_1/project_1.srcs/sources_1/bd/design_1/ip/design_1_v_proc_ss_0_3/design_1_v_proc_ss_0_3_ooc.xdc] for cell 'U0'
Parsing XDC File [C:/Users/jaxie963/Temp/cpre488-mp2/project_1/project_1.runs/design_1_v_proc_ss_0_3_synth_1/dont_touch.xdc]
Finished Parsing XDC File [C:/Users/jaxie963/Temp/cpre488-mp2/project_1/project_1.runs/design_1_v_proc_ss_0_3_synth_1/dont_touch.xdc]
Completed Processing XDC Constraints

Netlist sorting complete. Time (s): cpu = 00:00:00 ; elapsed = 00:00:00 . Memory (MB): peak = 1025.555 ; gain = 0.000
INFO: [Project 1-111] Unisim Transformation Summary:
No Unisim elements were transformed.

Constraint Validation Runtime : Time (s): cpu = 00:00:00 ; elapsed = 00:00:00.072 . Memory (MB): peak = 1037.023 ; gain = 11.469
---------------------------------------------------------------------------------
Finished Constraint Validation : Time (s): cpu = 00:00:03 ; elapsed = 00:00:07 . Memory (MB): peak = 1037.023 ; gain = 23.895
---------------------------------------------------------------------------------
---------------------------------------------------------------------------------
Start Loading Part and Timing Information
---------------------------------------------------------------------------------
Loading part: xc7z020clg484-1
---------------------------------------------------------------------------------
Finished Loading Part and Timing Information : Time (s): cpu = 00:00:03 ; elapsed = 00:00:07 . Memory (MB): peak = 1037.023 ; gain = 23.895
---------------------------------------------------------------------------------
---------------------------------------------------------------------------------
Start Applying 'set_property' XDC Constraints
---------------------------------------------------------------------------------
Applied set_property DONT_TOUCH = true for U0. (constraint file  auto generated constraint, line ).
Applied set_property DONT_TOUCH = true for U0/smartconnect_0. (constraint file  auto generated constraint, line ).
Applied set_property DONT_TOUCH = true for U0/vsc. (constraint file  auto generated constraint, line ).
Applied set_property DONT_TOUCH = true for U0/hsc. (constraint file  auto generated constraint, line ).
Applied set_property DONT_TOUCH = true for U0/input_size_set. (constraint file  auto generated constraint, line ).
Applied set_property DONT_TOUCH = true for U0/ltr. (constraint file  auto generated constraint, line ).
Applied set_property DONT_TOUCH = true for U0/csc. (constraint file  auto generated constraint, line ).
Applied set_property DONT_TOUCH = true for U0/proc_ss_ip_aresetn. (constraint file  auto generated constraint, line ).
Applied set_property DONT_TOUCH = true for U0/vid_in_aresetn. (constraint file  auto generated constraint, line ).
Applied set_property DONT_TOUCH = true for U0/video_router/xbar. (constraint file  auto generated constraint, line ).
Applied set_property DONT_TOUCH = true for U0/video_router. (constraint file  auto generated constraint, line ).
Applied set_property DONT_TOUCH = true for U0/reset_sel_axis. (constraint file  auto generated constraint, line ).
Applied set_property DONT_TOUCH = true for U0/rst_axis. (constraint file  auto generated constraint, line ).
Applied set_property DONT_TOUCH = true for U0/video_router/s00_couplers/auto_ss_slid. (constraint file  auto generated constraint, line ).
Applied set_property DONT_TOUCH = true for U0/video_router/s01_couplers/auto_ss_slid. (constraint file  auto generated constraint, line ).
Applied set_property DONT_TOUCH = true for U0/video_router/s02_couplers/auto_ss_slid. (constraint file  auto generated constraint, line ).
Applied set_property DONT_TOUCH = true for U0/video_router/s04_couplers/auto_ss_slid. (constraint file  auto generated constraint, line ).
Applied set_property DONT_TOUCH = true for U0/video_router/s08_couplers/auto_ss_slid. (constraint file  auto generated constraint, line ).
Applied set_property DONT_TOUCH = true for U0/video_router/m00_couplers/m00_regslice. (constraint file  auto generated constraint, line ).
Applied set_property DONT_TOUCH = true for U0/video_router/m01_couplers/m01_regslice. (constraint file  auto generated constraint, line ).
Applied set_property DONT_TOUCH = true for U0/video_router/m01_couplers/auto_ss_slidr. (constraint file  auto generated constraint, line ).
Applied set_property DONT_TOUCH = true for U0/video_router/m02_couplers/m02_regslice. (constraint file  auto generated constraint, line ).
Applied set_property DONT_TOUCH = true for U0/video_router/m02_couplers/auto_ss_slidr. (constraint file  auto generated constraint, line ).
Applied set_property DONT_TOUCH = true for U0/video_router/m04_couplers/m04_regslice. (constraint file  auto generated constraint, line ).
Applied set_property DONT_TOUCH = true for U0/video_router/m04_couplers/auto_ss_slidr. (constraint file  auto generated constraint, line ).
Applied set_property DONT_TOUCH = true for U0/video_router/m05_couplers/m05_regslice. (constraint file  auto generated constraint, line ).
Applied set_property DONT_TOUCH = true for U0/video_router/m06_couplers/m06_regslice. (constraint file  auto generated constraint, line ).
Applied set_property DONT_TOUCH = true for U0/video_router/m07_couplers/m07_regslice. (constraint file  auto generated constraint, line ).
Applied set_property DONT_TOUCH = true for U0/video_router/m08_couplers/m08_regslice. (constraint file  auto generated constraint, line ).
Applied set_property DONT_TOUCH = true for U0/video_router/m08_couplers/auto_ss_slidr. (constraint file  auto generated constraint, line ).
---------------------------------------------------------------------------------
Finished applying 'set_property' XDC Constraints : Time (s): cpu = 00:00:03 ; elapsed = 00:00:07 . Memory (MB): peak = 1037.023 ; gain = 23.895
---------------------------------------------------------------------------------
---------------------------------------------------------------------------------
Finished RTL Optimization Phase 2 : Time (s): cpu = 00:00:03 ; elapsed = 00:00:08 . Memory (MB): peak = 1037.023 ; gain = 23.895
---------------------------------------------------------------------------------
---------------------------------------------------------------------------------
Start RTL Component Statistics 
---------------------------------------------------------------------------------
Detailed RTL Component Info : 
---------------------------------------------------------------------------------
Finished RTL Component Statistics 
---------------------------------------------------------------------------------
---------------------------------------------------------------------------------
Start Part Resource Summary
---------------------------------------------------------------------------------
Part Resources:
DSPs: 220 (col length:60)
BRAMs: 280 (col length: RAMB18 60 RAMB36 30)
---------------------------------------------------------------------------------
Finished Part Resource Summary
---------------------------------------------------------------------------------
---------------------------------------------------------------------------------
Start Cross Boundary and Area Optimization
---------------------------------------------------------------------------------
---------------------------------------------------------------------------------
Finished Cross Boundary and Area Optimization : Time (s): cpu = 00:00:03 ; elapsed = 00:00:08 . Memory (MB): peak = 1037.023 ; gain = 23.895
---------------------------------------------------------------------------------
---------------------------------------------------------------------------------
Start Applying XDC Timing Constraints
---------------------------------------------------------------------------------
---------------------------------------------------------------------------------
Finished Applying XDC Timing Constraints : Time (s): cpu = 00:00:05 ; elapsed = 00:00:13 . Memory (MB): peak = 1037.023 ; gain = 23.895
---------------------------------------------------------------------------------
---------------------------------------------------------------------------------
Start Timing Optimization
---------------------------------------------------------------------------------
---------------------------------------------------------------------------------
Finished Timing Optimization : Time (s): cpu = 00:00:05 ; elapsed = 00:00:13 . Memory (MB): peak = 1037.023 ; gain = 23.895
---------------------------------------------------------------------------------
---------------------------------------------------------------------------------
Start Technology Mapping
---------------------------------------------------------------------------------
---------------------------------------------------------------------------------
Finished Technology Mapping : Time (s): cpu = 00:00:05 ; elapsed = 00:00:13 . Memory (MB): peak = 1037.023 ; gain = 23.895
---------------------------------------------------------------------------------
---------------------------------------------------------------------------------
Start IO Insertion
---------------------------------------------------------------------------------
---------------------------------------------------------------------------------
Start Flattening Before IO Insertion
---------------------------------------------------------------------------------
---------------------------------------------------------------------------------
Finished Flattening Before IO Insertion
---------------------------------------------------------------------------------
---------------------------------------------------------------------------------
Start Final Netlist Cleanup
---------------------------------------------------------------------------------
---------------------------------------------------------------------------------
Finished Final Netlist Cleanup
---------------------------------------------------------------------------------
---------------------------------------------------------------------------------
Finished IO Insertion : Time (s): cpu = 00:00:06 ; elapsed = 00:00:15 . Memory (MB): peak = 1041.730 ; gain = 28.602
---------------------------------------------------------------------------------
---------------------------------------------------------------------------------
Start Renaming Generated Instances
---------------------------------------------------------------------------------
---------------------------------------------------------------------------------
Finished Renaming Generated Instances : Time (s): cpu = 00:00:06 ; elapsed = 00:00:15 . Memory (MB): peak = 1041.730 ; gain = 28.602
---------------------------------------------------------------------------------
---------------------------------------------------------------------------------
Start Rebuilding User Hierarchy
---------------------------------------------------------------------------------
---------------------------------------------------------------------------------
Finished Rebuilding User Hierarchy : Time (s): cpu = 00:00:06 ; elapsed = 00:00:15 . Memory (MB): peak = 1041.730 ; gain = 28.602
---------------------------------------------------------------------------------
---------------------------------------------------------------------------------
Start Renaming Generated Ports
---------------------------------------------------------------------------------
---------------------------------------------------------------------------------
Finished Renaming Generated Ports : Time (s): cpu = 00:00:06 ; elapsed = 00:00:15 . Memory (MB): peak = 1041.730 ; gain = 28.602
---------------------------------------------------------------------------------
---------------------------------------------------------------------------------
Start Handling Custom Attributes
---------------------------------------------------------------------------------
---------------------------------------------------------------------------------
Finished Handling Custom Attributes : Time (s): cpu = 00:00:06 ; elapsed = 00:00:15 . Memory (MB): peak = 1041.730 ; gain = 28.602
---------------------------------------------------------------------------------
---------------------------------------------------------------------------------
Start Renaming Generated Nets
---------------------------------------------------------------------------------
---------------------------------------------------------------------------------
Finished Renaming Generated Nets : Time (s): cpu = 00:00:06 ; elapsed = 00:00:15 . Memory (MB): peak = 1041.730 ; gain = 28.602
---------------------------------------------------------------------------------
---------------------------------------------------------------------------------
Start Writing Synthesis Report
---------------------------------------------------------------------------------

Report BlackBoxes: 
+------+-------------------------+----------+
|      |BlackBox name            |Instances |
+------+-------------------------+----------+
|1     |bd_d86b_xbar_0           |         1|
|2     |bd_d86b_m00_regslice_0   |         1|
|3     |bd_d86b_auto_ss_slidr_0  |         1|
|4     |bd_d86b_m01_regslice_0   |         1|
|5     |bd_d86b_auto_ss_slidr_1  |         1|
|6     |bd_d86b_m02_regslice_0   |         1|
|7     |bd_d86b_auto_ss_slidr_2  |         1|
|8     |bd_d86b_m04_regslice_0   |         1|
|9     |bd_d86b_m05_regslice_0   |         1|
|10    |bd_d86b_m06_regslice_0   |         1|
|11    |bd_d86b_m07_regslice_0   |         1|
|12    |bd_d86b_auto_ss_slidr_3  |         1|
|13    |bd_d86b_m08_regslice_0   |         1|
|14    |bd_d86b_auto_ss_slid_0   |         1|
|15    |bd_d86b_auto_ss_slid_1   |         1|
|16    |bd_d86b_auto_ss_slid_2   |         1|
|17    |bd_d86b_auto_ss_slid_3   |         1|
|18    |bd_d86b_auto_ss_slid_4   |         1|
|19    |bd_d86b_csc_0            |         1|
|20    |bd_d86b_hsc_0            |         1|
|21    |bd_d86b_input_size_set_0 |         1|
|22    |bd_d86b_ltr_0            |         1|
|23    |bd_d86b_reset_sel_axis_0 |         1|
|24    |bd_d86b_rst_axis_0       |         1|
|25    |bd_d86b_smartconnect_0_0 |         1|
|26    |bd_d86b_vsc_0            |         1|
+------+-------------------------+----------+

Report Cell Usage: 
+------+------------------------------+------+
|      |Cell                          |Count |
+------+------------------------------+------+
|1     |bd_d86b_auto_ss_slid_0_bbox   |     1|
|2     |bd_d86b_auto_ss_slid_1_bbox   |     1|
|3     |bd_d86b_auto_ss_slid_2_bbox   |     1|
|4     |bd_d86b_auto_ss_slid_3_bbox   |     1|
|5     |bd_d86b_auto_ss_slid_4_bbox   |     1|
|6     |bd_d86b_auto_ss_slidr_0_bbox  |     1|
|7     |bd_d86b_auto_ss_slidr_1_bbox  |     1|
|8     |bd_d86b_auto_ss_slidr_2_bbox  |     1|
|9     |bd_d86b_auto_ss_slidr_3_bbox  |     1|
|10    |bd_d86b_csc_0_bbox            |     1|
|11    |bd_d86b_hsc_0_bbox            |     1|
|12    |bd_d86b_input_size_set_0_bbox |     1|
|13    |bd_d86b_ltr_0_bbox            |     1|
|14    |bd_d86b_m00_regslice_0_bbox   |     1|
|15    |bd_d86b_m01_regslice_0_bbox   |     1|
|16    |bd_d86b_m02_regslice_0_bbox   |     1|
|17    |bd_d86b_m04_regslice_0_bbox   |     1|
|18    |bd_d86b_m05_regslice_0_bbox   |     1|
|19    |bd_d86b_m06_regslice_0_bbox   |     1|
|20    |bd_d86b_m07_regslice_0_bbox   |     1|
|21    |bd_d86b_m08_regslice_0_bbox   |     1|
|22    |bd_d86b_reset_sel_axis_0_bbox |     1|
|23    |bd_d86b_rst_axis_0_bbox       |     1|
|24    |bd_d86b_smartconnect_0_0_bbox |     1|
|25    |bd_d86b_vsc_0_bbox            |     1|
|26    |bd_d86b_xbar_0_bbox           |     1|
+------+------------------------------+------+
---------------------------------------------------------------------------------
Finished Writing Synthesis Report : Time (s): cpu = 00:00:06 ; elapsed = 00:00:15 . Memory (MB): peak = 1041.730 ; gain = 28.602
---------------------------------------------------------------------------------
Synthesis finished with 0 errors, 0 critical warnings and 0 warnings.
Synthesis Optimization Runtime : Time (s): cpu = 00:00:04 ; elapsed = 00:00:14 . Memory (MB): peak = 1041.730 ; gain = 4.707
Synthesis Optimization Complete : Time (s): cpu = 00:00:06 ; elapsed = 00:00:15 . Memory (MB): peak = 1041.730 ; gain = 28.602
INFO: [Project 1-571] Translating synthesized netlist
Netlist sorting complete. Time (s): cpu = 00:00:01 ; elapsed = 00:00:00.023 . Memory (MB): peak = 1041.730 ; gain = 0.000
INFO: [Project 1-570] Preparing netlist for logic optimization
INFO: [Opt 31-138] Pushed 0 inverter(s) to 0 load pin(s).
Netlist sorting complete. Time (s): cpu = 00:00:00 ; elapsed = 00:00:00 . Memory (MB): peak = 1065.777 ; gain = 0.000
INFO: [Project 1-111] Unisim Transformation Summary:
No Unisim elements were transformed.

INFO: [Common 17-83] Releasing license: Synthesis
125 Infos, 6 Warnings, 0 Critical Warnings and 0 Errors encountered.
synth_design completed successfully
synth_design: Time (s): cpu = 00:00:08 ; elapsed = 00:00:20 . Memory (MB): peak = 1070.840 ; gain = 57.711
INFO: [Common 17-1381] The checkpoint 'C:/Users/jaxie963/Temp/cpre488-mp2/project_1/project_1.runs/design_1_v_proc_ss_0_3_synth_1/design_1_v_proc_ss_0_3.dcp' has been generated.
WARNING: [Common 17-576] 'use_project_ipc' is deprecated. This option is deprecated and no longer used.
INFO: [Coretcl 2-1648] Added synthesis output to IP cache for IP design_1_v_proc_ss_0_3, cache-ID = 01e312341cc38d35
INFO: [Coretcl 2-1174] Renamed 43 cell refs.
INFO: [Common 17-1381] The checkpoint 'C:/Users/jaxie963/Temp/cpre488-mp2/project_1/project_1.runs/design_1_v_proc_ss_0_3_synth_1/design_1_v_proc_ss_0_3.dcp' has been generated.
INFO: [runtcl-4] Executing : report_utilization -file design_1_v_proc_ss_0_3_utilization_synth.rpt -pb design_1_v_proc_ss_0_3_utilization_synth.pb
INFO: [Common 17-206] Exiting Vivado at Mon Mar 10 00:07:31 2025...
