
****** Vivado(TM) HLS - High-Level Synthesis from C, C++ and SystemC v2020.1 (64-bit)
  **** SW Build 2902540 on Wed May 27 19:54:49 MDT 2020
  **** IP Build 2902112 on Wed May 27 22:43:36 MDT 2020
    ** Copyright 1986-2020 Xilinx, Inc. All Rights Reserved.

source Z:/Vivado/Xilinx/Vivado/2020.1/scripts/vivado_hls/hls.tcl -notrace
INFO: Applying HLS Y2K22 patch v1.2 for IP revision
INFO: [HLS 200-10] Running 'Z:/Vivado/Xilinx/Vivado/2020.1/bin/unwrapped/win64.o/vivado_hls.exe'
INFO: [HLS 200-10] For user 'jaxie' on host 'desktop-v4cc4pr' (Windows NT_amd64 version 6.2) on Mon Mar 10 07:01:44 -0500 2025
INFO: [HLS 200-10] In directory 'Z:/Vivado/CPRE488_git/cpre488-mp2/project_1/project_1.runs/bd_197a_hsc_0_synth_1'
Sourcing Tcl script 'Z:/Vivado/CPRE488_git/cpre488-mp2/project_1/project_1.runs/bd_197a_hsc_0_synth_1/runhls.tcl'
INFO: [HLS 200-10] Creating and opening project 'Z:/Vivado/CPRE488_git/cpre488-mp2/project_1/project_1.runs/bd_197a_hsc_0_synth_1/bd_197a_hsc_0'.
INFO: [HLS 200-10] Adding design file 'z:/Vivado/CPRE488_git/cpre488-mp2/project_1/project_1.srcs/sources_1/bd/design_1/ip/design_1_v_proc_ss_1_0/bd_0/ip/ip_2/src/v_hscaler_config.h' to the project
INFO: [HLS 200-10] Adding design file 'z:/Vivado/CPRE488_git/cpre488-mp2/project_1/project_1.srcs/sources_1/bd/design_1/ip/design_1_v_proc_ss_1_0/bd_0/ip/ip_2/src/v_hscaler.cpp' to the project
INFO: [HLS 200-10] Adding design file 'z:/Vivado/CPRE488_git/cpre488-mp2/project_1/project_1.srcs/sources_1/bd/design_1/ip/design_1_v_proc_ss_1_0/bd_0/ip/ip_2/src/v_hscaler.h' to the project
INFO: [HLS 200-10] Adding design file 'z:/Vivado/CPRE488_git/cpre488-mp2/project_1/project_1.srcs/sources_1/bd/design_1/ip/design_1_v_proc_ss_1_0/bd_0/ip/ip_2/src/hls_video.h' to the project
INFO: [HLS 200-10] Adding design file 'z:/Vivado/CPRE488_git/cpre488-mp2/project_1/project_1.srcs/sources_1/bd/design_1/ip/design_1_v_proc_ss_1_0/bd_0/ip/ip_2/src/hls_opencv.h' to the project
INFO: [HLS 200-10] Adding design file 'z:/Vivado/CPRE488_git/cpre488-mp2/project_1/project_1.srcs/sources_1/bd/design_1/ip/design_1_v_proc_ss_1_0/bd_0/ip/ip_2/src/hls/hls_axi_io.h' to the project
INFO: [HLS 200-10] Adding design file 'z:/Vivado/CPRE488_git/cpre488-mp2/project_1/project_1.srcs/sources_1/bd/design_1/ip/design_1_v_proc_ss_1_0/bd_0/ip/ip_2/src/hls/hls_video_arithm.h' to the project
INFO: [HLS 200-10] Adding design file 'z:/Vivado/CPRE488_git/cpre488-mp2/project_1/project_1.srcs/sources_1/bd/design_1/ip/design_1_v_proc_ss_1_0/bd_0/ip/ip_2/src/hls/hls_video_core.h' to the project
INFO: [HLS 200-10] Adding design file 'z:/Vivado/CPRE488_git/cpre488-mp2/project_1/project_1.srcs/sources_1/bd/design_1/ip/design_1_v_proc_ss_1_0/bd_0/ip/ip_2/src/hls/hls_video_fast.h' to the project
INFO: [HLS 200-10] Adding design file 'z:/Vivado/CPRE488_git/cpre488-mp2/project_1/project_1.srcs/sources_1/bd/design_1/ip/design_1_v_proc_ss_1_0/bd_0/ip/ip_2/src/hls/hls_video_haar.h' to the project
INFO: [HLS 200-10] Adding design file 'z:/Vivado/CPRE488_git/cpre488-mp2/project_1/project_1.srcs/sources_1/bd/design_1/ip/design_1_v_proc_ss_1_0/bd_0/ip/ip_2/src/hls/hls_video_harris.h' to the project
INFO: [HLS 200-10] Adding design file 'z:/Vivado/CPRE488_git/cpre488-mp2/project_1/project_1.srcs/sources_1/bd/design_1/ip/design_1_v_proc_ss_1_0/bd_0/ip/ip_2/src/hls/hls_video_histogram.h' to the project
INFO: [HLS 200-10] Adding design file 'z:/Vivado/CPRE488_git/cpre488-mp2/project_1/project_1.srcs/sources_1/bd/design_1/ip/design_1_v_proc_ss_1_0/bd_0/ip/ip_2/src/hls/hls_video_hough.h' to the project
INFO: [HLS 200-10] Adding design file 'z:/Vivado/CPRE488_git/cpre488-mp2/project_1/project_1.srcs/sources_1/bd/design_1/ip/design_1_v_proc_ss_1_0/bd_0/ip/ip_2/src/hls/hls_video_imgbase.h' to the project
INFO: [HLS 200-10] Adding design file 'z:/Vivado/CPRE488_git/cpre488-mp2/project_1/project_1.srcs/sources_1/bd/design_1/ip/design_1_v_proc_ss_1_0/bd_0/ip/ip_2/src/hls/hls_video_imgproc.h' to the project
INFO: [HLS 200-10] Adding design file 'z:/Vivado/CPRE488_git/cpre488-mp2/project_1/project_1.srcs/sources_1/bd/design_1/ip/design_1_v_proc_ss_1_0/bd_0/ip/ip_2/src/hls/hls_video_io.h' to the project
INFO: [HLS 200-10] Adding design file 'z:/Vivado/CPRE488_git/cpre488-mp2/project_1/project_1.srcs/sources_1/bd/design_1/ip/design_1_v_proc_ss_1_0/bd_0/ip/ip_2/src/hls/hls_video_mem.h' to the project
INFO: [HLS 200-10] Adding design file 'z:/Vivado/CPRE488_git/cpre488-mp2/project_1/project_1.srcs/sources_1/bd/design_1/ip/design_1_v_proc_ss_1_0/bd_0/ip/ip_2/src/hls/hls_video_stereobm.h' to the project
INFO: [HLS 200-10] Adding design file 'z:/Vivado/CPRE488_git/cpre488-mp2/project_1/project_1.srcs/sources_1/bd/design_1/ip/design_1_v_proc_ss_1_0/bd_0/ip/ip_2/src/hls/hls_video_types.h' to the project
INFO: [HLS 200-10] Adding design file 'z:/Vivado/CPRE488_git/cpre488-mp2/project_1/project_1.srcs/sources_1/bd/design_1/ip/design_1_v_proc_ss_1_0/bd_0/ip/ip_2/src/hls/hls_video_undistort.h' to the project
INFO: [HLS 200-10] Creating and opening solution 'Z:/Vivado/CPRE488_git/cpre488-mp2/project_1/project_1.runs/bd_197a_hsc_0_synth_1/bd_197a_hsc_0/prj'.
INFO: [HLS 200-10] Setting target device to 'xc7z020-clg484-1'
INFO: [SYN 201-201] Setting up clock 'ap_clk' with a period of 6.734ns.
INFO: [SCHED 204-61] Option 'relax_ii_for_timing' is enabled, will increase II to preserve clock frequency constraints.
INFO: [HLS 200-10] Analyzing design file 'z:/Vivado/CPRE488_git/cpre488-mp2/project_1/project_1.srcs/sources_1/bd/design_1/ip/design_1_v_proc_ss_1_0/bd_0/ip/ip_2/src/v_hscaler.cpp' ... 
INFO: [HLS 200-111] Finished Linking Time (s): cpu = 00:00:03 ; elapsed = 00:01:18 . Memory (MB): peak = 906.684 ; gain = 816.301
INFO: [HLS 200-111] Finished Checking Pragmas Time (s): cpu = 00:00:03 ; elapsed = 00:01:18 . Memory (MB): peak = 906.684 ; gain = 816.301
INFO: [HLS 200-10] Starting code transformations ...
INFO: [XFORM 203-603] Inlining function 'hls::AXIGetBitFields<24, ap_uint<8> >.1' into 'hls::AXIGetBitFields<24, ap_uint<8> >' (z:/Vivado/CPRE488_git/cpre488-mp2/project_1/project_1.srcs/sources_1/bd/design_1/ip/design_1_v_proc_ss_1_0/bd_0/ip/ip_2/src/hls/hls_axi_io.h:71).
INFO: [XFORM 203-603] Inlining function 'hls::AXIGetBitFields<24, ap_uint<8> >' into 'AXIvideo2MultiPixStream' (z:/Vivado/CPRE488_git/cpre488-mp2/project_1/project_1.srcs/sources_1/bd/design_1/ip/design_1_v_proc_ss_1_0/bd_0/ip/ip_2/src/v_hscaler.cpp:1216).
INFO: [XFORM 203-603] Inlining function 'hls::AXIGetBitFields<24, ap_uint<8> >' into 'AXIvideo2MultiPixStream' (z:/Vivado/CPRE488_git/cpre488-mp2/project_1/project_1.srcs/sources_1/bd/design_1/ip/design_1_v_proc_ss_1_0/bd_0/ip/ip_2/src/v_hscaler.cpp:1220).
INFO: [XFORM 203-603] Inlining function 'hls::AXIGetBitFields<24, ap_uint<8> >' into 'AXIvideo2MultiPixStream' (z:/Vivado/CPRE488_git/cpre488-mp2/project_1/project_1.srcs/sources_1/bd/design_1/ip/design_1_v_proc_ss_1_0/bd_0/ip/ip_2/src/v_hscaler.cpp:1224).
INFO: [XFORM 203-603] Inlining function 'std::max<unsigned short>' into 'hscale_core_polyphase' (z:/Vivado/CPRE488_git/cpre488-mp2/project_1/project_1.srcs/sources_1/bd/design_1/ip/design_1_v_proc_ss_1_0/bd_0/ip/ip_2/src/v_hscaler.cpp:556).
INFO: [HLS 200-111] Finished Standard Transforms Time (s): cpu = 00:00:04 ; elapsed = 00:01:21 . Memory (MB): peak = 906.684 ; gain = 816.301
INFO: [HLS 200-10] Checking synthesizability ...
WARNING: [SYNCHK 200-23] z:/Vivado/CPRE488_git/cpre488-mp2/project_1/project_1.srcs/sources_1/bd/design_1/ip/design_1_v_proc_ss_1_0/bd_0/ip/ip_2/src/v_hscaler.cpp:681: variable-indexed range selection may cause suboptimal QoR.
INFO: [SYNCHK 200-10] 0 error(s), 1 warning(s).
INFO: [HLS 200-111] Finished Checking Synthesizability Time (s): cpu = 00:00:05 ; elapsed = 00:01:22 . Memory (MB): peak = 906.684 ; gain = 816.301
INFO: [XFORM 203-502] Unrolling all sub-loops inside loop 'Loop-4.1' in function 'v_hcresampler_core' for pipelining.
INFO: [XFORM 203-502] Unrolling all sub-loops inside loop 'Loop-2.1' in function 'MultiPixStream2AXIvideo' for pipelining.
INFO: [XFORM 203-502] Unrolling all sub-loops inside loop 'loop_width' in function 'AXIvideo2MultiPixStream' for pipelining.
INFO: [XFORM 203-502] Unrolling small iteration loop 'Loop-2.1.1' in function 'hscale_core_polyphase' automatically.
INFO: [XFORM 203-502] Unrolling all sub-loops inside loop 'loop_width' in function 'hscale_core_polyphase' for pipelining.
INFO: [XFORM 203-502] Unrolling all loops for pipelining in function 'hscale_polyphase'.
INFO: [HLS 200-489] Unrolling loop 'Loop-4.1.1' in function 'v_hcresampler_core' completely with a factor of 3.
INFO: [HLS 200-489] Unrolling loop 'Loop-4.1.2' in function 'v_hcresampler_core' completely with a factor of 1.
INFO: [HLS 200-489] Unrolling loop 'Loop-4.1.3' in function 'v_hcresampler_core' completely with a factor of 5.
INFO: [HLS 200-489] Unrolling loop 'Loop-4.1.3.1' in function 'v_hcresampler_core' completely with a factor of 1.
INFO: [HLS 200-489] Unrolling loop 'Loop-4.1.4' in function 'v_hcresampler_core' completely with a factor of 1.
INFO: [HLS 200-489] Unrolling loop 'Loop-4.1.5' in function 'v_hcresampler_core' completely with a factor of 1.
INFO: [HLS 200-489] Unrolling loop 'Loop-4.1.5.1' in function 'v_hcresampler_core' completely with a factor of 3.
INFO: [HLS 200-489] Unrolling loop 'Loop-4.1.5.1.1' in function 'v_hcresampler_core' completely with a factor of 1.
INFO: [HLS 200-489] Unrolling loop 'Loop-4.1.5.1.2' in function 'v_hcresampler_core' completely with a factor of 1.
INFO: [HLS 200-489] Unrolling loop 'Loop-4.1.5.2' in function 'v_hcresampler_core' completely with a factor of 4.
INFO: [HLS 200-489] Unrolling loop 'Loop-4.1.6' in function 'v_hcresampler_core' completely with a factor of 1.
INFO: [HLS 200-489] Unrolling loop 'Loop-2.1.1' in function 'MultiPixStream2AXIvideo' completely with a factor of 3.
INFO: [HLS 200-489] Unrolling loop 'Loop-2.1.2' in function 'MultiPixStream2AXIvideo' completely with a factor of 1.
INFO: [HLS 200-489] Unrolling loop 'Loop-2.1.2.1' in function 'MultiPixStream2AXIvideo' completely with a factor of 3.
INFO: [HLS 200-489] Unrolling loop 'Loop-2.1.1' in function 'AXIvideo2MultiPixStream' completely with a factor of 1.
INFO: [HLS 200-489] Unrolling loop 'Loop-2.1.1.1' in function 'AXIvideo2MultiPixStream' completely with a factor of 3.
INFO: [HLS 200-489] Unrolling loop 'Loop-2.1.1' in function 'hscale_core_polyphase' completely with a factor of 1.
INFO: [HLS 200-489] Unrolling loop 'Loop-3.1.1' in function 'hscale_core_polyphase' completely with a factor of 7.
INFO: [HLS 200-489] Unrolling loop 'Loop-3.1.1.1' in function 'hscale_core_polyphase' completely with a factor of 3.
INFO: [HLS 200-489] Unrolling loop 'Loop-3.1.2' in function 'hscale_core_polyphase' completely with a factor of 3.
INFO: [HLS 200-489] Unrolling loop 'Loop-3.1.3' in function 'hscale_core_polyphase' completely with a factor of 1.
INFO: [HLS 200-489] Unrolling loop 'Loop-3.1.3.1' in function 'hscale_core_polyphase' completely with a factor of 3.
INFO: [HLS 200-489] Unrolling loop 'Loop-3.1.4' in function 'hscale_core_polyphase' completely with a factor of 1.
INFO: [HLS 200-489] Unrolling loop 'Loop-3.1.4.1' in function 'hscale_core_polyphase' completely with a factor of 3.
INFO: [HLS 200-489] Unrolling loop 'loop_samples' in function 'hscale_core_polyphase' completely with a factor of 1.
INFO: [HLS 200-489] Unrolling loop 'Loop-1' in function 'hscale_polyphase' completely with a factor of 1.
INFO: [HLS 200-489] Unrolling loop 'Loop-1.1' in function 'hscale_polyphase' completely with a factor of 6.
INFO: [HLS 200-489] Unrolling loop 'Loop-1.2' in function 'hscale_polyphase' completely with a factor of 3.
INFO: [HLS 200-489] Unrolling loop 'Loop-1.2.1' in function 'hscale_polyphase' completely with a factor of 6.
INFO: [XFORM 203-102] Partitioning array 'PhaseH' automatically.
INFO: [XFORM 203-102] Automatically partitioning streamed array 'stream_in.V.val.V' .
INFO: [XFORM 203-102] Automatically partitioning streamed array 'stream_upsampled.V.val.V' .
INFO: [XFORM 203-102] Automatically partitioning streamed array 'stream_scaled.V.val.V' .
INFO: [XFORM 203-102] Automatically partitioning streamed array 'stream_out_422.V.val.V' .
INFO: [XFORM 203-101] Partitioning array 'map' in dimension 1 completely.
INFO: [XFORM 203-712] Applying dataflow to function 'v_hscaler' , detected/extracted 8 process function(s): 
	 'v_hscaler.entry189'
	 'AXIvideo2MultiPixStream'
	 'Block_._crit_edge911_proc'
	 'v_hcresampler_core89'
	 'hscale_core_polyphase'
	 'Block_._crit_edge914_proc'
	 'v_hcresampler_core90'
	 'MultiPixStream2AXIvideo'.
INFO: [XFORM 203-401] Performing if-conversion on hyperblock in function 'v_hcresampler_core90'... converting 3 basic blocks.
INFO: [XFORM 203-401] Performing if-conversion on hyperblock in function 'v_hcresampler_core89'... converting 3 basic blocks.
INFO: [XFORM 203-401] Performing if-conversion on hyperblock in function 'hscale_polyphase'... converting 79 basic blocks.
INFO: [XFORM 203-401] Performing if-conversion on hyperblock in function 'AXIvideo2MultiPixStream'... converting 13 basic blocks.
INFO: [HLS 200-111] Finished Pre-synthesis Time (s): cpu = 00:00:08 ; elapsed = 00:01:27 . Memory (MB): peak = 906.684 ; gain = 816.301
WARNING: [XFORM 203-631] Renaming function 'hscale_core_polyphase' to 'hscale_core_polyphas' 
WARNING: [XFORM 203-631] Renaming function 'MultiPixStream2AXIvideo' to 'MultiPixStream2AXIvi' 
WARNING: [XFORM 203-631] Renaming function 'Block_._crit_edge914_proc' to 'Block_._crit_edge914' 
WARNING: [XFORM 203-631] Renaming function 'Block_._crit_edge911_proc' to 'Block_._crit_edge911' 
WARNING: [XFORM 203-631] Renaming function 'AXIvideo2MultiPixStream' to 'AXIvideo2MultiPixStr' 
INFO: [HLS 200-472] Inferring partial write operation for 'FiltCoeff[0][0]' 
INFO: [HLS 200-111] Finished Architecture Synthesis Time (s): cpu = 00:00:11 ; elapsed = 00:01:30 . Memory (MB): peak = 906.684 ; gain = 816.301
INFO: [HLS 200-10] Starting hardware synthesis ...
INFO: [HLS 200-10] Synthesizing 'v_hscaler' ...
WARNING: [SYN 201-103] Legalizing function name 'v_hscaler.entry189' to 'v_hscaler_entry189'.
WARNING: [SYN 201-103] Legalizing function name 'Block_._crit_edge911' to 'Block_crit_edge911'.
WARNING: [SYN 201-103] Legalizing function name 'reg<ap_uint<9> >' to 'reg_ap_uint_9_s'.
WARNING: [SYN 201-103] Legalizing function name 'Block_._crit_edge914' to 'Block_crit_edge914'.
INFO: [HLS 200-10] ----------------------------------------------------------------
INFO: [HLS 200-42] -- Implementing module 'v_hscaler_entry189' 
INFO: [HLS 200-10] ----------------------------------------------------------------
INFO: [SCHED 204-11] Starting scheduling ...
###	 Num	NTree	NLUT	EssAll	EssLUT	Size	MSize	Lev	MLev	Sel	Phy 
####	 0	0	0	13	0	-nan(ind)	0	-nan(ind)	0	0	0
INFO: [SCHED 204-11] Generating True dependence constraints ... 
INFO: [SCHED 204-11] Generating Auxiliary dependence constraints ... 
INFO: [SCHED 204-11] Generating Ternary mapping constraints ... 
INFO: [SCHED 204-11] Generating Lut Grouping constraints ... 
INFO: [SCHED 204-11] Generating Node latency constraints ... 
INFO: [SCHED 204-11] Generating Relative time constraints ... 
INFO: [SCHED 204-11] Generating Protocol constraints ... 
INFO: [SCHED 204-11] Generating Precedence constraints ... 
INFO: [SCHED 204-11] Generating Supporting dependence constraints ... 
INFO: [SCHED 204-11] Generating Pipeline constraints ... 
INFO: [SCHED 204-11] Generating DSP mapping constraints ... 
INFO: [SCHED 204-11] Generating Supporting dependence constraints ... 
INFO: [SCHED 204-11] Generating Resource constraints ... 
INFO: [SCHED 204-11] Generating Latency constraints ... 
INFO: [SCHED 204-11] Generating Latency constraints ... 
INFO: [SCHED 204-11] Generating Cycle time constraints ... 
INFO: [SCHED 204-11] Generating Blocking node constraints ... 
INFO: [SCHED 204-11] Generating Chaining constraints ... 
INFO: [SCHED 204-11] Generating Operation gating constraints ... 
INFO: [SCHED 204-11] Generating Variable bound constraints ... 
INFO: [SCHED 204-11] Generating PHI node constraints ... 
INFO: [SCHED 204-11] Start checking consistency (resolving sdc graph) ...
INFO: [SCHED 204-11] Finished checking consistency.
INFO: [SCHED 204-11] Start scheduling optimization (solving LP) ...
INFO: [SCHED 204-11] Finished scheduling optimization.
INFO: [SCHED 204-11] Start constructing STG ...
INFO: [SCHED 204-11] Finished constructing STG.
INFO: [SCHED 204-11] Finished scheduling.
INFO: [HLS 200-111]  Elapsed time: 91.297 seconds; current allocated memory: 345.535 MB.
INFO: [BIND 205-100] Starting micro-architecture generation ...
INFO: [BIND 205-101] Performing variable lifetime analysis.
INFO: [BIND 205-101] Exploring resource sharing.
INFO: [BIND 205-101] Binding ...
INFO: [BIND 205-100] Finished micro-architecture generation.
INFO: [HLS 200-111]  Elapsed time: 0.618 seconds; current allocated memory: 345.677 MB.
INFO: [HLS 200-10] ----------------------------------------------------------------
INFO: [HLS 200-42] -- Implementing module 'AXIvideo2MultiPixStr' 
INFO: [HLS 200-10] ----------------------------------------------------------------
INFO: [SCHED 204-11] Starting scheduling ...
###	 Num	NTree	NLUT	EssAll	EssLUT	Size	MSize	Lev	MLev	Sel	Phy 
####	 0	0	0	54	0	-nan(ind)	0	-nan(ind)	0	0	0
INFO: [SCHED 204-11] Generating True dependence constraints ... 
INFO: [SCHED 204-11] Generating Auxiliary dependence constraints ... 
INFO: [SCHED 204-11] Generating Ternary mapping constraints ... 
INFO: [SCHED 204-11] Generating Lut Grouping constraints ... 
INFO: [SCHED 204-11] Generating Node latency constraints ... 
INFO: [SCHED 204-11] Generating Relative time constraints ... 
INFO: [SCHED 204-11] Generating Protocol constraints ... 
INFO: [SCHED 204-11] Generating Precedence constraints ... 
INFO: [SCHED 204-11] Generating Supporting dependence constraints ... 
INFO: [SCHED 204-11] Generating Pipeline constraints ... 
INFO: [SCHED 204-61] Pipelining loop 'loop_wait_for_start'.
INFO: [SCHED 204-61] Pipelining result : Target II = 1, Final II = 1, Depth = 1.
INFO: [SCHED 204-61] Pipelining loop 'loop_width'.
INFO: [SCHED 204-61] Pipelining result : Target II = 1, Final II = 1, Depth = 2.
INFO: [SCHED 204-61] Pipelining loop 'loop_wait_for_eol'.
INFO: [SCHED 204-61] Pipelining result : Target II = 1, Final II = 1, Depth = 1.
INFO: [SCHED 204-11] Generating DSP mapping constraints ... 
INFO: [SCHED 204-11] Generating Supporting dependence constraints ... 
INFO: [SCHED 204-11] Generating Resource constraints ... 
INFO: [SCHED 204-11] Generating Latency constraints ... 
INFO: [SCHED 204-11] Generating Latency constraints ... 
INFO: [SCHED 204-11] Generating Cycle time constraints ... 
INFO: [SCHED 204-11] Generating Blocking node constraints ... 
INFO: [SCHED 204-11] Generating Chaining constraints ... 
INFO: [SCHED 204-11] Generating Operation gating constraints ... 
INFO: [SCHED 204-11] Generating Variable bound constraints ... 
INFO: [SCHED 204-11] Generating PHI node constraints ... 
INFO: [SCHED 204-11] Start checking consistency (resolving sdc graph) ...
INFO: [SCHED 204-11] Finished checking consistency.
INFO: [SCHED 204-11] Start scheduling optimization (solving LP) ...
INFO: [SCHED 204-11] Finished scheduling optimization.
INFO: [SCHED 204-11] Start constructing STG ...
INFO: [SCHED 204-11] Finished constructing STG.
INFO: [SCHED 204-11] Finished scheduling.
INFO: [HLS 200-111]  Elapsed time: 1.199 seconds; current allocated memory: 345.952 MB.
INFO: [BIND 205-100] Starting micro-architecture generation ...
INFO: [BIND 205-101] Performing variable lifetime analysis.
INFO: [BIND 205-101] Exploring resource sharing.
INFO: [BIND 205-101] Binding ...
INFO: [BIND 205-100] Finished micro-architecture generation.
INFO: [HLS 200-111]  Elapsed time: 0.887 seconds; current allocated memory: 346.372 MB.
INFO: [HLS 200-10] ----------------------------------------------------------------
INFO: [HLS 200-42] -- Implementing module 'Block_crit_edge911' 
INFO: [HLS 200-10] ----------------------------------------------------------------
INFO: [SCHED 204-11] Starting scheduling ...
###	 Num	NTree	NLUT	EssAll	EssLUT	Size	MSize	Lev	MLev	Sel	Phy 
####	 0	0	0	3	0	-nan(ind)	0	-nan(ind)	0	0	0
INFO: [SCHED 204-11] Generating True dependence constraints ... 
INFO: [SCHED 204-11] Generating Auxiliary dependence constraints ... 
INFO: [SCHED 204-11] Generating Ternary mapping constraints ... 
INFO: [SCHED 204-11] Generating Lut Grouping constraints ... 
INFO: [SCHED 204-11] Generating Node latency constraints ... 
INFO: [SCHED 204-11] Generating Relative time constraints ... 
INFO: [SCHED 204-11] Generating Protocol constraints ... 
INFO: [SCHED 204-11] Generating Precedence constraints ... 
INFO: [SCHED 204-11] Generating Supporting dependence constraints ... 
INFO: [SCHED 204-11] Generating Pipeline constraints ... 
INFO: [SCHED 204-11] Generating DSP mapping constraints ... 
INFO: [SCHED 204-11] Generating Supporting dependence constraints ... 
INFO: [SCHED 204-11] Generating Resource constraints ... 
INFO: [SCHED 204-11] Generating Latency constraints ... 
INFO: [SCHED 204-11] Generating Latency constraints ... 
INFO: [SCHED 204-11] Generating Cycle time constraints ... 
INFO: [SCHED 204-11] Generating Blocking node constraints ... 
INFO: [SCHED 204-11] Generating Chaining constraints ... 
INFO: [SCHED 204-11] Generating Operation gating constraints ... 
INFO: [SCHED 204-11] Generating Variable bound constraints ... 
INFO: [SCHED 204-11] Generating PHI node constraints ... 
INFO: [SCHED 204-11] Start checking consistency (resolving sdc graph) ...
INFO: [SCHED 204-11] Finished checking consistency.
INFO: [SCHED 204-11] Start scheduling optimization (solving LP) ...
INFO: [SCHED 204-11] Finished scheduling optimization.
INFO: [SCHED 204-11] Start constructing STG ...
INFO: [SCHED 204-11] Finished constructing STG.
INFO: [SCHED 204-11] Finished scheduling.
INFO: [HLS 200-111]  Elapsed time: 1.286 seconds; current allocated memory: 346.414 MB.
INFO: [BIND 205-100] Starting micro-architecture generation ...
INFO: [BIND 205-101] Performing variable lifetime analysis.
INFO: [BIND 205-101] Exploring resource sharing.
INFO: [BIND 205-101] Binding ...
INFO: [BIND 205-100] Finished micro-architecture generation.
INFO: [HLS 200-111]  Elapsed time: 0.162 seconds; current allocated memory: 346.447 MB.
INFO: [HLS 200-10] ----------------------------------------------------------------
INFO: [HLS 200-42] -- Implementing module 'v_hcresampler_core89' 
INFO: [HLS 200-10] ----------------------------------------------------------------
INFO: [SCHED 204-11] Starting scheduling ...
INFO: [SYN 201-351] The following objects are mapped to a ternary adder tree.
   a  'select' operation ('select_ln1508_9', z:/Vivado/CPRE488_git/cpre488-mp2/project_1/project_1.srcs/sources_1/bd/design_1/ip/design_1_v_proc_ss_1_0/bd_0/ip/ip_2/src/v_hscaler.cpp:1508->z:/Vivado/CPRE488_git/cpre488-mp2/project_1/project_1.srcs/sources_1/bd/design_1/ip/design_1_v_proc_ss_1_0/bd_0/ip/ip_2/src/v_hscaler.cpp:172->z:/Vivado/CPRE488_git/cpre488-mp2/project_1/project_1.srcs/sources_1/bd/design_1/ip/design_1_v_proc_ss_1_0/bd_0/ip/ip_2/src/v_hscaler.cpp:145)
   b  'select' operation ('select_ln1508', z:/Vivado/CPRE488_git/cpre488-mp2/project_1/project_1.srcs/sources_1/bd/design_1/ip/design_1_v_proc_ss_1_0/bd_0/ip/ip_2/src/v_hscaler.cpp:1508->z:/Vivado/CPRE488_git/cpre488-mp2/project_1/project_1.srcs/sources_1/bd/design_1/ip/design_1_v_proc_ss_1_0/bd_0/ip/ip_2/src/v_hscaler.cpp:172->z:/Vivado/CPRE488_git/cpre488-mp2/project_1/project_1.srcs/sources_1/bd/design_1/ip/design_1_v_proc_ss_1_0/bd_0/ip/ip_2/src/v_hscaler.cpp:145)
   c  constant 1

INFO: [SYN 201-351] The following objects are mapped to a ternary adder tree.
   a  'select' operation ('select_ln1508_7', z:/Vivado/CPRE488_git/cpre488-mp2/project_1/project_1.srcs/sources_1/bd/design_1/ip/design_1_v_proc_ss_1_0/bd_0/ip/ip_2/src/v_hscaler.cpp:1508->z:/Vivado/CPRE488_git/cpre488-mp2/project_1/project_1.srcs/sources_1/bd/design_1/ip/design_1_v_proc_ss_1_0/bd_0/ip/ip_2/src/v_hscaler.cpp:172->z:/Vivado/CPRE488_git/cpre488-mp2/project_1/project_1.srcs/sources_1/bd/design_1/ip/design_1_v_proc_ss_1_0/bd_0/ip/ip_2/src/v_hscaler.cpp:145)
   b  'select' operation ('outpix.val[1].V', z:/Vivado/CPRE488_git/cpre488-mp2/project_1/project_1.srcs/sources_1/bd/design_1/ip/design_1_v_proc_ss_1_0/bd_0/ip/ip_2/src/v_hscaler.cpp:1508->z:/Vivado/CPRE488_git/cpre488-mp2/project_1/project_1.srcs/sources_1/bd/design_1/ip/design_1_v_proc_ss_1_0/bd_0/ip/ip_2/src/v_hscaler.cpp:172->z:/Vivado/CPRE488_git/cpre488-mp2/project_1/project_1.srcs/sources_1/bd/design_1/ip/design_1_v_proc_ss_1_0/bd_0/ip/ip_2/src/v_hscaler.cpp:145)
   c  constant 1

###	 Num	NTree	NLUT	EssAll	EssLUT	Size	MSize	Lev	MLev	Sel	Phy 
####	 9	0	6	106	12	2	2	2	2	12	0
INFO: [SCHED 204-11] Generating True dependence constraints ... 
INFO: [SCHED 204-11] Generating Auxiliary dependence constraints ... 
INFO: [SCHED 204-11] Generating Ternary mapping constraints ... 
INFO: [SCHED 204-11] Generating Lut Grouping constraints ... 
INFO: [SCHED 204-11] Generating Node latency constraints ... 
INFO: [SCHED 204-11] Generating Relative time constraints ... 
INFO: [SCHED 204-11] Generating Protocol constraints ... 
INFO: [SCHED 204-11] Generating Precedence constraints ... 
INFO: [SCHED 204-11] Generating Supporting dependence constraints ... 
INFO: [SCHED 204-11] Generating Pipeline constraints ... 
INFO: [SCHED 204-61] Pipelining loop 'Loop 4.1'.
INFO: [SCHED 204-61] Pipelining result : Target II = 1, Final II = 1, Depth = 4.
INFO: [SCHED 204-11] Generating DSP mapping constraints ... 
INFO: [SCHED 204-11] Generating Supporting dependence constraints ... 
INFO: [SCHED 204-11] Generating Resource constraints ... 
INFO: [SCHED 204-11] Generating Latency constraints ... 
INFO: [SCHED 204-11] Generating Latency constraints ... 
INFO: [SCHED 204-11] Generating Cycle time constraints ... 
INFO: [SCHED 204-11] Generating Blocking node constraints ... 
INFO: [SCHED 204-11] Generating Chaining constraints ... 
INFO: [SCHED 204-11] Generating Operation gating constraints ... 
INFO: [SCHED 204-11] Generating Variable bound constraints ... 
INFO: [SCHED 204-11] Generating PHI node constraints ... 
INFO: [SCHED 204-11] Start checking consistency (resolving sdc graph) ...
INFO: [SCHED 204-11] Finished checking consistency.
INFO: [SCHED 204-11] Start scheduling optimization (solving LP) ...
INFO: [SCHED 204-11] Finished scheduling optimization.
INFO: [SCHED 204-11] Start constructing STG ...
INFO: [SCHED 204-11] Finished constructing STG.
INFO: [SCHED 204-11] Finished scheduling.
INFO: [HLS 200-111]  Elapsed time: 0.99 seconds; current allocated memory: 346.874 MB.
INFO: [BIND 205-100] Starting micro-architecture generation ...
INFO: [BIND 205-101] Performing variable lifetime analysis.
INFO: [BIND 205-101] Exploring resource sharing.
INFO: [BIND 205-101] Binding ...
INFO: [BIND 205-100] Finished micro-architecture generation.
INFO: [HLS 200-111]  Elapsed time: 1.619 seconds; current allocated memory: 347.414 MB.
INFO: [HLS 200-10] ----------------------------------------------------------------
INFO: [HLS 200-42] -- Implementing module 'reg_ap_uint_9_s' 
INFO: [HLS 200-10] ----------------------------------------------------------------
INFO: [SCHED 204-11] Starting scheduling ...
###	 Num	NTree	NLUT	EssAll	EssLUT	Size	MSize	Lev	MLev	Sel	Phy 
####	 0	0	0	2	0	-nan(ind)	0	-nan(ind)	0	0	0
INFO: [SCHED 204-11] Generating True dependence constraints ... 
INFO: [SCHED 204-11] Generating Auxiliary dependence constraints ... 
INFO: [SCHED 204-11] Generating Ternary mapping constraints ... 
INFO: [SCHED 204-11] Generating Lut Grouping constraints ... 
INFO: [SCHED 204-11] Generating Node latency constraints ... 
INFO: [SCHED 204-11] Generating Relative time constraints ... 
INFO: [SCHED 204-11] Generating Protocol constraints ... 
INFO: [SCHED 204-11] Generating Precedence constraints ... 
INFO: [SCHED 204-11] Generating Supporting dependence constraints ... 
INFO: [SCHED 204-11] Generating Pipeline constraints ... 
INFO: [SCHED 204-61] Pipelining function 'reg<ap_uint<9> >'.
INFO: [SCHED 204-61] Pipelining result : Target II = 1, Final II = 1, Depth = 2.
INFO: [SCHED 204-11] Generating DSP mapping constraints ... 
INFO: [SCHED 204-11] Generating Supporting dependence constraints ... 
INFO: [SCHED 204-11] Generating Resource constraints ... 
INFO: [SCHED 204-11] Generating Latency constraints ... 
INFO: [SCHED 204-11] Generating Latency constraints ... 
INFO: [SCHED 204-11] Generating Cycle time constraints ... 
INFO: [SCHED 204-11] Generating Blocking node constraints ... 
INFO: [SCHED 204-11] Generating Chaining constraints ... 
INFO: [SCHED 204-11] Generating Operation gating constraints ... 
INFO: [SCHED 204-11] Generating Variable bound constraints ... 
INFO: [SCHED 204-11] Generating PHI node constraints ... 
INFO: [SCHED 204-11] Start checking consistency (resolving sdc graph) ...
INFO: [SCHED 204-11] Finished checking consistency.
INFO: [SCHED 204-11] Start scheduling optimization (solving LP) ...
INFO: [SCHED 204-11] Finished scheduling optimization.
INFO: [SCHED 204-11] Start constructing STG ...
INFO: [SCHED 204-11] Finished constructing STG.
INFO: [SCHED 204-11] Finished scheduling.
INFO: [HLS 200-111]  Elapsed time: 1.881 seconds; current allocated memory: 347.442 MB.
INFO: [BIND 205-100] Starting micro-architecture generation ...
INFO: [BIND 205-101] Performing variable lifetime analysis.
INFO: [BIND 205-101] Exploring resource sharing.
INFO: [BIND 205-101] Binding ...
INFO: [BIND 205-100] Finished micro-architecture generation.
INFO: [HLS 200-111]  Elapsed time: 0.214 seconds; current allocated memory: 347.482 MB.
INFO: [HLS 200-10] ----------------------------------------------------------------
INFO: [HLS 200-42] -- Implementing module 'hscale_polyphase' 
INFO: [HLS 200-10] ----------------------------------------------------------------
INFO: [SCHED 204-11] Starting scheduling ...
INFO: [SYN 201-351] The following objects are mapped to a DSP.
   a  'load' operation ('FiltCoeff_5_load', z:/Vivado/CPRE488_git/cpre488-mp2/project_1/project_1.srcs/sources_1/bd/design_1/ip/design_1_v_proc_ss_1_0/bd_0/ip/ip_2/src/v_hscaler.cpp:813) on array 'FiltCoeff_5'
   b  'select' operation ('select_ln215_41', z:/Vivado/CPRE488_git/cpre488-mp2/project_1/project_1.srcs/sources_1/bd/design_1/ip/design_1_v_proc_ss_1_0/bd_0/ip/ip_2/src/v_hscaler.cpp:827)
   c  'add' operation ('add_ln827_16', z:/Vivado/CPRE488_git/cpre488-mp2/project_1/project_1.srcs/sources_1/bd/design_1/ip/design_1_v_proc_ss_1_0/bd_0/ip/ip_2/src/v_hscaler.cpp:827)
  DSP Expression: add_ln827_17 = add_ln827_16 + sext_ln215_5 * zext_ln215_21
INFO: [SYN 201-351] The following objects are mapped to a DSP.
   a  'load' operation ('FiltCoeff_4_load', z:/Vivado/CPRE488_git/cpre488-mp2/project_1/project_1.srcs/sources_1/bd/design_1/ip/design_1_v_proc_ss_1_0/bd_0/ip/ip_2/src/v_hscaler.cpp:813) on array 'FiltCoeff_4'
   b  'select' operation ('select_ln215_40', z:/Vivado/CPRE488_git/cpre488-mp2/project_1/project_1.srcs/sources_1/bd/design_1/ip/design_1_v_proc_ss_1_0/bd_0/ip/ip_2/src/v_hscaler.cpp:827)
   c  'add' operation ('add_ln827_15', z:/Vivado/CPRE488_git/cpre488-mp2/project_1/project_1.srcs/sources_1/bd/design_1/ip/design_1_v_proc_ss_1_0/bd_0/ip/ip_2/src/v_hscaler.cpp:827)
  DSP Expression: add_ln827_16 = sext_ln827_21 + sext_ln215_4 * zext_ln215_20
INFO: [SYN 201-351] The following objects are mapped to a DSP.
   a  'load' operation ('FiltCoeff_3_load', z:/Vivado/CPRE488_git/cpre488-mp2/project_1/project_1.srcs/sources_1/bd/design_1/ip/design_1_v_proc_ss_1_0/bd_0/ip/ip_2/src/v_hscaler.cpp:813) on array 'FiltCoeff_3'
   b  'select' operation ('select_ln215_38', z:/Vivado/CPRE488_git/cpre488-mp2/project_1/project_1.srcs/sources_1/bd/design_1/ip/design_1_v_proc_ss_1_0/bd_0/ip/ip_2/src/v_hscaler.cpp:827)
   c  'add' operation ('add_ln827_14', z:/Vivado/CPRE488_git/cpre488-mp2/project_1/project_1.srcs/sources_1/bd/design_1/ip/design_1_v_proc_ss_1_0/bd_0/ip/ip_2/src/v_hscaler.cpp:827)
  DSP Expression: add_ln827_15 = zext_ln215_19 * sext_ln215_3 + add_ln827_14
INFO: [SYN 201-351] The following objects are mapped to a DSP.
   a  'load' operation ('FiltCoeff_2_load', z:/Vivado/CPRE488_git/cpre488-mp2/project_1/project_1.srcs/sources_1/bd/design_1/ip/design_1_v_proc_ss_1_0/bd_0/ip/ip_2/src/v_hscaler.cpp:813) on array 'FiltCoeff_2'
   b  'select' operation ('select_ln215_35', z:/Vivado/CPRE488_git/cpre488-mp2/project_1/project_1.srcs/sources_1/bd/design_1/ip/design_1_v_proc_ss_1_0/bd_0/ip/ip_2/src/v_hscaler.cpp:827)
   c  'add' operation ('add_ln827_13', z:/Vivado/CPRE488_git/cpre488-mp2/project_1/project_1.srcs/sources_1/bd/design_1/ip/design_1_v_proc_ss_1_0/bd_0/ip/ip_2/src/v_hscaler.cpp:827)
  DSP Expression: add_ln827_14 = zext_ln215_18 * sext_ln215_2 + sext_ln827_18
INFO: [SYN 201-351] The following objects are mapped to a DSP.
   a  'load' operation ('FiltCoeff_1_load', z:/Vivado/CPRE488_git/cpre488-mp2/project_1/project_1.srcs/sources_1/bd/design_1/ip/design_1_v_proc_ss_1_0/bd_0/ip/ip_2/src/v_hscaler.cpp:813) on array 'FiltCoeff_1'
   b  'select' operation ('select_ln215_31', z:/Vivado/CPRE488_git/cpre488-mp2/project_1/project_1.srcs/sources_1/bd/design_1/ip/design_1_v_proc_ss_1_0/bd_0/ip/ip_2/src/v_hscaler.cpp:827)
   c  'add' operation ('add_ln827_12', z:/Vivado/CPRE488_git/cpre488-mp2/project_1/project_1.srcs/sources_1/bd/design_1/ip/design_1_v_proc_ss_1_0/bd_0/ip/ip_2/src/v_hscaler.cpp:827)
  DSP Expression: add_ln827_13 = zext_ln215_17 * sext_ln215_1 + sext_ln827_16
INFO: [SYN 201-351] The following objects are mapped to a DSP.
   a  'load' operation ('FiltCoeff_0_load', z:/Vivado/CPRE488_git/cpre488-mp2/project_1/project_1.srcs/sources_1/bd/design_1/ip/design_1_v_proc_ss_1_0/bd_0/ip/ip_2/src/v_hscaler.cpp:813) on array 'FiltCoeff_0'
   b  'mux' operation ('tmp_2', z:/Vivado/CPRE488_git/cpre488-mp2/project_1/project_1.srcs/sources_1/bd/design_1/ip/design_1_v_proc_ss_1_0/bd_0/ip/ip_2/src/v_hscaler.cpp:827)
   c  constant 2048
  DSP Expression: add_ln827_12 = 2048 + zext_ln215_16 * sext_ln215
INFO: [SYN 201-351] The following objects are mapped to a DSP.
   a  'load' operation ('FiltCoeff_5_load', z:/Vivado/CPRE488_git/cpre488-mp2/project_1/project_1.srcs/sources_1/bd/design_1/ip/design_1_v_proc_ss_1_0/bd_0/ip/ip_2/src/v_hscaler.cpp:813) on array 'FiltCoeff_5'
   b  'select' operation ('select_ln215_27', z:/Vivado/CPRE488_git/cpre488-mp2/project_1/project_1.srcs/sources_1/bd/design_1/ip/design_1_v_proc_ss_1_0/bd_0/ip/ip_2/src/v_hscaler.cpp:827)
   c  'add' operation ('add_ln827_10', z:/Vivado/CPRE488_git/cpre488-mp2/project_1/project_1.srcs/sources_1/bd/design_1/ip/design_1_v_proc_ss_1_0/bd_0/ip/ip_2/src/v_hscaler.cpp:827)
  DSP Expression: add_ln827_11 = add_ln827_10 + sext_ln215_5 * zext_ln215_15
INFO: [SYN 201-351] The following objects are mapped to a DSP.
   a  'load' operation ('FiltCoeff_4_load', z:/Vivado/CPRE488_git/cpre488-mp2/project_1/project_1.srcs/sources_1/bd/design_1/ip/design_1_v_proc_ss_1_0/bd_0/ip/ip_2/src/v_hscaler.cpp:813) on array 'FiltCoeff_4'
   b  'select' operation ('select_ln215_26', z:/Vivado/CPRE488_git/cpre488-mp2/project_1/project_1.srcs/sources_1/bd/design_1/ip/design_1_v_proc_ss_1_0/bd_0/ip/ip_2/src/v_hscaler.cpp:827)
   c  'add' operation ('add_ln827_9', z:/Vivado/CPRE488_git/cpre488-mp2/project_1/project_1.srcs/sources_1/bd/design_1/ip/design_1_v_proc_ss_1_0/bd_0/ip/ip_2/src/v_hscaler.cpp:827)
  DSP Expression: add_ln827_10 = sext_ln827_13 + sext_ln215_4 * zext_ln215_14
INFO: [SYN 201-351] The following objects are mapped to a DSP.
   a  'load' operation ('FiltCoeff_3_load', z:/Vivado/CPRE488_git/cpre488-mp2/project_1/project_1.srcs/sources_1/bd/design_1/ip/design_1_v_proc_ss_1_0/bd_0/ip/ip_2/src/v_hscaler.cpp:813) on array 'FiltCoeff_3'
   b  'select' operation ('select_ln215_24', z:/Vivado/CPRE488_git/cpre488-mp2/project_1/project_1.srcs/sources_1/bd/design_1/ip/design_1_v_proc_ss_1_0/bd_0/ip/ip_2/src/v_hscaler.cpp:827)
   c  'add' operation ('add_ln827_8', z:/Vivado/CPRE488_git/cpre488-mp2/project_1/project_1.srcs/sources_1/bd/design_1/ip/design_1_v_proc_ss_1_0/bd_0/ip/ip_2/src/v_hscaler.cpp:827)
  DSP Expression: add_ln827_9 = zext_ln215_13 * sext_ln215_3 + add_ln827_8
INFO: [SYN 201-351] The following objects are mapped to a DSP.
   a  'load' operation ('FiltCoeff_2_load', z:/Vivado/CPRE488_git/cpre488-mp2/project_1/project_1.srcs/sources_1/bd/design_1/ip/design_1_v_proc_ss_1_0/bd_0/ip/ip_2/src/v_hscaler.cpp:813) on array 'FiltCoeff_2'
   b  'select' operation ('select_ln215_21', z:/Vivado/CPRE488_git/cpre488-mp2/project_1/project_1.srcs/sources_1/bd/design_1/ip/design_1_v_proc_ss_1_0/bd_0/ip/ip_2/src/v_hscaler.cpp:827)
   c  'add' operation ('add_ln827_7', z:/Vivado/CPRE488_git/cpre488-mp2/project_1/project_1.srcs/sources_1/bd/design_1/ip/design_1_v_proc_ss_1_0/bd_0/ip/ip_2/src/v_hscaler.cpp:827)
  DSP Expression: add_ln827_8 = zext_ln215_12 * sext_ln215_2 + sext_ln827_10
INFO: [SYN 201-351] The following objects are mapped to a DSP.
   a  'load' operation ('FiltCoeff_1_load', z:/Vivado/CPRE488_git/cpre488-mp2/project_1/project_1.srcs/sources_1/bd/design_1/ip/design_1_v_proc_ss_1_0/bd_0/ip/ip_2/src/v_hscaler.cpp:813) on array 'FiltCoeff_1'
   b  'select' operation ('select_ln215_17', z:/Vivado/CPRE488_git/cpre488-mp2/project_1/project_1.srcs/sources_1/bd/design_1/ip/design_1_v_proc_ss_1_0/bd_0/ip/ip_2/src/v_hscaler.cpp:827)
   c  'add' operation ('add_ln827_6', z:/Vivado/CPRE488_git/cpre488-mp2/project_1/project_1.srcs/sources_1/bd/design_1/ip/design_1_v_proc_ss_1_0/bd_0/ip/ip_2/src/v_hscaler.cpp:827)
  DSP Expression: add_ln827_7 = zext_ln215_11 * sext_ln215_1 + sext_ln827_8
INFO: [SYN 201-351] The following objects are mapped to a DSP.
   a  'load' operation ('FiltCoeff_0_load', z:/Vivado/CPRE488_git/cpre488-mp2/project_1/project_1.srcs/sources_1/bd/design_1/ip/design_1_v_proc_ss_1_0/bd_0/ip/ip_2/src/v_hscaler.cpp:813) on array 'FiltCoeff_0'
   b  'mux' operation ('tmp_1', z:/Vivado/CPRE488_git/cpre488-mp2/project_1/project_1.srcs/sources_1/bd/design_1/ip/design_1_v_proc_ss_1_0/bd_0/ip/ip_2/src/v_hscaler.cpp:827)
   c  constant 2048
  DSP Expression: add_ln827_6 = 2048 + zext_ln215_10 * sext_ln215
INFO: [SYN 201-351] The following objects are mapped to a DSP.
   a  'load' operation ('FiltCoeff_5_load', z:/Vivado/CPRE488_git/cpre488-mp2/project_1/project_1.srcs/sources_1/bd/design_1/ip/design_1_v_proc_ss_1_0/bd_0/ip/ip_2/src/v_hscaler.cpp:813) on array 'FiltCoeff_5'
   b  'select' operation ('select_ln215_13', z:/Vivado/CPRE488_git/cpre488-mp2/project_1/project_1.srcs/sources_1/bd/design_1/ip/design_1_v_proc_ss_1_0/bd_0/ip/ip_2/src/v_hscaler.cpp:827)
   c  'add' operation ('add_ln827_4', z:/Vivado/CPRE488_git/cpre488-mp2/project_1/project_1.srcs/sources_1/bd/design_1/ip/design_1_v_proc_ss_1_0/bd_0/ip/ip_2/src/v_hscaler.cpp:827)
  DSP Expression: add_ln827_5 = add_ln827_4 + sext_ln215_5 * zext_ln215_9
INFO: [SYN 201-351] The following objects are mapped to a DSP.
   a  'load' operation ('FiltCoeff_4_load', z:/Vivado/CPRE488_git/cpre488-mp2/project_1/project_1.srcs/sources_1/bd/design_1/ip/design_1_v_proc_ss_1_0/bd_0/ip/ip_2/src/v_hscaler.cpp:813) on array 'FiltCoeff_4'
   b  'select' operation ('select_ln215_12', z:/Vivado/CPRE488_git/cpre488-mp2/project_1/project_1.srcs/sources_1/bd/design_1/ip/design_1_v_proc_ss_1_0/bd_0/ip/ip_2/src/v_hscaler.cpp:827)
   c  'add' operation ('add_ln827_3', z:/Vivado/CPRE488_git/cpre488-mp2/project_1/project_1.srcs/sources_1/bd/design_1/ip/design_1_v_proc_ss_1_0/bd_0/ip/ip_2/src/v_hscaler.cpp:827)
  DSP Expression: add_ln827_4 = zext_ln215_8 * sext_ln215_4 + sext_ln827_5
INFO: [SYN 201-351] The following objects are mapped to a DSP.
   a  'load' operation ('FiltCoeff_3_load', z:/Vivado/CPRE488_git/cpre488-mp2/project_1/project_1.srcs/sources_1/bd/design_1/ip/design_1_v_proc_ss_1_0/bd_0/ip/ip_2/src/v_hscaler.cpp:813) on array 'FiltCoeff_3'
   b  'select' operation ('select_ln215_10', z:/Vivado/CPRE488_git/cpre488-mp2/project_1/project_1.srcs/sources_1/bd/design_1/ip/design_1_v_proc_ss_1_0/bd_0/ip/ip_2/src/v_hscaler.cpp:827)
   c  'add' operation ('add_ln827_2', z:/Vivado/CPRE488_git/cpre488-mp2/project_1/project_1.srcs/sources_1/bd/design_1/ip/design_1_v_proc_ss_1_0/bd_0/ip/ip_2/src/v_hscaler.cpp:827)
  DSP Expression: add_ln827_3 = add_ln827_2 + sext_ln215_3 * zext_ln215_7
INFO: [SYN 201-351] The following objects are mapped to a DSP.
   a  'load' operation ('FiltCoeff_2_load', z:/Vivado/CPRE488_git/cpre488-mp2/project_1/project_1.srcs/sources_1/bd/design_1/ip/design_1_v_proc_ss_1_0/bd_0/ip/ip_2/src/v_hscaler.cpp:813) on array 'FiltCoeff_2'
   b  'select' operation ('select_ln215_7', z:/Vivado/CPRE488_git/cpre488-mp2/project_1/project_1.srcs/sources_1/bd/design_1/ip/design_1_v_proc_ss_1_0/bd_0/ip/ip_2/src/v_hscaler.cpp:827)
   c  'add' operation ('add_ln827_1', z:/Vivado/CPRE488_git/cpre488-mp2/project_1/project_1.srcs/sources_1/bd/design_1/ip/design_1_v_proc_ss_1_0/bd_0/ip/ip_2/src/v_hscaler.cpp:827)
  DSP Expression: add_ln827_2 = sext_ln827_2 + sext_ln215_2 * zext_ln215_6
INFO: [SYN 201-351] The following objects are mapped to a DSP.
   a  'load' operation ('FiltCoeff_1_load', z:/Vivado/CPRE488_git/cpre488-mp2/project_1/project_1.srcs/sources_1/bd/design_1/ip/design_1_v_proc_ss_1_0/bd_0/ip/ip_2/src/v_hscaler.cpp:813) on array 'FiltCoeff_1'
   b  'select' operation ('select_ln215_3', z:/Vivado/CPRE488_git/cpre488-mp2/project_1/project_1.srcs/sources_1/bd/design_1/ip/design_1_v_proc_ss_1_0/bd_0/ip/ip_2/src/v_hscaler.cpp:827)
   c  'add' operation ('add_ln827', z:/Vivado/CPRE488_git/cpre488-mp2/project_1/project_1.srcs/sources_1/bd/design_1/ip/design_1_v_proc_ss_1_0/bd_0/ip/ip_2/src/v_hscaler.cpp:827)
  DSP Expression: add_ln827_1 = sext_ln827 + sext_ln215_1 * zext_ln215_5
INFO: [SYN 201-351] The following objects are mapped to a DSP.
   a  'load' operation ('FiltCoeff_0_load', z:/Vivado/CPRE488_git/cpre488-mp2/project_1/project_1.srcs/sources_1/bd/design_1/ip/design_1_v_proc_ss_1_0/bd_0/ip/ip_2/src/v_hscaler.cpp:813) on array 'FiltCoeff_0'
   b  'mux' operation ('tmp', z:/Vivado/CPRE488_git/cpre488-mp2/project_1/project_1.srcs/sources_1/bd/design_1/ip/design_1_v_proc_ss_1_0/bd_0/ip/ip_2/src/v_hscaler.cpp:827)
   c  constant 2048
  DSP Expression: add_ln827 = 2048 + sext_ln215 * zext_ln215
###	 Num	NTree	NLUT	EssAll	EssLUT	Size	MSize	Lev	MLev	Sel	Phy 
####	 20	0	31	147	53	1.7	4	1.6	3	45	0
INFO: [SCHED 204-11] Generating True dependence constraints ... 
INFO: [SCHED 204-11] Generating Auxiliary dependence constraints ... 
INFO: [SCHED 204-11] Generating Ternary mapping constraints ... 
INFO: [SCHED 204-11] Generating Lut Grouping constraints ... 
INFO: [SCHED 204-11] Generating Node latency constraints ... 
INFO: [SCHED 204-11] Generating Relative time constraints ... 
INFO: [SCHED 204-11] Generating Protocol constraints ... 
INFO: [SCHED 204-11] Generating Precedence constraints ... 
INFO: [SCHED 204-11] Generating Supporting dependence constraints ... 
INFO: [SCHED 204-11] Generating Pipeline constraints ... 
INFO: [SCHED 204-61] Pipelining function 'hscale_polyphase'.
INFO: [SCHED 204-61]  rescheduled in stage scheduling from 0 to 5 with current asap = 0, alap = 5
INFO: [SCHED 204-61]  rescheduled in stage scheduling from 0 to 4 with current asap = 0, alap = 4
INFO: [SCHED 204-61]  rescheduled in stage scheduling from 0 to 3 with current asap = 0, alap = 3
INFO: [SCHED 204-61]  rescheduled in stage scheduling from 0 to 2 with current asap = 0, alap = 2
INFO: [SCHED 204-61]  rescheduled in stage scheduling from 0 to 1 with current asap = 0, alap = 1
INFO: [SCHED 204-61] Pipelining result : Target II = 1, Final II = 1, Depth = 9.
INFO: [SCHED 204-11] Generating DSP mapping constraints ... 
INFO: [SCHED 204-11] Generating Supporting dependence constraints ... 
INFO: [SCHED 204-11] Generating Resource constraints ... 
INFO: [SCHED 204-11] Generating Latency constraints ... 
INFO: [SCHED 204-11] Generating Latency constraints ... 
INFO: [SCHED 204-11] Generating Cycle time constraints ... 
INFO: [SCHED 204-11] Generating Blocking node constraints ... 
INFO: [SCHED 204-11] Generating Chaining constraints ... 
INFO: [SCHED 204-11] Generating Operation gating constraints ... 
INFO: [SCHED 204-11] Generating Variable bound constraints ... 
INFO: [SCHED 204-11] Generating PHI node constraints ... 
INFO: [SCHED 204-11] Start checking consistency (resolving sdc graph) ...
INFO: [SCHED 204-11] Finished checking consistency.
INFO: [SCHED 204-11] Start scheduling optimization (solving LP) ...
INFO: [SCHED 204-11] Finished scheduling optimization.
INFO: [SCHED 204-11] Start constructing STG ...
WARNING: [SCHED 204-21] Estimated clock period (7.86875ns) exceeds the target (target clock period: 6.734ns, clock uncertainty: 0.84175ns, effective delay budget: 5.89225ns).
WARNING: [SCHED 204-21] The critical path in module 'hscale_polyphase' consists of the following:
	'mul' operation of DSP[134] ('mul_ln1352_5', z:/Vivado/CPRE488_git/cpre488-mp2/project_1/project_1.srcs/sources_1/bd/design_1/ip/design_1_v_proc_ss_1_0/bd_0/ip/ip_2/src/v_hscaler.cpp:827) [132]  (3.36 ns)
	'add' operation of DSP[134] ('add_ln827_5', z:/Vivado/CPRE488_git/cpre488-mp2/project_1/project_1.srcs/sources_1/bd/design_1/ip/design_1_v_proc_ss_1_0/bd_0/ip/ip_2/src/v_hscaler.cpp:827) [134]  (3.02 ns)
	'icmp' operation ('icmp_ln830', z:/Vivado/CPRE488_git/cpre488-mp2/project_1/project_1.srcs/sources_1/bd/design_1/ip/design_1_v_proc_ss_1_0/bd_0/ip/ip_2/src/v_hscaler.cpp:830) [137]  (1.49 ns)
INFO: [SCHED 204-11] Finished constructing STG.
INFO: [SCHED 204-11] Finished scheduling.
INFO: [HLS 200-111]  Elapsed time: 2.919 seconds; current allocated memory: 348.250 MB.
INFO: [BIND 205-100] Starting micro-architecture generation ...
INFO: [BIND 205-101] Performing variable lifetime analysis.
INFO: [BIND 205-101] Exploring resource sharing.
INFO: [BIND 205-101] Binding ...
INFO: [BIND 205-100] Finished micro-architecture generation.
INFO: [HLS 200-111]  Elapsed time: 1.863 seconds; current allocated memory: 348.933 MB.
INFO: [HLS 200-10] ----------------------------------------------------------------
INFO: [HLS 200-42] -- Implementing module 'hscale_core_polyphas' 
INFO: [HLS 200-10] ----------------------------------------------------------------
INFO: [SCHED 204-11] Starting scheduling ...
###	 Num	NTree	NLUT	EssAll	EssLUT	Size	MSize	Lev	MLev	Sel	Phy 
####	 6	0	0	183	0	-nan(ind)	0	-nan(ind)	0	0	0
INFO: [SCHED 204-11] Generating True dependence constraints ... 
INFO: [SCHED 204-11] Generating Auxiliary dependence constraints ... 
INFO: [SCHED 204-11] Generating Ternary mapping constraints ... 
INFO: [SCHED 204-11] Generating Lut Grouping constraints ... 
INFO: [SCHED 204-11] Generating Node latency constraints ... 
INFO: [SCHED 204-11] Generating Relative time constraints ... 
INFO: [SCHED 204-11] Generating Protocol constraints ... 
INFO: [SCHED 204-11] Generating Precedence constraints ... 
INFO: [SCHED 204-11] Generating Supporting dependence constraints ... 
INFO: [SCHED 204-11] Generating Pipeline constraints ... 
INFO: [SCHED 204-61] Pipelining loop 'loop_width'.
INFO: [SCHED 204-61] Pipelining result : Target II = 1, Final II = 1, Depth = 13.
INFO: [SCHED 204-11] Generating DSP mapping constraints ... 
INFO: [SCHED 204-11] Generating Supporting dependence constraints ... 
INFO: [SCHED 204-11] Generating Resource constraints ... 
INFO: [SCHED 204-11] Generating Latency constraints ... 
INFO: [SCHED 204-11] Generating Latency constraints ... 
INFO: [SCHED 204-11] Generating Cycle time constraints ... 
INFO: [SCHED 204-11] Generating Blocking node constraints ... 
INFO: [SCHED 204-11] Generating Chaining constraints ... 
INFO: [SCHED 204-11] Generating Operation gating constraints ... 
INFO: [SCHED 204-11] Generating Variable bound constraints ... 
INFO: [SCHED 204-11] Generating PHI node constraints ... 
INFO: [SCHED 204-11] Start checking consistency (resolving sdc graph) ...
INFO: [SCHED 204-11] Finished checking consistency.
INFO: [SCHED 204-11] Start scheduling optimization (solving LP) ...
INFO: [SCHED 204-11] Finished scheduling optimization.
INFO: [SCHED 204-11] Start constructing STG ...
INFO: [SCHED 204-11] Finished constructing STG.
INFO: [SCHED 204-11] Finished scheduling.
INFO: [HLS 200-111]  Elapsed time: 2.585 seconds; current allocated memory: 349.652 MB.
INFO: [BIND 205-100] Starting micro-architecture generation ...
INFO: [BIND 205-101] Performing variable lifetime analysis.
INFO: [BIND 205-101] Exploring resource sharing.
WARNING: [BIND 205-102] The specified resource core for memory 'FiltCoeff_0_0' will be ignored if a simpler one can be used.
WARNING: [BIND 205-102] The specified resource core for memory 'FiltCoeff_1_0' will be ignored if a simpler one can be used.
WARNING: [BIND 205-102] The specified resource core for memory 'FiltCoeff_2_0' will be ignored if a simpler one can be used.
WARNING: [BIND 205-102] The specified resource core for memory 'FiltCoeff_3_0' will be ignored if a simpler one can be used.
WARNING: [BIND 205-102] The specified resource core for memory 'FiltCoeff_4_0' will be ignored if a simpler one can be used.
WARNING: [BIND 205-102] The specified resource core for memory 'FiltCoeff_5_0' will be ignored if a simpler one can be used.
INFO: [BIND 205-101] Binding ...
INFO: [BIND 205-100] Finished micro-architecture generation.
INFO: [HLS 200-111]  Elapsed time: 2.288 seconds; current allocated memory: 350.644 MB.
INFO: [HLS 200-10] ----------------------------------------------------------------
INFO: [HLS 200-42] -- Implementing module 'Block_crit_edge914' 
INFO: [HLS 200-10] ----------------------------------------------------------------
INFO: [SCHED 204-11] Starting scheduling ...
###	 Num	NTree	NLUT	EssAll	EssLUT	Size	MSize	Lev	MLev	Sel	Phy 
####	 0	0	0	6	0	-nan(ind)	0	-nan(ind)	0	0	0
INFO: [SCHED 204-11] Generating True dependence constraints ... 
INFO: [SCHED 204-11] Generating Auxiliary dependence constraints ... 
INFO: [SCHED 204-11] Generating Ternary mapping constraints ... 
INFO: [SCHED 204-11] Generating Lut Grouping constraints ... 
INFO: [SCHED 204-11] Generating Node latency constraints ... 
INFO: [SCHED 204-11] Generating Relative time constraints ... 
INFO: [SCHED 204-11] Generating Protocol constraints ... 
INFO: [SCHED 204-11] Generating Precedence constraints ... 
INFO: [SCHED 204-11] Generating Supporting dependence constraints ... 
INFO: [SCHED 204-11] Generating Pipeline constraints ... 
INFO: [SCHED 204-11] Generating DSP mapping constraints ... 
INFO: [SCHED 204-11] Generating Supporting dependence constraints ... 
INFO: [SCHED 204-11] Generating Resource constraints ... 
INFO: [SCHED 204-11] Generating Latency constraints ... 
INFO: [SCHED 204-11] Generating Latency constraints ... 
INFO: [SCHED 204-11] Generating Cycle time constraints ... 
INFO: [SCHED 204-11] Generating Blocking node constraints ... 
INFO: [SCHED 204-11] Generating Chaining constraints ... 
INFO: [SCHED 204-11] Generating Operation gating constraints ... 
INFO: [SCHED 204-11] Generating Variable bound constraints ... 
INFO: [SCHED 204-11] Generating PHI node constraints ... 
INFO: [SCHED 204-11] Start checking consistency (resolving sdc graph) ...
INFO: [SCHED 204-11] Finished checking consistency.
INFO: [SCHED 204-11] Start scheduling optimization (solving LP) ...
INFO: [SCHED 204-11] Finished scheduling optimization.
INFO: [SCHED 204-11] Start constructing STG ...
INFO: [SCHED 204-11] Finished constructing STG.
INFO: [SCHED 204-11] Finished scheduling.
INFO: [HLS 200-111]  Elapsed time: 2.63 seconds; current allocated memory: 350.695 MB.
INFO: [BIND 205-100] Starting micro-architecture generation ...
INFO: [BIND 205-101] Performing variable lifetime analysis.
INFO: [BIND 205-101] Exploring resource sharing.
INFO: [BIND 205-101] Binding ...
INFO: [BIND 205-100] Finished micro-architecture generation.
INFO: [HLS 200-111]  Elapsed time: 0.188 seconds; current allocated memory: 350.748 MB.
INFO: [HLS 200-10] ----------------------------------------------------------------
INFO: [HLS 200-42] -- Implementing module 'v_hcresampler_core90' 
INFO: [HLS 200-10] ----------------------------------------------------------------
INFO: [SCHED 204-11] Starting scheduling ...
INFO: [SYN 201-351] The following objects are mapped to a ternary adder tree.
   a  'bitconcatenate' operation ('shl_ln1352_1', z:/Vivado/CPRE488_git/cpre488-mp2/project_1/project_1.srcs/sources_1/bd/design_1/ip/design_1_v_proc_ss_1_0/bd_0/ip/ip_2/src/v_hscaler.cpp:1539->z:/Vivado/CPRE488_git/cpre488-mp2/project_1/project_1.srcs/sources_1/bd/design_1/ip/design_1_v_proc_ss_1_0/bd_0/ip/ip_2/src/v_hscaler.cpp:202)
   b  'add' operation ('add_ln1353_3', z:/Vivado/CPRE488_git/cpre488-mp2/project_1/project_1.srcs/sources_1/bd/design_1/ip/design_1_v_proc_ss_1_0/bd_0/ip/ip_2/src/v_hscaler.cpp:1539->z:/Vivado/CPRE488_git/cpre488-mp2/project_1/project_1.srcs/sources_1/bd/design_1/ip/design_1_v_proc_ss_1_0/bd_0/ip/ip_2/src/v_hscaler.cpp:202)
   c  'select' operation ('select_ln1508', z:/Vivado/CPRE488_git/cpre488-mp2/project_1/project_1.srcs/sources_1/bd/design_1/ip/design_1_v_proc_ss_1_0/bd_0/ip/ip_2/src/v_hscaler.cpp:1508->z:/Vivado/CPRE488_git/cpre488-mp2/project_1/project_1.srcs/sources_1/bd/design_1/ip/design_1_v_proc_ss_1_0/bd_0/ip/ip_2/src/v_hscaler.cpp:202)

INFO: [SYN 201-351] The following objects are mapped to a ternary adder tree.
   a  'bitconcatenate' operation ('shl_ln', z:/Vivado/CPRE488_git/cpre488-mp2/project_1/project_1.srcs/sources_1/bd/design_1/ip/design_1_v_proc_ss_1_0/bd_0/ip/ip_2/src/v_hscaler.cpp:1538->z:/Vivado/CPRE488_git/cpre488-mp2/project_1/project_1.srcs/sources_1/bd/design_1/ip/design_1_v_proc_ss_1_0/bd_0/ip/ip_2/src/v_hscaler.cpp:202)
   b  'add' operation ('add_ln1353', z:/Vivado/CPRE488_git/cpre488-mp2/project_1/project_1.srcs/sources_1/bd/design_1/ip/design_1_v_proc_ss_1_0/bd_0/ip/ip_2/src/v_hscaler.cpp:1538->z:/Vivado/CPRE488_git/cpre488-mp2/project_1/project_1.srcs/sources_1/bd/design_1/ip/design_1_v_proc_ss_1_0/bd_0/ip/ip_2/src/v_hscaler.cpp:202)
   c  'select' operation ('select_ln1508_3', z:/Vivado/CPRE488_git/cpre488-mp2/project_1/project_1.srcs/sources_1/bd/design_1/ip/design_1_v_proc_ss_1_0/bd_0/ip/ip_2/src/v_hscaler.cpp:1508->z:/Vivado/CPRE488_git/cpre488-mp2/project_1/project_1.srcs/sources_1/bd/design_1/ip/design_1_v_proc_ss_1_0/bd_0/ip/ip_2/src/v_hscaler.cpp:202)

###	 Num	NTree	NLUT	EssAll	EssLUT	Size	MSize	Lev	MLev	Sel	Phy 
####	 5	0	0	94	0	-nan(ind)	0	-nan(ind)	0	0	0
INFO: [SCHED 204-11] Generating True dependence constraints ... 
INFO: [SCHED 204-11] Generating Auxiliary dependence constraints ... 
INFO: [SCHED 204-11] Generating Ternary mapping constraints ... 
INFO: [SCHED 204-11] Generating Lut Grouping constraints ... 
INFO: [SCHED 204-11] Generating Node latency constraints ... 
INFO: [SCHED 204-11] Generating Relative time constraints ... 
INFO: [SCHED 204-11] Generating Protocol constraints ... 
INFO: [SCHED 204-11] Generating Precedence constraints ... 
INFO: [SCHED 204-11] Generating Supporting dependence constraints ... 
INFO: [SCHED 204-11] Generating Pipeline constraints ... 
INFO: [SCHED 204-61] Pipelining loop 'Loop 4.1'.
INFO: [SCHED 204-61] Pipelining result : Target II = 1, Final II = 1, Depth = 5.
INFO: [SCHED 204-11] Generating DSP mapping constraints ... 
INFO: [SCHED 204-11] Generating Supporting dependence constraints ... 
INFO: [SCHED 204-11] Generating Resource constraints ... 
INFO: [SCHED 204-11] Generating Latency constraints ... 
INFO: [SCHED 204-11] Generating Latency constraints ... 
INFO: [SCHED 204-11] Generating Cycle time constraints ... 
INFO: [SCHED 204-11] Generating Blocking node constraints ... 
INFO: [SCHED 204-11] Generating Chaining constraints ... 
INFO: [SCHED 204-11] Generating Operation gating constraints ... 
INFO: [SCHED 204-11] Generating Variable bound constraints ... 
INFO: [SCHED 204-11] Generating PHI node constraints ... 
INFO: [SCHED 204-11] Start checking consistency (resolving sdc graph) ...
INFO: [SCHED 204-11] Finished checking consistency.
INFO: [SCHED 204-11] Start scheduling optimization (solving LP) ...
INFO: [SCHED 204-11] Finished scheduling optimization.
INFO: [SCHED 204-11] Start constructing STG ...
INFO: [SCHED 204-11] Finished constructing STG.
INFO: [SCHED 204-11] Finished scheduling.
INFO: [HLS 200-111]  Elapsed time: 0.964 seconds; current allocated memory: 351.197 MB.
INFO: [BIND 205-100] Starting micro-architecture generation ...
INFO: [BIND 205-101] Performing variable lifetime analysis.
INFO: [BIND 205-101] Exploring resource sharing.
INFO: [BIND 205-101] Binding ...
INFO: [BIND 205-100] Finished micro-architecture generation.
INFO: [HLS 200-111]  Elapsed time: 1.241 seconds; current allocated memory: 351.725 MB.
INFO: [HLS 200-10] ----------------------------------------------------------------
INFO: [HLS 200-42] -- Implementing module 'MultiPixStream2AXIvi' 
INFO: [HLS 200-10] ----------------------------------------------------------------
INFO: [SCHED 204-11] Starting scheduling ...
###	 Num	NTree	NLUT	EssAll	EssLUT	Size	MSize	Lev	MLev	Sel	Phy 
####	 2	0	0	49	0	-nan(ind)	0	-nan(ind)	0	0	0
INFO: [SCHED 204-11] Generating True dependence constraints ... 
INFO: [SCHED 204-11] Generating Auxiliary dependence constraints ... 
INFO: [SCHED 204-11] Generating Ternary mapping constraints ... 
INFO: [SCHED 204-11] Generating Lut Grouping constraints ... 
INFO: [SCHED 204-11] Generating Node latency constraints ... 
INFO: [SCHED 204-11] Generating Relative time constraints ... 
INFO: [SCHED 204-11] Generating Protocol constraints ... 
INFO: [SCHED 204-11] Generating Precedence constraints ... 
INFO: [SCHED 204-11] Generating Supporting dependence constraints ... 
INFO: [SCHED 204-11] Generating Pipeline constraints ... 
INFO: [SCHED 204-61] Pipelining loop 'Loop 2.1'.
INFO: [SCHED 204-61] Pipelining result : Target II = 1, Final II = 1, Depth = 3.
INFO: [SCHED 204-11] Generating DSP mapping constraints ... 
INFO: [SCHED 204-11] Generating Supporting dependence constraints ... 
INFO: [SCHED 204-11] Generating Resource constraints ... 
INFO: [SCHED 204-11] Generating Latency constraints ... 
INFO: [SCHED 204-11] Generating Latency constraints ... 
INFO: [SCHED 204-11] Generating Cycle time constraints ... 
INFO: [SCHED 204-11] Generating Blocking node constraints ... 
INFO: [SCHED 204-11] Generating Chaining constraints ... 
INFO: [SCHED 204-11] Generating Operation gating constraints ... 
INFO: [SCHED 204-11] Generating Variable bound constraints ... 
INFO: [SCHED 204-11] Generating PHI node constraints ... 
INFO: [SCHED 204-11] Start checking consistency (resolving sdc graph) ...
INFO: [SCHED 204-11] Finished checking consistency.
INFO: [SCHED 204-11] Start scheduling optimization (solving LP) ...
INFO: [SCHED 204-11] Finished scheduling optimization.
INFO: [SCHED 204-11] Start constructing STG ...
INFO: [SCHED 204-11] Finished constructing STG.
INFO: [SCHED 204-11] Finished scheduling.
INFO: [HLS 200-111]  Elapsed time: 1.83 seconds; current allocated memory: 351.967 MB.
INFO: [BIND 205-100] Starting micro-architecture generation ...
INFO: [BIND 205-101] Performing variable lifetime analysis.
INFO: [BIND 205-101] Exploring resource sharing.
INFO: [BIND 205-101] Binding ...
INFO: [BIND 205-100] Finished micro-architecture generation.
INFO: [HLS 200-111]  Elapsed time: 0.808 seconds; current allocated memory: 352.329 MB.
INFO: [HLS 200-10] ----------------------------------------------------------------
INFO: [HLS 200-42] -- Implementing module 'v_hscaler' 
INFO: [HLS 200-10] ----------------------------------------------------------------
INFO: [SCHED 204-11] Starting scheduling ...
###	 Num	NTree	NLUT	EssAll	EssLUT	Size	MSize	Lev	MLev	Sel	Phy 
####	 0	0	0	14	0	-nan(ind)	0	-nan(ind)	0	0	0
INFO: [SCHED 204-11] Generating True dependence constraints ... 
INFO: [SCHED 204-11] Generating Auxiliary dependence constraints ... 
INFO: [SCHED 204-11] Generating Ternary mapping constraints ... 
INFO: [SCHED 204-11] Generating Lut Grouping constraints ... 
INFO: [SCHED 204-11] Generating Node latency constraints ... 
INFO: [SCHED 204-11] Generating Relative time constraints ... 
INFO: [SCHED 204-11] Generating Protocol constraints ... 
INFO: [SCHED 204-11] Generating Precedence constraints ... 
INFO: [SCHED 204-11] Generating Supporting dependence constraints ... 
INFO: [SCHED 204-11] Generating Pipeline constraints ... 
INFO: [SCHED 204-11] Generating DSP mapping constraints ... 
INFO: [SCHED 204-11] Generating Supporting dependence constraints ... 
INFO: [SCHED 204-11] Generating Resource constraints ... 
INFO: [SCHED 204-11] Generating Latency constraints ... 
INFO: [SCHED 204-11] Generating Latency constraints ... 
INFO: [SCHED 204-11] Generating Cycle time constraints ... 
INFO: [SCHED 204-11] Generating Blocking node constraints ... 
INFO: [SCHED 204-11] Generating Chaining constraints ... 
INFO: [SCHED 204-11] Generating Operation gating constraints ... 
INFO: [SCHED 204-11] Generating Variable bound constraints ... 
INFO: [SCHED 204-11] Generating PHI node constraints ... 
INFO: [SCHED 204-11] Start checking consistency (resolving sdc graph) ...
INFO: [SCHED 204-11] Finished checking consistency.
INFO: [SCHED 204-11] Start scheduling optimization (solving LP) ...
INFO: [SCHED 204-11] Finished scheduling optimization.
INFO: [SCHED 204-11] Start constructing STG ...
INFO: [SCHED 204-11] Finished constructing STG.
INFO: [SCHED 204-11] Finished scheduling.
INFO: [HLS 200-111]  Elapsed time: 1.389 seconds; current allocated memory: 352.583 MB.
INFO: [BIND 205-100] Starting micro-architecture generation ...
INFO: [BIND 205-101] Performing variable lifetime analysis.
INFO: [BIND 205-101] Exploring resource sharing.
INFO: [BIND 205-101] Binding ...
INFO: [BIND 205-100] Finished micro-architecture generation.
INFO: [HLS 200-111]  Elapsed time: 1.683 seconds; current allocated memory: 353.753 MB.
INFO: [HLS 200-10] ----------------------------------------------------------------
INFO: [HLS 200-10] -- Generating RTL for module 'v_hscaler_entry189' 
INFO: [HLS 200-10] ----------------------------------------------------------------
INFO: [RTGEN 206-100] Finished creating RTL model for 'v_hscaler_entry189'.
INFO: [HLS 200-111]  Elapsed time: 1.389 seconds; current allocated memory: 354.080 MB.
INFO: [HLS 200-10] ----------------------------------------------------------------
INFO: [HLS 200-10] -- Generating RTL for module 'AXIvideo2MultiPixStr' 
INFO: [HLS 200-10] ----------------------------------------------------------------
INFO: [RTGEN 206-100] Finished creating RTL model for 'AXIvideo2MultiPixStr'.
INFO: [HLS 200-111]  Elapsed time: 0.666 seconds; current allocated memory: 355.139 MB.
INFO: [WVHDL 200-304] Encrypting RTL VHDL done.
INFO: [WVHDL 200-304] Encrypting RTL Verilog done.
INFO: [HLS 200-10] ----------------------------------------------------------------
INFO: [HLS 200-10] -- Generating RTL for module 'Block_crit_edge911' 
INFO: [HLS 200-10] ----------------------------------------------------------------
INFO: [RTGEN 206-100] Finished creating RTL model for 'Block_crit_edge911'.
INFO: [HLS 200-111]  Elapsed time: 0.922 seconds; current allocated memory: 354.971 MB.
INFO: [WVHDL 200-304] Encrypting RTL VHDL done.
INFO: [WVHDL 200-304] Encrypting RTL Verilog done.
INFO: [HLS 200-10] ----------------------------------------------------------------
INFO: [HLS 200-10] -- Generating RTL for module 'v_hcresampler_core89' 
INFO: [HLS 200-10] ----------------------------------------------------------------
INFO: [RTGEN 206-100] Finished creating RTL model for 'v_hcresampler_core89'.
INFO: [HLS 200-111]  Elapsed time: 0.245 seconds; current allocated memory: 355.854 MB.
INFO: [WVHDL 200-304] Encrypting RTL VHDL done.
INFO: [WVHDL 200-304] Encrypting RTL Verilog done.
INFO: [HLS 200-10] ----------------------------------------------------------------
INFO: [HLS 200-10] -- Generating RTL for module 'reg_ap_uint_9_s' 
INFO: [HLS 200-10] ----------------------------------------------------------------
INFO: [RTGEN 206-100] Finished creating RTL model for 'reg_ap_uint_9_s'.
INFO: [HLS 200-111]  Elapsed time: 1.44 seconds; current allocated memory: 355.964 MB.
INFO: [HLS 200-10] ----------------------------------------------------------------
INFO: [HLS 200-10] -- Generating RTL for module 'hscale_polyphase' 
INFO: [HLS 200-10] ----------------------------------------------------------------
INFO: [SYN 201-210] Renamed object name 'v_hscaler_mux_83_8_1_1' to 'v_hscaler_mux_83_bkb' due to the length limit 20
INFO: [SYN 201-210] Renamed object name 'v_hscaler_mac_muladd_16s_8ns_13ns_24_1_1' to 'v_hscaler_mac_mulcud' due to the length limit 20
INFO: [SYN 201-210] Renamed object name 'v_hscaler_mac_muladd_8ns_16s_13ns_24_1_1' to 'v_hscaler_mac_muldEe' due to the length limit 20
INFO: [SYN 201-210] Renamed object name 'v_hscaler_mac_muladd_16s_8ns_24s_25_1_1' to 'v_hscaler_mac_muleOg' due to the length limit 20
INFO: [SYN 201-210] Renamed object name 'v_hscaler_mac_muladd_8ns_16s_24s_25_1_1' to 'v_hscaler_mac_mulfYi' due to the length limit 20
INFO: [SYN 201-210] Renamed object name 'v_hscaler_mac_muladd_16s_8ns_25s_26_1_1' to 'v_hscaler_mac_mulg8j' due to the length limit 20
INFO: [SYN 201-210] Renamed object name 'v_hscaler_mac_muladd_8ns_16s_25s_26_1_1' to 'v_hscaler_mac_mulhbi' due to the length limit 20
INFO: [SYN 201-210] Renamed object name 'v_hscaler_mac_muladd_16s_8ns_26s_26_1_1' to 'v_hscaler_mac_mulibs' due to the length limit 20
INFO: [SYN 201-210] Renamed object name 'v_hscaler_mac_muladd_8ns_16s_26s_26_1_1' to 'v_hscaler_mac_muljbC' due to the length limit 20
INFO: [SYN 201-210] Renamed object name 'v_hscaler_mac_muladd_8ns_16s_26s_27_1_1' to 'v_hscaler_mac_mulkbM' due to the length limit 20
INFO: [SYN 201-210] Renamed object name 'v_hscaler_mac_muladd_16s_8ns_26s_27_1_1' to 'v_hscaler_mac_mullbW' due to the length limit 20
INFO: [SYN 201-210] Renamed object name 'v_hscaler_mac_muladd_16s_8ns_27s_27_1_1' to 'v_hscaler_mac_mulmb6' due to the length limit 20
INFO: [RTGEN 206-100] Generating core module 'v_hscaler_mac_mulcud': 1 instance(s).
INFO: [RTGEN 206-100] Generating core module 'v_hscaler_mac_muldEe': 2 instance(s).
INFO: [RTGEN 206-100] Generating core module 'v_hscaler_mac_muleOg': 1 instance(s).
INFO: [RTGEN 206-100] Generating core module 'v_hscaler_mac_mulfYi': 2 instance(s).
INFO: [RTGEN 206-100] Generating core module 'v_hscaler_mac_mulg8j': 1 instance(s).
INFO: [RTGEN 206-100] Generating core module 'v_hscaler_mac_mulhbi': 2 instance(s).
INFO: [RTGEN 206-100] Generating core module 'v_hscaler_mac_mulibs': 1 instance(s).
INFO: [RTGEN 206-100] Generating core module 'v_hscaler_mac_muljbC': 2 instance(s).
INFO: [RTGEN 206-100] Generating core module 'v_hscaler_mac_mulkbM': 1 instance(s).
INFO: [RTGEN 206-100] Generating core module 'v_hscaler_mac_mullbW': 2 instance(s).
INFO: [RTGEN 206-100] Generating core module 'v_hscaler_mac_mulmb6': 3 instance(s).
INFO: [RTGEN 206-100] Generating core module 'v_hscaler_mux_83_bkb': 3 instance(s).
INFO: [RTGEN 206-100] Finished creating RTL model for 'hscale_polyphase'.
INFO: [HLS 200-111]  Elapsed time: 0.863 seconds; current allocated memory: 357.704 MB.
INFO: [WVHDL 200-304] Encrypting RTL VHDL done.
INFO: [WVHDL 200-304] Encrypting RTL Verilog done.
INFO: [HLS 200-10] ----------------------------------------------------------------
INFO: [HLS 200-10] -- Generating RTL for module 'hscale_core_polyphas' 
INFO: [HLS 200-10] ----------------------------------------------------------------
INFO: [SYN 201-210] Renamed object name 'hscale_core_polyphas_FiltCoeff_0_0' to 'hscale_core_polypncg' due to the length limit 20
INFO: [SYN 201-210] Renamed object name 'hscale_core_polyphas_FiltCoeff_1_0' to 'hscale_core_polypocq' due to the length limit 20
INFO: [SYN 201-210] Renamed object name 'hscale_core_polyphas_FiltCoeff_2_0' to 'hscale_core_polyppcA' due to the length limit 20
INFO: [SYN 201-210] Renamed object name 'hscale_core_polyphas_FiltCoeff_3_0' to 'hscale_core_polypqcK' due to the length limit 20
INFO: [SYN 201-210] Renamed object name 'hscale_core_polyphas_FiltCoeff_4_0' to 'hscale_core_polyprcU' due to the length limit 20
INFO: [SYN 201-210] Renamed object name 'hscale_core_polyphas_FiltCoeff_5_0' to 'hscale_core_polypsc4' due to the length limit 20
INFO: [RTGEN 206-100] Finished creating RTL model for 'hscale_core_polyphas'.
INFO: [HLS 200-111]  Elapsed time: 2.335 seconds; current allocated memory: 359.453 MB.
INFO: [WVHDL 200-304] Encrypting RTL VHDL done.
INFO: [WVHDL 200-304] Encrypting RTL Verilog done.
INFO: [HLS 200-10] ----------------------------------------------------------------
INFO: [HLS 200-10] -- Generating RTL for module 'Block_crit_edge914' 
INFO: [HLS 200-10] ----------------------------------------------------------------
INFO: [RTGEN 206-100] Finished creating RTL model for 'Block_crit_edge914'.
INFO: [HLS 200-111]  Elapsed time: 2.473 seconds; current allocated memory: 359.656 MB.
INFO: [WVHDL 200-304] Encrypting RTL VHDL done.
INFO: [WVHDL 200-304] Encrypting RTL Verilog done.
INFO: [HLS 200-10] ----------------------------------------------------------------
INFO: [HLS 200-10] -- Generating RTL for module 'v_hcresampler_core90' 
INFO: [HLS 200-10] ----------------------------------------------------------------
INFO: [RTGEN 206-100] Finished creating RTL model for 'v_hcresampler_core90'.
INFO: [HLS 200-111]  Elapsed time: 0.273 seconds; current allocated memory: 360.540 MB.
INFO: [WVHDL 200-304] Encrypting RTL VHDL done.
INFO: [WVHDL 200-304] Encrypting RTL Verilog done.
INFO: [HLS 200-10] ----------------------------------------------------------------
INFO: [HLS 200-10] -- Generating RTL for module 'MultiPixStream2AXIvi' 
INFO: [HLS 200-10] ----------------------------------------------------------------
INFO: [SYN 201-210] Renamed object name 'MultiPixStream2AXIvi_mapComp' to 'MultiPixStream2AXtde' due to the length limit 20
INFO: [SYN 201-210] Renamed object name 'v_hscaler_mux_32_8_1_1' to 'v_hscaler_mux_32_udo' due to the length limit 20
INFO: [RTGEN 206-100] Generating core module 'v_hscaler_mux_32_udo': 3 instance(s).
INFO: [RTGEN 206-100] Finished creating RTL model for 'MultiPixStream2AXIvi'.
INFO: [HLS 200-111]  Elapsed time: 1.396 seconds; current allocated memory: 361.212 MB.
INFO: [WVHDL 200-304] Encrypting RTL VHDL done.
INFO: [WVHDL 200-304] Encrypting RTL Verilog done.
INFO: [HLS 200-10] ----------------------------------------------------------------
INFO: [HLS 200-10] -- Generating RTL for module 'v_hscaler' 
INFO: [HLS 200-10] ----------------------------------------------------------------
INFO: [RTGEN 206-500] Setting interface mode on port 'v_hscaler/s_axis_video_V_data_V' to 'axis' (register, both mode).
INFO: [RTGEN 206-500] Setting interface mode on port 'v_hscaler/s_axis_video_V_keep_V' to 'axis' (register, both mode).
INFO: [RTGEN 206-500] Setting interface mode on port 'v_hscaler/s_axis_video_V_strb_V' to 'axis' (register, both mode).
INFO: [RTGEN 206-500] Setting interface mode on port 'v_hscaler/s_axis_video_V_user_V' to 'axis' (register, both mode).
INFO: [RTGEN 206-500] Setting interface mode on port 'v_hscaler/s_axis_video_V_last_V' to 'axis' (register, both mode).
INFO: [RTGEN 206-500] Setting interface mode on port 'v_hscaler/s_axis_video_V_id_V' to 'axis' (register, both mode).
INFO: [RTGEN 206-500] Setting interface mode on port 'v_hscaler/s_axis_video_V_dest_V' to 'axis' (register, both mode).
INFO: [RTGEN 206-500] Setting interface mode on port 'v_hscaler/HwReg_Height' to 's_axilite & ap_none'.
INFO: [RTGEN 206-500] Setting interface mode on port 'v_hscaler/HwReg_WidthIn' to 's_axilite & ap_none'.
INFO: [RTGEN 206-500] Setting interface mode on port 'v_hscaler/HwReg_WidthOut' to 's_axilite & ap_none'.
INFO: [RTGEN 206-500] Setting interface mode on port 'v_hscaler/HwReg_ColorMode' to 's_axilite & ap_none'.
INFO: [RTGEN 206-500] Setting interface mode on port 'v_hscaler/HwReg_PixelRate' to 's_axilite & ap_none'.
INFO: [RTGEN 206-500] Setting interface mode on port 'v_hscaler/HwReg_ColorModeOut' to 's_axilite & ap_none'.
INFO: [RTGEN 206-500] Setting interface mode on port 'v_hscaler/HwReg_hfltCoeff' to 's_axilite & ap_memory'.
INFO: [RTGEN 206-500] Setting interface mode on port 'v_hscaler/HwReg_phasesH_V' to 's_axilite & ap_memory'.
INFO: [RTGEN 206-500] Setting interface mode on port 'v_hscaler/m_axis_video_V_data_V' to 'axis' (register, both mode).
INFO: [RTGEN 206-500] Setting interface mode on port 'v_hscaler/m_axis_video_V_keep_V' to 'axis' (register, both mode).
INFO: [RTGEN 206-500] Setting interface mode on port 'v_hscaler/m_axis_video_V_strb_V' to 'axis' (register, both mode).
INFO: [RTGEN 206-500] Setting interface mode on port 'v_hscaler/m_axis_video_V_user_V' to 'axis' (register, both mode).
INFO: [RTGEN 206-500] Setting interface mode on port 'v_hscaler/m_axis_video_V_last_V' to 'axis' (register, both mode).
INFO: [RTGEN 206-500] Setting interface mode on port 'v_hscaler/m_axis_video_V_id_V' to 'axis' (register, both mode).
INFO: [RTGEN 206-500] Setting interface mode on port 'v_hscaler/m_axis_video_V_dest_V' to 'axis' (register, both mode).
INFO: [RTGEN 206-500] Setting interface mode on function 'v_hscaler' to 's_axilite & ap_ctrl_hs'.
INFO: [RTGEN 206-100] Bundling port 'HwReg_hfltCoeff', 'HwReg_phasesH_V', 'return', 'HwReg_Height', 'HwReg_WidthIn', 'HwReg_WidthOut', 'HwReg_ColorMode' and 'HwReg_ColorModeOut' to AXI-Lite port CTRL.
INFO: [SYN 201-210] Renamed object name 'start_for_Block_crit_edge911_U0' to 'start_for_Block_cvdy' due to the length limit 20
INFO: [SYN 201-210] Renamed object name 'start_for_Block_crit_edge914_U0' to 'start_for_Block_cwdI' due to the length limit 20
INFO: [SYN 201-210] Renamed object name 'start_for_MultiPixStream2AXIvi_U0' to 'start_for_MultiPixdS' due to the length limit 20
INFO: [SYN 201-210] Renamed object name 'start_for_v_hcresampler_core90_U0' to 'start_for_v_hcresyd2' due to the length limit 20
INFO: [RTGEN 206-100] Finished creating RTL model for 'v_hscaler'.
INFO: [HLS 200-111]  Elapsed time: 1.653 seconds; current allocated memory: 362.893 MB.
INFO: [WVHDL 200-304] Encrypting RTL VHDL done.
INFO: [WVHDL 200-304] Encrypting RTL Verilog done.
INFO: [RTMG 210-278] Implementing memory 'bd_197a_hsc_0_hscale_core_polypncg_ram (RAM_1P_LUTRAM)' using distributed RAMs.
INFO: [RTMG 210-279] Implementing memory 'bd_197a_hsc_0_MultiPixStream2AXtde_rom' using distributed ROMs.
INFO: [RTMG 210-285] Implementing FIFO 'HwReg_Height_c_U(bd_197a_hsc_0_fifo_w16_d2_A)' using Shift Registers.
INFO: [RTMG 210-285] Implementing FIFO 'HwReg_WidthIn_c_U(bd_197a_hsc_0_fifo_w16_d2_A)' using Shift Registers.
INFO: [RTMG 210-285] Implementing FIFO 'HwReg_WidthOut_c_U(bd_197a_hsc_0_fifo_w16_d4_A)' using Shift Registers.
INFO: [RTMG 210-285] Implementing FIFO 'HwReg_ColorMode_c_U(bd_197a_hsc_0_fifo_w8_d2_A)' using Shift Registers.
INFO: [RTMG 210-285] Implementing FIFO 'HwReg_ColorMode_c24_U(bd_197a_hsc_0_fifo_w8_d2_A)' using Shift Registers.
INFO: [RTMG 210-285] Implementing FIFO 'HwReg_ColorModeOut_c_U(bd_197a_hsc_0_fifo_w8_d2_A)' using Shift Registers.
INFO: [RTMG 210-285] Implementing FIFO 'HwReg_ColorModeOut_c_1_U(bd_197a_hsc_0_fifo_w8_d6_A)' using Shift Registers.
INFO: [RTMG 210-285] Implementing FIFO 'stream_in_V_val_0_V_U(bd_197a_hsc_0_fifo_w8_d2_A)' using Shift Registers.
INFO: [RTMG 210-285] Implementing FIFO 'stream_in_V_val_1_V_U(bd_197a_hsc_0_fifo_w8_d2_A)' using Shift Registers.
INFO: [RTMG 210-285] Implementing FIFO 'stream_in_V_val_2_V_U(bd_197a_hsc_0_fifo_w8_d2_A)' using Shift Registers.
INFO: [RTMG 210-285] Implementing FIFO 'HwReg_Height_c26_U(bd_197a_hsc_0_fifo_w16_d2_A)' using Shift Registers.
INFO: [RTMG 210-285] Implementing FIFO 'HwReg_WidthIn_c27_U(bd_197a_hsc_0_fifo_w16_d2_A)' using Shift Registers.
INFO: [RTMG 210-285] Implementing FIFO 'bPassThruHcr_loc_cha_U(bd_197a_hsc_0_fifo_w1_d2_A)' using Shift Registers.
INFO: [RTMG 210-285] Implementing FIFO 'stream_upsampled_V_v_U(bd_197a_hsc_0_fifo_w8_d2_A)' using Shift Registers.
INFO: [RTMG 210-285] Implementing FIFO 'stream_upsampled_V_v_1_U(bd_197a_hsc_0_fifo_w8_d2_A)' using Shift Registers.
INFO: [RTMG 210-285] Implementing FIFO 'stream_upsampled_V_v_2_U(bd_197a_hsc_0_fifo_w8_d2_A)' using Shift Registers.
INFO: [RTMG 210-285] Implementing FIFO 'HwReg_Height_c28_U(bd_197a_hsc_0_fifo_w16_d2_A)' using Shift Registers.
INFO: [RTMG 210-285] Implementing FIFO 'HwReg_WidthIn_c29_U(bd_197a_hsc_0_fifo_w16_d2_A)' using Shift Registers.
INFO: [RTMG 210-285] Implementing FIFO 'stream_scaled_V_val_s_U(bd_197a_hsc_0_fifo_w8_d2_A)' using Shift Registers.
INFO: [RTMG 210-285] Implementing FIFO 'stream_scaled_V_val_1_U(bd_197a_hsc_0_fifo_w8_d2_A)' using Shift Registers.
INFO: [RTMG 210-285] Implementing FIFO 'stream_scaled_V_val_2_U(bd_197a_hsc_0_fifo_w8_d2_A)' using Shift Registers.
INFO: [RTMG 210-285] Implementing FIFO 'HwReg_Height_c30_U(bd_197a_hsc_0_fifo_w16_d2_A)' using Shift Registers.
INFO: [RTMG 210-285] Implementing FIFO 'HwReg_WidthOut_c31_U(bd_197a_hsc_0_fifo_w16_d2_A)' using Shift Registers.
INFO: [RTMG 210-285] Implementing FIFO 'bPassThruHcr_1_loc_c_U(bd_197a_hsc_0_fifo_w1_d4_A)' using Shift Registers.
INFO: [RTMG 210-285] Implementing FIFO 'stream_out_422_V_val_U(bd_197a_hsc_0_fifo_w8_d2_A)' using Shift Registers.
INFO: [RTMG 210-285] Implementing FIFO 'stream_out_422_V_val_1_U(bd_197a_hsc_0_fifo_w8_d2_A)' using Shift Registers.
INFO: [RTMG 210-285] Implementing FIFO 'stream_out_422_V_val_2_U(bd_197a_hsc_0_fifo_w8_d2_A)' using Shift Registers.
INFO: [RTMG 210-285] Implementing FIFO 'HwReg_Height_c32_U(bd_197a_hsc_0_fifo_w16_d2_A)' using Shift Registers.
INFO: [RTMG 210-285] Implementing FIFO 'HwReg_WidthOut_c33_U(bd_197a_hsc_0_fifo_w16_d2_A)' using Shift Registers.
INFO: [RTMG 210-285] Implementing FIFO 'start_for_Block_cvdy_U(bd_197a_hsc_0_start_for_Block_cvdy)' using Shift Registers.
INFO: [RTMG 210-285] Implementing FIFO 'start_for_Block_cwdI_U(bd_197a_hsc_0_start_for_Block_cwdI)' using Shift Registers.
INFO: [RTMG 210-285] Implementing FIFO 'start_for_MultiPixdS_U(bd_197a_hsc_0_start_for_MultiPixdS)' using Shift Registers.
INFO: [RTMG 210-285] Implementing FIFO 'start_for_v_hcresyd2_U(bd_197a_hsc_0_start_for_v_hcresyd2)' using Shift Registers.
INFO: [HLS 200-111] Finished generating all RTL models Time (s): cpu = 00:00:51 ; elapsed = 00:02:24 . Memory (MB): peak = 906.684 ; gain = 816.301
INFO: [VHDL 208-304] Generating VHDL RTL for v_hscaler with prefix bd_197a_hsc_0_.
INFO: [VLOG 209-307] Generating Verilog RTL for v_hscaler with prefix bd_197a_hsc_0_.
INFO: [IMPL 213-8] Exporting RTL as a Vivado IP.

****** Vivado v2020.1 (64-bit)
  **** SW Build 2902540 on Wed May 27 19:54:49 MDT 2020
  **** IP Build 2902112 on Wed May 27 22:43:36 MDT 2020
    ** Copyright 1986-2020 Xilinx, Inc. All Rights Reserved.

source run_ippack.tcl -notrace
INFO: [IP_Flow 19-234] Refreshing IP repositories
INFO: [IP_Flow 19-1704] No user IP repositories specified
INFO: [IP_Flow 19-2313] Loaded Vivado IP repository 'Z:/Vivado/Xilinx/Vivado/2020.1/data/ip'.
INFO: [Common 17-206] Exiting Vivado at Mon Mar 10 07:04:22 2025...
INFO: [HLS 200-112] Total elapsed time: 162.224 seconds; peak allocated memory: 362.893 MB.
INFO: [Common 17-206] Exiting vivado_hls at Mon Mar 10 07:04:23 2025...
